starting 10.000-day run: lambda/rank=0.004750, lambda/node=0.038000, progress every 3600 simulated seconds, stop at waiting 1000, 6 consecutive growing epochs
  sim=  0.04d   0.42% wall=   1.4s speed=    2782x eta=   5.2m admitted=3427 completed=3424 running=3 waiting=0 waiting_min/max=0/2 queue_p99[prefill=0.0,decode=0.0] queue_now[prefill=0,decode=0] active_sessions=34 output=520.1 tok/s interval_ttft_q0.950=0.159s
  sim=  0.08d   0.83% wall=   3.3s speed=    1902x eta=   7.5m admitted=8588 completed=8585 running=3 waiting=0 waiting_min/max=0/2 queue_p99[prefill=1.0,decode=0.0] queue_now[prefill=0,decode=0] active_sessions=53 output=925.5 tok/s interval_ttft_q0.950=0.613s
  sim=  0.13d   1.25% wall=   5.1s speed=    1971x eta=   7.2m admitted=12996 completed=12995 running=1 waiting=0 waiting_min/max=0/1 queue_p99[prefill=0.0,decode=0.0] queue_now[prefill=0,decode=0] active_sessions=61 output=771.1 tok/s interval_ttft_q0.950=0.176s
  sim=  0.17d   1.67% wall=   7.4s speed=    1574x eta=   9.0m admitted=18943 completed=18936 running=7 waiting=0 waiting_min/max=0/2 queue_p99[prefill=0.0,decode=0.0] queue_now[prefill=0,decode=0] active_sessions=77 output=919.0 tok/s interval_ttft_q0.950=0.146s
  sim=  0.21d   2.08% wall=   9.9s speed=    1462x eta=   9.6m admitted=25551 completed=25547 running=4 waiting=0 waiting_min/max=0/4 queue_p99[prefill=1.0,decode=0.0] queue_now[prefill=0,decode=0] active_sessions=88 output=1024.6 tok/s interval_ttft_q0.950=0.307s
  sim=  0.25d   2.50% wall=  12.1s speed=    1609x eta=   8.7m admitted=30925 completed=30920 running=5 waiting=0 waiting_min/max=0/2 queue_p99[prefill=1.0,decode=0.0] queue_now[prefill=0,decode=0] active_sessions=82 output=927.5 tok/s interval_ttft_q0.950=0.199s
  sim=  0.29d   2.92% wall=  14.7s speed=    1379x eta=  10.1m admitted=37859 completed=37855 running=4 waiting=0 waiting_min/max=0/4 queue_p99[prefill=1.0,decode=0.0] queue_now[prefill=0,decode=0] active_sessions=90 output=1047.4 tok/s interval_ttft_q0.950=0.352s
  sim=  0.33d   3.33% wall=  17.3s speed=    1410x eta=   9.9m admitted=43764 completed=43761 running=3 waiting=0 waiting_min/max=0/2 queue_p99[prefill=0.0,decode=0.0] queue_now[prefill=0,decode=0] active_sessions=112 output=1020.0 tok/s interval_ttft_q0.950=0.181s
  sim=  0.38d   3.75% wall=  19.8s speed=    1413x eta=   9.8m admitted=49755 completed=49749 running=6 waiting=0 waiting_min/max=0/2 queue_p99[prefill=0.0,decode=0.0] queue_now[prefill=0,decode=0] active_sessions=122 output=910.8 tok/s interval_ttft_q0.950=0.188s
  sim=  0.42d   4.17% wall=  22.8s speed=    1218x eta=  11.3m admitted=56751 completed=56741 running=9 waiting=0 waiting_min/max=0/4 queue_p99[prefill=1.0,decode=0.0] queue_now[prefill=0,decode=0] active_sessions=125 output=1104.7 tok/s interval_ttft_q0.950=0.193s
  sim=  0.46d   4.58% wall=  25.4s speed=    1366x eta=  10.1m admitted=62434 completed=62433 running=1 waiting=0 waiting_min/max=0/2 queue_p99[prefill=0.0,decode=0.0] queue_now[prefill=0,decode=0] active_sessions=122 output=932.4 tok/s interval_ttft_q0.950=0.189s
  sim=  0.50d   5.00% wall=  28.4s speed=    1215x eta=  11.3m admitted=69010 completed=69006 running=4 waiting=0 waiting_min/max=0/2 queue_p99[prefill=1.0,decode=0.0] queue_now[prefill=0,decode=0] active_sessions=137 output=1001.6 tok/s interval_ttft_q0.950=0.390s
  sim=  0.54d   5.42% wall=  31.5s speed=    1164x eta=  11.7m admitted=75764 completed=75760 running=4 waiting=0 waiting_min/max=0/4 queue_p99[prefill=2.0,decode=0.0] queue_now[prefill=0,decode=0] active_sessions=141 output=1029.9 tok/s interval_ttft_q0.950=0.560s
  sim=  0.58d   5.83% wall=  34.8s speed=    1081x eta=  12.5m admitted=82393 completed=82389 running=4 waiting=0 waiting_min/max=0/4 queue_p99[prefill=2.0,decode=0.0] queue_now[prefill=0,decode=0] active_sessions=158 output=891.7 tok/s interval_ttft_q0.950=0.228s
  sim=  0.63d   6.25% wall=  38.3s speed=    1031x eta=  13.1m admitted=89015 completed=89007 running=8 waiting=0 waiting_min/max=0/3 queue_p99[prefill=1.0,decode=0.0] queue_now[prefill=0,decode=0] active_sessions=178 output=1021.2 tok/s interval_ttft_q0.950=0.393s
  sim=  0.67d   6.67% wall=  42.3s speed=     887x eta=  15.1m admitted=96587 completed=96578 running=9 waiting=0 waiting_min/max=0/6 queue_p99[prefill=4.0,decode=0.1] queue_now[prefill=0,decode=0] active_sessions=178 output=1324.0 tok/s interval_ttft_q0.950=0.527s
  sim=  0.71d   7.08% wall=  46.6s speed=     850x eta=  15.7m admitted=104222 completed=104218 running=4 waiting=0 waiting_min/max=0/5 queue_p99[prefill=3.0,decode=0.0] queue_now[prefill=0,decode=0] active_sessions=172 output=1266.1 tok/s interval_ttft_q0.950=0.509s
  sim=  0.75d   7.50% wall=  50.7s speed=     866x eta=  15.4m admitted=111257 completed=111252 running=5 waiting=0 waiting_min/max=0/4 queue_p99[prefill=2.0,decode=0.0] queue_now[prefill=0,decode=0] active_sessions=173 output=1057.0 tok/s interval_ttft_q0.950=0.242s
  sim=  0.79d   7.92% wall=  54.7s speed=     917x eta=  14.5m admitted=117842 completed=117836 running=6 waiting=0 waiting_min/max=0/7 queue_p99[prefill=5.0,decode=0.0] queue_now[prefill=0,decode=0] active_sessions=186 output=1158.1 tok/s interval_ttft_q0.950=0.859s
  sim=  0.83d   8.33% wall=  58.8s speed=     869x eta=  15.2m admitted=125415 completed=125406 running=9 waiting=0 waiting_min/max=0/5 queue_p99[prefill=2.0,decode=0.0] queue_now[prefill=0,decode=0] active_sessions=193 output=1192.2 tok/s interval_ttft_q0.950=0.588s
  sim=  0.88d   8.75% wall=   1.1m speed=     817x eta=  16.1m admitted=133081 completed=133077 running=4 waiting=0 waiting_min/max=0/5 queue_p99[prefill=3.0,decode=0.0] queue_now[prefill=0,decode=0] active_sessions=207 output=1257.3 tok/s interval_ttft_q0.950=0.439s
  sim=  0.92d   9.17% wall=   1.1m speed=     706x eta=  18.5m admitted=142575 completed=142557 running=6 waiting=12 waiting_min/max=0/16 queue_p99[prefill=13.0,decode=2.0] queue_now[prefill=12,decode=0] active_sessions=214 output=1518.5 tok/s interval_ttft_q0.950=5.212s
  sim=  0.96d   9.58% wall=   1.2m speed=     728x eta=  17.9m admitted=150437 completed=150415 running=6 waiting=15 waiting_min/max=0/22 queue_p99[prefill=17.0,decode=1.0] queue_now[prefill=15,decode=0] active_sessions=225 output=1230.0 tok/s interval_ttft_q0.950=43.378s
  sim=  1.00d  10.00% wall=   1.3m speed=     654x eta=  19.8m admitted=160557 completed=160537 running=9 waiting=10 waiting_min/max=0/21 queue_p99[prefill=18.0,decode=0.0] queue_now[prefill=10,decode=0] active_sessions=233 output=1612.9 tok/s interval_ttft_q0.950=25.824s
  sim=  1.04d  10.42% wall=   1.4m speed=     647x eta=  19.9m admitted=170936 completed=170933 running=3 waiting=0 waiting_min/max=0/16 queue_p99[prefill=12.0,decode=0.0] queue_now[prefill=0,decode=0] active_sessions=236 output=1495.6 tok/s interval_ttft_q0.950=6.596s
  sim=  1.08d  10.83% wall=   1.5m speed=     638x eta=  20.1m admitted=180210 completed=180201 running=9 waiting=0 waiting_min/max=0/20 queue_p99[prefill=16.0,decode=0.0] queue_now[prefill=0,decode=0] active_sessions=234 output=1393.5 tok/s interval_ttft_q0.950=13.539s
  sim=  1.13d  11.25% wall=   1.6m speed=     643x eta=  19.9m admitted=188320 completed=188303 running=17 waiting=0 waiting_min/max=0/12 queue_p99[prefill=7.0,decode=1.0] queue_now[prefill=0,decode=0] active_sessions=236 output=1391.9 tok/s interval_ttft_q0.950=2.661s
  sim=  1.17d  11.67% wall=   1.7m speed=     564x eta=  22.6m admitted=197861 completed=197850 running=11 waiting=0 waiting_min/max=0/9 queue_p99[prefill=6.0,decode=0.0] queue_now[prefill=0,decode=0] active_sessions=233 output=1645.0 tok/s interval_ttft_q0.950=2.177s
  sim=  1.21d  12.08% wall=   1.8m speed=     611x eta=  20.7m admitted=205753 completed=205742 running=10 waiting=1 waiting_min/max=0/9 queue_p99[prefill=7.0,decode=1.0] queue_now[prefill=1,decode=0] active_sessions=235 output=1501.0 tok/s interval_ttft_q0.950=2.217s
  sim=  1.25d  12.50% wall=   1.9m speed=     589x eta=  21.4m admitted=214145 completed=214138 running=7 waiting=0 waiting_min/max=0/10 queue_p99[prefill=4.0,decode=0.0] queue_now[prefill=0,decode=0] active_sessions=243 output=1496.1 tok/s interval_ttft_q0.950=0.792s
  sim=  1.29d  12.92% wall=   2.0m speed=     563x eta=  22.3m admitted=223042 completed=223030 running=12 waiting=0 waiting_min/max=0/7 queue_p99[prefill=4.1,decode=1.0] queue_now[prefill=0,decode=0] active_sessions=246 output=1488.0 tok/s interval_ttft_q0.950=1.696s
  sim=  1.33d  13.33% wall=   2.1m speed=     540x eta=  23.1m admitted=231801 completed=231791 running=9 waiting=0 waiting_min/max=0/8 queue_p99[prefill=5.0,decode=1.0] queue_now[prefill=0,decode=0] active_sessions=250 output=1481.2 tok/s interval_ttft_q0.950=2.808s
  sim=  1.38d  13.75% wall=   2.2m speed=     542x eta=  22.9m admitted=240741 completed=240731 running=8 waiting=2 waiting_min/max=0/10 queue_p99[prefill=7.0,decode=0.0] queue_now[prefill=2,decode=0] active_sessions=261 output=1311.2 tok/s interval_ttft_q0.950=1.867s
  sim=  1.42d  14.17% wall=   2.3m speed=     517x eta=  23.9m admitted=249731 completed=249723 running=7 waiting=1 waiting_min/max=0/15 queue_p99[prefill=11.0,decode=2.0] queue_now[prefill=1,decode=0] active_sessions=275 output=1495.2 tok/s interval_ttft_q0.950=3.056s
  sim=  1.46d  14.58% wall=   2.5m speed=     505x eta=  24.4m admitted=258687 completed=258678 running=9 waiting=0 waiting_min/max=0/11 queue_p99[prefill=9.0,decode=0.0] queue_now[prefill=0,decode=0] active_sessions=271 output=1450.6 tok/s interval_ttft_q0.950=2.055s
  sim=  1.50d  15.00% wall=   2.6m speed=     484x eta=  25.3m admitted=267381 completed=267375 running=3 waiting=3 waiting_min/max=0/8 queue_p99[prefill=5.0,decode=0.0] queue_now[prefill=3,decode=0] active_sessions=272 output=1393.0 tok/s interval_ttft_q0.950=1.390s
  sim=  1.54d  15.42% wall=   2.7m speed=     462x eta=  26.4m admitted=276672 completed=276671 running=1 waiting=0 waiting_min/max=0/7 queue_p99[prefill=3.0,decode=0.0] queue_now[prefill=0,decode=0] active_sessions=275 output=1371.9 tok/s interval_ttft_q0.950=0.388s
  sim=  1.58d  15.83% wall=   2.9m speed=     444x eta=  27.3m admitted=286763 completed=286755 running=7 waiting=1 waiting_min/max=0/4 queue_p99[prefill=3.0,decode=0.0] queue_now[prefill=1,decode=0] active_sessions=284 output=1450.6 tok/s interval_ttft_q0.950=0.798s
  sim=  1.63d  16.25% wall=   3.0m speed=     457x eta=  26.4m admitted=296310 completed=296299 running=11 waiting=0 waiting_min/max=0/10 queue_p99[prefill=5.0,decode=0.0] queue_now[prefill=0,decode=0] active_sessions=290 output=1419.6 tok/s interval_ttft_q0.950=1.318s
  sim=  1.67d  16.67% wall=   3.1m speed=     448x eta=  26.8m admitted=305237 completed=305223 running=14 waiting=0 waiting_min/max=0/8 queue_p99[prefill=5.0,decode=3.0] queue_now[prefill=0,decode=0] active_sessions=297 output=1478.8 tok/s interval_ttft_q0.950=1.491s
  sim=  1.71d  17.08% wall=   3.3m speed=     421x eta=  28.4m admitted=314091 completed=314088 running=3 waiting=0 waiting_min/max=0/20 queue_p99[prefill=16.0,decode=1.0] queue_now[prefill=0,decode=0] active_sessions=294 output=1484.7 tok/s interval_ttft_q0.950=6.187s
  sim=  1.75d  17.50% wall=   3.4m speed=     403x eta=  29.5m admitted=324387 completed=324376 running=11 waiting=0 waiting_min/max=0/10 queue_p99[prefill=6.0,decode=0.0] queue_now[prefill=0,decode=0] active_sessions=305 output=1644.5 tok/s interval_ttft_q0.950=1.802s
  sim=  1.79d  17.92% wall=   3.6m speed=     407x eta=  29.1m admitted=333608 completed=333598 running=10 waiting=0 waiting_min/max=0/11 queue_p99[prefill=5.0,decode=0.0] queue_now[prefill=0,decode=0] active_sessions=304 output=1637.2 tok/s interval_ttft_q0.950=1.436s
  sim=  1.83d  18.33% wall=   3.7m speed=     375x eta=  31.4m admitted=344442 completed=344431 running=11 waiting=0 waiting_min/max=0/9 queue_p99[prefill=6.0,decode=1.0] queue_now[prefill=0,decode=0] active_sessions=310 output=1661.6 tok/s interval_ttft_q0.950=2.623s
  sim=  1.88d  18.75% wall=   3.9m speed=     391x eta=  29.9m admitted=354426 completed=354413 running=8 waiting=4 waiting_min/max=0/9 queue_p99[prefill=5.0,decode=0.0] queue_now[prefill=4,decode=0] active_sessions=306 output=1609.2 tok/s interval_ttft_q0.950=2.650s
  sim=  1.92d  19.17% wall=   4.0m speed=     379x eta=  30.7m admitted=364679 completed=364664 running=15 waiting=0 waiting_min/max=0/13 queue_p99[prefill=9.0,decode=3.0] queue_now[prefill=0,decode=0] active_sessions=314 output=1561.0 tok/s interval_ttft_q0.950=4.649s
  sim=  1.96d  19.58% wall=   4.2m speed=     388x eta=  29.9m admitted=373706 completed=373694 running=12 waiting=0 waiting_min/max=0/9 queue_p99[prefill=6.0,decode=0.0] queue_now[prefill=0,decode=0] active_sessions=325 output=1552.1 tok/s interval_ttft_q0.950=2.997s
  sim=  2.00d  20.00% wall=   4.3m speed=     379x eta=  30.4m admitted=383454 completed=383445 running=9 waiting=0 waiting_min/max=0/12 queue_p99[prefill=5.0,decode=0.0] queue_now[prefill=0,decode=0] active_sessions=323 output=1610.7 tok/s interval_ttft_q0.950=1.638s
  sim=  2.04d  20.42% wall=   4.5m speed=     365x eta=  31.4m admitted=393546 completed=393540 running=5 waiting=1 waiting_min/max=0/10 queue_p99[prefill=5.0,decode=0.0] queue_now[prefill=1,decode=0] active_sessions=322 output=1660.5 tok/s interval_ttft_q0.950=1.755s
  sim=  2.08d  20.83% wall=   4.7m speed=     354x eta=  32.2m admitted=403721 completed=403716 running=5 waiting=0 waiting_min/max=0/13 queue_p99[prefill=7.0,decode=1.0] queue_now[prefill=0,decode=0] active_sessions=328 output=1477.2 tok/s interval_ttft_q0.950=2.931s
  sim=  2.13d  21.25% wall=   4.8m speed=     366x eta=  31.0m admitted=412875 completed=412869 running=4 waiting=2 waiting_min/max=0/11 queue_p99[prefill=6.0,decode=0.0] queue_now[prefill=2,decode=0] active_sessions=328 output=1422.2 tok/s interval_ttft_q0.950=2.158s
  sim=  2.17d  21.67% wall=   5.0m speed=     376x eta=  30.0m admitted=421359 completed=421351 running=8 waiting=0 waiting_min/max=0/7 queue_p99[prefill=4.0,decode=0.0] queue_now[prefill=0,decode=0] active_sessions=323 output=1387.6 tok/s interval_ttft_q0.950=2.143s
  sim=  2.21d  22.08% wall=   5.2m speed=     335x eta=  33.5m admitted=431201 completed=431197 running=4 waiting=0 waiting_min/max=0/8 queue_p99[prefill=5.0,decode=0.0] queue_now[prefill=0,decode=0] active_sessions=312 output=1510.2 tok/s interval_ttft_q0.950=1.507s
  sim=  2.25d  22.50% wall=   5.4m speed=     322x eta=  34.7m admitted=441014 completed=441008 running=6 waiting=0 waiting_min/max=0/7 queue_p99[prefill=4.0,decode=0.0] queue_now[prefill=0,decode=0] active_sessions=321 output=1578.1 tok/s interval_ttft_q0.950=1.429s
  sim=  2.29d  22.92% wall=   5.5m speed=     353x eta=  31.4m admitted=448476 completed=448468 running=7 waiting=1 waiting_min/max=0/7 queue_p99[prefill=4.0,decode=0.0] queue_now[prefill=1,decode=0] active_sessions=314 output=1331.2 tok/s interval_ttft_q0.950=1.282s
  sim=  2.33d  23.33% wall=   5.7m speed=     336x eta=  32.9m admitted=456517 completed=456506 running=10 waiting=0 waiting_min/max=0/6 queue_p99[prefill=4.0,decode=0.0] queue_now[prefill=0,decode=0] active_sessions=323 output=1386.7 tok/s interval_ttft_q0.950=1.151s
  sim=  2.38d  23.75% wall=   5.9m speed=     308x eta=  35.7m admitted=465927 completed=465914 running=13 waiting=0 waiting_min/max=0/13 queue_p99[prefill=8.0,decode=1.0] queue_now[prefill=0,decode=0] active_sessions=328 output=1535.7 tok/s interval_ttft_q0.950=2.790s
  sim=  2.42d  24.17% wall=   6.1m speed=     302x eta=  36.1m admitted=475213 completed=475184 running=18 waiting=11 waiting_min/max=0/23 queue_p99[prefill=17.1,decode=2.0] queue_now[prefill=11,decode=0] active_sessions=325 output=1633.2 tok/s interval_ttft_q0.950=5.070s
  sim=  2.46d  24.58% wall=   6.3m speed=     334x eta=  32.6m admitted=482742 completed=482737 running=5 waiting=0 waiting_min/max=0/13 queue_p99[prefill=9.2,decode=0.0] queue_now[prefill=0,decode=0] active_sessions=331 output=1210.4 tok/s interval_ttft_q0.950=2.207s
  sim=  2.50d  25.00% wall=   6.5m speed=     313x eta=  34.5m admitted=491017 completed=491004 running=11 waiting=1 waiting_min/max=0/16 queue_p99[prefill=12.0,decode=0.0] queue_now[prefill=1,decode=0] active_sessions=336 output=1294.7 tok/s interval_ttft_q0.950=4.938s
  sim=  2.54d  25.42% wall=   6.7m speed=     279x eta=  38.5m admitted=501535 completed=501525 running=10 waiting=0 waiting_min/max=0/17 queue_p99[prefill=11.0,decode=0.0] queue_now[prefill=0,decode=0] active_sessions=351 output=1624.4 tok/s interval_ttft_q0.950=4.917s
  sim=  2.58d  25.83% wall=   6.9m speed=     285x eta=  37.4m admitted=511308 completed=511292 running=12 waiting=4 waiting_min/max=0/14 queue_p99[prefill=8.0,decode=0.0] queue_now[prefill=4,decode=0] active_sessions=358 output=1593.8 tok/s interval_ttft_q0.950=3.405s
  sim=  2.63d  26.25% wall=   7.1m speed=     284x eta=  37.4m admitted=520961 completed=520941 running=17 waiting=3 waiting_min/max=0/11 queue_p99[prefill=6.0,decode=0.0] queue_now[prefill=3,decode=0] active_sessions=352 output=1564.3 tok/s interval_ttft_q0.950=3.366s
  sim=  2.67d  26.67% wall=   7.3m speed=     290x eta=  36.4m admitted=529872 completed=529867 running=5 waiting=0 waiting_min/max=0/9 queue_p99[prefill=5.0,decode=1.0] queue_now[prefill=0,decode=0] active_sessions=345 output=1264.4 tok/s interval_ttft_q0.950=2.550s
  sim=  2.71d  27.08% wall=   7.5m speed=     280x eta=  37.5m admitted=538445 completed=538439 running=4 waiting=2 waiting_min/max=0/16 queue_p99[prefill=12.0,decode=0.0] queue_now[prefill=2,decode=0] active_sessions=341 output=1279.4 tok/s interval_ttft_q0.950=12.179s
  sim=  2.75d  27.50% wall=   7.8m speed=     268x eta=  39.0m admitted=547946 completed=547926 running=20 waiting=0 waiting_min/max=0/25 queue_p99[prefill=22.0,decode=3.0] queue_now[prefill=0,decode=0] active_sessions=358 output=1403.8 tok/s interval_ttft_q0.950=27.530s
  sim=  2.79d  27.92% wall=   8.0m speed=     254x eta=  40.9m admitted=559400 completed=559391 running=9 waiting=0 waiting_min/max=0/24 queue_p99[prefill=18.0,decode=4.0] queue_now[prefill=0,decode=0] active_sessions=358 output=1619.3 tok/s interval_ttft_q0.950=9.497s
  sim=  2.83d  28.33% wall=   8.2m speed=     283x eta=  36.4m admitted=568757 completed=568749 running=8 waiting=0 waiting_min/max=0/14 queue_p99[prefill=10.0,decode=0.0] queue_now[prefill=0,decode=0] active_sessions=362 output=1452.7 tok/s interval_ttft_q0.950=3.240s
  sim=  2.88d  28.75% wall=   8.4m speed=     273x eta=  37.6m admitted=578287 completed=578268 running=19 waiting=0 waiting_min/max=0/16 queue_p99[prefill=12.0,decode=1.0] queue_now[prefill=0,decode=0] active_sessions=375 output=1559.1 tok/s interval_ttft_q0.950=3.747s
  sim=  2.92d  29.17% wall=   8.7m speed=     257x eta=  39.7m admitted=588105 completed=588086 running=19 waiting=0 waiting_min/max=0/18 queue_p99[prefill=13.0,decode=1.0] queue_now[prefill=0,decode=0] active_sessions=373 output=1711.5 tok/s interval_ttft_q0.950=7.668s
