starting 10.000-day run: lambda/rank=0.003500, lambda/node=0.028000, progress every 3600 simulated seconds, stop at waiting 1000, 6 consecutive growing epochs
  sim=  0.04d   0.42% wall=   1.2s speed=    3436x eta=   4.2m admitted=2723 completed=2722 running=0 waiting=0 waiting_min/max=0/1 queue_p99[prefill=0.0,decode=0.0] queue_now[prefill=0,decode=0] active_sessions=24 output=410.6 tok/s interval_ttft_q0.950=0.154s
  sim=  0.08d   0.83% wall=   2.7s speed=    2363x eta=   6.0m admitted=6605 completed=6603 running=2 waiting=0 waiting_min/max=0/1 queue_p99[prefill=0.0,decode=0.0] queue_now[prefill=0,decode=0] active_sessions=48 output=667.3 tok/s interval_ttft_q0.950=0.552s
  sim=  0.13d   1.25% wall=   4.0s speed=    2655x eta=   5.4m admitted=9907 completed=9906 running=0 waiting=0 waiting_min/max=0/1 queue_p99[prefill=0.0,decode=0.0] queue_now[prefill=0,decode=0] active_sessions=46 output=559.6 tok/s interval_ttft_q0.950=0.427s
  sim=  0.17d   1.67% wall=   5.7s speed=    2113x eta=   6.7m admitted=13750 completed=13748 running=2 waiting=0 waiting_min/max=0/0 queue_p99[prefill=0.0,decode=0.0] queue_now[prefill=0,decode=0] active_sessions=51 output=703.2 tok/s interval_ttft_q0.950=0.162s
  sim=  0.21d   2.08% wall=   7.6s speed=    1972x eta=   7.1m admitted=18289 completed=18284 running=5 waiting=0 waiting_min/max=0/1 queue_p99[prefill=0.0,decode=0.0] queue_now[prefill=0,decode=0] active_sessions=69 output=672.6 tok/s interval_ttft_q0.950=0.145s
  sim=  0.25d   2.50% wall=   9.6s speed=    1801x eta=   7.8m admitted=23507 completed=23502 running=5 waiting=0 waiting_min/max=0/1 queue_p99[prefill=0.0,decode=0.0] queue_now[prefill=0,decode=0] active_sessions=70 output=829.9 tok/s interval_ttft_q0.950=0.151s
  sim=  0.29d   2.92% wall=  11.4s speed=    1918x eta=   7.3m admitted=28181 completed=28180 running=1 waiting=0 waiting_min/max=0/2 queue_p99[prefill=0.0,decode=0.0] queue_now[prefill=0,decode=0] active_sessions=62 output=725.5 tok/s interval_ttft_q0.950=0.300s
  sim=  0.33d   3.33% wall=  13.1s speed=    2110x eta=   6.6m admitted=31443 completed=31441 running=2 waiting=0 waiting_min/max=0/1 queue_p99[prefill=0.0,decode=0.0] queue_now[prefill=0,decode=0] active_sessions=68 output=626.9 tok/s interval_ttft_q0.950=0.178s
  sim=  0.38d   3.75% wall=  15.4s speed=    1600x eta=   8.7m admitted=37453 completed=37450 running=3 waiting=0 waiting_min/max=0/2 queue_p99[prefill=0.0,decode=0.0] queue_now[prefill=0,decode=0] active_sessions=76 output=974.5 tok/s interval_ttft_q0.950=0.177s
  sim=  0.42d   4.17% wall=  17.3s speed=    1930x eta=   7.1m admitted=41781 completed=41778 running=3 waiting=0 waiting_min/max=0/2 queue_p99[prefill=0.0,decode=0.0] queue_now[prefill=0,decode=0] active_sessions=87 output=632.0 tok/s interval_ttft_q0.950=0.433s
  sim=  0.46d   4.58% wall=  19.3s speed=    1785x eta=   7.7m admitted=46110 completed=46105 running=5 waiting=0 waiting_min/max=0/1 queue_p99[prefill=0.0,decode=0.0] queue_now[prefill=0,decode=0] active_sessions=99 output=719.6 tok/s interval_ttft_q0.950=0.164s
  sim=  0.50d   5.00% wall=  21.4s speed=    1694x eta=   8.1m admitted=50770 completed=50767 running=3 waiting=0 waiting_min/max=0/3 queue_p99[prefill=0.0,decode=0.0] queue_now[prefill=0,decode=0] active_sessions=99 output=694.8 tok/s interval_ttft_q0.950=0.181s
  sim=  0.54d   5.42% wall=  23.8s speed=    1526x eta=   8.9m admitted=55818 completed=55816 running=2 waiting=0 waiting_min/max=0/2 queue_p99[prefill=0.0,decode=0.0] queue_now[prefill=0,decode=0] active_sessions=106 output=808.6 tok/s interval_ttft_q0.950=0.184s
  sim=  0.58d   5.83% wall=  26.0s speed=    1600x eta=   8.5m admitted=60146 completed=60138 running=8 waiting=0 waiting_min/max=0/1 queue_p99[prefill=0.0,decode=0.0] queue_now[prefill=0,decode=0] active_sessions=108 output=762.0 tok/s interval_ttft_q0.950=0.184s
  sim=  0.63d   6.25% wall=  28.2s speed=    1617x eta=   8.3m admitted=64742 completed=64740 running=2 waiting=0 waiting_min/max=0/2 queue_p99[prefill=0.0,decode=0.0] queue_now[prefill=0,decode=0] active_sessions=107 output=738.8 tok/s interval_ttft_q0.950=0.179s
  sim=  0.67d   6.67% wall=  30.6s speed=    1546x eta=   8.7m admitted=69186 completed=69183 running=3 waiting=0 waiting_min/max=0/2 queue_p99[prefill=0.0,decode=0.0] queue_now[prefill=0,decode=0] active_sessions=114 output=754.3 tok/s interval_ttft_q0.950=0.340s
  sim=  0.71d   7.08% wall=  33.2s speed=    1352x eta=   9.9m admitted=74999 completed=74998 running=0 waiting=0 waiting_min/max=0/3 queue_p99[prefill=1.0,decode=0.0] queue_now[prefill=0,decode=0] active_sessions=121 output=865.2 tok/s interval_ttft_q0.950=0.539s
  sim=  0.75d   7.50% wall=  35.8s speed=    1410x eta=   9.4m admitted=80226 completed=80220 running=5 waiting=1 waiting_min/max=0/3 queue_p99[prefill=0.0,decode=0.0] queue_now[prefill=1,decode=0] active_sessions=123 output=723.4 tok/s interval_ttft_q0.950=0.170s
  sim=  0.79d   7.92% wall=  38.4s speed=    1399x eta=   9.5m admitted=84890 completed=84885 running=5 waiting=0 waiting_min/max=0/1 queue_p99[prefill=0.0,decode=0.0] queue_now[prefill=0,decode=0] active_sessions=146 output=663.9 tok/s interval_ttft_q0.950=0.159s
  sim=  0.83d   8.33% wall=  41.0s speed=    1363x eta=   9.7m admitted=89827 completed=89823 running=4 waiting=0 waiting_min/max=0/2 queue_p99[prefill=0.0,decode=0.0] queue_now[prefill=0,decode=0] active_sessions=155 output=765.1 tok/s interval_ttft_q0.950=0.176s
  sim=  0.88d   8.75% wall=  44.0s speed=    1211x eta=  10.9m admitted=95634 completed=95630 running=4 waiting=0 waiting_min/max=0/3 queue_p99[prefill=1.0,decode=0.0] queue_now[prefill=0,decode=0] active_sessions=154 output=958.5 tok/s interval_ttft_q0.950=0.506s
  sim=  0.92d   9.17% wall=  47.2s speed=    1130x eta=  11.6m admitted=102038 completed=102033 running=4 waiting=0 waiting_min/max=0/3 queue_p99[prefill=1.0,decode=0.0] queue_now[prefill=0,decode=0] active_sessions=159 output=1072.3 tok/s interval_ttft_q0.950=0.450s
  sim=  0.96d   9.58% wall=  50.4s speed=    1116x eta=  11.7m admitted=108105 completed=108104 running=1 waiting=0 waiting_min/max=0/6 queue_p99[prefill=4.0,decode=0.0] queue_now[prefill=0,decode=0] active_sessions=147 output=982.5 tok/s interval_ttft_q0.950=0.415s
  sim=  1.00d  10.00% wall=  53.4s speed=    1200x eta=  10.8m admitted=113081 completed=113075 running=6 waiting=0 waiting_min/max=0/3 queue_p99[prefill=1.0,decode=0.0] queue_now[prefill=0,decode=0] active_sessions=151 output=788.4 tok/s interval_ttft_q0.950=0.262s
  sim=  1.04d  10.42% wall=  56.5s speed=    1166x eta=  11.1m admitted=117984 completed=117982 running=2 waiting=0 waiting_min/max=0/4 queue_p99[prefill=2.0,decode=0.0] queue_now[prefill=0,decode=0] active_sessions=154 output=846.4 tok/s interval_ttft_q0.950=0.801s
  sim=  1.08d  10.83% wall=  60.0s speed=    1033x eta=  12.4m admitted=124053 completed=124047 running=6 waiting=0 waiting_min/max=0/7 queue_p99[prefill=4.0,decode=0.0] queue_now[prefill=0,decode=0] active_sessions=166 output=1083.0 tok/s interval_ttft_q0.950=1.222s
  sim=  1.13d  11.25% wall=   1.1m speed=    1031x eta=  12.4m admitted=130117 completed=130107 running=6 waiting=4 waiting_min/max=0/7 queue_p99[prefill=4.0,decode=0.0] queue_now[prefill=4,decode=0] active_sessions=172 output=971.3 tok/s interval_ttft_q0.950=1.011s
  sim=  1.17d  11.67% wall=   1.1m speed=     912x eta=  13.9m admitted=137184 completed=137175 running=9 waiting=0 waiting_min/max=0/7 queue_p99[prefill=5.0,decode=0.0] queue_now[prefill=0,decode=0] active_sessions=175 output=1075.0 tok/s interval_ttft_q0.950=0.541s
  sim=  1.21d  12.08% wall=   1.2m speed=     856x eta=  14.8m admitted=145103 completed=145090 running=8 waiting=5 waiting_min/max=0/10 queue_p99[prefill=8.0,decode=0.0] queue_now[prefill=5,decode=0] active_sessions=187 output=1179.5 tok/s interval_ttft_q0.950=1.133s
  sim=  1.25d  12.50% wall=   1.3m speed=     770x eta=  16.4m admitted=153820 completed=153810 running=5 waiting=4 waiting_min/max=0/15 queue_p99[prefill=10.0,decode=0.0] queue_now[prefill=4,decode=0] active_sessions=176 output=1278.6 tok/s interval_ttft_q0.950=12.041s
  sim=  1.29d  12.92% wall=   1.3m speed=     819x eta=  15.3m admitted=160517 completed=160511 running=6 waiting=0 waiting_min/max=0/11 queue_p99[prefill=8.0,decode=0.0] queue_now[prefill=0,decode=0] active_sessions=187 output=1077.4 tok/s interval_ttft_q0.950=8.036s
  sim=  1.33d  13.33% wall=   1.4m speed=     745x eta=  16.8m admitted=169012 completed=169006 running=6 waiting=0 waiting_min/max=0/8 queue_p99[prefill=5.0,decode=0.0] queue_now[prefill=0,decode=0] active_sessions=187 output=1367.7 tok/s interval_ttft_q0.950=1.706s
  sim=  1.38d  13.75% wall=   1.5m speed=     794x eta=  15.6m admitted=176274 completed=176270 running=3 waiting=1 waiting_min/max=0/5 queue_p99[prefill=2.0,decode=0.0] queue_now[prefill=1,decode=0] active_sessions=188 output=1092.1 tok/s interval_ttft_q0.950=0.352s
  sim=  1.42d  14.17% wall=   1.6m speed=     774x eta=  16.0m admitted=182994 completed=182990 running=3 waiting=0 waiting_min/max=0/4 queue_p99[prefill=2.0,decode=0.0] queue_now[prefill=0,decode=0] active_sessions=183 output=1027.4 tok/s interval_ttft_q0.950=0.938s
  sim=  1.46d  14.58% wall=   1.7m speed=     774x eta=  15.9m admitted=189344 completed=189341 running=3 waiting=0 waiting_min/max=0/4 queue_p99[prefill=2.0,decode=0.0] queue_now[prefill=0,decode=0] active_sessions=190 output=1067.9 tok/s interval_ttft_q0.950=0.507s
  sim=  1.50d  15.00% wall=   1.7m speed=     822x eta=  14.9m admitted=195108 completed=195100 running=8 waiting=0 waiting_min/max=0/4 queue_p99[prefill=2.0,decode=0.0] queue_now[prefill=0,decode=0] active_sessions=196 output=1054.6 tok/s interval_ttft_q0.950=0.610s
  sim=  1.54d  15.42% wall=   1.8m speed=     769x eta=  15.8m admitted=201230 completed=201220 running=10 waiting=0 waiting_min/max=0/4 queue_p99[prefill=2.0,decode=0.0] queue_now[prefill=0,decode=0] active_sessions=189 output=998.4 tok/s interval_ttft_q0.950=0.793s
  sim=  1.58d  15.83% wall=   1.9m speed=     753x eta=  16.1m admitted=206803 completed=206796 running=7 waiting=0 waiting_min/max=0/6 queue_p99[prefill=3.0,decode=0.0] queue_now[prefill=0,decode=0] active_sessions=188 output=1065.4 tok/s interval_ttft_q0.950=0.559s
  sim=  1.63d  16.25% wall=   2.0m speed=     691x eta=  17.5m admitted=213625 completed=213620 running=5 waiting=0 waiting_min/max=0/4 queue_p99[prefill=3.0,decode=0.0] queue_now[prefill=0,decode=0] active_sessions=193 output=1253.3 tok/s interval_ttft_q0.950=1.016s
  sim=  1.67d  16.67% wall=   2.1m speed=     647x eta=  18.5m admitted=220755 completed=220745 running=10 waiting=0 waiting_min/max=0/6 queue_p99[prefill=4.0,decode=1.0] queue_now[prefill=0,decode=0] active_sessions=202 output=1142.6 tok/s interval_ttft_q0.950=0.579s
  sim=  1.71d  17.08% wall=   2.2m speed=     604x eta=  19.8m admitted=228060 completed=228052 running=8 waiting=0 waiting_min/max=0/4 queue_p99[prefill=2.0,decode=0.0] queue_now[prefill=0,decode=0] active_sessions=213 output=1139.3 tok/s interval_ttft_q0.950=0.424s
  sim=  1.75d  17.50% wall=   2.3m speed=     595x eta=  20.0m admitted=235184 completed=235180 running=4 waiting=0 waiting_min/max=0/4 queue_p99[prefill=2.0,decode=0.0] queue_now[prefill=0,decode=0] active_sessions=211 output=1218.2 tok/s interval_ttft_q0.950=0.854s
  sim=  1.79d  17.92% wall=   2.4m speed=     647x eta=  18.3m admitted=241855 completed=241848 running=5 waiting=2 waiting_min/max=0/6 queue_p99[prefill=2.2,decode=0.0] queue_now[prefill=2,decode=0] active_sessions=212 output=1130.4 tok/s interval_ttft_q0.950=0.372s
  sim=  1.83d  18.33% wall=   2.5m speed=     574x eta=  20.5m admitted=249338 completed=249332 running=6 waiting=0 waiting_min/max=0/8 queue_p99[prefill=3.0,decode=0.0] queue_now[prefill=0,decode=0] active_sessions=221 output=1191.3 tok/s interval_ttft_q0.950=1.217s
  sim=  1.88d  18.75% wall=   2.6m speed=     629x eta=  18.6m admitted=255897 completed=255894 running=3 waiting=0 waiting_min/max=0/6 queue_p99[prefill=4.0,decode=0.0] queue_now[prefill=0,decode=0] active_sessions=229 output=1145.1 tok/s interval_ttft_q0.950=0.583s
  sim=  1.92d  19.17% wall=   2.7m speed=     538x eta=  21.7m admitted=264212 completed=264204 running=8 waiting=0 waiting_min/max=0/7 queue_p99[prefill=4.0,decode=0.0] queue_now[prefill=0,decode=0] active_sessions=241 output=1215.8 tok/s interval_ttft_q0.950=0.615s
  sim=  1.96d  19.58% wall=   2.8m speed=     550x eta=  21.0m admitted=272234 completed=272227 running=7 waiting=0 waiting_min/max=0/9 queue_p99[prefill=6.0,decode=0.0] queue_now[prefill=0,decode=0] active_sessions=232 output=1202.1 tok/s interval_ttft_q0.950=0.776s
  sim=  2.00d  20.00% wall=   2.9m speed=     633x eta=  18.2m admitted=277939 completed=277932 running=7 waiting=0 waiting_min/max=0/6 queue_p99[prefill=2.0,decode=0.0] queue_now[prefill=0,decode=0] active_sessions=223 output=910.3 tok/s interval_ttft_q0.950=0.727s
  sim=  2.04d  20.42% wall=   3.0m speed=     591x eta=  19.4m admitted=284111 completed=284106 running=5 waiting=0 waiting_min/max=0/6 queue_p99[prefill=3.0,decode=0.0] queue_now[prefill=0,decode=0] active_sessions=230 output=1017.2 tok/s interval_ttft_q0.950=0.636s
  sim=  2.08d  20.83% wall=   3.1m speed=     543x eta=  21.0m admitted=290901 completed=290898 running=3 waiting=0 waiting_min/max=0/5 queue_p99[prefill=2.0,decode=0.0] queue_now[prefill=0,decode=0] active_sessions=227 output=1296.2 tok/s interval_ttft_q0.950=0.420s
  sim=  2.13d  21.25% wall=   3.2m speed=     526x eta=  21.6m admitted=298248 completed=298241 running=7 waiting=0 waiting_min/max=0/5 queue_p99[prefill=2.0,decode=0.0] queue_now[prefill=0,decode=0] active_sessions=223 output=1191.5 tok/s interval_ttft_q0.950=0.863s
  sim=  2.17d  21.67% wall=   3.3m speed=     509x eta=  22.2m admitted=306207 completed=306206 running=1 waiting=0 waiting_min/max=0/5 queue_p99[prefill=3.0,decode=0.0] queue_now[prefill=0,decode=0] active_sessions=235 output=1183.8 tok/s interval_ttft_q0.950=0.807s
  sim=  2.21d  22.08% wall=   3.4m speed=     593x eta=  18.9m admitted=311924 completed=311915 running=9 waiting=0 waiting_min/max=0/4 queue_p99[prefill=2.0,decode=0.0] queue_now[prefill=0,decode=0] active_sessions=242 output=896.9 tok/s interval_ttft_q0.950=0.482s
  sim=  2.25d  22.50% wall=   3.5m speed=     514x eta=  21.7m admitted=318595 completed=318591 running=4 waiting=0 waiting_min/max=0/3 queue_p99[prefill=2.0,decode=0.0] queue_now[prefill=0,decode=0] active_sessions=240 output=1100.0 tok/s interval_ttft_q0.950=0.350s
  sim=  2.29d  22.92% wall=   3.7m speed=     503x eta=  22.1m admitted=325148 completed=325140 running=8 waiting=0 waiting_min/max=0/6 queue_p99[prefill=4.0,decode=1.0] queue_now[prefill=0,decode=0] active_sessions=248 output=1177.0 tok/s interval_ttft_q0.950=2.560s
  sim=  2.33d  23.33% wall=   3.8m speed=     474x eta=  23.3m admitted=332109 completed=332095 running=12 waiting=2 waiting_min/max=0/9 queue_p99[prefill=6.0,decode=1.0] queue_now[prefill=2,decode=0] active_sessions=253 output=1285.7 tok/s interval_ttft_q0.950=3.902s
  sim=  2.38d  23.75% wall=   3.9m speed=     467x eta=  23.5m admitted=339615 completed=339611 running=4 waiting=0 waiting_min/max=0/7 queue_p99[prefill=4.0,decode=0.0] queue_now[prefill=0,decode=0] active_sessions=252 output=1414.9 tok/s interval_ttft_q0.950=1.680s
  sim=  2.42d  24.17% wall=   4.0m speed=     463x eta=  23.6m admitted=346650 completed=346648 running=2 waiting=0 waiting_min/max=0/7 queue_p99[prefill=3.0,decode=0.0] queue_now[prefill=0,decode=0] active_sessions=256 output=1265.3 tok/s interval_ttft_q0.950=1.000s
  sim=  2.46d  24.58% wall=   4.2m speed=     455x eta=  23.8m admitted=354631 completed=354626 running=5 waiting=0 waiting_min/max=0/7 queue_p99[prefill=3.0,decode=0.0] queue_now[prefill=0,decode=0] active_sessions=257 output=1249.2 tok/s interval_ttft_q0.950=0.703s
  sim=  2.50d  25.00% wall=   4.3m speed=     434x eta=  24.9m admitted=362644 completed=362643 running=1 waiting=0 waiting_min/max=0/8 queue_p99[prefill=4.0,decode=0.0] queue_now[prefill=0,decode=0] active_sessions=253 output=1141.7 tok/s interval_ttft_q0.950=1.010s
  sim=  2.54d  25.42% wall=   4.4m speed=     447x eta=  24.0m admitted=370533 completed=370520 running=13 waiting=0 waiting_min/max=0/6 queue_p99[prefill=4.0,decode=0.0] queue_now[prefill=0,decode=0] active_sessions=257 output=1178.5 tok/s interval_ttft_q0.950=0.902s
  sim=  2.58d  25.83% wall=   4.6m speed=     450x eta=  23.7m admitted=377987 completed=377981 running=6 waiting=0 waiting_min/max=0/8 queue_p99[prefill=4.0,decode=0.0] queue_now[prefill=0,decode=0] active_sessions=259 output=1077.1 tok/s interval_ttft_q0.950=1.334s
  sim=  2.63d  26.25% wall=   4.7m speed=     443x eta=  24.0m admitted=385291 completed=385289 running=2 waiting=0 waiting_min/max=0/6 queue_p99[prefill=3.0,decode=0.0] queue_now[prefill=0,decode=0] active_sessions=256 output=1058.8 tok/s interval_ttft_q0.950=1.015s
  sim=  2.67d  26.67% wall=   4.8m speed=     441x eta=  23.9m admitted=391951 completed=391948 running=2 waiting=0 waiting_min/max=0/6 queue_p99[prefill=3.0,decode=1.0] queue_now[prefill=0,decode=0] active_sessions=262 output=1024.3 tok/s interval_ttft_q0.950=0.882s
  sim=  2.71d  27.08% wall=   5.0m speed=     390x eta=  26.9m admitted=399760 completed=399744 running=12 waiting=3 waiting_min/max=0/10 queue_p99[prefill=6.0,decode=0.0] queue_now[prefill=3,decode=0] active_sessions=271 output=1186.9 tok/s interval_ttft_q0.950=1.949s
  sim=  2.75d  27.50% wall=   5.2m speed=     395x eta=  26.4m admitted=407847 completed=407840 running=6 waiting=1 waiting_min/max=0/6 queue_p99[prefill=3.0,decode=0.0] queue_now[prefill=1,decode=0] active_sessions=259 output=1284.8 tok/s interval_ttft_q0.950=0.484s
  sim=  2.79d  27.92% wall=   5.3m speed=     423x eta=  24.5m admitted=414632 completed=414624 running=8 waiting=0 waiting_min/max=0/7 queue_p99[prefill=4.0,decode=0.0] queue_now[prefill=0,decode=0] active_sessions=267 output=991.0 tok/s interval_ttft_q0.950=0.822s
  sim=  2.83d  28.33% wall=   5.5m speed=     386x eta=  26.7m admitted=422269 completed=422266 running=3 waiting=0 waiting_min/max=0/8 queue_p99[prefill=4.0,decode=0.0] queue_now[prefill=0,decode=0] active_sessions=276 output=1242.4 tok/s interval_ttft_q0.950=1.423s
  sim=  2.88d  28.75% wall=   5.6m speed=     422x eta=  24.3m admitted=428877 completed=428872 running=3 waiting=1 waiting_min/max=0/5 queue_p99[prefill=3.0,decode=0.0] queue_now[prefill=1,decode=0] active_sessions=268 output=1020.1 tok/s interval_ttft_q0.950=1.150s
  sim=  2.92d  29.17% wall=   5.7m speed=     418x eta=  24.4m admitted=435554 completed=435542 running=11 waiting=1 waiting_min/max=0/9 queue_p99[prefill=6.0,decode=0.0] queue_now[prefill=1,decode=0] active_sessions=265 output=1137.9 tok/s interval_ttft_q0.950=1.916s
  sim=  2.96d  29.58% wall=   5.9m speed=     400x eta=  25.4m admitted=442450 completed=442442 running=8 waiting=0 waiting_min/max=0/6 queue_p99[prefill=4.0,decode=0.0] queue_now[prefill=0,decode=0] active_sessions=258 output=1158.0 tok/s interval_ttft_q0.950=0.678s
  sim=  3.00d  30.00% wall=   6.0m speed=     386x eta=  26.1m admitted=449423 completed=449420 running=3 waiting=0 waiting_min/max=0/6 queue_p99[prefill=4.0,decode=0.0] queue_now[prefill=0,decode=0] active_sessions=259 output=1080.0 tok/s interval_ttft_q0.950=0.727s
  sim=  3.04d  30.42% wall=   6.2m speed=     435x eta=  23.0m admitted=454777 completed=454775 running=2 waiting=0 waiting_min/max=0/4 queue_p99[prefill=2.0,decode=0.0] queue_now[prefill=0,decode=0] active_sessions=260 output=933.3 tok/s interval_ttft_q0.950=0.708s
  sim=  3.08d  30.83% wall=   6.3m speed=     382x eta=  26.0m admitted=461073 completed=461069 running=4 waiting=0 waiting_min/max=0/6 queue_p99[prefill=2.2,decode=0.0] queue_now[prefill=0,decode=0] active_sessions=261 output=1087.9 tok/s interval_ttft_q0.950=0.918s
  sim=  3.13d  31.25% wall=   6.5m speed=     414x eta=  23.9m admitted=466101 completed=466096 running=4 waiting=1 waiting_min/max=0/7 queue_p99[prefill=4.0,decode=0.0] queue_now[prefill=1,decode=0] active_sessions=256 output=902.7 tok/s interval_ttft_q0.950=0.797s
  sim=  3.17d  31.67% wall=   6.6m speed=     394x eta=  25.0m admitted=472141 completed=472127 running=12 waiting=2 waiting_min/max=0/6 queue_p99[prefill=4.0,decode=0.0] queue_now[prefill=2,decode=0] active_sessions=268 output=1009.4 tok/s interval_ttft_q0.950=0.623s
  sim=  3.21d  32.08% wall=   6.8m speed=     325x eta=  30.1m admitted=480470 completed=480465 running=5 waiting=0 waiting_min/max=0/6 queue_p99[prefill=4.0,decode=1.0] queue_now[prefill=0,decode=0] active_sessions=270 output=1378.2 tok/s interval_ttft_q0.950=0.710s
  sim=  3.25d  32.50% wall=   7.0m speed=     358x eta=  27.2m admitted=487300 completed=487299 running=1 waiting=0 waiting_min/max=0/5 queue_p99[prefill=2.0,decode=0.0] queue_now[prefill=0,decode=0] active_sessions=276 output=1223.8 tok/s interval_ttft_q0.950=0.601s
  sim=  3.29d  32.92% wall=   7.2m speed=     366x eta=  26.4m admitted=494075 completed=494071 running=4 waiting=0 waiting_min/max=0/5 queue_p99[prefill=3.0,decode=0.0] queue_now[prefill=0,decode=0] active_sessions=262 output=1196.7 tok/s interval_ttft_q0.950=0.536s
  sim=  3.33d  33.33% wall=   7.3m speed=     383x eta=  25.1m admitted=500013 completed=500010 running=3 waiting=0 waiting_min/max=0/6 queue_p99[prefill=2.0,decode=0.0] queue_now[prefill=0,decode=0] active_sessions=277 output=924.8 tok/s interval_ttft_q0.950=0.601s
  sim=  3.38d  33.75% wall=   7.5m speed=     371x eta=  25.7m admitted=506456 completed=506445 running=11 waiting=0 waiting_min/max=0/6 queue_p99[prefill=4.0,decode=0.0] queue_now[prefill=0,decode=0] active_sessions=285 output=978.2 tok/s interval_ttft_q0.950=1.204s
  sim=  3.42d  34.17% wall=   7.7m speed=     309x eta=  30.7m admitted=515106 completed=515099 running=7 waiting=0 waiting_min/max=0/10 queue_p99[prefill=6.0,decode=0.0] queue_now[prefill=0,decode=0] active_sessions=293 output=1427.7 tok/s interval_ttft_q0.950=2.004s
  sim=  3.46d  34.58% wall=   7.8m speed=     336x eta=  28.0m admitted=522568 completed=522560 running=8 waiting=0 waiting_min/max=0/8 queue_p99[prefill=5.0,decode=2.0] queue_now[prefill=0,decode=0] active_sessions=290 output=1142.3 tok/s interval_ttft_q0.950=2.622s
  sim=  3.50d  35.00% wall=   8.0m speed=     313x eta=  29.9m admitted=530238 completed=530230 running=7 waiting=1 waiting_min/max=0/6 queue_p99[prefill=3.2,decode=0.0] queue_now[prefill=1,decode=0] active_sessions=287 output=1237.0 tok/s interval_ttft_q0.950=1.158s
  sim=  3.54d  35.42% wall=   8.2m speed=     348x eta=  26.7m admitted=537145 completed=537144 running=1 waiting=0 waiting_min/max=0/9 queue_p99[prefill=4.0,decode=0.0] queue_now[prefill=0,decode=0] active_sessions=284 output=977.0 tok/s interval_ttft_q0.950=1.488s
  sim=  3.58d  35.83% wall=   8.4m speed=     360x eta=  25.7m admitted=543687 completed=543683 running=4 waiting=0 waiting_min/max=0/4 queue_p99[prefill=2.0,decode=0.0] queue_now[prefill=0,decode=0] active_sessions=278 output=895.8 tok/s interval_ttft_q0.950=0.543s
  sim=  3.63d  36.25% wall=   8.6m speed=     321x eta=  28.6m admitted=551276 completed=551267 running=9 waiting=0 waiting_min/max=0/8 queue_p99[prefill=5.0,decode=0.0] queue_now[prefill=0,decode=0] active_sessions=286 output=1017.5 tok/s interval_ttft_q0.950=1.128s
  sim=  3.67d  36.67% wall=   8.7m speed=     334x eta=  27.3m admitted=557930 completed=557924 running=6 waiting=0 waiting_min/max=0/6 queue_p99[prefill=4.0,decode=0.0] queue_now[prefill=0,decode=0] active_sessions=285 output=978.9 tok/s interval_ttft_q0.950=1.919s
  sim=  3.71d  37.08% wall=   8.9m speed=     322x eta=  28.1m admitted=564634 completed=564628 running=6 waiting=0 waiting_min/max=0/6 queue_p99[prefill=4.0,decode=0.0] queue_now[prefill=0,decode=0] active_sessions=289 output=1121.3 tok/s interval_ttft_q0.950=0.907s
  sim=  3.75d  37.50% wall=   9.1m speed=     289x eta=  31.2m admitted=573515 completed=573504 running=11 waiting=0 waiting_min/max=0/8 queue_p99[prefill=5.0,decode=0.0] queue_now[prefill=0,decode=0] active_sessions=302 output=1261.5 tok/s interval_ttft_q0.950=1.009s
  sim=  3.79d  37.92% wall=   9.3m speed=     306x eta=  29.2m admitted=580689 completed=580683 running=6 waiting=0 waiting_min/max=0/8 queue_p99[prefill=5.0,decode=1.0] queue_now[prefill=0,decode=0] active_sessions=301 output=1029.8 tok/s interval_ttft_q0.950=2.899s
  sim=  3.83d  38.33% wall=   9.5m speed=     315x eta=  28.2m admitted=587265 completed=587255 running=9 waiting=0 waiting_min/max=0/7 queue_p99[prefill=3.0,decode=0.0] queue_now[prefill=0,decode=0] active_sessions=295 output=1122.1 tok/s interval_ttft_q0.950=1.094s
  sim=  3.88d  38.75% wall=   9.7m speed=     297x eta=  29.7m admitted=594513 completed=594507 running=6 waiting=0 waiting_min/max=0/8 queue_p99[prefill=5.0,decode=0.0] queue_now[prefill=0,decode=0] active_sessions=313 output=1188.4 tok/s interval_ttft_q0.950=1.990s
  sim=  3.92d  39.17% wall=   9.9m speed=     293x eta=  29.9m admitted=601362 completed=601350 running=7 waiting=4 waiting_min/max=0/8 queue_p99[prefill=5.0,decode=2.0] queue_now[prefill=4,decode=0] active_sessions=317 output=1325.3 tok/s interval_ttft_q0.950=2.493s
  sim=  3.96d  39.58% wall=  10.1m speed=     310x eta=  28.1m admitted=607582 completed=607572 running=10 waiting=0 waiting_min/max=0/11 queue_p99[prefill=8.0,decode=0.0] queue_now[prefill=0,decode=0] active_sessions=312 output=1036.2 tok/s interval_ttft_q0.950=4.406s
  sim=  4.00d  40.00% wall=  10.3m speed=     284x eta=  30.4m admitted=614629 completed=614619 running=7 waiting=3 waiting_min/max=0/8 queue_p99[prefill=6.0,decode=0.0] queue_now[prefill=3,decode=0] active_sessions=306 output=1072.1 tok/s interval_ttft_q0.950=2.871s
  sim=  4.04d  40.42% wall=  10.5m speed=     289x eta=  29.7m admitted=621362 completed=621356 running=6 waiting=0 waiting_min/max=0/9 queue_p99[prefill=5.0,decode=0.0] queue_now[prefill=0,decode=0] active_sessions=315 output=1039.2 tok/s interval_ttft_q0.950=3.427s
  sim=  4.08d  40.83% wall=  10.8m speed=     250x eta=  34.0m admitted=630384 completed=630378 running=6 waiting=0 waiting_min/max=0/10 queue_p99[prefill=6.0,decode=2.0] queue_now[prefill=0,decode=0] active_sessions=315 output=1237.9 tok/s interval_ttft_q0.950=1.787s
  sim=  4.13d  41.25% wall=  11.0m speed=     272x eta=  31.2m admitted=637807 completed=637804 running=3 waiting=0 waiting_min/max=0/7 queue_p99[prefill=4.0,decode=0.0] queue_now[prefill=0,decode=0] active_sessions=311 output=1227.6 tok/s interval_ttft_q0.950=2.421s
  sim=  4.17d  41.67% wall=  11.2m speed=     269x eta=  31.2m admitted=645313 completed=645306 running=6 waiting=1 waiting_min/max=0/11 queue_p99[prefill=6.0,decode=0.0] queue_now[prefill=1,decode=0] active_sessions=314 output=1201.8 tok/s interval_ttft_q0.950=2.092s
  sim=  4.21d  42.08% wall=  11.5m speed=     236x eta=  35.3m admitted=655095 completed=655086 running=9 waiting=0 waiting_min/max=0/14 queue_p99[prefill=8.0,decode=0.0] queue_now[prefill=0,decode=0] active_sessions=313 output=1490.9 tok/s interval_ttft_q0.950=2.963s
  sim=  4.25d  42.50% wall=  11.7m speed=     231x eta=  35.8m admitted=664227 completed=664214 running=8 waiting=4 waiting_min/max=0/11 queue_p99[prefill=7.0,decode=0.0] queue_now[prefill=4,decode=0] active_sessions=324 output=1353.9 tok/s interval_ttft_q0.950=2.025s
  sim=  4.29d  42.92% wall=  12.0m speed=     236x eta=  34.8m admitted=673044 completed=673024 running=16 waiting=4 waiting_min/max=0/23 queue_p99[prefill=18.0,decode=2.0] queue_now[prefill=4,decode=0] active_sessions=315 output=1412.0 tok/s interval_ttft_q0.950=13.608s
  sim=  4.33d  43.33% wall=  12.2m speed=     234x eta=  34.9m admitted=681579 completed=681564 running=15 waiting=0 waiting_min/max=0/16 queue_p99[prefill=11.0,decode=2.0] queue_now[prefill=0,decode=0] active_sessions=327 output=1401.3 tok/s interval_ttft_q0.950=7.878s
  sim=  4.38d  43.75% wall=  12.5m speed=     242x eta=  33.4m admitted=688888 completed=688877 running=4 waiting=7 waiting_min/max=0/15 queue_p99[prefill=13.0,decode=0.0] queue_now[prefill=7,decode=0] active_sessions=322 output=1268.8 tok/s interval_ttft_q0.950=20.585s
  sim=  4.42d  44.17% wall=  12.7m speed=     243x eta=  33.1m admitted=696280 completed=696253 running=18 waiting=9 waiting_min/max=0/14 queue_p99[prefill=11.0,decode=1.0] queue_now[prefill=9,decode=0] active_sessions=328 output=1267.5 tok/s interval_ttft_q0.950=18.814s
  sim=  4.46d  44.58% wall=  13.0m speed=     237x eta=  33.7m admitted=703916 completed=703909 running=7 waiting=0 waiting_min/max=0/22 queue_p99[prefill=19.0,decode=0.0] queue_now[prefill=0,decode=0] active_sessions=327 output=1224.7 tok/s interval_ttft_q0.950=39.312s
  sim=  4.50d  45.00% wall=  13.3m speed=     230x eta=  34.5m admitted=712342 completed=712333 running=9 waiting=0 waiting_min/max=0/10 queue_p99[prefill=6.0,decode=0.0] queue_now[prefill=0,decode=0] active_sessions=319 output=1273.9 tok/s interval_ttft_q0.950=2.171s
  sim=  4.54d  45.42% wall=  13.5m speed=     235x eta=  33.4m admitted=720453 completed=720443 running=10 waiting=0 waiting_min/max=0/10 queue_p99[prefill=7.0,decode=0.0] queue_now[prefill=0,decode=0] active_sessions=324 output=1315.4 tok/s interval_ttft_q0.950=2.650s
  sim=  4.58d  45.83% wall=  13.8m speed=     225x eta=  34.7m admitted=728718 completed=728699 running=12 waiting=7 waiting_min/max=0/18 queue_p99[prefill=11.0,decode=0.0] queue_now[prefill=7,decode=0] active_sessions=330 output=1444.3 tok/s interval_ttft_q0.950=5.631s
  sim=  4.63d  46.25% wall=  14.1m speed=     216x eta=  35.8m admitted=737172 completed=737148 running=10 waiting=14 waiting_min/max=0/26 queue_p99[prefill=20.0,decode=1.0] queue_now[prefill=14,decode=0] active_sessions=328 output=1577.4 tok/s interval_ttft_q0.950=11.431s
  sim=  4.67d  46.67% wall=  14.3m speed=     230x eta=  33.4m admitted=743868 completed=743852 running=7 waiting=8 waiting_min/max=0/23 queue_p99[prefill=19.0,decode=2.0] queue_now[prefill=8,decode=0] active_sessions=314 output=1271.1 tok/s interval_ttft_q0.950=40.739s
  sim=  4.71d  47.08% wall=  14.6m speed=     228x eta=  33.4m admitted=750911 completed=750897 running=5 waiting=9 waiting_min/max=0/20 queue_p99[prefill=16.2,decode=0.0] queue_now[prefill=9,decode=0] active_sessions=317 output=1086.4 tok/s interval_ttft_q0.950=43.871s
  sim=  4.75d  47.50% wall=  14.8m speed=     239x eta=  31.6m admitted=757868 completed=757861 running=7 waiting=0 waiting_min/max=0/15 queue_p99[prefill=12.0,decode=0.0] queue_now[prefill=0,decode=0] active_sessions=305 output=1042.3 tok/s interval_ttft_q0.950=4.932s
  sim=  4.79d  47.92% wall=  15.1m speed=     242x eta=  30.9m admitted=764287 completed=764281 running=6 waiting=0 waiting_min/max=0/11 queue_p99[prefill=8.0,decode=0.0] queue_now[prefill=0,decode=0] active_sessions=304 output=949.5 tok/s interval_ttft_q0.950=6.362s
  sim=  4.83d  48.33% wall=  15.3m speed=     221x eta=  33.7m admitted=771930 completed=771923 running=7 waiting=0 waiting_min/max=0/9 queue_p99[prefill=7.0,decode=0.0] queue_now[prefill=0,decode=0] active_sessions=311 output=1329.4 tok/s interval_ttft_q0.950=3.877s
  sim=  4.88d  48.75% wall=  15.6m speed=     213x eta=  34.6m admitted=779738 completed=779731 running=7 waiting=0 waiting_min/max=0/15 queue_p99[prefill=11.0,decode=1.0] queue_now[prefill=0,decode=0] active_sessions=309 output=1424.6 tok/s interval_ttft_q0.950=8.758s
  sim=  4.92d  49.17% wall=  15.9m speed=     217x eta=  33.8m admitted=787459 completed=787452 running=7 waiting=0 waiting_min/max=0/10 queue_p99[prefill=7.0,decode=0.0] queue_now[prefill=0,decode=0] active_sessions=320 output=1326.9 tok/s interval_ttft_q0.950=2.158s
  sim=  4.96d  49.58% wall=  16.2m speed=     200x eta=  36.4m admitted=794437 completed=794430 running=6 waiting=0 waiting_min/max=0/16 queue_p99[prefill=13.0,decode=0.0] queue_now[prefill=0,decode=0] active_sessions=324 output=1290.9 tok/s interval_ttft_q0.950=12.862s
  sim=  5.00d  50.00% wall=  16.5m speed=     234x eta=  30.7m admitted=801168 completed=801163 running=5 waiting=0 waiting_min/max=0/9 queue_p99[prefill=7.0,decode=1.0] queue_now[prefill=0,decode=0] active_sessions=324 output=1140.9 tok/s interval_ttft_q0.950=5.078s
  sim=  5.04d  50.42% wall=  16.7m speed=     222x eta=  32.1m admitted=808042 completed=808026 running=7 waiting=7 waiting_min/max=0/14 queue_p99[prefill=12.0,decode=2.0] queue_now[prefill=7,decode=0] active_sessions=316 output=1180.4 tok/s interval_ttft_q0.950=11.727s
  sim=  5.08d  50.83% wall=  17.0m speed=     229x eta=  30.9m admitted=814727 completed=814722 running=5 waiting=0 waiting_min/max=0/13 queue_p99[prefill=9.0,decode=0.0] queue_now[prefill=0,decode=0] active_sessions=327 output=1116.4 tok/s interval_ttft_q0.950=2.093s
  sim=  5.13d  51.25% wall=  17.3m speed=     234x eta=  30.0m admitted=821007 completed=821004 running=3 waiting=0 waiting_min/max=0/8 queue_p99[prefill=5.0,decode=0.0] queue_now[prefill=0,decode=0] active_sessions=334 output=1128.1 tok/s interval_ttft_q0.950=2.369s
  sim=  5.17d  51.67% wall=  17.5m speed=     242x eta=  28.7m admitted=826657 completed=826640 running=10 waiting=6 waiting_min/max=0/9 queue_p99[prefill=6.0,decode=0.0] queue_now[prefill=6,decode=0] active_sessions=330 output=1088.2 tok/s interval_ttft_q0.950=2.963s
  sim=  5.21d  52.08% wall=  17.8m speed=     228x eta=  30.2m admitted=832631 completed=832623 running=8 waiting=0 waiting_min/max=0/11 queue_p99[prefill=6.0,decode=0.0] queue_now[prefill=0,decode=0] active_sessions=325 output=1055.9 tok/s interval_ttft_q0.950=5.595s
  sim=  5.25d  52.50% wall=  18.1m speed=     198x eta=  34.6m admitted=841038 completed=841033 running=5 waiting=0 waiting_min/max=0/15 queue_p99[prefill=10.0,decode=0.0] queue_now[prefill=0,decode=0] active_sessions=334 output=1385.0 tok/s interval_ttft_q0.950=7.951s
  sim=  5.29d  52.92% wall=  18.4m speed=     200x eta=  33.9m admitted=848781 completed=848766 running=7 waiting=8 waiting_min/max=0/16 queue_p99[prefill=12.0,decode=0.0] queue_now[prefill=8,decode=0] active_sessions=333 output=1305.4 tok/s interval_ttft_q0.950=10.935s
  sim=  5.33d  53.33% wall=  18.7m speed=     211x eta=  31.9m admitted=856131 completed=856130 running=1 waiting=0 waiting_min/max=0/11 queue_p99[prefill=8.0,decode=0.0] queue_now[prefill=0,decode=0] active_sessions=334 output=1249.3 tok/s interval_ttft_q0.950=2.844s
  sim=  5.38d  53.75% wall=  18.9m speed=     205x eta=  32.5m admitted=863479 completed=863470 running=7 waiting=1 waiting_min/max=0/21 queue_p99[prefill=17.0,decode=2.0] queue_now[prefill=1,decode=0] active_sessions=337 output=1279.1 tok/s interval_ttft_q0.950=15.013s
  sim=  5.42d  54.17% wall=  19.2m speed=     204x eta=  32.3m admitted=870379 completed=870369 running=5 waiting=4 waiting_min/max=0/10 queue_p99[prefill=7.0,decode=0.0] queue_now[prefill=4,decode=0] active_sessions=334 output=1150.7 tok/s interval_ttft_q0.950=4.163s
  sim=  5.46d  54.58% wall=  19.5m speed=     217x eta=  30.1m admitted=876920 completed=876917 running=3 waiting=0 waiting_min/max=0/10 queue_p99[prefill=8.0,decode=0.0] queue_now[prefill=0,decode=0] active_sessions=325 output=987.7 tok/s interval_ttft_q0.950=6.703s
  sim=  5.50d  55.00% wall=  19.8m speed=     213x eta=  30.4m admitted=883446 completed=883442 running=4 waiting=0 waiting_min/max=0/8 queue_p99[prefill=5.0,decode=0.0] queue_now[prefill=0,decode=0] active_sessions=325 output=1122.2 tok/s interval_ttft_q0.950=2.078s
  sim=  5.54d  55.42% wall=  20.1m speed=     226x eta=  28.4m admitted=889200 completed=889197 running=3 waiting=0 waiting_min/max=0/7 queue_p99[prefill=4.0,decode=0.0] queue_now[prefill=0,decode=0] active_sessions=331 output=1088.8 tok/s interval_ttft_q0.950=2.190s
  sim=  5.58d  55.83% wall=  20.3m speed=     211x eta=  30.1m admitted=895611 completed=895605 running=6 waiting=0 waiting_min/max=0/9 queue_p99[prefill=5.0,decode=0.0] queue_now[prefill=0,decode=0] active_sessions=336 output=1213.9 tok/s interval_ttft_q0.950=3.057s
  sim=  5.63d  56.25% wall=  20.7m speed=     194x eta=  32.5m admitted=902937 completed=902924 running=6 waiting=7 waiting_min/max=0/12 queue_p99[prefill=9.0,decode=0.0] queue_now[prefill=7,decode=0] active_sessions=351 output=1362.9 tok/s interval_ttft_q0.950=5.283s
  sim=  5.67d  56.67% wall=  21.0m speed=     189x eta=  33.0m admitted=910768 completed=910759 running=9 waiting=0 waiting_min/max=0/10 queue_p99[prefill=7.0,decode=0.0] queue_now[prefill=0,decode=0] active_sessions=352 output=1242.4 tok/s interval_ttft_q0.950=4.500s
  sim=  5.71d  57.08% wall=  21.4m speed=     137x eta=  45.2m admitted=918760 completed=918745 running=15 waiting=0 waiting_min/max=0/10 queue_p99[prefill=7.0,decode=0.0] queue_now[prefill=0,decode=0] active_sessions=354 output=1344.1 tok/s interval_ttft_q0.950=5.730s
  sim=  5.75d  57.50% wall=  22.6m speed=      52x eta=   2.0h admitted=927133 completed=927122 running=11 waiting=0 waiting_min/max=0/17 queue_p99[prefill=13.0,decode=1.0] queue_now[prefill=0,decode=0] active_sessions=355 output=1401.3 tok/s interval_ttft_q0.950=9.492s
  sim=  5.79d  57.92% wall=  23.8m speed=      48x eta=   2.1h admitted=934844 completed=934837 running=6 waiting=1 waiting_min/max=0/15 queue_p99[prefill=10.0,decode=1.0] queue_now[prefill=1,decode=0] active_sessions=344 output=1406.5 tok/s interval_ttft_q0.950=5.311s
  sim=  5.83d  58.33% wall=  25.0m speed=      51x eta=   2.0h admitted=941151 completed=941147 running=4 waiting=0 waiting_min/max=0/9 queue_p99[prefill=5.0,decode=0.0] queue_now[prefill=0,decode=0] active_sessions=329 output=1097.2 tok/s interval_ttft_q0.950=3.137s
  sim=  5.88d  58.75% wall=  26.2m speed=      51x eta=   2.0h admitted=947559 completed=947556 running=3 waiting=0 waiting_min/max=0/7 queue_p99[prefill=5.0,decode=0.0] queue_now[prefill=0,decode=0] active_sessions=333 output=999.1 tok/s interval_ttft_q0.950=1.533s
  sim=  5.92d  59.17% wall=  27.3m speed=      52x eta=   1.9h admitted=953261 completed=953248 running=7 waiting=6 waiting_min/max=0/7 queue_p99[prefill=4.0,decode=1.0] queue_now[prefill=6,decode=0] active_sessions=338 output=1144.8 tok/s interval_ttft_q0.950=3.926s
  sim=  5.96d  59.58% wall=  28.6m speed=      48x eta=   2.0h admitted=959876 completed=959867 running=9 waiting=0 waiting_min/max=0/13 queue_p99[prefill=10.0,decode=3.0] queue_now[prefill=0,decode=0] active_sessions=341 output=1264.6 tok/s interval_ttft_q0.950=13.153s
  sim=  6.00d  60.00% wall=  29.9m speed=      47x eta=   2.1h admitted=966699 completed=966695 running=4 waiting=0 waiting_min/max=0/8 queue_p99[prefill=5.0,decode=0.0] queue_now[prefill=0,decode=0] active_sessions=339 output=1293.2 tok/s interval_ttft_q0.950=3.522s
  sim=  6.04d  60.42% wall=  31.2m speed=      46x eta=   2.1h admitted=974101 completed=974088 running=12 waiting=0 waiting_min/max=0/9 queue_p99[prefill=6.0,decode=0.0] queue_now[prefill=0,decode=0] active_sessions=339 output=1153.1 tok/s interval_ttft_q0.950=3.759s
  sim=  6.08d  60.83% wall=  32.5m speed=      46x eta=   2.0h admitted=981928 completed=981925 running=3 waiting=0 waiting_min/max=0/11 queue_p99[prefill=6.0,decode=0.0] queue_now[prefill=0,decode=0] active_sessions=338 output=1225.8 tok/s interval_ttft_q0.950=2.299s
  sim=  6.13d  61.25% wall=  33.7m speed=      49x eta=   1.9h admitted=988370 completed=988361 running=9 waiting=0 waiting_min/max=0/8 queue_p99[prefill=4.0,decode=0.0] queue_now[prefill=0,decode=0] active_sessions=341 output=1177.4 tok/s interval_ttft_q0.950=2.507s
  sim=  6.17d  61.67% wall=  35.0m speed=      46x eta=   2.0h admitted=995443 completed=995442 running=1 waiting=0 waiting_min/max=0/7 queue_p99[prefill=5.0,decode=1.0] queue_now[prefill=0,decode=0] active_sessions=337 output=1166.9 tok/s interval_ttft_q0.950=2.322s
