starting 10.000-day run: lambda/rank=0.003250, lambda/node=0.026000, progress every 3600 simulated seconds, stop at waiting 1000, 6 consecutive growing epochs
  sim=  0.04d   0.42% wall=   1.1s speed=    3874x eta=   3.7m admitted=2606 completed=2605 running=1 waiting=0 waiting_min/max=0/0 queue_p99[prefill=0.0,decode=0.0] queue_now[prefill=0,decode=0] active_sessions=24 output=389.0 tok/s interval_ttft_q0.950=0.155s
  sim=  0.08d   0.83% wall=   2.3s speed=    2906x eta=   4.9m admitted=6055 completed=6054 running=0 waiting=0 waiting_min/max=0/0 queue_p99[prefill=0.0,decode=0.0] queue_now[prefill=0,decode=0] active_sessions=39 output=586.1 tok/s interval_ttft_q0.950=0.550s
  sim=  0.13d   1.25% wall=   3.5s speed=    3058x eta=   4.6m admitted=9339 completed=9336 running=3 waiting=0 waiting_min/max=0/0 queue_p99[prefill=0.0,decode=0.0] queue_now[prefill=0,decode=0] active_sessions=44 output=585.1 tok/s interval_ttft_q0.950=0.503s
  sim=  0.17d   1.67% wall=   4.8s speed=    2690x eta=   5.3m admitted=12773 completed=12771 running=2 waiting=0 waiting_min/max=0/0 queue_p99[prefill=0.0,decode=0.0] queue_now[prefill=0,decode=0] active_sessions=47 output=627.6 tok/s interval_ttft_q0.950=0.167s
  sim=  0.21d   2.09% wall=   6.2s speed=    2625x eta=   5.4m admitted=16771 completed=16768 running=3 waiting=0 waiting_min/max=0/0 queue_p99[prefill=0.0,decode=0.0] queue_now[prefill=0,decode=0] active_sessions=61 output=601.5 tok/s interval_ttft_q0.950=0.136s
  sim=  0.25d   2.51% wall=   7.8s speed=    2233x eta=   6.3m admitted=21697 completed=21695 running=2 waiting=0 waiting_min/max=0/0 queue_p99[prefill=0.0,decode=0.0] queue_now[prefill=0,decode=0] active_sessions=61 output=784.5 tok/s interval_ttft_q0.950=0.152s
  sim=  0.29d   2.92% wall=   9.2s speed=    2479x eta=   5.6m admitted=26563 completed=26558 running=5 waiting=0 waiting_min/max=0/0 queue_p99[prefill=0.0,decode=0.0] queue_now[prefill=0,decode=0] active_sessions=75 output=716.0 tok/s interval_ttft_q0.950=0.279s
  sim=  0.33d   3.34% wall=  10.4s speed=    2985x eta=   4.7m admitted=29789 completed=29788 running=1 waiting=0 waiting_min/max=0/0 queue_p99[prefill=0.0,decode=0.0] queue_now[prefill=0,decode=0] active_sessions=65 output=565.3 tok/s interval_ttft_q0.950=0.182s
  sim=  0.38d   3.75% wall=  11.9s speed=    2453x eta=   5.6m admitted=34142 completed=34139 running=3 waiting=0 waiting_min/max=0/1 queue_p99[prefill=1.0,decode=0.0] queue_now[prefill=0,decode=0] active_sessions=78 output=780.5 tok/s interval_ttft_q0.950=0.182s
  sim=  0.42d   4.17% wall=  13.4s speed=    2343x eta=   5.9m admitted=39437 completed=39434 running=3 waiting=0 waiting_min/max=0/0 queue_p99[prefill=0.0,decode=0.0] queue_now[prefill=0,decode=0] active_sessions=81 output=797.2 tok/s interval_ttft_q0.950=0.317s
  sim=  0.46d   4.58% wall=  14.7s speed=    2910x eta=   4.7m admitted=42907 completed=42904 running=3 waiting=0 waiting_min/max=0/0 queue_p99[prefill=0.0,decode=0.0] queue_now[prefill=0,decode=0] active_sessions=85 output=558.7 tok/s interval_ttft_q0.950=0.216s
  sim=  0.50d   5.00% wall=  16.1s speed=    2573x eta=   5.3m admitted=47147 completed=47146 running=0 waiting=0 waiting_min/max=0/0 queue_p99[prefill=0.0,decode=0.0] queue_now[prefill=0,decode=0] active_sessions=90 output=695.2 tok/s interval_ttft_q0.950=0.166s
  sim=  0.54d   5.42% wall=  17.5s speed=    2537x eta=   5.4m admitted=51789 completed=51788 running=0 waiting=0 waiting_min/max=0/0 queue_p99[prefill=0.0,decode=0.0] queue_now[prefill=0,decode=0] active_sessions=100 output=691.1 tok/s interval_ttft_q0.950=0.186s
  sim=  0.58d   5.84% wall=  19.0s speed=    2442x eta=   5.6m admitted=56228 completed=56226 running=2 waiting=0 waiting_min/max=0/0 queue_p99[prefill=0.0,decode=0.0] queue_now[prefill=0,decode=0] active_sessions=102 output=705.2 tok/s interval_ttft_q0.950=0.161s
  sim=  0.63d   6.26% wall=  20.4s speed=    2571x eta=   5.2m admitted=60387 completed=60385 running=2 waiting=0 waiting_min/max=0/0 queue_p99[prefill=0.0,decode=0.0] queue_now[prefill=0,decode=0] active_sessions=101 output=726.6 tok/s interval_ttft_q0.950=0.191s
  sim=  0.67d   6.67% wall=  21.8s speed=    2634x eta=   5.1m admitted=64578 completed=64576 running=2 waiting=0 waiting_min/max=0/0 queue_p99[prefill=0.0,decode=0.0] queue_now[prefill=0,decode=0] active_sessions=98 output=703.0 tok/s interval_ttft_q0.950=0.173s
  sim=  0.71d   7.09% wall=  23.2s speed=    2498x eta=   5.4m admitted=68643 completed=68640 running=3 waiting=0 waiting_min/max=0/0 queue_p99[prefill=0.0,decode=0.0] queue_now[prefill=0,decode=0] active_sessions=102 output=718.9 tok/s interval_ttft_q0.950=0.189s
  sim=  0.75d   7.51% wall=  24.8s speed=    2295x eta=   5.8m admitted=74317 completed=74316 running=1 waiting=0 waiting_min/max=0/2 queue_p99[prefill=0.8,decode=0.0] queue_now[prefill=0,decode=0] active_sessions=117 output=843.7 tok/s interval_ttft_q0.950=0.607s
  sim=  0.79d   7.92% wall=  26.2s speed=    2501x eta=   5.3m admitted=79266 completed=79264 running=2 waiting=0 waiting_min/max=0/1 queue_p99[prefill=1.0,decode=0.0] queue_now[prefill=0,decode=0] active_sessions=121 output=699.8 tok/s interval_ttft_q0.950=0.187s
  sim=  0.83d   8.34% wall=  27.5s speed=    2702x eta=   4.9m admitted=83361 completed=83357 running=4 waiting=0 waiting_min/max=0/1 queue_p99[prefill=0.4,decode=0.0] queue_now[prefill=0,decode=0] active_sessions=132 output=561.7 tok/s interval_ttft_q0.950=0.145s
  sim=  0.88d   8.75% wall=  28.9s speed=    2582x eta=   5.1m admitted=88121 completed=88120 running=1 waiting=0 waiting_min/max=0/0 queue_p99[prefill=0.0,decode=0.0] queue_now[prefill=0,decode=0] active_sessions=142 output=696.0 tok/s interval_ttft_q0.950=0.187s
  sim=  0.92d   9.17% wall=  30.4s speed=    2357x eta=   5.5m admitted=93253 completed=93250 running=3 waiting=0 waiting_min/max=0/2 queue_p99[prefill=1.4,decode=0.0] queue_now[prefill=0,decode=0] active_sessions=154 output=783.5 tok/s interval_ttft_q0.950=0.496s
  sim=  0.96d   9.59% wall=  32.1s speed=    2161x eta=   6.0m admitted=98649 completed=98644 running=5 waiting=0 waiting_min/max=0/1 queue_p99[prefill=1.0,decode=0.0] queue_now[prefill=0,decode=0] active_sessions=152 output=1020.5 tok/s interval_ttft_q0.950=0.218s
  sim=  1.00d  10.00% wall=  33.8s speed=    2129x eta=   6.1m admitted=105030 completed=105027 running=3 waiting=0 waiting_min/max=0/0 queue_p99[prefill=0.0,decode=0.0] queue_now[prefill=0,decode=0] active_sessions=150 output=989.4 tok/s interval_ttft_q0.950=0.462s
  sim=  1.04d  10.42% wall=  35.4s speed=    2277x eta=   5.7m admitted=110475 completed=110474 running=0 waiting=0 waiting_min/max=0/1 queue_p99[prefill=1.0,decode=0.0] queue_now[prefill=0,decode=0] active_sessions=143 output=841.1 tok/s interval_ttft_q0.950=0.281s
  sim=  1.08d  10.84% wall=  36.9s speed=    2404x eta=   5.3m admitted=115039 completed=115035 running=4 waiting=0 waiting_min/max=0/2 queue_p99[prefill=2.0,decode=0.0] queue_now[prefill=0,decode=0] active_sessions=144 output=783.5 tok/s interval_ttft_q0.950=0.342s
  sim=  1.13d  11.26% wall=  38.5s speed=    2277x eta=   5.6m admitted=120032 completed=120024 running=7 waiting=1 waiting_min/max=0/3 queue_p99[prefill=2.4,decode=0.0] queue_now[prefill=1,decode=0] active_sessions=150 output=853.3 tok/s interval_ttft_q0.950=0.801s
  sim=  1.17d  11.67% wall=  40.1s speed=    2187x eta=   5.8m admitted=125721 completed=125717 running=4 waiting=0 waiting_min/max=0/4 queue_p99[prefill=3.4,decode=0.0] queue_now[prefill=0,decode=0] active_sessions=161 output=1022.9 tok/s interval_ttft_q0.950=0.948s
  sim=  1.21d  12.09% wall=  41.7s speed=    2220x eta=   5.7m admitted=131802 completed=131795 running=7 waiting=0 waiting_min/max=0/3 queue_p99[prefill=3.0,decode=0.0] queue_now[prefill=0,decode=0] active_sessions=161 output=911.9 tok/s interval_ttft_q0.950=1.001s
  sim=  1.25d  12.51% wall=  43.5s speed=    1998x eta=   6.3m admitted=138653 completed=138644 running=9 waiting=0 waiting_min/max=0/6 queue_p99[prefill=5.4,decode=0.0] queue_now[prefill=0,decode=0] active_sessions=167 output=1070.5 tok/s interval_ttft_q0.950=0.618s
  sim=  1.29d  12.92% wall=  45.4s speed=    1967x eta=   6.4m admitted=146144 completed=146133 running=11 waiting=0 waiting_min/max=0/1 queue_p99[prefill=1.0,decode=0.0] queue_now[prefill=0,decode=0] active_sessions=173 output=1133.7 tok/s interval_ttft_q0.950=0.316s
  sim=  1.33d  13.34% wall=  47.3s speed=    1845x eta=   6.8m admitted=154791 completed=154786 running=5 waiting=0 waiting_min/max=0/4 queue_p99[prefill=4.0,decode=0.0] queue_now[prefill=0,decode=0] active_sessions=166 output=1277.5 tok/s interval_ttft_q0.950=0.704s
  sim=  1.38d  13.76% wall=  49.0s speed=    2162x eta=   5.7m admitted=160896 completed=160891 running=5 waiting=0 waiting_min/max=0/3 queue_p99[prefill=2.4,decode=0.0] queue_now[prefill=0,decode=0] active_sessions=167 output=1007.0 tok/s interval_ttft_q0.950=0.670s
  sim=  1.42d  14.17% wall=  50.8s speed=    2025x eta=   6.1m admitted=167978 completed=167972 running=6 waiting=0 waiting_min/max=0/1 queue_p99[prefill=1.0,decode=0.0] queue_now[prefill=0,decode=0] active_sessions=168 output=1089.5 tok/s interval_ttft_q0.950=0.279s
  sim=  1.46d  14.59% wall=  52.6s speed=    1967x eta=   6.3m admitted=174928 completed=174922 running=6 waiting=0 waiting_min/max=0/1 queue_p99[prefill=0.4,decode=0.0] queue_now[prefill=0,decode=0] active_sessions=183 output=1024.8 tok/s interval_ttft_q0.950=0.275s
  sim=  1.50d  15.01% wall=  54.4s speed=    1966x eta=   6.2m admitted=182059 completed=182056 running=3 waiting=0 waiting_min/max=0/2 queue_p99[prefill=2.0,decode=0.0] queue_now[prefill=0,decode=0] active_sessions=181 output=1151.2 tok/s interval_ttft_q0.950=0.996s
  sim=  1.54d  15.42% wall=  56.0s speed=    2343x eta=   5.2m admitted=187252 completed=187248 running=4 waiting=0 waiting_min/max=0/2 queue_p99[prefill=1.4,decode=0.0] queue_now[prefill=0,decode=0] active_sessions=182 output=832.8 tok/s interval_ttft_q0.950=0.858s
  sim=  1.58d  15.84% wall=  57.6s speed=    2201x eta=   5.5m admitted=192885 completed=192877 running=5 waiting=3 waiting_min/max=0/7 queue_p99[prefill=7.0,decode=0.0] queue_now[prefill=3,decode=0] active_sessions=178 output=964.5 tok/s interval_ttft_q0.950=3.143s
  sim=  1.63d  16.26% wall=  59.2s speed=    2216x eta=   5.4m admitted=198293 completed=198292 running=1 waiting=0 waiting_min/max=0/3 queue_p99[prefill=1.0,decode=0.0] queue_now[prefill=0,decode=0] active_sessions=182 output=944.8 tok/s interval_ttft_q0.950=0.531s
  sim=  1.67d  16.67% wall=   1.0m speed=    2042x eta=   5.9m admitted=204881 completed=204875 running=5 waiting=1 waiting_min/max=0/3 queue_p99[prefill=2.4,decode=0.0] queue_now[prefill=1,decode=0] active_sessions=179 output=1079.0 tok/s interval_ttft_q0.950=0.644s
  sim=  1.71d  17.09% wall=   1.0m speed=    2105x eta=   5.7m admitted=210639 completed=210633 running=5 waiting=0 waiting_min/max=0/2 queue_p99[prefill=2.0,decode=0.0] queue_now[prefill=0,decode=0] active_sessions=185 output=1022.7 tok/s interval_ttft_q0.950=0.497s
  sim=  1.75d  17.51% wall=   1.1m speed=    1990x eta=   6.0m admitted=217206 completed=217202 running=4 waiting=0 waiting_min/max=0/2 queue_p99[prefill=2.0,decode=0.0] queue_now[prefill=0,decode=0] active_sessions=188 output=1169.8 tok/s interval_ttft_q0.950=0.807s
  sim=  1.79d  17.92% wall=   1.1m speed=    1827x eta=   6.5m admitted=223789 completed=223783 running=6 waiting=0 waiting_min/max=0/1 queue_p99[prefill=0.4,decode=0.0] queue_now[prefill=0,decode=0] active_sessions=198 output=1052.7 tok/s interval_ttft_q0.950=0.333s
  sim=  1.83d  18.34% wall=   1.1m speed=    2018x eta=   5.8m admitted=229369 completed=229359 running=10 waiting=0 waiting_min/max=0/1 queue_p99[prefill=1.0,decode=0.0] queue_now[prefill=0,decode=0] active_sessions=201 output=1009.5 tok/s interval_ttft_q0.950=0.335s
  sim=  1.88d  18.76% wall=   1.2m speed=    1888x eta=   6.2m admitted=236616 completed=236606 running=9 waiting=0 waiting_min/max=0/4 queue_p99[prefill=2.8,decode=0.0] queue_now[prefill=0,decode=0] active_sessions=202 output=1298.1 tok/s interval_ttft_q0.950=0.692s
  sim=  1.92d  19.17% wall=   1.2m speed=    1945x eta=   6.0m admitted=243677 completed=243672 running=5 waiting=0 waiting_min/max=0/2 queue_p99[prefill=2.0,decode=0.0] queue_now[prefill=0,decode=0] active_sessions=207 output=1106.2 tok/s interval_ttft_q0.950=0.754s
  sim=  1.96d  19.59% wall=   1.2m speed=    1827x eta=   6.3m admitted=250979 completed=250973 running=5 waiting=0 waiting_min/max=0/9 queue_p99[prefill=9.0,decode=1.0] queue_now[prefill=0,decode=0] active_sessions=210 output=1193.5 tok/s interval_ttft_q0.950=2.518s
  sim=  2.00d  20.00% wall=   1.3m speed=    2097x eta=   5.5m admitted=257052 completed=257051 running=1 waiting=0 waiting_min/max=0/3 queue_p99[prefill=1.8,decode=0.0] queue_now[prefill=0,decode=0] active_sessions=215 output=957.5 tok/s interval_ttft_q0.950=0.482s
  sim=  2.04d  20.42% wall=   1.3m speed=    1895x eta=   6.0m admitted=263984 completed=263980 running=4 waiting=0 waiting_min/max=0/1 queue_p99[prefill=0.4,decode=0.0] queue_now[prefill=0,decode=0] active_sessions=225 output=1096.5 tok/s interval_ttft_q0.950=0.362s
  sim=  2.08d  20.83% wall=   1.3m speed=    2048x eta=   5.6m admitted=270631 completed=270626 running=5 waiting=0 waiting_min/max=0/3 queue_p99[prefill=2.4,decode=0.0] queue_now[prefill=0,decode=0] active_sessions=223 output=1018.6 tok/s interval_ttft_q0.950=0.660s
  sim=  2.13d  21.25% wall=   1.3m speed=    2173x eta=   5.2m admitted=276683 completed=276679 running=4 waiting=0 waiting_min/max=0/2 queue_p99[prefill=1.4,decode=0.0] queue_now[prefill=0,decode=0] active_sessions=221 output=873.2 tok/s interval_ttft_q0.950=0.402s
  sim=  2.17d  21.67% wall=   1.4m speed=    2113x eta=   5.3m admitted=282507 completed=282502 running=5 waiting=0 waiting_min/max=0/1 queue_p99[prefill=1.0,decode=0.0] queue_now[prefill=0,decode=0] active_sessions=228 output=964.0 tok/s interval_ttft_q0.950=0.436s
  sim=  2.21d  22.08% wall=   1.4m speed=    2013x eta=   5.6m admitted=288239 completed=288230 running=9 waiting=0 waiting_min/max=0/3 queue_p99[prefill=1.8,decode=0.0] queue_now[prefill=0,decode=0] active_sessions=217 output=1170.6 tok/s interval_ttft_q0.950=0.478s
  sim=  2.25d  22.50% wall=   1.4m speed=    1854x eta=   6.0m admitted=295057 completed=295053 running=4 waiting=0 waiting_min/max=0/1 queue_p99[prefill=0.4,decode=0.0] queue_now[prefill=0,decode=0] active_sessions=221 output=1255.8 tok/s interval_ttft_q0.950=0.449s
  sim=  2.29d  22.92% wall=   1.5m speed=    2094x eta=   5.3m admitted=301218 completed=301213 running=5 waiting=0 waiting_min/max=0/2 queue_p99[prefill=1.4,decode=0.0] queue_now[prefill=0,decode=0] active_sessions=216 output=891.4 tok/s interval_ttft_q0.950=0.533s
  sim=  2.33d  23.34% wall=   1.5m speed=    1811x eta=   6.1m admitted=309100 completed=309097 running=3 waiting=0 waiting_min/max=0/3 queue_p99[prefill=2.4,decode=0.0] queue_now[prefill=0,decode=0] active_sessions=228 output=1226.9 tok/s interval_ttft_q0.950=0.639s
  sim=  2.38d  23.75% wall=   1.5m speed=    2089x eta=   5.3m admitted=314954 completed=314950 running=4 waiting=0 waiting_min/max=0/1 queue_p99[prefill=1.0,decode=0.0] queue_now[prefill=0,decode=0] active_sessions=230 output=1044.4 tok/s interval_ttft_q0.950=1.116s
  sim=  2.42d  24.17% wall=   1.6m speed=    1958x eta=   5.6m admitted=321606 completed=321602 running=4 waiting=0 waiting_min/max=0/3 queue_p99[prefill=2.4,decode=0.0] queue_now[prefill=0,decode=0] active_sessions=228 output=1161.9 tok/s interval_ttft_q0.950=1.885s
  sim=  2.46d  24.59% wall=   1.6m speed=    2088x eta=   5.2m admitted=327581 completed=327572 running=9 waiting=0 waiting_min/max=0/4 queue_p99[prefill=2.8,decode=0.0] queue_now[prefill=0,decode=0] active_sessions=231 output=1006.7 tok/s interval_ttft_q0.950=2.466s
  sim=  2.50d  25.00% wall=   1.6m speed=    2138x eta=   5.1m admitted=333001 completed=332995 running=5 waiting=0 waiting_min/max=0/3 queue_p99[prefill=2.4,decode=0.0] queue_now[prefill=0,decode=0] active_sessions=231 output=1018.2 tok/s interval_ttft_q0.950=1.546s
  sim=  2.54d  25.42% wall=   1.6m speed=    1924x eta=   5.6m admitted=340372 completed=340368 running=4 waiting=0 waiting_min/max=0/4 queue_p99[prefill=3.4,decode=0.0] queue_now[prefill=0,decode=0] active_sessions=232 output=1170.3 tok/s interval_ttft_q0.950=1.023s
  sim=  2.58d  25.84% wall=   1.7m speed=    1869x eta=   5.7m admitted=347244 completed=347237 running=4 waiting=2 waiting_min/max=0/2 queue_p99[prefill=1.4,decode=0.0] queue_now[prefill=2,decode=0] active_sessions=245 output=1233.0 tok/s interval_ttft_q0.950=0.374s
  sim=  2.63d  26.25% wall=   1.7m speed=    1974x eta=   5.4m admitted=353573 completed=353568 running=5 waiting=0 waiting_min/max=0/3 queue_p99[prefill=2.4,decode=0.0] queue_now[prefill=0,decode=0] active_sessions=244 output=1058.9 tok/s interval_ttft_q0.950=0.797s
  sim=  2.67d  26.67% wall=   1.7m speed=    1732x eta=   6.1m admitted=361792 completed=361790 running=2 waiting=0 waiting_min/max=0/6 queue_p99[prefill=5.4,decode=0.0] queue_now[prefill=0,decode=0] active_sessions=245 output=1181.2 tok/s interval_ttft_q0.950=0.642s
  sim=  2.71d  27.09% wall=   1.8m speed=    1799x eta=   5.8m admitted=369467 completed=369452 running=12 waiting=3 waiting_min/max=0/6 queue_p99[prefill=4.8,decode=0.0] queue_now[prefill=3,decode=0] active_sessions=251 output=1224.6 tok/s interval_ttft_q0.950=1.899s
  sim=  2.75d  27.50% wall=   1.8m speed=    1765x eta=   5.9m admitted=377591 completed=377586 running=4 waiting=0 waiting_min/max=0/9 queue_p99[prefill=7.2,decode=0.0] queue_now[prefill=0,decode=0] active_sessions=243 output=1142.6 tok/s interval_ttft_q0.950=1.219s
  sim=  2.79d  27.92% wall=   1.8m speed=    1911x eta=   5.4m admitted=384243 completed=384237 running=6 waiting=0 waiting_min/max=0/3 queue_p99[prefill=1.2,decode=0.4] queue_now[prefill=0,decode=0] active_sessions=241 output=1005.9 tok/s interval_ttft_q0.950=0.793s
  sim=  2.83d  28.34% wall=   1.9m speed=    2280x eta=   4.5m admitted=389989 completed=389986 running=3 waiting=0 waiting_min/max=0/3 queue_p99[prefill=1.8,decode=0.0] queue_now[prefill=0,decode=0] active_sessions=244 output=752.5 tok/s interval_ttft_q0.950=0.498s
  sim=  2.88d  28.75% wall=   1.9m speed=    2078x eta=   4.9m admitted=395965 completed=395957 running=8 waiting=0 waiting_min/max=0/3 queue_p99[prefill=1.8,decode=0.0] queue_now[prefill=0,decode=0] active_sessions=250 output=981.6 tok/s interval_ttft_q0.950=0.608s
  sim=  2.92d  29.17% wall=   1.9m speed=    1826x eta=   5.6m admitted=403674 completed=403663 running=11 waiting=0 waiting_min/max=0/5 queue_p99[prefill=5.0,decode=0.0] queue_now[prefill=0,decode=0] active_sessions=262 output=1210.6 tok/s interval_ttft_q0.950=1.218s
  sim=  2.96d  29.59% wall=   2.0m speed=    1772x eta=   5.7m admitted=410976 completed=410973 running=3 waiting=0 waiting_min/max=0/2 queue_p99[prefill=2.0,decode=0.0] queue_now[prefill=0,decode=0] active_sessions=245 output=1183.4 tok/s interval_ttft_q0.950=0.670s
  sim=  3.00d  30.00% wall=   2.0m speed=    1979x eta=   5.1m admitted=417432 completed=417430 running=2 waiting=0 waiting_min/max=0/6 queue_p99[prefill=5.4,decode=0.0] queue_now[prefill=0,decode=0] active_sessions=254 output=979.4 tok/s interval_ttft_q0.950=1.473s
  sim=  3.04d  30.42% wall=   2.0m speed=    1777x eta=   5.6m admitted=424530 completed=424525 running=5 waiting=0 waiting_min/max=0/3 queue_p99[prefill=3.0,decode=0.0] queue_now[prefill=0,decode=0] active_sessions=261 output=1077.6 tok/s interval_ttft_q0.950=0.635s
  sim=  3.08d  30.84% wall=   2.1m speed=    1985x eta=   5.0m admitted=430634 completed=430630 running=4 waiting=0 waiting_min/max=0/5 queue_p99[prefill=4.4,decode=0.0] queue_now[prefill=0,decode=0] active_sessions=253 output=919.1 tok/s interval_ttft_q0.950=1.416s
  sim=  3.13d  31.25% wall=   2.1m speed=    1934x eta=   5.1m admitted=436637 completed=436634 running=3 waiting=0 waiting_min/max=0/5 queue_p99[prefill=3.2,decode=0.0] queue_now[prefill=0,decode=0] active_sessions=252 output=1062.1 tok/s interval_ttft_q0.950=1.607s
  sim=  3.17d  31.67% wall=   2.1m speed=    1918x eta=   5.1m admitted=442416 completed=442409 running=7 waiting=0 waiting_min/max=0/2 queue_p99[prefill=0.8,decode=0.0] queue_now[prefill=0,decode=0] active_sessions=241 output=1047.0 tok/s interval_ttft_q0.950=0.378s
  sim=  3.21d  32.09% wall=   2.2m speed=    1764x eta=   5.5m admitted=449952 completed=449948 running=4 waiting=0 waiting_min/max=0/1 queue_p99[prefill=0.4,decode=0.0] queue_now[prefill=0,decode=0] active_sessions=245 output=1046.7 tok/s interval_ttft_q0.950=0.201s
  sim=  3.25d  32.50% wall=   2.2m speed=    2040x eta=   4.8m admitted=455488 completed=455486 running=2 waiting=0 waiting_min/max=0/2 queue_p99[prefill=1.4,decode=0.0] queue_now[prefill=0,decode=0] active_sessions=250 output=889.2 tok/s interval_ttft_q0.950=0.544s
  sim=  3.29d  32.92% wall=   2.2m speed=    1903x eta=   5.1m admitted=461333 completed=461327 running=6 waiting=0 waiting_min/max=0/3 queue_p99[prefill=1.8,decode=0.0] queue_now[prefill=0,decode=0] active_sessions=250 output=1052.2 tok/s interval_ttft_q0.950=0.420s
  sim=  3.33d  33.34% wall=   2.2m speed=    2102x eta=   4.6m admitted=466440 completed=466437 running=3 waiting=0 waiting_min/max=0/4 queue_p99[prefill=2.2,decode=0.0] queue_now[prefill=0,decode=0] active_sessions=249 output=991.6 tok/s interval_ttft_q0.950=0.961s
  sim=  3.38d  33.75% wall=   2.3m speed=    2233x eta=   4.3m admitted=470939 completed=470937 running=2 waiting=0 waiting_min/max=0/5 queue_p99[prefill=3.8,decode=0.0] queue_now[prefill=0,decode=0] active_sessions=246 output=813.9 tok/s interval_ttft_q0.950=0.654s
  sim=  3.42d  34.17% wall=   2.3m speed=    2008x eta=   4.7m admitted=476969 completed=476960 running=6 waiting=3 waiting_min/max=0/5 queue_p99[prefill=4.4,decode=0.0] queue_now[prefill=3,decode=0] active_sessions=249 output=965.9 tok/s interval_ttft_q0.950=1.478s
  sim=  3.46d  34.59% wall=   2.3m speed=    1726x eta=   5.5m admitted=484734 completed=484727 running=7 waiting=0 waiting_min/max=0/3 queue_p99[prefill=2.4,decode=0.0] queue_now[prefill=0,decode=0] active_sessions=257 output=1251.4 tok/s interval_ttft_q0.950=0.646s
  sim=  3.50d  35.01% wall=   2.4m speed=    1851x eta=   5.1m admitted=491784 completed=491778 running=4 waiting=1 waiting_min/max=0/2 queue_p99[prefill=1.4,decode=0.0] queue_now[prefill=1,decode=0] active_sessions=261 output=1200.2 tok/s interval_ttft_q0.950=0.664s
  sim=  3.54d  35.42% wall=   2.4m speed=    1908x eta=   4.9m admitted=497879 completed=497873 running=6 waiting=0 waiting_min/max=0/3 queue_p99[prefill=2.4,decode=0.0] queue_now[prefill=0,decode=0] active_sessions=247 output=1097.5 tok/s interval_ttft_q0.950=0.782s
  sim=  3.58d  35.84% wall=   2.4m speed=    2124x eta=   4.3m admitted=502765 completed=502757 running=7 waiting=1 waiting_min/max=0/2 queue_p99[prefill=1.4,decode=0.0] queue_now[prefill=1,decode=0] active_sessions=261 output=796.8 tok/s interval_ttft_q0.950=0.640s
  sim=  3.63d  36.26% wall=   2.5m speed=    2157x eta=   4.3m admitted=508060 completed=508052 running=5 waiting=2 waiting_min/max=0/5 queue_p99[prefill=3.2,decode=0.0] queue_now[prefill=2,decode=0] active_sessions=265 output=813.4 tok/s interval_ttft_q0.950=0.680s
  sim=  3.67d  36.67% wall=   2.5m speed=    1798x eta=   5.1m admitted=515463 completed=515457 running=6 waiting=0 waiting_min/max=0/2 queue_p99[prefill=1.4,decode=0.0] queue_now[prefill=0,decode=0] active_sessions=274 output=1182.5 tok/s interval_ttft_q0.950=0.934s
  sim=  3.71d  37.09% wall=   2.5m speed=    1774x eta=   5.1m admitted=523187 completed=523184 running=3 waiting=0 waiting_min/max=0/5 queue_p99[prefill=3.4,decode=2.8] queue_now[prefill=0,decode=0] active_sessions=270 output=1142.7 tok/s interval_ttft_q0.950=1.565s
  sim=  3.75d  37.51% wall=   2.6m speed=    1930x eta=   4.7m admitted=529074 completed=529069 running=3 waiting=1 waiting_min/max=0/3 queue_p99[prefill=2.4,decode=0.4] queue_now[prefill=1,decode=0] active_sessions=274 output=974.8 tok/s interval_ttft_q0.950=0.604s
  sim=  3.79d  37.92% wall=   2.6m speed=    1816x eta=   4.9m admitted=536965 completed=536958 running=7 waiting=0 waiting_min/max=0/7 queue_p99[prefill=5.8,decode=0.8] queue_now[prefill=0,decode=0] active_sessions=276 output=1196.1 tok/s interval_ttft_q0.950=1.320s
  sim=  3.83d  38.34% wall=   2.6m speed=    1966x eta=   4.5m admitted=543676 completed=543666 running=8 waiting=1 waiting_min/max=0/7 queue_p99[prefill=5.2,decode=0.0] queue_now[prefill=1,decode=0] active_sessions=278 output=955.3 tok/s interval_ttft_q0.950=2.013s
  sim=  3.88d  38.76% wall=   2.7m speed=    1752x eta=   5.0m admitted=551694 completed=551688 running=5 waiting=0 waiting_min/max=0/7 queue_p99[prefill=5.2,decode=1.4] queue_now[prefill=0,decode=0] active_sessions=274 output=1071.6 tok/s interval_ttft_q0.950=3.713s
  sim=  3.92d  39.17% wall=   2.7m speed=    1869x eta=   4.7m admitted=558573 completed=558572 running=1 waiting=0 waiting_min/max=0/8 queue_p99[prefill=5.6,decode=0.0] queue_now[prefill=0,decode=0] active_sessions=273 output=995.9 tok/s interval_ttft_q0.950=3.423s
  sim=  3.96d  39.59% wall=   2.7m speed=    1967x eta=   4.4m admitted=565043 completed=565034 running=7 waiting=2 waiting_min/max=0/3 queue_p99[prefill=2.4,decode=0.0] queue_now[prefill=2,decode=0] active_sessions=280 output=1022.0 tok/s interval_ttft_q0.950=2.564s
  sim=  4.00d  40.00% wall=   2.7m speed=    1894x eta=   4.6m admitted=571063 completed=571059 running=4 waiting=0 waiting_min/max=0/4 queue_p99[prefill=3.4,decode=0.4] queue_now[prefill=0,decode=0] active_sessions=278 output=1116.6 tok/s interval_ttft_q0.950=2.245s
  sim=  4.04d  40.42% wall=   2.8m speed=    1681x eta=   5.1m admitted=579366 completed=579362 running=2 waiting=2 waiting_min/max=0/7 queue_p99[prefill=6.4,decode=0.0] queue_now[prefill=2,decode=0] active_sessions=286 output=1188.9 tok/s interval_ttft_q0.950=1.219s
  sim=  4.08d  40.83% wall=   2.8m speed=    2055x eta=   4.1m admitted=584986 completed=584978 running=7 waiting=0 waiting_min/max=0/3 queue_p99[prefill=2.4,decode=0.0] queue_now[prefill=0,decode=0] active_sessions=287 output=851.3 tok/s interval_ttft_q0.950=0.729s
  sim=  4.13d  41.25% wall=   2.8m speed=    1938x eta=   4.4m admitted=590594 completed=590589 running=5 waiting=0 waiting_min/max=0/3 queue_p99[prefill=3.0,decode=0.4] queue_now[prefill=0,decode=0] active_sessions=285 output=959.3 tok/s interval_ttft_q0.950=1.595s
  sim=  4.17d  41.67% wall=   2.9m speed=    1803x eta=   4.7m admitted=597656 completed=597651 running=5 waiting=0 waiting_min/max=0/4 queue_p99[prefill=4.0,decode=0.0] queue_now[prefill=0,decode=0] active_sessions=294 output=1072.4 tok/s interval_ttft_q0.950=1.327s
  sim=  4.21d  42.08% wall=   2.9m speed=    1813x eta=   4.6m admitted=604220 completed=604212 running=7 waiting=1 waiting_min/max=0/7 queue_p99[prefill=7.0,decode=0.4] queue_now[prefill=1,decode=0] active_sessions=297 output=1237.5 tok/s interval_ttft_q0.950=2.697s
  sim=  4.25d  42.50% wall=   2.9m speed=    1975x eta=   4.2m admitted=610357 completed=610354 running=3 waiting=0 waiting_min/max=0/6 queue_p99[prefill=6.0,decode=0.0] queue_now[prefill=0,decode=0] active_sessions=298 output=1066.1 tok/s interval_ttft_q0.950=3.274s
  sim=  4.29d  42.92% wall=   3.0m speed=    1793x eta=   4.6m admitted=618004 completed=617996 running=5 waiting=3 waiting_min/max=0/7 queue_p99[prefill=7.0,decode=1.0] queue_now[prefill=3,decode=0] active_sessions=300 output=1101.9 tok/s interval_ttft_q0.950=3.186s
  sim=  4.33d  43.33% wall=   3.0m speed=    1972x eta=   4.1m admitted=624045 completed=624044 running=1 waiting=0 waiting_min/max=0/4 queue_p99[prefill=4.0,decode=0.0] queue_now[prefill=0,decode=0] active_sessions=294 output=945.4 tok/s interval_ttft_q0.950=2.581s
  sim=  4.38d  43.75% wall=   3.0m speed=    1843x eta=   4.4m admitted=630654 completed=630652 running=2 waiting=0 waiting_min/max=0/3 queue_p99[prefill=2.4,decode=0.0] queue_now[prefill=0,decode=0] active_sessions=292 output=969.8 tok/s interval_ttft_q0.950=0.937s
  sim=  4.42d  44.17% wall=   3.1m speed=    1557x eta=   5.2m admitted=638776 completed=638767 running=9 waiting=0 waiting_min/max=0/3 queue_p99[prefill=2.4,decode=0.0] queue_now[prefill=0,decode=0] active_sessions=286 output=1249.7 tok/s interval_ttft_q0.950=0.678s
  sim=  4.46d  44.58% wall=   3.1m speed=    1738x eta=   4.6m admitted=646013 completed=646010 running=3 waiting=0 waiting_min/max=0/4 queue_p99[prefill=3.4,decode=0.0] queue_now[prefill=0,decode=0] active_sessions=303 output=1173.4 tok/s interval_ttft_q0.950=1.661s
  sim=  4.50d  45.00% wall=   3.1m speed=    1666x eta=   4.8m admitted=654039 completed=654031 running=5 waiting=3 waiting_min/max=0/9 queue_p99[prefill=8.4,decode=0.0] queue_now[prefill=3,decode=0] active_sessions=300 output=1232.1 tok/s interval_ttft_q0.950=3.862s
  sim=  4.54d  45.42% wall=   3.2m speed=    1516x eta=   5.2m admitted=663904 completed=663886 running=9 waiting=9 waiting_min/max=0/9 queue_p99[prefill=9.0,decode=0.0] queue_now[prefill=9,decode=0] active_sessions=302 output=1373.0 tok/s interval_ttft_q0.950=3.242s
  sim=  4.58d  45.83% wall=   3.2m speed=    1671x eta=   4.7m admitted=672303 completed=672290 running=12 waiting=1 waiting_min/max=0/9 queue_p99[prefill=7.0,decode=0.4] queue_now[prefill=1,decode=0] active_sessions=305 output=1313.3 tok/s interval_ttft_q0.950=4.204s
  sim=  4.63d  46.25% wall=   3.3m speed=    1692x eta=   4.6m admitted=680202 completed=680195 running=6 waiting=0 waiting_min/max=0/8 queue_p99[prefill=6.2,decode=1.0] queue_now[prefill=0,decode=0] active_sessions=292 output=1230.7 tok/s interval_ttft_q0.950=3.169s
  sim=  4.67d  46.67% wall=   3.3m speed=    1702x eta=   4.5m admitted=688380 completed=688369 running=8 waiting=2 waiting_min/max=0/4 queue_p99[prefill=4.0,decode=0.0] queue_now[prefill=2,decode=0] active_sessions=309 output=1347.0 tok/s interval_ttft_q0.950=2.385s
  sim=  4.71d  47.08% wall=   3.3m speed=    1731x eta=   4.4m admitted=695226 completed=695219 running=4 waiting=2 waiting_min/max=0/8 queue_p99[prefill=6.2,decode=1.0] queue_now[prefill=2,decode=0] active_sessions=303 output=1271.5 tok/s interval_ttft_q0.950=2.525s
  sim=  4.75d  47.50% wall=   3.4m speed=    1899x eta=   4.0m admitted=701599 completed=701590 running=7 waiting=2 waiting_min/max=0/8 queue_p99[prefill=6.2,decode=0.0] queue_now[prefill=2,decode=0] active_sessions=308 output=1068.6 tok/s interval_ttft_q0.950=2.577s
  sim=  4.79d  47.92% wall=   3.4m speed=    1619x eta=   4.6m admitted=709660 completed=709651 running=8 waiting=1 waiting_min/max=0/6 queue_p99[prefill=6.0,decode=0.0] queue_now[prefill=1,decode=0] active_sessions=307 output=1312.2 tok/s interval_ttft_q0.950=5.481s
  sim=  4.83d  48.33% wall=   3.4m speed=    1686x eta=   4.4m admitted=717005 completed=716998 running=7 waiting=0 waiting_min/max=0/11 queue_p99[prefill=8.6,decode=1.4] queue_now[prefill=0,decode=0] active_sessions=304 output=1173.3 tok/s interval_ttft_q0.950=8.991s
  sim=  4.88d  48.75% wall=   3.5m speed=    1795x eta=   4.1m admitted=723767 completed=723752 running=9 waiting=5 waiting_min/max=0/14 queue_p99[prefill=12.8,decode=0.0] queue_now[prefill=5,decode=0] active_sessions=301 output=1040.7 tok/s interval_ttft_q0.950=36.509s
  sim=  4.92d  49.17% wall=   3.5m speed=    1736x eta=   4.2m admitted=730501 completed=730482 running=10 waiting=9 waiting_min/max=0/15 queue_p99[prefill=13.2,decode=0.0] queue_now[prefill=9,decode=0] active_sessions=306 output=1271.7 tok/s interval_ttft_q0.950=26.207s
  sim=  4.96d  49.58% wall=   3.5m speed=    1574x eta=   4.6m admitted=739529 completed=739522 running=7 waiting=0 waiting_min/max=0/9 queue_p99[prefill=6.4,decode=0.0] queue_now[prefill=0,decode=0] active_sessions=306 output=1537.8 tok/s interval_ttft_q0.950=3.084s
  sim=  5.00d  50.00% wall=   3.6m speed=    1706x eta=   4.2m admitted=746280 completed=746274 running=6 waiting=0 waiting_min/max=0/3 queue_p99[prefill=3.0,decode=0.0] queue_now[prefill=0,decode=0] active_sessions=294 output=1293.5 tok/s interval_ttft_q0.950=1.105s
  sim=  5.04d  50.42% wall=   3.6m speed=    1790x eta=   4.0m admitted=752949 completed=752940 running=9 waiting=0 waiting_min/max=0/6 queue_p99[prefill=4.2,decode=1.2] queue_now[prefill=0,decode=0] active_sessions=292 output=1051.0 tok/s interval_ttft_q0.950=1.621s
  sim=  5.08d  50.84% wall=   3.6m speed=    1740x eta=   4.1m admitted=760087 completed=760083 running=4 waiting=0 waiting_min/max=0/6 queue_p99[prefill=4.8,decode=0.0] queue_now[prefill=0,decode=0] active_sessions=291 output=1089.8 tok/s interval_ttft_q0.950=2.197s
  sim=  5.13d  51.25% wall=   3.7m speed=    1849x eta=   3.8m admitted=765993 completed=765991 running=2 waiting=0 waiting_min/max=0/1 queue_p99[prefill=1.0,decode=0.0] queue_now[prefill=0,decode=0] active_sessions=281 output=875.7 tok/s interval_ttft_q0.950=0.678s
  sim=  5.17d  51.67% wall=   3.7m speed=    1815x eta=   3.8m admitted=772675 completed=772668 running=7 waiting=0 waiting_min/max=0/11 queue_p99[prefill=8.0,decode=0.4] queue_now[prefill=0,decode=0] active_sessions=287 output=974.8 tok/s interval_ttft_q0.950=6.060s
  sim=  5.21d  52.09% wall=   3.7m speed=    1807x eta=   3.8m admitted=778604 completed=778599 running=5 waiting=0 waiting_min/max=0/5 queue_p99[prefill=3.8,decode=0.0] queue_now[prefill=0,decode=0] active_sessions=290 output=1162.5 tok/s interval_ttft_q0.950=1.421s
  sim=  5.25d  52.50% wall=   3.8m speed=    1723x eta=   4.0m admitted=785189 completed=785184 running=5 waiting=0 waiting_min/max=0/3 queue_p99[prefill=2.4,decode=0.0] queue_now[prefill=0,decode=0] active_sessions=296 output=1132.6 tok/s interval_ttft_q0.950=0.942s
  sim=  5.29d  52.92% wall=   3.8m speed=    1701x eta=   4.0m admitted=792174 completed=792160 running=7 waiting=7 waiting_min/max=0/7 queue_p99[prefill=5.8,decode=0.0] queue_now[prefill=7,decode=0] active_sessions=303 output=1209.6 tok/s interval_ttft_q0.950=2.304s
  sim=  5.33d  53.34% wall=   3.8m speed=    1749x eta=   3.8m admitted=798550 completed=798543 running=7 waiting=0 waiting_min/max=0/9 queue_p99[prefill=9.0,decode=0.0] queue_now[prefill=0,decode=0] active_sessions=306 output=1226.5 tok/s interval_ttft_q0.950=4.336s
  sim=  5.38d  53.75% wall=   3.9m speed=    1905x eta=   3.5m admitted=804251 completed=804243 running=6 waiting=1 waiting_min/max=0/6 queue_p99[prefill=5.4,decode=0.0] queue_now[prefill=1,decode=0] active_sessions=300 output=1036.5 tok/s interval_ttft_q0.950=8.037s
  sim=  5.42d  54.17% wall=   3.9m speed=    1808x eta=   3.7m admitted=810180 completed=810174 running=5 waiting=0 waiting_min/max=0/14 queue_p99[prefill=12.2,decode=0.0] queue_now[prefill=0,decode=0] active_sessions=301 output=1113.1 tok/s interval_ttft_q0.950=10.174s
  sim=  5.46d  54.59% wall=   3.9m speed=    1894x eta=   3.5m admitted=816280 completed=816270 running=7 waiting=0 waiting_min/max=0/6 queue_p99[prefill=4.8,decode=0.0] queue_now[prefill=0,decode=0] active_sessions=309 output=944.8 tok/s interval_ttft_q0.950=2.425s
  sim=  5.50d  55.00% wall=   4.0m speed=    1682x eta=   3.9m admitted=822518 completed=822517 running=1 waiting=0 waiting_min/max=0/4 queue_p99[prefill=3.4,decode=0.0] queue_now[prefill=0,decode=0] active_sessions=311 output=1162.9 tok/s interval_ttft_q0.950=2.831s
  sim=  5.54d  55.42% wall=   4.0m speed=    1743x eta=   3.7m admitted=828538 completed=828527 running=11 waiting=0 waiting_min/max=0/3 queue_p99[prefill=2.4,decode=0.0] queue_now[prefill=0,decode=0] active_sessions=316 output=1013.5 tok/s interval_ttft_q0.950=1.185s
  sim=  5.58d  55.84% wall=   4.0m speed=    1846x eta=   3.4m admitted=834435 completed=834432 running=3 waiting=0 waiting_min/max=0/4 queue_p99[prefill=4.0,decode=0.0] queue_now[prefill=0,decode=0] active_sessions=302 output=1030.5 tok/s interval_ttft_q0.950=3.273s
  sim=  5.63d  56.25% wall=   4.1m speed=    1745x eta=   3.6m admitted=840743 completed=840736 running=4 waiting=1 waiting_min/max=0/6 queue_p99[prefill=5.4,decode=0.4] queue_now[prefill=1,decode=0] active_sessions=310 output=1086.6 tok/s interval_ttft_q0.950=6.689s
  sim=  5.67d  56.67% wall=   4.1m speed=    1650x eta=   3.8m admitted=848428 completed=848425 running=3 waiting=0 waiting_min/max=0/3 queue_p99[prefill=2.4,decode=0.0] queue_now[prefill=0,decode=0] active_sessions=306 output=1239.6 tok/s interval_ttft_q0.950=1.814s
  sim=  5.71d  57.09% wall=   4.2m speed=    1633x eta=   3.8m admitted=855987 completed=855979 running=6 waiting=2 waiting_min/max=0/6 queue_p99[prefill=5.4,decode=2.0] queue_now[prefill=0,decode=2] active_sessions=314 output=1305.3 tok/s interval_ttft_q0.950=3.033s
  sim=  5.75d  57.50% wall=   4.2m speed=    1785x eta=   3.4m admitted=862028 completed=862020 running=6 waiting=1 waiting_min/max=0/5 queue_p99[prefill=4.4,decode=1.8] queue_now[prefill=1,decode=0] active_sessions=318 output=1098.0 tok/s interval_ttft_q0.950=4.105s
  sim=  5.79d  57.92% wall=   4.2m speed=    1584x eta=   3.8m admitted=869872 completed=869867 running=5 waiting=0 waiting_min/max=0/8 queue_p99[prefill=6.8,decode=1.4] queue_now[prefill=0,decode=0] active_sessions=316 output=1378.6 tok/s interval_ttft_q0.950=2.676s
  sim=  5.83d  58.34% wall=   4.3m speed=    1676x eta=   3.6m admitted=876112 completed=876102 running=10 waiting=0 waiting_min/max=0/6 queue_p99[prefill=5.4,decode=0.0] queue_now[prefill=0,decode=0] active_sessions=317 output=1072.9 tok/s interval_ttft_q0.950=2.541s
  sim=  5.88d  58.75% wall=   4.3m speed=    1623x eta=   3.7m admitted=882398 completed=882395 running=3 waiting=0 waiting_min/max=0/5 queue_p99[prefill=4.4,decode=0.0] queue_now[prefill=0,decode=0] active_sessions=308 output=1073.0 tok/s interval_ttft_q0.950=2.710s
  sim=  5.92d  59.17% wall=   4.3m speed=    1767x eta=   3.3m admitted=888334 completed=888327 running=5 waiting=1 waiting_min/max=0/8 queue_p99[prefill=6.2,decode=1.4] queue_now[prefill=1,decode=0] active_sessions=310 output=1090.7 tok/s interval_ttft_q0.950=3.635s
  sim=  5.96d  59.59% wall=   4.4m speed=    1700x eta=   3.4m admitted=893992 completed=893990 running=2 waiting=0 waiting_min/max=0/2 queue_p99[prefill=2.0,decode=0.8] queue_now[prefill=0,decode=0] active_sessions=309 output=1010.9 tok/s interval_ttft_q0.950=0.758s
  sim=  6.00d  60.00% wall=   4.4m speed=    1670x eta=   3.4m admitted=899697 completed=899695 running=2 waiting=0 waiting_min/max=0/8 queue_p99[prefill=6.2,decode=0.0] queue_now[prefill=0,decode=0] active_sessions=312 output=1118.8 tok/s interval_ttft_q0.950=5.366s
  sim=  6.04d  60.42% wall=   4.4m speed=    1763x eta=   3.2m admitted=906278 completed=906277 running=1 waiting=0 waiting_min/max=0/7 queue_p99[prefill=5.8,decode=0.0] queue_now[prefill=0,decode=0] active_sessions=325 output=1092.6 tok/s interval_ttft_q0.950=3.025s
  sim=  6.08d  60.84% wall=   4.5m speed=    1740x eta=   3.2m admitted=913485 completed=913472 running=13 waiting=0 waiting_min/max=0/8 queue_p99[prefill=5.6,decode=0.0] queue_now[prefill=0,decode=0] active_sessions=339 output=1164.8 tok/s interval_ttft_q0.950=5.417s
  sim=  6.13d  61.25% wall=   4.5m speed=    1487x eta=   3.8m admitted=920885 completed=920864 running=16 waiting=4 waiting_min/max=0/10 queue_p99[prefill=8.2,decode=0.0] queue_now[prefill=4,decode=0] active_sessions=329 output=1401.8 tok/s interval_ttft_q0.950=4.346s
  sim=  6.17d  61.67% wall=   4.6m speed=    1209x eta=   4.6m admitted=929095 completed=929091 running=4 waiting=0 waiting_min/max=0/7 queue_p99[prefill=7.0,decode=0.8] queue_now[prefill=0,decode=0] active_sessions=333 output=1350.6 tok/s interval_ttft_q0.950=4.560s
  sim=  6.21d  62.09% wall=   4.6m speed=    1198x eta=   4.6m admitted=936134 completed=936125 running=6 waiting=3 waiting_min/max=0/11 queue_p99[prefill=10.4,decode=0.0] queue_now[prefill=3,decode=0] active_sessions=329 output=1098.5 tok/s interval_ttft_q0.950=6.528s
  sim=  6.25d  62.50% wall=   4.7m speed=    1222x eta=   4.4m admitted=942029 completed=942023 running=5 waiting=1 waiting_min/max=0/13 queue_p99[prefill=11.8,decode=1.6] queue_now[prefill=1,decode=0] active_sessions=317 output=1000.0 tok/s interval_ttft_q0.950=10.404s
  sim=  6.29d  62.92% wall=   4.7m speed=    1254x eta=   4.3m admitted=947703 completed=947693 running=8 waiting=2 waiting_min/max=0/7 queue_p99[prefill=6.4,decode=0.0] queue_now[prefill=2,decode=0] active_sessions=307 output=821.9 tok/s interval_ttft_q0.950=9.127s
  sim=  6.33d  63.34% wall=   4.8m speed=    1169x eta=   4.5m admitted=953705 completed=953696 running=9 waiting=0 waiting_min/max=0/9 queue_p99[prefill=9.0,decode=0.4] queue_now[prefill=0,decode=0] active_sessions=316 output=1076.6 tok/s interval_ttft_q0.950=7.810s
  sim=  6.38d  63.75% wall=   4.8m speed=    1172x eta=   4.5m admitted=959342 completed=959334 running=6 waiting=2 waiting_min/max=0/3 queue_p99[prefill=3.0,decode=0.0] queue_now[prefill=2,decode=0] active_sessions=319 output=1123.2 tok/s interval_ttft_q0.950=3.946s
  sim=  6.42d  64.17% wall=   4.9m speed=    1147x eta=   4.5m admitted=965211 completed=965204 running=6 waiting=1 waiting_min/max=0/9 queue_p99[prefill=8.4,decode=0.0] queue_now[prefill=1,decode=0] active_sessions=316 output=1227.3 tok/s interval_ttft_q0.950=11.393s
  sim=  6.46d  64.59% wall=   4.9m speed=    1176x eta=   4.3m admitted=971227 completed=971223 running=4 waiting=0 waiting_min/max=0/12 queue_p99[prefill=9.6,decode=0.4] queue_now[prefill=0,decode=0] active_sessions=317 output=1107.7 tok/s interval_ttft_q0.950=5.491s
  sim=  6.50d  65.00% wall=   5.0m speed=    1134x eta=   4.4m admitted=978315 completed=978307 running=8 waiting=0 waiting_min/max=0/6 queue_p99[prefill=5.4,decode=0.0] queue_now[prefill=0,decode=0] active_sessions=316 output=1191.1 tok/s interval_ttft_q0.950=2.957s
  sim=  6.54d  65.42% wall=   5.0m speed=    1104x eta=   4.5m admitted=985694 completed=985681 running=11 waiting=1 waiting_min/max=0/4 queue_p99[prefill=3.4,decode=0.0] queue_now[prefill=1,decode=0] active_sessions=310 output=1270.8 tok/s interval_ttft_q0.950=2.303s
  sim=  6.58d  65.84% wall=   5.1m speed=    1109x eta=   4.4m admitted=992451 completed=992448 running=3 waiting=0 waiting_min/max=0/6 queue_p99[prefill=6.0,decode=0.0] queue_now[prefill=0,decode=0] active_sessions=314 output=1217.0 tok/s interval_ttft_q0.950=5.025s
  sim=  6.63d  66.25% wall=   5.1m speed=    1140x eta=   4.3m admitted=998774 completed=998771 running=3 waiting=0 waiting_min/max=0/5 queue_p99[prefill=4.4,decode=0.0] queue_now[prefill=0,decode=0] active_sessions=313 output=1023.3 tok/s interval_ttft_q0.950=2.717s
  sim=  6.67d  66.67% wall=   5.2m speed=    1099x eta=   4.4m admitted=1006130 completed=1006122 running=7 waiting=0 waiting_min/max=0/4 queue_p99[prefill=3.4,decode=0.0] queue_now[prefill=0,decode=0] active_sessions=312 output=1065.0 tok/s interval_ttft_q0.950=2.074s
  sim=  6.71d  67.09% wall=   5.2m speed=    1119x eta=   4.2m admitted=1012176 completed=1012171 running=4 waiting=0 waiting_min/max=0/8 queue_p99[prefill=6.8,decode=0.0] queue_now[prefill=0,decode=0] active_sessions=315 output=1078.9 tok/s interval_ttft_q0.950=2.158s
  sim=  6.75d  67.50% wall=   5.3m speed=    1103x eta=   4.2m admitted=1018654 completed=1018652 running=2 waiting=0 waiting_min/max=0/6 queue_p99[prefill=5.4,decode=2.6] queue_now[prefill=0,decode=0] active_sessions=307 output=1188.9 tok/s interval_ttft_q0.950=2.210s
  sim=  6.79d  67.92% wall=   5.3m speed=    1116x eta=   4.1m admitted=1024533 completed=1024525 running=8 waiting=0 waiting_min/max=0/8 queue_p99[prefill=6.2,decode=1.4] queue_now[prefill=0,decode=0] active_sessions=310 output=1124.7 tok/s interval_ttft_q0.950=4.491s
  sim=  6.83d  68.34% wall=   5.4m speed=    1165x eta=   3.9m admitted=1030003 completed=1029993 running=10 waiting=0 waiting_min/max=0/8 queue_p99[prefill=7.4,decode=0.0] queue_now[prefill=0,decode=0] active_sessions=313 output=1079.9 tok/s interval_ttft_q0.950=7.422s
  sim=  6.88d  68.75% wall=   5.4m speed=    1148x eta=   3.9m admitted=1035699 completed=1035693 running=3 waiting=3 waiting_min/max=0/9 queue_p99[prefill=8.4,decode=0.0] queue_now[prefill=3,decode=0] active_sessions=309 output=1059.5 tok/s interval_ttft_q0.950=12.323s
  sim=  6.92d  69.17% wall=   5.5m speed=    1103x eta=   4.0m admitted=1041618 completed=1041612 running=6 waiting=0 waiting_min/max=0/7 queue_p99[prefill=6.4,decode=1.0] queue_now[prefill=0,decode=0] active_sessions=298 output=1071.3 tok/s interval_ttft_q0.950=4.772s
  sim=  6.96d  69.59% wall=   5.6m speed=    1164x eta=   3.8m admitted=1046370 completed=1046364 running=6 waiting=0 waiting_min/max=0/4 queue_p99[prefill=3.4,decode=0.0] queue_now[prefill=0,decode=0] active_sessions=307 output=983.6 tok/s interval_ttft_q0.950=3.100s
  sim=  7.00d  70.00% wall=   5.6m speed=    1267x eta=   3.4m admitted=1052276 completed=1052266 running=10 waiting=0 waiting_min/max=0/11 queue_p99[prefill=8.0,decode=0.0] queue_now[prefill=0,decode=0] active_sessions=324 output=1060.1 tok/s interval_ttft_q0.950=7.004s
  sim=  7.04d  70.42% wall=   5.6m speed=    1335x eta=   3.2m admitted=1059394 completed=1059388 running=3 waiting=3 waiting_min/max=0/11 queue_p99[prefill=9.8,decode=0.0] queue_now[prefill=3,decode=0] active_sessions=330 output=1301.5 tok/s interval_ttft_q0.950=13.005s
  sim=  7.08d  70.84% wall=   5.7m speed=    1474x eta=   2.8m admitted=1066395 completed=1066391 running=3 waiting=0 waiting_min/max=0/12 queue_p99[prefill=9.6,decode=0.0] queue_now[prefill=0,decode=0] active_sessions=327 output=1106.2 tok/s interval_ttft_q0.950=8.547s
  sim=  7.13d  71.25% wall=   5.7m speed=    1465x eta=   2.8m admitted=1073467 completed=1073461 running=6 waiting=0 waiting_min/max=0/8 queue_p99[prefill=8.0,decode=1.2] queue_now[prefill=0,decode=0] active_sessions=336 output=1155.0 tok/s interval_ttft_q0.950=9.206s
  sim=  7.17d  71.67% wall=   5.8m speed=    1442x eta=   2.8m admitted=1080690 completed=1080681 running=3 waiting=5 waiting_min/max=0/6 queue_p99[prefill=5.4,decode=0.4] queue_now[prefill=5,decode=0] active_sessions=326 output=1248.8 tok/s interval_ttft_q0.950=7.458s
  sim=  7.21d  72.09% wall=   5.8m speed=    1485x eta=   2.7m admitted=1087986 completed=1087981 running=4 waiting=1 waiting_min/max=0/10 queue_p99[prefill=9.4,decode=0.0] queue_now[prefill=1,decode=0] active_sessions=327 output=1124.6 tok/s interval_ttft_q0.950=11.257s
  sim=  7.25d  72.50% wall=   5.9m speed=    1418x eta=   2.8m admitted=1096030 completed=1096013 running=9 waiting=7 waiting_min/max=0/12 queue_p99[prefill=11.4,decode=0.0] queue_now[prefill=7,decode=0] active_sessions=329 output=1283.2 tok/s interval_ttft_q0.950=10.401s
  sim=  7.29d  72.92% wall=   5.9m speed=    1432x eta=   2.7m admitted=1103160 completed=1103154 running=5 waiting=0 waiting_min/max=0/11 queue_p99[prefill=9.8,decode=0.0] queue_now[prefill=0,decode=0] active_sessions=320 output=1235.2 tok/s interval_ttft_q0.950=9.035s
  sim=  7.33d  73.34% wall=   5.9m speed=    1450x eta=   2.6m admitted=1110568 completed=1110563 running=5 waiting=0 waiting_min/max=0/22 queue_p99[prefill=21.4,decode=0.0] queue_now[prefill=0,decode=0] active_sessions=333 output=1060.0 tok/s interval_ttft_q0.950=37.894s
  sim=  7.38d  73.75% wall=   6.0m speed=    1461x eta=   2.6m admitted=1117291 completed=1117274 running=6 waiting=9 waiting_min/max=0/13 queue_p99[prefill=13.0,decode=1.8] queue_now[prefill=9,decode=0] active_sessions=332 output=1131.1 tok/s interval_ttft_q0.950=15.922s
  sim=  7.42d  74.17% wall=   6.0m speed=    1501x eta=   2.5m admitted=1122823 completed=1122790 running=16 waiting=17 waiting_min/max=6/24 queue_p99[prefill=24.0,decode=0.0] queue_now[prefill=17,decode=0] active_sessions=330 output=1108.5 tok/s interval_ttft_q0.950=73.730s
  sim=  7.46d  74.59% wall=   6.1m speed=    1379x eta=   2.7m admitted=1130358 completed=1130350 running=4 waiting=4 waiting_min/max=0/26 queue_p99[prefill=26.0,decode=0.0] queue_now[prefill=4,decode=0] active_sessions=321 output=1305.6 tok/s interval_ttft_q0.950=63.177s
  sim=  7.50d  75.00% wall=   6.1m speed=    1457x eta=   2.5m admitted=1136554 completed=1136517 running=12 waiting=24 waiting_min/max=0/44 queue_p99[prefill=44.0,decode=0.4] queue_now[prefill=24,decode=0] active_sessions=331 output=1214.7 tok/s interval_ttft_q0.950=93.417s
  sim=  7.54d  75.42% wall=   6.1m speed=    1498x eta=   2.4m admitted=1141876 completed=1141843 running=10 waiting=22 waiting_min/max=10/35 queue_p99[prefill=32.6,decode=0.4] queue_now[prefill=22,decode=0] active_sessions=327 output=1041.0 tok/s interval_ttft_q0.950=97.336s
  sim=  7.58d  75.84% wall=   6.2m speed=    1509x eta=   2.3m admitted=1146921 completed=1146899 running=4 waiting=17 waiting_min/max=9/27 queue_p99[prefill=27.0,decode=0.0] queue_now[prefill=17,decode=0] active_sessions=323 output=1013.4 tok/s interval_ttft_q0.950=102.934s
  sim=  7.63d  76.25% wall=   6.2m speed=    1532x eta=   2.2m admitted=1152218 completed=1152174 running=11 waiting=33 waiting_min/max=12/38 queue_p99[prefill=36.8,decode=0.4] queue_now[prefill=33,decode=0] active_sessions=328 output=933.5 tok/s interval_ttft_q0.950=110.302s
  sim=  7.67d  76.67% wall=   6.3m speed=    1547x eta=   2.2m admitted=1157336 completed=1157291 running=7 waiting=37 waiting_min/max=29/46 queue_p99[prefill=44.8,decode=0.0] queue_now[prefill=37,decode=0] active_sessions=330 output=884.9 tok/s interval_ttft_q0.950=135.327s
  sim=  7.71d  77.09% wall=   6.3m speed=    1563x eta=   2.1m admitted=1162217 completed=1162169 running=10 waiting=38 waiting_min/max=19/44 queue_p99[prefill=44.0,decode=0.4] queue_now[prefill=38,decode=0] active_sessions=338 output=896.0 tok/s interval_ttft_q0.950=135.992s
  sim=  7.75d  77.51% wall=   6.3m speed=    1557x eta=   2.1m admitted=1167190 completed=1167135 running=12 waiting=42 waiting_min/max=35/56 queue_p99[prefill=54.2,decode=0.0] queue_now[prefill=42,decode=0] active_sessions=343 output=895.0 tok/s interval_ttft_q0.950=152.499s
  sim=  7.79d  77.92% wall=   6.4m speed=    1526x eta=   2.1m admitted=1172253 completed=1172182 running=6 waiting=65 waiting_min/max=36/75 queue_p99[prefill=73.8,decode=0.0] queue_now[prefill=65,decode=0] active_sessions=348 output=970.0 tok/s interval_ttft_q0.950=208.134s
  sim=  7.83d  78.34% wall=   6.4m speed=    1495x eta=   2.1m admitted=1177801 completed=1177719 running=8 waiting=74 waiting_min/max=53/74 queue_p99[prefill=72.2,decode=0.0] queue_now[prefill=74,decode=0] active_sessions=360 output=970.9 tok/s interval_ttft_q0.950=256.003s
  EARLY STOP: ConsecutiveQueueGrowth { epochs: 6, start_waiting: 17, end_waiting: 74 }
