starting 10.000-day run: lambda/rank=0.005000, lambda/node=0.040000, progress every 3600 simulated seconds, stop at waiting 1000, 6 consecutive growing epochs
  sim=  0.04d   0.42% wall=   1.3s speed=    2904x eta=   4.9m admitted=3516 completed=3515 running=1 waiting=0 waiting_min/max=0/1 queue_p99[prefill=0.0,decode=0.0] queue_now[prefill=0,decode=0] active_sessions=36 output=537.5 tok/s interval_ttft_q0.950=0.164s
  sim=  0.08d   0.83% wall=   3.1s speed=    2021x eta=   7.1m admitted=8808 completed=8803 running=4 waiting=1 waiting_min/max=0/2 queue_p99[prefill=1.0,decode=0.0] queue_now[prefill=1,decode=0] active_sessions=54 output=956.7 tok/s interval_ttft_q0.950=0.601s
  sim=  0.13d   1.25% wall=   4.9s speed=    2040x eta=   7.0m admitted=13541 completed=13536 running=5 waiting=0 waiting_min/max=0/2 queue_p99[prefill=0.0,decode=0.0] queue_now[prefill=0,decode=0] active_sessions=69 output=804.9 tok/s interval_ttft_q0.950=0.175s
  sim=  0.17d   1.67% wall=   7.1s speed=    1663x eta=   8.5m admitted=20036 completed=20029 running=7 waiting=0 waiting_min/max=0/2 queue_p99[prefill=0.0,decode=0.0] queue_now[prefill=0,decode=0] active_sessions=86 output=992.3 tok/s interval_ttft_q0.950=0.153s
  sim=  0.21d   2.08% wall=   9.2s speed=    1681x eta=   8.4m admitted=26489 completed=26485 running=4 waiting=0 waiting_min/max=0/4 queue_p99[prefill=1.3,decode=0.0] queue_now[prefill=0,decode=0] active_sessions=88 output=1032.2 tok/s interval_ttft_q0.950=0.403s
  sim=  0.25d   2.50% wall=  11.4s speed=    1653x eta=   8.5m admitted=32819 completed=32816 running=3 waiting=0 waiting_min/max=0/2 queue_p99[prefill=1.0,decode=0.0] queue_now[prefill=0,decode=0] active_sessions=97 output=1066.7 tok/s interval_ttft_q0.950=0.204s
  sim=  0.29d   2.92% wall=  13.7s speed=    1520x eta=   9.2m admitted=39995 completed=39986 running=9 waiting=0 waiting_min/max=0/2 queue_p99[prefill=1.0,decode=0.0] queue_now[prefill=0,decode=0] active_sessions=98 output=1041.8 tok/s interval_ttft_q0.950=0.329s
  sim=  0.33d   3.33% wall=  16.0s speed=    1582x eta=   8.8m admitted=45977 completed=45976 running=1 waiting=0 waiting_min/max=0/2 queue_p99[prefill=0.0,decode=0.0] queue_now[prefill=0,decode=0] active_sessions=118 output=1021.2 tok/s interval_ttft_q0.950=0.191s
  sim=  0.38d   3.75% wall=  18.5s speed=    1427x eta=   9.7m admitted=52703 completed=52699 running=4 waiting=0 waiting_min/max=0/3 queue_p99[prefill=0.0,decode=0.0] queue_now[prefill=0,decode=0] active_sessions=124 output=1065.0 tok/s interval_ttft_q0.950=0.197s
  sim=  0.42d   4.17% wall=  21.2s speed=    1336x eta=  10.3m admitted=59282 completed=59280 running=2 waiting=0 waiting_min/max=0/3 queue_p99[prefill=1.0,decode=0.0] queue_now[prefill=0,decode=0] active_sessions=123 output=1074.1 tok/s interval_ttft_q0.950=0.196s
  sim=  0.46d   4.58% wall=  23.8s speed=    1416x eta=   9.7m admitted=65400 completed=65399 running=1 waiting=0 waiting_min/max=0/2 queue_p99[prefill=1.0,decode=0.0] queue_now[prefill=0,decode=0] active_sessions=127 output=962.4 tok/s interval_ttft_q0.950=0.210s
  sim=  0.50d   5.00% wall=  26.6s speed=    1260x eta=  10.9m admitted=72710 completed=72704 running=6 waiting=0 waiting_min/max=0/3 queue_p99[prefill=1.0,decode=0.0] queue_now[prefill=0,decode=0] active_sessions=142 output=1088.4 tok/s interval_ttft_q0.950=0.583s
  sim=  0.54d   5.42% wall=  29.5s speed=    1263x eta=  10.8m admitted=79604 completed=79602 running=2 waiting=0 waiting_min/max=0/5 queue_p99[prefill=2.0,decode=1.0] queue_now[prefill=0,decode=0] active_sessions=151 output=992.7 tok/s interval_ttft_q0.950=0.410s
  sim=  0.58d   5.83% wall=  32.6s speed=    1165x eta=  11.6m admitted=86941 completed=86938 running=3 waiting=0 waiting_min/max=0/3 queue_p99[prefill=1.0,decode=0.0] queue_now[prefill=0,decode=0] active_sessions=170 output=1043.1 tok/s interval_ttft_q0.950=0.191s
  sim=  0.63d   6.25% wall=  35.9s speed=    1075x eta=  12.6m admitted=94222 completed=94214 running=8 waiting=0 waiting_min/max=0/3 queue_p99[prefill=2.0,decode=0.0] queue_now[prefill=0,decode=0] active_sessions=186 output=1235.4 tok/s interval_ttft_q0.950=0.540s
  sim=  0.67d   6.67% wall=  39.6s speed=     987x eta=  13.6m admitted=102639 completed=102636 running=3 waiting=0 waiting_min/max=0/8 queue_p99[prefill=5.0,decode=2.0] queue_now[prefill=0,decode=0] active_sessions=177 output=1452.6 tok/s interval_ttft_q0.950=0.684s
  sim=  0.71d   7.08% wall=  42.9s speed=    1077x eta=  12.4m admitted=109970 completed=109965 running=5 waiting=0 waiting_min/max=0/4 queue_p99[prefill=1.0,decode=0.0] queue_now[prefill=0,decode=0] active_sessions=178 output=1108.0 tok/s interval_ttft_q0.950=0.233s
  sim=  0.75d   7.50% wall=  46.4s speed=    1040x eta=  12.8m admitted=116609 completed=116598 running=9 waiting=0 waiting_min/max=0/6 queue_p99[prefill=3.0,decode=1.0] queue_now[prefill=0,decode=0] active_sessions=185 output=1159.7 tok/s interval_ttft_q0.950=0.781s
  sim=  0.79d   7.92% wall=  50.1s speed=     961x eta=  13.8m admitted=124739 completed=124731 running=8 waiting=0 waiting_min/max=0/5 queue_p99[prefill=3.0,decode=0.0] queue_now[prefill=0,decode=0] active_sessions=193 output=1288.9 tok/s interval_ttft_q0.950=0.606s
  sim=  0.83d   8.33% wall=  54.0s speed=     941x eta=  14.0m admitted=132648 completed=132642 running=2 waiting=4 waiting_min/max=0/5 queue_p99[prefill=3.0,decode=0.0] queue_now[prefill=4,decode=0] active_sessions=209 output=1322.6 tok/s interval_ttft_q0.950=0.410s
  sim=  0.88d   8.75% wall=  58.2s speed=     840x eta=  15.6m admitted=142401 completed=142388 running=5 waiting=8 waiting_min/max=0/13 queue_p99[prefill=10.0,decode=2.0] queue_now[prefill=8,decode=0] active_sessions=219 output=1477.2 tok/s interval_ttft_q0.950=4.081s
  sim=  0.92d   9.17% wall=   1.0m speed=     844x eta=  15.5m admitted=150805 completed=150789 running=13 waiting=2 waiting_min/max=0/17 queue_p99[prefill=14.0,decode=0.0] queue_now[prefill=2,decode=0] active_sessions=225 output=1333.8 tok/s interval_ttft_q0.950=26.546s
  sim=  0.96d   9.58% wall=   1.1m speed=     750x eta=  17.4m admitted=160258 completed=160240 running=8 waiting=10 waiting_min/max=0/19 queue_p99[prefill=16.0,decode=0.0] queue_now[prefill=10,decode=0] active_sessions=239 output=1594.2 tok/s interval_ttft_q0.950=40.982s
  sim=  1.00d  10.00% wall=   1.2m speed=     737x eta=  17.6m admitted=170292 completed=170269 running=7 waiting=15 waiting_min/max=4/40 queue_p99[prefill=36.0,decode=0.0] queue_now[prefill=15,decode=0] active_sessions=252 output=1425.7 tok/s interval_ttft_q0.950=63.685s
  sim=  1.04d  10.42% wall=   1.3m speed=     746x eta=  17.3m admitted=179590 completed=179578 running=11 waiting=1 waiting_min/max=0/24 queue_p99[prefill=19.0,decode=0.0] queue_now[prefill=1,decode=0] active_sessions=246 output=1403.8 tok/s interval_ttft_q0.950=35.179s
  sim=  1.08d  10.83% wall=   1.4m speed=     705x eta=  18.2m admitted=189487 completed=189468 running=12 waiting=6 waiting_min/max=0/21 queue_p99[prefill=15.0,decode=1.0] queue_now[prefill=6,decode=0] active_sessions=246 output=1621.1 tok/s interval_ttft_q0.950=5.401s
  sim=  1.13d  11.25% wall=   1.5m speed=     685x eta=  18.7m admitted=198940 completed=198931 running=9 waiting=0 waiting_min/max=0/18 queue_p99[prefill=13.0,decode=0.0] queue_now[prefill=0,decode=0] active_sessions=241 output=1678.0 tok/s interval_ttft_q0.950=3.155s
  sim=  1.17d  11.67% wall=   1.5m speed=     695x eta=  18.3m admitted=208029 completed=208018 running=11 waiting=0 waiting_min/max=0/9 queue_p99[prefill=4.0,decode=0.0] queue_now[prefill=0,decode=0] active_sessions=248 output=1652.3 tok/s interval_ttft_q0.950=1.709s
  sim=  1.21d  12.08% wall=   1.6m speed=     677x eta=  18.7m admitted=216734 completed=216721 running=13 waiting=0 waiting_min/max=0/8 queue_p99[prefill=5.0,decode=1.0] queue_now[prefill=0,decode=0] active_sessions=250 output=1626.5 tok/s interval_ttft_q0.950=1.180s
  sim=  1.25d  12.50% wall=   1.7m speed=     660x eta=  19.1m admitted=225879 completed=225860 running=18 waiting=1 waiting_min/max=0/8 queue_p99[prefill=6.0,decode=2.0] queue_now[prefill=1,decode=0] active_sessions=258 output=1467.9 tok/s interval_ttft_q0.950=2.105s
  sim=  1.29d  12.92% wall=   1.8m speed=     643x eta=  19.5m admitted=235073 completed=235053 running=9 waiting=11 waiting_min/max=0/18 queue_p99[prefill=15.0,decode=1.0] queue_now[prefill=11,decode=0] active_sessions=261 output=1400.2 tok/s interval_ttft_q0.950=11.553s
  sim=  1.33d  13.33% wall=   1.9m speed=     591x eta=  21.1m admitted=244255 completed=244244 running=11 waiting=0 waiting_min/max=0/17 queue_p99[prefill=13.0,decode=1.0] queue_now[prefill=0,decode=0] active_sessions=281 output=1515.2 tok/s interval_ttft_q0.950=9.309s
  sim=  1.38d  13.75% wall=   2.0m speed=     622x eta=  20.0m admitted=253892 completed=253879 running=10 waiting=3 waiting_min/max=0/12 queue_p99[prefill=8.0,decode=2.0] queue_now[prefill=3,decode=0] active_sessions=278 output=1579.2 tok/s interval_ttft_q0.950=2.991s
  sim=  1.42d  14.17% wall=   2.1m speed=     617x eta=  20.0m admitted=262819 completed=262809 running=10 waiting=0 waiting_min/max=0/8 queue_p99[prefill=6.0,decode=0.0] queue_now[prefill=0,decode=0] active_sessions=275 output=1398.3 tok/s interval_ttft_q0.950=1.743s
  sim=  1.46d  14.58% wall=   2.2m speed=     602x eta=  20.4m admitted=271765 completed=271762 running=3 waiting=0 waiting_min/max=0/15 queue_p99[prefill=10.0,decode=2.0] queue_now[prefill=0,decode=0] active_sessions=283 output=1498.3 tok/s interval_ttft_q0.950=2.676s
  sim=  1.50d  15.00% wall=   2.3m speed=     544x eta=  22.5m admitted=282711 completed=282704 running=7 waiting=0 waiting_min/max=0/5 queue_p99[prefill=3.0,decode=0.0] queue_now[prefill=0,decode=0] active_sessions=290 output=1469.4 tok/s interval_ttft_q0.950=0.749s
  sim=  1.54d  15.42% wall=   2.4m speed=     541x eta=  22.5m admitted=292534 completed=292522 running=11 waiting=0 waiting_min/max=0/10 queue_p99[prefill=7.0,decode=0.0] queue_now[prefill=0,decode=0] active_sessions=301 output=1445.8 tok/s interval_ttft_q0.950=1.759s
  sim=  1.58d  15.83% wall=   2.5m speed=     534x eta=  22.7m admitted=302488 completed=302479 running=9 waiting=0 waiting_min/max=0/7 queue_p99[prefill=4.0,decode=0.0] queue_now[prefill=0,decode=0] active_sessions=311 output=1521.7 tok/s interval_ttft_q0.950=1.049s
  sim=  1.63d  16.25% wall=   2.7m speed=     529x eta=  22.8m admitted=311388 completed=311381 running=7 waiting=0 waiting_min/max=0/8 queue_p99[prefill=5.0,decode=0.0] queue_now[prefill=0,decode=0] active_sessions=304 output=1512.5 tok/s interval_ttft_q0.950=2.334s
  sim=  1.67d  16.67% wall=   2.8m speed=     471x eta=  25.5m admitted=322186 completed=322171 running=15 waiting=0 waiting_min/max=0/12 queue_p99[prefill=9.0,decode=1.0] queue_now[prefill=0,decode=0] active_sessions=318 output=1760.3 tok/s interval_ttft_q0.950=4.625s
  sim=  1.71d  17.08% wall=   2.9m speed=     496x eta=  24.1m admitted=331461 completed=331446 running=15 waiting=0 waiting_min/max=0/9 queue_p99[prefill=4.0,decode=0.0] queue_now[prefill=0,decode=0] active_sessions=323 output=1768.5 tok/s interval_ttft_q0.950=1.559s
  sim=  1.75d  17.50% wall=   3.0m speed=     465x eta=  25.5m admitted=342662 completed=342651 running=9 waiting=2 waiting_min/max=0/10 queue_p99[prefill=5.0,decode=0.0] queue_now[prefill=2,decode=0] active_sessions=323 output=1656.6 tok/s interval_ttft_q0.950=1.370s
  sim=  1.79d  17.92% wall=   3.2m speed=     453x eta=  26.1m admitted=354001 completed=353986 running=9 waiting=5 waiting_min/max=0/9 queue_p99[prefill=6.0,decode=1.0] queue_now[prefill=5,decode=0] active_sessions=327 output=1693.9 tok/s interval_ttft_q0.950=3.166s
  sim=  1.83d  18.33% wall=   3.3m speed=     437x eta=  26.9m admitted=364673 completed=364659 running=14 waiting=0 waiting_min/max=0/12 queue_p99[prefill=8.0,decode=0.0] queue_now[prefill=0,decode=0] active_sessions=318 output=1533.7 tok/s interval_ttft_q0.950=3.118s
  sim=  1.88d  18.75% wall=   3.4m speed=     443x eta=  26.4m admitted=373829 completed=373818 running=11 waiting=0 waiting_min/max=0/11 queue_p99[prefill=7.0,decode=0.0] queue_now[prefill=0,decode=0] active_sessions=330 output=1618.1 tok/s interval_ttft_q0.950=3.816s
  sim=  1.92d  19.17% wall=   3.6m speed=     425x eta=  27.4m admitted=384340 completed=384322 running=18 waiting=0 waiting_min/max=0/9 queue_p99[prefill=7.0,decode=0.0] queue_now[prefill=0,decode=0] active_sessions=334 output=1793.7 tok/s interval_ttft_q0.950=3.069s
  sim=  1.96d  19.58% wall=   3.7m speed=     407x eta=  28.5m admitted=394979 completed=394968 running=8 waiting=1 waiting_min/max=0/13 queue_p99[prefill=9.0,decode=2.0] queue_now[prefill=1,decode=0] active_sessions=334 output=1677.8 tok/s interval_ttft_q0.950=3.472s
  sim=  2.00d  20.00% wall=   3.9m speed=     399x eta=  28.9m admitted=405420 completed=405414 running=6 waiting=0 waiting_min/max=0/11 queue_p99[prefill=6.0,decode=1.0] queue_now[prefill=0,decode=0] active_sessions=337 output=1580.3 tok/s interval_ttft_q0.950=2.592s
  sim=  2.04d  20.42% wall=   4.0m speed=     408x eta=  28.1m admitted=414867 completed=414858 running=6 waiting=2 waiting_min/max=0/8 queue_p99[prefill=5.1,decode=0.0] queue_now[prefill=2,decode=0] active_sessions=331 output=1548.6 tok/s interval_ttft_q0.950=3.016s
  sim=  2.08d  20.83% wall=   4.2m speed=     390x eta=  29.2m admitted=424487 completed=424477 running=10 waiting=0 waiting_min/max=0/13 queue_p99[prefill=10.0,decode=0.0] queue_now[prefill=0,decode=0] active_sessions=330 output=1613.7 tok/s interval_ttft_q0.950=3.078s
  sim=  2.13d  21.25% wall=   4.3m speed=     407x eta=  27.9m admitted=434257 completed=434248 running=9 waiting=0 waiting_min/max=0/8 queue_p99[prefill=5.0,decode=0.0] queue_now[prefill=0,decode=0] active_sessions=328 output=1467.2 tok/s interval_ttft_q0.950=1.561s
  sim=  2.17d  21.67% wall=   4.5m speed=     393x eta=  28.7m admitted=443354 completed=443344 running=9 waiting=1 waiting_min/max=0/6 queue_p99[prefill=4.0,decode=0.0] queue_now[prefill=1,decode=0] active_sessions=329 output=1556.7 tok/s interval_ttft_q0.950=1.709s
  sim=  2.21d  22.08% wall=   4.6m speed=     423x eta=  26.6m admitted=451525 completed=451518 running=3 waiting=4 waiting_min/max=0/9 queue_p99[prefill=5.0,decode=0.0] queue_now[prefill=4,decode=0] active_sessions=329 output=1390.4 tok/s interval_ttft_q0.950=1.225s
  sim=  2.25d  22.50% wall=   4.8m speed=     342x eta=  32.6m admitted=461629 completed=461614 running=10 waiting=3 waiting_min/max=0/13 queue_p99[prefill=9.0,decode=1.0] queue_now[prefill=3,decode=0] active_sessions=337 output=1697.1 tok/s interval_ttft_q0.950=3.267s
  sim=  2.29d  22.92% wall=   5.0m speed=     341x eta=  32.6m admitted=471166 completed=471128 running=18 waiting=20 waiting_min/max=0/24 queue_p99[prefill=19.0,decode=1.0] queue_now[prefill=20,decode=0] active_sessions=343 output=1673.2 tok/s interval_ttft_q0.950=4.571s
  sim=  2.33d  23.33% wall=   5.1m speed=     381x eta=  29.0m admitted=479295 completed=479280 running=13 waiting=1 waiting_min/max=0/20 queue_p99[prefill=17.0,decode=1.0] queue_now[prefill=1,decode=0] active_sessions=337 output=1313.6 tok/s interval_ttft_q0.950=12.448s
  sim=  2.38d  23.75% wall=   5.3m speed=     356x eta=  30.9m admitted=488227 completed=488219 running=4 waiting=3 waiting_min/max=0/12 queue_p99[prefill=6.0,decode=0.0] queue_now[prefill=3,decode=0] active_sessions=345 output=1323.9 tok/s interval_ttft_q0.950=1.492s
  sim=  2.42d  24.17% wall=   5.5m speed=     318x eta=  34.3m admitted=498761 completed=498753 running=8 waiting=0 waiting_min/max=0/30 queue_p99[prefill=27.0,decode=0.0] queue_now[prefill=0,decode=0] active_sessions=358 output=1558.4 tok/s interval_ttft_q0.950=6.995s
  sim=  2.46d  24.58% wall=   5.7m speed=     299x eta=  36.3m admitted=509301 completed=509287 running=14 waiting=0 waiting_min/max=0/26 queue_p99[prefill=19.0,decode=2.0] queue_now[prefill=0,decode=0] active_sessions=368 output=1731.6 tok/s interval_ttft_q0.950=10.050s
  sim=  2.50d  25.00% wall=   5.9m speed=     307x eta=  35.1m admitted=518230 completed=518207 running=12 waiting=11 waiting_min/max=0/28 queue_p99[prefill=26.0,decode=1.0] queue_now[prefill=11,decode=0] active_sessions=365 output=1424.2 tok/s interval_ttft_q0.950=46.271s
  sim=  2.54d  25.42% wall=   6.1m speed=     317x eta=  33.9m admitted=527663 completed=527650 running=13 waiting=0 waiting_min/max=0/15 queue_p99[prefill=10.0,decode=0.0] queue_now[prefill=0,decode=0] active_sessions=362 output=1473.3 tok/s interval_ttft_q0.950=3.873s
  sim=  2.58d  25.83% wall=   6.3m speed=     309x eta=  34.5m admitted=536984 completed=536971 running=8 waiting=5 waiting_min/max=0/11 queue_p99[prefill=7.0,decode=1.0] queue_now[prefill=5,decode=0] active_sessions=349 output=1306.0 tok/s interval_ttft_q0.950=4.070s
  sim=  2.63d  26.25% wall=   6.5m speed=     274x eta=  38.7m admitted=547444 completed=547416 running=11 waiting=16 waiting_min/max=0/22 queue_p99[prefill=17.0,decode=1.0] queue_now[prefill=16,decode=0] active_sessions=375 output=1609.5 tok/s interval_ttft_q0.950=7.256s
  sim=  2.67d  26.67% wall=   6.7m speed=     289x eta=  36.5m admitted=557551 completed=557543 running=6 waiting=2 waiting_min/max=0/18 queue_p99[prefill=14.0,decode=1.0] queue_now[prefill=2,decode=0] active_sessions=369 output=1464.9 tok/s interval_ttft_q0.950=6.842s
  sim=  2.71d  27.08% wall=   6.9m speed=     278x eta=  37.7m admitted=567992 completed=567986 running=5 waiting=1 waiting_min/max=0/17 queue_p99[prefill=12.0,decode=1.0] queue_now[prefill=1,decode=0] active_sessions=374 output=1625.4 tok/s interval_ttft_q0.950=6.916s
  sim=  2.75d  27.50% wall=   7.1m speed=     267x eta=  39.1m admitted=577691 completed=577667 running=15 waiting=9 waiting_min/max=0/35 queue_p99[prefill=28.0,decode=1.0] queue_now[prefill=9,decode=0] active_sessions=391 output=1679.7 tok/s interval_ttft_q0.950=28.249s
  sim=  2.79d  27.92% wall=   7.4m speed=     256x eta=  40.6m admitted=588636 completed=588610 running=7 waiting=16 waiting_min/max=0/24 queue_p99[prefill=18.0,decode=2.0] queue_now[prefill=16,decode=0] active_sessions=392 output=1793.4 tok/s interval_ttft_q0.950=10.669s
  sim=  2.83d  28.33% wall=   7.6m speed=     263x eta=  39.2m admitted=598619 completed=598584 running=5 waiting=28 waiting_min/max=0/39 queue_p99[prefill=36.0,decode=1.0] queue_now[prefill=28,decode=0] active_sessions=399 output=1513.2 tok/s interval_ttft_q0.950=36.199s
  sim=  2.88d  28.75% wall=   7.8m speed=     265x eta=  38.7m admitted=608675 completed=608606 running=13 waiting=56 waiting_min/max=0/60 queue_p99[prefill=55.0,decode=0.0] queue_now[prefill=56,decode=0] active_sessions=407 output=1427.1 tok/s interval_ttft_q0.950=82.836s
  sim=  2.92d  29.17% wall=   8.0m speed=     286x eta=  35.6m admitted=616741 completed=616666 running=12 waiting=61 waiting_min/max=11/67 queue_p99[prefill=62.0,decode=0.0] queue_now[prefill=61,decode=0] active_sessions=419 output=1327.1 tok/s interval_ttft_q0.950=100.378s
  sim=  2.96d  29.58% wall=   8.2m speed=     281x eta=  36.1m admitted=625376 completed=625330 running=7 waiting=39 waiting_min/max=38/82 queue_p99[prefill=77.0,decode=0.0] queue_now[prefill=39,decode=0] active_sessions=415 output=1370.4 tok/s interval_ttft_q0.950=115.111s
  sim=  3.00d  30.00% wall=   8.5m speed=     263x eta=  38.4m admitted=635476 completed=635401 running=12 waiting=62 waiting_min/max=22/67 queue_p99[prefill=64.0,decode=0.0] queue_now[prefill=62,decode=0] active_sessions=421 output=1530.3 tok/s interval_ttft_q0.950=103.494s
  sim=  3.04d  30.42% wall=   8.7m speed=     294x eta=  34.1m admitted=642113 completed=641981 running=7 waiting=124 waiting_min/max=55/133 queue_p99[prefill=129.0,decode=0.0] queue_now[prefill=124,decode=0] active_sessions=449 output=1126.9 tok/s interval_ttft_q0.950=203.986s
  sim=  3.08d  30.83% wall=   8.9m speed=     292x eta=  34.1m admitted=648839 completed=648738 running=10 waiting=90 waiting_min/max=69/140 queue_p99[prefill=136.0,decode=0.0] queue_now[prefill=90,decode=0] active_sessions=444 output=1104.9 tok/s interval_ttft_q0.950=202.948s
  sim=  3.13d  31.25% wall=   9.1m speed=     283x eta=  35.0m admitted=655413 completed=655285 running=8 waiting=120 waiting_min/max=85/128 queue_p99[prefill=125.0,decode=0.0] queue_now[prefill=120,decode=0] active_sessions=468 output=1163.0 tok/s interval_ttft_q0.950=200.085s
  sim=  3.17d  31.67% wall=   9.3m speed=     265x eta=  37.1m admitted=662446 completed=662302 running=19 waiting=123 waiting_min/max=106/144 queue_p99[prefill=137.0,decode=0.0] queue_now[prefill=123,decode=0] active_sessions=486 output=1277.1 tok/s interval_ttft_q0.950=241.777s
  sim=  3.21d  32.08% wall=   9.6m speed=     262x eta=  37.3m admitted=669729 completed=669574 running=11 waiting=143 waiting_min/max=107/153 queue_p99[prefill=148.0,decode=2.0] queue_now[prefill=143,decode=0] active_sessions=501 output=1360.9 tok/s interval_ttft_q0.950=229.822s
  sim=  3.25d  32.50% wall=   9.8m speed=     272x eta=  35.7m admitted=675961 completed=675735 running=12 waiting=214 waiting_min/max=130/221 queue_p99[prefill=216.0,decode=0.0] queue_now[prefill=214,decode=0] active_sessions=543 output=1171.2 tok/s interval_ttft_q0.950=326.323s
  sim=  3.29d  32.92% wall=  10.0m speed=     285x eta=  33.9m admitted=681590 completed=681339 running=8 waiting=243 waiting_min/max=199/246 queue_p99[prefill=244.0,decode=0.0] queue_now[prefill=243,decode=0] active_sessions=574 output=1021.9 tok/s interval_ttft_q0.950=351.720s
  sim=  3.33d  33.33% wall=  10.2m speed=     263x eta=  36.5m admitted=687949 completed=687703 running=11 waiting=235 waiting_min/max=198/243 queue_p99[prefill=239.0,decode=0.0] queue_now[prefill=235,decode=0] active_sessions=568 output=1096.0 tok/s interval_ttft_q0.950=346.364s
  sim=  3.38d  33.75% wall=  10.4m speed=     252x eta=  37.8m admitted=694707 completed=694467 running=13 waiting=227 waiting_min/max=203/241 queue_p99[prefill=238.0,decode=0.0] queue_now[prefill=227,decode=0] active_sessions=566 output=1229.1 tok/s interval_ttft_q0.950=327.864s
  sim=  3.42d  34.17% wall=  10.7m speed=     260x eta=  36.5m admitted=700835 completed=700566 running=7 waiting=260 waiting_min/max=223/274 queue_p99[prefill=270.0,decode=0.0] queue_now[prefill=260,decode=0] active_sessions=589 output=1071.2 tok/s interval_ttft_q0.950=343.756s
  sim=  3.46d  34.58% wall=  10.9m speed=     274x eta=  34.3m admitted=706517 completed=706215 running=12 waiting=290 waiting_min/max=250/302 queue_p99[prefill=299.0,decode=0.0] queue_now[prefill=290,decode=0] active_sessions=626 output=980.4 tok/s interval_ttft_q0.950=376.686s
  sim=  3.50d  35.00% wall=  11.1m speed=     263x eta=  35.5m admitted=712767 completed=712397 running=11 waiting=359 waiting_min/max=290/359 queue_p99[prefill=351.2,decode=0.0] queue_now[prefill=359,decode=0] active_sessions=674 output=1076.7 tok/s interval_ttft_q0.950=400.652s
  sim=  3.54d  35.42% wall=  11.4m speed=     256x eta=  36.4m admitted=719147 completed=718776 running=12 waiting=359 waiting_min/max=341/375 queue_p99[prefill=370.0,decode=0.0] queue_now[prefill=359,decode=0] active_sessions=681 output=1130.3 tok/s interval_ttft_q0.950=479.969s
  sim=  3.58d  35.83% wall=  11.6m speed=     279x eta=  33.1m admitted=724093 completed=723690 running=10 waiting=393 waiting_min/max=341/396 queue_p99[prefill=393.0,decode=0.0] queue_now[prefill=393,decode=0] active_sessions=697 output=903.2 tok/s interval_ttft_q0.950=610.500s
  sim=  3.63d  36.25% wall=  11.8m speed=     287x eta=  32.0m admitted=728648 completed=728194 running=13 waiting=440 waiting_min/max=378/458 queue_p99[prefill=453.0,decode=0.0] queue_now[prefill=440,decode=0] active_sessions=750 output=829.4 tok/s interval_ttft_q0.950=718.885s
  sim=  3.67d  36.67% wall=  12.0m speed=     280x eta=  32.6m admitted=733475 completed=733001 running=10 waiting=464 waiting_min/max=421/474 queue_p99[prefill=469.0,decode=0.0] queue_now[prefill=464,decode=0] active_sessions=777 output=903.9 tok/s interval_ttft_q0.950=732.810s
  sim=  3.71d  37.08% wall=  12.2m speed=     255x eta=  35.5m admitted=739254 completed=738724 running=9 waiting=521 waiting_min/max=453/523 queue_p99[prefill=518.0,decode=0.0] queue_now[prefill=521,decode=0] active_sessions=814 output=1024.9 tok/s interval_ttft_q0.950=715.435s
  sim=  3.75d  37.50% wall=  12.5m speed=     277x eta=  32.5m admitted=744281 completed=743722 running=14 waiting=544 waiting_min/max=502/550 queue_p99[prefill=546.0,decode=0.0] queue_now[prefill=544,decode=0] active_sessions=851 output=927.8 tok/s interval_ttft_q0.950=772.219s
  sim=  3.79d  37.92% wall=  12.7m speed=     266x eta=  33.6m admitted=749671 completed=749076 running=12 waiting=583 waiting_min/max=538/589 queue_p99[prefill=584.0,decode=0.0] queue_now[prefill=583,decode=0] active_sessions=879 output=917.7 tok/s interval_ttft_q0.950=789.863s
  EARLY STOP: ConsecutiveQueueGrowth { epochs: 6, start_waiting: 359, end_waiting: 583 }
