starting 10.000-day run: lambda/rank=0.006250, lambda/node=0.050000, progress every 3600 simulated seconds, stop at waiting 1000, 6 consecutive growing epochs
  sim=  0.04d   0.42% wall=   1.6s speed=    2368x eta=   6.1m admitted=4673 completed=4662 running=10 waiting=0 waiting_min/max=0/2 queue_p99[prefill=0.0,decode=0.0] queue_now[prefill=0,decode=0] active_sessions=48 output=728.8 tok/s interval_ttft_q0.950=0.306s
  sim=  0.08d   0.83% wall=   3.5s speed=    1890x eta=   7.6m admitted=10309 completed=10305 running=4 waiting=0 waiting_min/max=0/2 queue_p99[prefill=0.6,decode=0.0] queue_now[prefill=0,decode=0] active_sessions=61 output=1012.8 tok/s interval_ttft_q0.950=0.546s
  sim=  0.13d   1.25% wall=   5.8s speed=    1558x eta=   9.1m admitted=17485 completed=17477 running=8 waiting=0 waiting_min/max=0/3 queue_p99[prefill=1.0,decode=0.0] queue_now[prefill=0,decode=0] active_sessions=89 output=1136.8 tok/s interval_ttft_q0.950=0.183s
  sim=  0.17d   1.67% wall=   8.3s speed=    1489x eta=   9.5m admitted=25058 completed=25054 running=3 waiting=1 waiting_min/max=0/3 queue_p99[prefill=1.0,decode=0.0] queue_now[prefill=1,decode=0] active_sessions=96 output=1212.8 tok/s interval_ttft_q0.950=0.334s
  sim=  0.21d   2.08% wall=  10.8s speed=    1443x eta=   9.8m admitted=32710 completed=32703 running=7 waiting=0 waiting_min/max=0/4 queue_p99[prefill=2.0,decode=0.0] queue_now[prefill=0,decode=0] active_sessions=108 output=1293.7 tok/s interval_ttft_q0.950=0.267s
  sim=  0.25d   2.50% wall=  13.6s speed=    1249x eta=  11.2m admitted=41560 completed=41547 running=13 waiting=0 waiting_min/max=0/3 queue_p99[prefill=1.0,decode=0.0] queue_now[prefill=0,decode=0] active_sessions=117 output=1337.7 tok/s interval_ttft_q0.950=0.327s
  sim=  0.29d   2.92% wall=  16.3s speed=    1347x eta=  10.4m admitted=48950 completed=48943 running=7 waiting=0 waiting_min/max=0/3 queue_p99[prefill=1.0,decode=0.0] queue_now[prefill=0,decode=0] active_sessions=137 output=1173.6 tok/s interval_ttft_q0.950=0.221s
  sim=  0.33d   3.33% wall=  19.3s speed=    1195x eta=  11.7m admitted=57498 completed=57490 running=8 waiting=0 waiting_min/max=0/3 queue_p99[prefill=1.0,decode=0.0] queue_now[prefill=0,decode=0] active_sessions=139 output=1392.4 tok/s interval_ttft_q0.950=0.217s
  sim=  0.38d   3.75% wall=  22.3s speed=    1211x eta=  11.4m admitted=65133 completed=65125 running=7 waiting=0 waiting_min/max=0/3 queue_p99[prefill=1.0,decode=0.0] queue_now[prefill=0,decode=0] active_sessions=151 output=1211.4 tok/s interval_ttft_q0.950=0.298s
  sim=  0.42d   4.17% wall=  25.6s speed=    1076x eta=  12.8m admitted=74394 completed=74388 running=6 waiting=0 waiting_min/max=0/4 queue_p99[prefill=1.0,decode=0.0] queue_now[prefill=0,decode=0] active_sessions=159 output=1329.5 tok/s interval_ttft_q0.950=0.566s
  sim=  0.46d   4.58% wall=  29.1s speed=    1053x eta=  13.0m admitted=83159 completed=83153 running=6 waiting=0 waiting_min/max=0/5 queue_p99[prefill=1.0,decode=0.0] queue_now[prefill=0,decode=0] active_sessions=186 output=1212.5 tok/s interval_ttft_q0.950=0.266s
  sim=  0.50d   5.00% wall=  32.7s speed=     980x eta=  14.0m admitted=92134 completed=92119 running=10 waiting=4 waiting_min/max=0/8 queue_p99[prefill=5.0,decode=0.0] queue_now[prefill=0,decode=4] active_sessions=205 output=1377.6 tok/s interval_ttft_q0.950=0.665s
  sim=  0.54d   5.42% wall=  36.7s speed=     914x eta=  14.9m admitted=101495 completed=101486 running=9 waiting=0 waiting_min/max=0/14 queue_p99[prefill=10.0,decode=1.0] queue_now[prefill=0,decode=0] active_sessions=191 output=1636.2 tok/s interval_ttft_q0.950=0.906s
  sim=  0.58d   5.83% wall=  40.7s speed=     896x eta=  15.1m admitted=110401 completed=110396 running=5 waiting=0 waiting_min/max=0/5 queue_p99[prefill=3.0,decode=0.0] queue_now[prefill=0,decode=0] active_sessions=197 output=1373.6 tok/s interval_ttft_q0.950=0.506s
  sim=  0.63d   6.25% wall=  44.8s speed=     870x eta=  15.5m admitted=119070 completed=119063 running=7 waiting=0 waiting_min/max=0/9 queue_p99[prefill=6.2,decode=4.0] queue_now[prefill=0,decode=0] active_sessions=217 output=1436.6 tok/s interval_ttft_q0.950=2.310s
  sim=  0.67d   6.67% wall=  49.3s speed=     808x eta=  16.6m admitted=129173 completed=129161 running=12 waiting=0 waiting_min/max=0/6 queue_p99[prefill=4.0,decode=1.0] queue_now[prefill=0,decode=0] active_sessions=234 output=1639.3 tok/s interval_ttft_q0.950=0.778s
  sim=  0.71d   7.08% wall=  54.2s speed=     730x eta=  18.3m admitted=139839 completed=139823 running=10 waiting=6 waiting_min/max=0/11 queue_p99[prefill=8.0,decode=0.0] queue_now[prefill=6,decode=0] active_sessions=237 output=1680.8 tok/s interval_ttft_q0.950=1.943s
  sim=  0.75d   7.50% wall=  59.0s speed=     748x eta=  17.8m admitted=149695 completed=149670 running=24 waiting=1 waiting_min/max=0/19 queue_p99[prefill=14.0,decode=2.0] queue_now[prefill=1,decode=0] active_sessions=257 output=1659.2 tok/s interval_ttft_q0.950=8.134s
  sim=  0.79d   7.92% wall=   1.1m speed=     663x eta=  20.0m admitted=160829 completed=160783 running=9 waiting=35 waiting_min/max=0/44 queue_p99[prefill=39.0,decode=0.1] queue_now[prefill=35,decode=0] active_sessions=273 output=1757.4 tok/s interval_ttft_q0.950=29.592s
  sim=  0.83d   8.33% wall=   1.2m speed=     688x eta=  19.2m admitted=170154 completed=170122 running=15 waiting=17 waiting_min/max=8/57 queue_p99[prefill=50.0,decode=0.0] queue_now[prefill=17,decode=0] active_sessions=276 output=1520.4 tok/s interval_ttft_q0.950=97.359s
  sim=  0.88d   8.75% wall=   1.3m speed=     648x eta=  20.3m admitted=180675 completed=180651 running=9 waiting=15 waiting_min/max=3/29 queue_p99[prefill=25.0,decode=0.0] queue_now[prefill=15,decode=0] active_sessions=280 output=1751.7 tok/s interval_ttft_q0.950=47.941s
  sim=  0.92d   9.17% wall=   1.3m speed=     661x eta=  19.8m admitted=190005 completed=189949 running=10 waiting=46 waiting_min/max=8/50 queue_p99[prefill=45.0,decode=0.0] queue_now[prefill=46,decode=0] active_sessions=292 output=1626.9 tok/s interval_ttft_q0.950=69.584s
  sim=  0.96d   9.58% wall=   1.4m speed=     602x eta=  21.6m admitted=199683 completed=199626 running=17 waiting=40 waiting_min/max=28/63 queue_p99[prefill=57.1,decode=0.0] queue_now[prefill=40,decode=0] active_sessions=310 output=1656.5 tok/s interval_ttft_q0.950=86.714s
  sim=  1.00d  10.00% wall=   1.6m speed=     565x eta=  22.9m admitted=210403 completed=210342 running=16 waiting=45 waiting_min/max=18/60 queue_p99[prefill=57.0,decode=0.0] queue_now[prefill=45,decode=0] active_sessions=316 output=1941.2 tok/s interval_ttft_q0.950=86.142s
  sim=  1.04d  10.42% wall=   1.7m speed=     563x eta=  22.9m admitted=220023 completed=219954 running=12 waiting=56 waiting_min/max=26/61 queue_p99[prefill=56.0,decode=0.0] queue_now[prefill=56,decode=0] active_sessions=327 output=1499.5 tok/s interval_ttft_q0.950=82.915s
  sim=  1.08d  10.83% wall=   1.8m speed=     562x eta=  22.8m admitted=229773 completed=229692 running=5 waiting=76 waiting_min/max=43/86 queue_p99[prefill=77.0,decode=0.1] queue_now[prefill=76,decode=0] active_sessions=361 output=1491.9 tok/s interval_ttft_q0.950=117.763s
  sim=  1.13d  11.25% wall=   1.9m speed=     562x eta=  22.7m admitted=238978 completed=238911 running=6 waiting=61 waiting_min/max=49/96 queue_p99[prefill=91.0,decode=0.0] queue_now[prefill=61,decode=0] active_sessions=351 output=1502.8 tok/s interval_ttft_q0.950=138.777s
  sim=  1.17d  11.67% wall=   2.0m speed=     532x eta=  23.9m admitted=248518 completed=248445 running=8 waiting=65 waiting_min/max=49/95 queue_p99[prefill=90.0,decode=0.0] queue_now[prefill=65,decode=0] active_sessions=360 output=1615.2 tok/s interval_ttft_q0.950=142.483s
  sim=  1.21d  12.08% wall=   2.1m speed=     494x eta=  25.6m admitted=260022 completed=259938 running=17 waiting=67 waiting_min/max=47/93 queue_p99[prefill=87.0,decode=0.0] queue_now[prefill=67,decode=0] active_sessions=373 output=1642.1 tok/s interval_ttft_q0.950=141.418s
  sim=  1.25d  12.50% wall=   2.2m speed=     489x eta=  25.8m admitted=270271 completed=270187 running=10 waiting=74 waiting_min/max=51/86 queue_p99[prefill=82.0,decode=0.0] queue_now[prefill=74,decode=0] active_sessions=383 output=1621.7 tok/s interval_ttft_q0.950=122.477s
  sim=  1.29d  12.92% wall=   2.4m speed=     466x eta=  26.9m admitted=280644 completed=280552 running=12 waiting=78 waiting_min/max=66/96 queue_p99[prefill=91.0,decode=0.0] queue_now[prefill=78,decode=0] active_sessions=395 output=1629.6 tok/s interval_ttft_q0.950=139.005s
  sim=  1.33d  13.33% wall=   2.5m speed=     440x eta=  28.3m admitted=292459 completed=292341 running=19 waiting=99 waiting_min/max=70/105 queue_p99[prefill=99.0,decode=0.0] queue_now[prefill=99,decode=0] active_sessions=418 output=1794.5 tok/s interval_ttft_q0.950=178.488s
  sim=  1.38d  13.75% wall=   2.6m speed=     448x eta=  27.7m admitted=302373 completed=302223 running=15 waiting=135 waiting_min/max=82/147 queue_p99[prefill=142.0,decode=1.0] queue_now[prefill=135,decode=0] active_sessions=451 output=1797.9 tok/s interval_ttft_q0.950=218.335s
  EARLY STOP: ConsecutiveQueueGrowth { epochs: 6, start_waiting: 61, end_waiting: 135 }
