starting 10.000-day run: lambda/rank=0.020000, lambda/node=0.160000, progress every 3600 simulated seconds
  sim=  0.04d   0.42% wall=   2.5s speed=    1504x eta=   9.5m admitted=13163 completed=13132 running=31 waiting=0 active_sessions=151 output=2106.9 tok/s interval_p99_ttft=1.180s
  sim=  0.08d   0.83% wall=   5.9s speed=    1074x eta=  13.3m admitted=32436 completed=32405 running=31 waiting=0 active_sessions=218 output=3127.6 tok/s interval_p99_ttft=3.040s
  sim=  0.13d   1.25% wall=   9.7s speed=     943x eta=  15.1m admitted=52506 completed=52442 running=24 waiting=39 active_sessions=302 output=3217.1 tok/s interval_p99_ttft=58.546s
  sim=  0.17d   1.67% wall=  13.7s speed=     887x eta=  16.0m admitted=73216 completed=73080 running=24 waiting=112 active_sessions=399 output=3110.0 tok/s interval_p99_ttft=131.851s
  sim=  0.21d   2.08% wall=  17.7s speed=     912x eta=  15.5m admitted=89385 completed=89074 running=19 waiting=291 active_sessions=548 output=2505.1 tok/s interval_p99_ttft=258.871s
  sim=  0.25d   2.50% wall=  21.3s speed=     981x eta=  14.3m admitted=99765 completed=99158 running=15 waiting=591 active_sessions=809 output=1619.3 tok/s interval_p99_ttft=396.008s
  sim=  0.29d   2.92% wall=  25.0s speed=     995x eta=  14.1m admitted=108340 completed=107416 running=17 waiting=906 active_sessions=1112 output=1302.4 tok/s interval_p99_ttft=473.947s
  sim=  0.33d   3.33% wall=  28.8s speed=     950x eta=  14.7m admitted=117561 completed=116386 running=12 waiting=1161 active_sessions=1382 output=1427.1 tok/s interval_p99_ttft=550.944s
  sim=  0.38d   3.75% wall=  32.9s speed=     873x eta=  15.9m admitted=126799 completed=125420 running=18 waiting=1360 active_sessions=1584 output=1494.0 tok/s interval_p99_ttft=632.512s
  sim=  0.42d   4.17% wall=  37.3s speed=     823x eta=  16.8m admitted=136126 completed=134472 running=12 waiting=1641 active_sessions=1855 output=1529.7 tok/s interval_p99_ttft=727.474s
  sim=  0.46d   4.58% wall=  41.6s speed=     829x eta=  16.6m admitted=145520 completed=143639 running=16 waiting=1865 active_sessions=2091 output=1574.1 tok/s interval_p99_ttft=811.818s
  sim=  0.50d   5.00% wall=  46.4s speed=     749x eta=  18.3m admitted=155042 completed=152880 running=17 waiting=2145 active_sessions=2355 output=1523.5 tok/s interval_p99_ttft=932.817s
  sim=  0.54d   5.42% wall=  51.1s speed=     762x eta=  17.9m admitted=164625 completed=162280 running=15 waiting=2330 active_sessions=2564 output=1547.9 tok/s interval_p99_ttft=1007.603s
  sim=  0.58d   5.83% wall=  56.4s speed=     678x eta=  20.0m admitted=174357 completed=171753 running=23 waiting=2581 active_sessions=2835 output=1561.0 tok/s interval_p99_ttft=1123.288s
  sim=  0.63d   6.25% wall=   1.0m speed=     693x eta=  19.5m admitted=184053 completed=181190 running=19 waiting=2844 active_sessions=3083 output=1612.6 tok/s interval_p99_ttft=1193.099s
  sim=  0.67d   6.67% wall=   1.1m speed=     645x eta=  20.8m admitted=193726 completed=190658 running=15 waiting=3052 active_sessions=3286 output=1632.7 tok/s interval_p99_ttft=1257.287s
  sim=  0.71d   7.08% wall=   1.2m speed=     642x eta=  20.9m admitted=203362 completed=200111 running=17 waiting=3233 active_sessions=3489 output=1603.8 tok/s interval_p99_ttft=1345.029s
  sim=  0.75d   7.50% wall=   1.3m speed=     621x eta=  21.4m admitted=213062 completed=209539 running=13 waiting=3508 active_sessions=3749 output=1569.2 tok/s interval_p99_ttft=1466.028s
  sim=  0.79d   7.92% wall=   1.4m speed=     567x eta=  23.4m admitted=222715 completed=218949 running=20 waiting=3746 active_sessions=3984 output=1586.9 tok/s interval_p99_ttft=1536.032s
  sim=  0.83d   8.33% wall=   1.5m speed=     577x eta=  22.9m admitted=232466 completed=228482 running=25 waiting=3958 active_sessions=4228 output=1582.3 tok/s interval_p99_ttft=1598.920s
  sim=  0.88d   8.75% wall=   1.6m speed=     532x eta=  24.7m admitted=242222 completed=237958 running=19 waiting=4244 active_sessions=4502 output=1598.8 tok/s interval_p99_ttft=1773.442s
  sim=  0.92d   9.17% wall=   1.7m speed=     527x eta=  24.8m admitted=251872 completed=247374 running=22 waiting=4475 active_sessions=4743 output=1550.4 tok/s interval_p99_ttft=1865.073s
  sim=  0.96d   9.58% wall=   1.9m speed=     521x eta=  25.0m admitted=261535 completed=256747 running=17 waiting=4771 active_sessions=5024 output=1536.6 tok/s interval_p99_ttft=1973.950s
  sim=  1.00d  10.00% wall=   2.0m speed=     493x eta=  26.3m admitted=271163 completed=266110 running=18 waiting=5033 active_sessions=5305 output=1610.8 tok/s interval_p99_ttft=2109.589s
  sim=  1.04d  10.42% wall=   2.1m speed=     490x eta=  26.3m admitted=280766 completed=275457 running=20 waiting=5288 active_sessions=5527 output=1574.6 tok/s interval_p99_ttft=2193.485s
  sim=  1.08d  10.83% wall=   2.2m speed=     466x eta=  27.6m admitted=290318 completed=284813 running=16 waiting=5489 active_sessions=5741 output=1609.8 tok/s interval_p99_ttft=2282.233s
  sim=  1.13d  11.25% wall=   2.4m speed=     442x eta=  28.9m admitted=299935 completed=294208 running=21 waiting=5706 active_sessions=5971 output=1618.0 tok/s interval_p99_ttft=2329.954s
  sim=  1.17d  11.67% wall=   2.5m speed=     452x eta=  28.2m admitted=309582 completed=303608 running=17 waiting=5956 active_sessions=6203 output=1601.6 tok/s interval_p99_ttft=2386.576s
  sim=  1.21d  12.08% wall=   2.6m speed=     425x eta=  29.8m admitted=319232 completed=312982 running=21 waiting=6228 active_sessions=6470 output=1654.5 tok/s interval_p99_ttft=2496.731s
  sim=  1.25d  12.50% wall=   2.8m speed=     421x eta=  29.9m admitted=328836 completed=322378 running=12 waiting=6445 active_sessions=6683 output=1593.3 tok/s interval_p99_ttft=2619.567s
  sim=  1.29d  12.92% wall=   2.9m speed=     417x eta=  30.1m admitted=338514 completed=331801 running=22 waiting=6690 active_sessions=6937 output=1588.5 tok/s interval_p99_ttft=2695.318s
  sim=  1.33d  13.33% wall=   3.1m speed=     391x eta=  31.9m admitted=348256 completed=341356 running=21 waiting=6878 active_sessions=7164 output=1584.8 tok/s interval_p99_ttft=2740.264s
  sim=  1.38d  13.75% wall=   3.3m speed=     356x eta=  34.9m admitted=358028 completed=350868 running=13 waiting=7146 active_sessions=7405 output=1602.9 tok/s interval_p99_ttft=2845.190s
  sim=  1.42d  14.17% wall=   3.4m speed=     349x eta=  35.4m admitted=367773 completed=360314 running=18 waiting=7440 active_sessions=7709 output=1596.4 tok/s interval_p99_ttft=2936.497s
  sim=  1.46d  14.58% wall=   3.6m speed=     369x eta=  33.3m admitted=377528 completed=369875 running=23 waiting=7628 active_sessions=7912 output=1585.5 tok/s interval_p99_ttft=3057.964s
  sim=  1.50d  15.00% wall=   3.8m speed=     307x eta=  39.8m admitted=387395 completed=379428 running=22 waiting=7945 active_sessions=8218 output=1521.6 tok/s interval_p99_ttft=3155.863s
  sim=  1.54d  15.42% wall=   4.0m speed=     344x eta=  35.4m admitted=397163 completed=388966 running=14 waiting=8183 active_sessions=8459 output=1553.5 tok/s interval_p99_ttft=3224.271s
  sim=  1.58d  15.83% wall=   4.1m speed=     313x eta=  38.7m admitted=406858 completed=398427 running=23 waiting=8408 active_sessions=8702 output=1602.0 tok/s interval_p99_ttft=3303.335s
  sim=  1.63d  16.25% wall=   4.3m speed=     299x eta=  40.3m admitted=416610 completed=407929 running=13 waiting=8667 active_sessions=8926 output=1606.7 tok/s interval_p99_ttft=3387.648s
  sim=  1.67d  16.67% wall=   4.5m speed=     327x eta=  36.7m admitted=426381 completed=417465 running=13 waiting=8903 active_sessions=9171 output=1571.7 tok/s interval_p99_ttft=3445.470s
  sim=  1.71d  17.08% wall=   4.7m speed=     287x eta=  41.6m admitted=436155 completed=426974 running=16 waiting=9165 active_sessions=9443 output=1560.7 tok/s interval_p99_ttft=3541.416s
  sim=  1.75d  17.50% wall=   5.0m speed=     283x eta=  42.0m admitted=446031 completed=436558 running=18 waiting=9454 active_sessions=9734 output=1583.8 tok/s interval_p99_ttft=3630.743s
  sim=  1.79d  17.92% wall=   5.2m speed=     266x eta=  44.4m admitted=455932 completed=446186 running=15 waiting=9730 active_sessions=10007 output=1582.9 tok/s interval_p99_ttft=3690.819s
  sim=  1.83d  18.33% wall=   5.4m speed=     296x eta=  39.7m admitted=465778 completed=455798 running=19 waiting=9961 active_sessions=10233 output=1589.6 tok/s interval_p99_ttft=3814.286s
  sim=  1.88d  18.75% wall=   5.6m speed=     234x eta=  50.0m admitted=475666 completed=465408 running=17 waiting=10239 active_sessions=10530 output=1586.7 tok/s interval_p99_ttft=3861.503s
  sim=  1.92d  19.17% wall=   5.9m speed=     271x eta=  43.0m admitted=485511 completed=475058 running=17 waiting=10435 active_sessions=10719 output=1593.8 tok/s interval_p99_ttft=3975.425s
  sim=  1.96d  19.58% wall=   6.1m speed=     250x eta=  46.4m admitted=495333 completed=484620 running=20 waiting=10693 active_sessions=10971 output=1566.5 tok/s interval_p99_ttft=4087.315s
  sim=  2.00d  20.00% wall=   6.3m speed=     260x eta=  44.3m admitted=505164 completed=494231 running=24 waiting=10909 active_sessions=11218 output=1573.1 tok/s interval_p99_ttft=4181.645s
  sim=  2.04d  20.42% wall=   6.6m speed=     249x eta=  46.0m admitted=515014 completed=503858 running=16 waiting=11139 active_sessions=11430 output=1587.0 tok/s interval_p99_ttft=4232.482s
  sim=  2.08d  20.83% wall=   6.8m speed=     239x eta=  47.6m admitted=524864 completed=513444 running=19 waiting=11401 active_sessions=11692 output=1556.7 tok/s interval_p99_ttft=4349.147s
  sim=  2.13d  21.25% wall=   7.1m speed=     257x eta=  44.1m admitted=534674 completed=523019 running=14 waiting=11638 active_sessions=11946 output=1666.2 tok/s interval_p99_ttft=4447.158s
  sim=  2.17d  21.67% wall=   7.3m speed=     234x eta=  48.2m admitted=544527 completed=532606 running=12 waiting=11909 active_sessions=12188 output=1615.6 tok/s interval_p99_ttft=4516.714s
  sim=  2.21d  22.08% wall=   7.6m speed=     247x eta=  45.5m admitted=554361 completed=542217 running=22 waiting=12121 active_sessions=12427 output=1637.2 tok/s interval_p99_ttft=4625.117s
  sim=  2.25d  22.50% wall=   7.8m speed=     242x eta=  46.2m admitted=564275 completed=551844 running=18 waiting=12411 active_sessions=12712 output=1601.4 tok/s interval_p99_ttft=4734.839s
  sim=  2.29d  22.92% wall=   8.1m speed=     239x eta=  46.5m admitted=574178 completed=561512 running=14 waiting=12651 active_sessions=12950 output=1650.8 tok/s interval_p99_ttft=4869.814s
  sim=  2.33d  23.33% wall=   8.3m speed=     241x eta=  45.7m admitted=583935 completed=571060 running=20 waiting=12855 active_sessions=13176 output=1689.7 tok/s interval_p99_ttft=4941.831s
  sim=  2.38d  23.75% wall=   8.6m speed=     232x eta=  47.4m admitted=593816 completed=580676 running=13 waiting=13126 active_sessions=13413 output=1660.3 tok/s interval_p99_ttft=4998.888s
  sim=  2.42d  24.17% wall=   8.8m speed=     214x eta=  50.9m admitted=603716 completed=590307 running=12 waiting=13396 active_sessions=13696 output=1595.0 tok/s interval_p99_ttft=5138.266s
