starting 10.000-day run: lambda/rank=0.005625, lambda/node=0.045000, progress every 3600 simulated seconds, stop at waiting 1000, 6 consecutive growing epochs
  sim=  0.04d   0.42% wall=   1.5s speed=    2550x eta=   5.6m admitted=4013 completed=4009 running=4 waiting=0 waiting_min/max=0/2 queue_p99[prefill=0.0,decode=0.0] queue_now[prefill=0,decode=0] active_sessions=40 output=629.0 tok/s interval_ttft_q0.950=0.188s
  sim=  0.08d   0.83% wall=   3.4s speed=    1919x eta=   7.4m admitted=9527 completed=9526 running=1 waiting=0 waiting_min/max=0/1 queue_p99[prefill=1.0,decode=0.0] queue_now[prefill=0,decode=0] active_sessions=53 output=981.0 tok/s interval_ttft_q0.950=0.600s
  sim=  0.13d   1.25% wall=   5.4s speed=    1782x eta=   8.0m admitted=15285 completed=15279 running=6 waiting=0 waiting_min/max=0/2 queue_p99[prefill=0.0,decode=0.0] queue_now[prefill=0,decode=0] active_sessions=88 output=956.3 tok/s interval_ttft_q0.950=0.171s
  sim=  0.17d   1.67% wall=   7.8s speed=    1484x eta=   9.5m admitted=22711 completed=22706 running=5 waiting=0 waiting_min/max=0/4 queue_p99[prefill=1.0,decode=0.0] queue_now[prefill=0,decode=0] active_sessions=97 output=1124.6 tok/s interval_ttft_q0.950=0.189s
  sim=  0.21d   2.08% wall=  10.2s speed=    1541x eta=   9.1m admitted=29245 completed=29235 running=10 waiting=0 waiting_min/max=0/3 queue_p99[prefill=1.0,decode=0.0] queue_now[prefill=0,decode=0] active_sessions=90 output=1128.4 tok/s interval_ttft_q0.950=0.378s
  sim=  0.25d   2.50% wall=  12.8s speed=    1386x eta=  10.1m admitted=37133 completed=37130 running=2 waiting=0 waiting_min/max=0/2 queue_p99[prefill=1.0,decode=0.0] queue_now[prefill=0,decode=0] active_sessions=102 output=1223.4 tok/s interval_ttft_q0.950=0.342s
  sim=  0.29d   2.92% wall=  15.4s speed=    1354x eta=  10.3m admitted=44568 completed=44564 running=4 waiting=0 waiting_min/max=0/4 queue_p99[prefill=1.0,decode=0.0] queue_now[prefill=0,decode=0] active_sessions=120 output=1152.1 tok/s interval_ttft_q0.950=0.197s
  sim=  0.33d   3.33% wall=  18.1s speed=    1335x eta=  10.4m admitted=51672 completed=51665 running=7 waiting=0 waiting_min/max=0/3 queue_p99[prefill=1.0,decode=0.0] queue_now[prefill=0,decode=0] active_sessions=129 output=1147.2 tok/s interval_ttft_q0.950=0.202s
  sim=  0.38d   3.75% wall=  21.0s speed=    1244x eta=  11.1m admitted=59081 completed=59073 running=7 waiting=0 waiting_min/max=0/4 queue_p99[prefill=1.0,decode=0.0] queue_now[prefill=0,decode=0] active_sessions=137 output=1201.2 tok/s interval_ttft_q0.950=0.206s
  sim=  0.42d   4.17% wall=  24.0s speed=    1222x eta=  11.3m admitted=66331 completed=66324 running=7 waiting=0 waiting_min/max=0/3 queue_p99[prefill=1.0,decode=0.0] queue_now[prefill=0,decode=0] active_sessions=142 output=1147.9 tok/s interval_ttft_q0.950=0.297s
  sim=  0.46d   4.58% wall=  27.2s speed=    1121x eta=  12.3m admitted=74484 completed=74477 running=7 waiting=0 waiting_min/max=0/3 queue_p99[prefill=1.0,decode=0.0] queue_now[prefill=0,decode=0] active_sessions=151 output=1184.4 tok/s interval_ttft_q0.950=0.560s
  sim=  0.50d   5.00% wall=  30.5s speed=    1093x eta=  12.5m admitted=82527 completed=82520 running=7 waiting=0 waiting_min/max=0/6 queue_p99[prefill=1.0,decode=0.0] queue_now[prefill=0,decode=0] active_sessions=180 output=1111.4 tok/s interval_ttft_q0.950=0.245s
  sim=  0.54d   5.42% wall=  34.0s speed=    1034x eta=  13.2m admitted=90348 completed=90339 running=9 waiting=0 waiting_min/max=0/8 queue_p99[prefill=4.0,decode=2.0] queue_now[prefill=0,decode=0] active_sessions=192 output=1180.1 tok/s interval_ttft_q0.950=0.610s
  sim=  0.58d   5.83% wall=  38.0s speed=     898x eta=  15.1m admitted=99364 completed=99350 running=13 waiting=1 waiting_min/max=0/4 queue_p99[prefill=2.0,decode=0.0] queue_now[prefill=0,decode=1] active_sessions=195 output=1575.6 tok/s interval_ttft_q0.950=0.551s
  sim=  0.63d   6.25% wall=  41.8s speed=     937x eta=  14.4m admitted=107287 completed=107281 running=6 waiting=0 waiting_min/max=0/6 queue_p99[prefill=2.0,decode=1.0] queue_now[prefill=0,decode=0] active_sessions=191 output=1307.7 tok/s interval_ttft_q0.950=0.417s
  sim=  0.67d   6.67% wall=  45.8s speed=     908x eta=  14.8m admitted=115320 completed=115313 running=7 waiting=0 waiting_min/max=0/6 queue_p99[prefill=4.0,decode=1.0] queue_now[prefill=0,decode=0] active_sessions=194 output=1263.8 tok/s interval_ttft_q0.950=0.910s
  sim=  0.71d   7.08% wall=  49.8s speed=     888x eta=  15.1m admitted=123547 completed=123543 running=4 waiting=0 waiting_min/max=0/5 queue_p99[prefill=3.0,decode=0.0] queue_now[prefill=0,decode=0] active_sessions=202 output=1383.6 tok/s interval_ttft_q0.950=0.715s
  sim=  0.75d   7.50% wall=  54.1s speed=     837x eta=  15.9m admitted=132612 completed=132608 running=4 waiting=0 waiting_min/max=0/6 queue_p99[prefill=4.0,decode=0.0] queue_now[prefill=0,decode=0] active_sessions=222 output=1474.8 tok/s interval_ttft_q0.950=0.440s
  sim=  0.79d   7.92% wall=  59.1s speed=     730x eta=  18.2m admitted=143090 completed=143084 running=6 waiting=0 waiting_min/max=0/11 queue_p99[prefill=6.0,decode=0.0] queue_now[prefill=0,decode=0] active_sessions=229 output=1583.3 tok/s interval_ttft_q0.950=2.108s
  sim=  0.83d   8.33% wall=   1.1m speed=     739x eta=  17.9m admitted=152558 completed=152543 running=13 waiting=2 waiting_min/max=0/23 queue_p99[prefill=19.0,decode=2.0] queue_now[prefill=2,decode=0] active_sessions=244 output=1578.0 tok/s interval_ttft_q0.950=17.294s
  sim=  0.88d   8.75% wall=   1.2m speed=     710x eta=  18.5m admitted=162520 completed=162486 running=7 waiting=27 waiting_min/max=0/34 queue_p99[prefill=30.1,decode=0.0] queue_now[prefill=27,decode=0] active_sessions=254 output=1619.5 tok/s interval_ttft_q0.950=51.651s
  sim=  0.92d   9.17% wall=   1.2m speed=     668x eta=  19.6m admitted=173873 completed=173864 running=9 waiting=0 waiting_min/max=0/27 queue_p99[prefill=22.0,decode=1.0] queue_now[prefill=0,decode=0] active_sessions=252 output=1699.1 tok/s interval_ttft_q0.950=3.907s
  sim=  0.96d   9.58% wall=   1.3m speed=     653x eta=  19.9m admitted=184363 completed=184351 running=11 waiting=0 waiting_min/max=0/13 queue_p99[prefill=7.0,decode=0.0] queue_now[prefill=0,decode=0] active_sessions=263 output=1684.9 tok/s interval_ttft_q0.950=2.258s
  sim=  1.00d  10.00% wall=   1.4m speed=     638x eta=  20.3m admitted=194085 completed=194081 running=4 waiting=0 waiting_min/max=0/18 queue_p99[prefill=10.0,decode=6.0] queue_now[prefill=0,decode=0] active_sessions=262 output=1651.4 tok/s interval_ttft_q0.950=3.306s
  sim=  1.04d  10.42% wall=   1.5m speed=     609x eta=  21.2m admitted=204449 completed=204441 running=8 waiting=0 waiting_min/max=0/11 queue_p99[prefill=5.0,decode=0.0] queue_now[prefill=0,decode=0] active_sessions=267 output=1836.8 tok/s interval_ttft_q0.950=2.322s
  sim=  1.08d  10.83% wall=   1.6m speed=     599x eta=  21.4m admitted=214488 completed=214471 running=17 waiting=0 waiting_min/max=0/13 queue_p99[prefill=9.0,decode=0.0] queue_now[prefill=0,decode=0] active_sessions=281 output=1808.4 tok/s interval_ttft_q0.950=3.050s
  sim=  1.13d  11.25% wall=   1.7m speed=     597x eta=  21.4m admitted=224573 completed=224564 running=8 waiting=0 waiting_min/max=0/11 queue_p99[prefill=4.0,decode=2.0] queue_now[prefill=0,decode=0] active_sessions=281 output=1657.6 tok/s interval_ttft_q0.950=1.781s
  sim=  1.17d  11.67% wall=   1.8m speed=     573x eta=  22.2m admitted=234770 completed=234753 running=17 waiting=0 waiting_min/max=0/12 queue_p99[prefill=9.0,decode=0.0] queue_now[prefill=0,decode=0] active_sessions=293 output=1526.0 tok/s interval_ttft_q0.950=3.245s
  sim=  1.21d  12.08% wall=   1.9m speed=     555x eta=  22.8m admitted=244834 completed=244814 running=10 waiting=10 waiting_min/max=0/21 queue_p99[prefill=18.0,decode=0.0] queue_now[prefill=10,decode=0] active_sessions=312 output=1653.9 tok/s interval_ttft_q0.950=7.126s
  sim=  1.25d  12.50% wall=   2.0m speed=     559x eta=  22.6m admitted=253465 completed=253447 running=17 waiting=0 waiting_min/max=0/43 queue_p99[prefill=39.0,decode=0.0] queue_now[prefill=0,decode=0] active_sessions=305 output=1429.8 tok/s interval_ttft_q0.950=58.053s
  sim=  1.29d  12.92% wall=   2.2m speed=     505x eta=  24.8m admitted=264073 completed=264059 running=8 waiting=6 waiting_min/max=0/23 queue_p99[prefill=17.0,decode=6.0] queue_now[prefill=6,decode=0] active_sessions=303 output=1795.0 tok/s interval_ttft_q0.950=17.985s
  sim=  1.33d  13.33% wall=   2.3m speed=     494x eta=  25.3m admitted=275545 completed=275527 running=16 waiting=2 waiting_min/max=0/20 queue_p99[prefill=17.0,decode=0.0] queue_now[prefill=2,decode=0] active_sessions=310 output=1642.9 tok/s interval_ttft_q0.950=7.722s
  sim=  1.38d  13.75% wall=   2.4m speed=     487x eta=  25.5m admitted=286747 completed=286739 running=8 waiting=0 waiting_min/max=0/12 queue_p99[prefill=6.0,decode=1.0] queue_now[prefill=0,decode=0] active_sessions=313 output=1683.2 tok/s interval_ttft_q0.950=1.852s
  sim=  1.42d  14.17% wall=   2.5m speed=     479x eta=  25.8m admitted=297549 completed=297541 running=8 waiting=0 waiting_min/max=0/12 queue_p99[prefill=6.0,decode=0.0] queue_now[prefill=0,decode=0] active_sessions=325 output=1571.9 tok/s interval_ttft_q0.950=1.384s
  sim=  1.46d  14.58% wall=   2.7m speed=     433x eta=  28.4m admitted=309791 completed=309776 running=12 waiting=3 waiting_min/max=0/9 queue_p99[prefill=5.0,decode=1.0] queue_now[prefill=3,decode=0] active_sessions=331 output=1758.2 tok/s interval_ttft_q0.950=1.611s
  sim=  1.50d  15.00% wall=   2.8m speed=     418x eta=  29.3m admitted=320999 completed=320983 running=15 waiting=0 waiting_min/max=0/13 queue_p99[prefill=7.0,decode=3.0] queue_now[prefill=0,decode=0] active_sessions=339 output=2077.1 tok/s interval_ttft_q0.950=3.465s
  sim=  1.54d  15.42% wall=   3.0m speed=     440x eta=  27.7m admitted=331680 completed=331664 running=14 waiting=1 waiting_min/max=0/10 queue_p99[prefill=5.0,decode=0.0] queue_now[prefill=1,decode=0] active_sessions=349 output=1860.3 tok/s interval_ttft_q0.950=1.997s
  sim=  1.58d  15.83% wall=   3.1m speed=     414x eta=  29.3m admitted=343068 completed=343057 running=10 waiting=0 waiting_min/max=0/11 queue_p99[prefill=7.0,decode=0.0] queue_now[prefill=0,decode=0] active_sessions=341 output=1716.0 tok/s interval_ttft_q0.950=3.137s
  sim=  1.63d  16.25% wall=   3.2m speed=     395x eta=  30.5m admitted=354592 completed=354578 running=14 waiting=0 waiting_min/max=0/21 queue_p99[prefill=17.0,decode=1.0] queue_now[prefill=0,decode=0] active_sessions=350 output=1710.7 tok/s interval_ttft_q0.950=7.535s
  sim=  1.67d  16.67% wall=   3.4m speed=     402x eta=  29.9m admitted=365288 completed=365269 running=18 waiting=1 waiting_min/max=0/12 queue_p99[prefill=8.0,decode=1.0] queue_now[prefill=1,decode=0] active_sessions=361 output=1622.3 tok/s interval_ttft_q0.950=3.731s
  sim=  1.71d  17.08% wall=   3.6m speed=     382x eta=  31.3m admitted=377500 completed=377486 running=12 waiting=1 waiting_min/max=0/11 queue_p99[prefill=5.0,decode=0.1] queue_now[prefill=1,decode=0] active_sessions=359 output=1888.9 tok/s interval_ttft_q0.950=2.238s
  sim=  1.75d  17.50% wall=   3.7m speed=     353x eta=  33.7m admitted=390482 completed=390461 running=21 waiting=0 waiting_min/max=0/16 queue_p99[prefill=12.0,decode=2.0] queue_now[prefill=0,decode=0] active_sessions=370 output=2026.3 tok/s interval_ttft_q0.950=5.420s
  sim=  1.79d  17.92% wall=   3.9m speed=     356x eta=  33.2m admitted=402906 completed=402895 running=11 waiting=0 waiting_min/max=0/18 queue_p99[prefill=13.0,decode=1.0] queue_now[prefill=0,decode=0] active_sessions=366 output=1913.6 tok/s interval_ttft_q0.950=5.865s
  sim=  1.83d  18.33% wall=   4.0m speed=     386x eta=  30.5m admitted=412689 completed=412667 running=22 waiting=0 waiting_min/max=0/15 queue_p99[prefill=9.0,decode=0.0] queue_now[prefill=0,decode=0] active_sessions=365 output=1704.3 tok/s interval_ttft_q0.950=4.741s
  sim=  1.88d  18.75% wall=   4.2m speed=     354x eta=  33.0m admitted=422704 completed=422676 running=9 waiting=19 waiting_min/max=0/27 queue_p99[prefill=23.0,decode=1.0] queue_now[prefill=19,decode=0] active_sessions=360 output=1769.7 tok/s interval_ttft_q0.950=8.853s
  sim=  1.92d  19.17% wall=   4.4m speed=     358x eta=  32.5m admitted=433265 completed=433248 running=12 waiting=5 waiting_min/max=0/28 queue_p99[prefill=26.0,decode=0.1] queue_now[prefill=5,decode=0] active_sessions=363 output=1709.7 tok/s interval_ttft_q0.950=33.412s
  sim=  1.96d  19.58% wall=   4.5m speed=     383x eta=  30.2m admitted=443216 completed=443201 running=14 waiting=1 waiting_min/max=0/16 queue_p99[prefill=12.0,decode=0.0] queue_now[prefill=1,decode=0] active_sessions=363 output=1737.8 tok/s interval_ttft_q0.950=6.796s
  sim=  2.00d  20.00% wall=   4.7m speed=     368x eta=  31.3m admitted=453854 completed=453844 running=10 waiting=0 waiting_min/max=0/11 queue_p99[prefill=7.1,decode=0.0] queue_now[prefill=0,decode=0] active_sessions=362 output=1808.4 tok/s interval_ttft_q0.950=2.874s
  sim=  2.04d  20.42% wall=   4.9m speed=     314x eta=  36.5m admitted=465313 completed=465292 running=14 waiting=5 waiting_min/max=0/17 queue_p99[prefill=10.1,decode=0.0] queue_now[prefill=5,decode=0] active_sessions=364 output=1931.5 tok/s interval_ttft_q0.950=2.870s
  sim=  2.08d  20.83% wall=   5.1m speed=     381x eta=  29.9m admitted=474311 completed=474295 running=13 waiting=3 waiting_min/max=0/16 queue_p99[prefill=12.1,decode=1.0] queue_now[prefill=3,decode=0] active_sessions=369 output=1465.1 tok/s interval_ttft_q0.950=4.140s
