starting 10.000-day run: lambda/rank=0.002000, lambda/node=0.016000, progress every 3600 simulated seconds, stop at waiting 1000, 6 consecutive growing epochs, or a completed-request interval p99 TTFT breach
  sim=  0.04d   0.42% wall=   0.9s speed=    4534x eta=   3.2m admitted=1707 completed=1705 running=2 waiting=0 waiting_min/max=0/0 queue_p99[prefill=0.0,decode=0.0] queue_now[prefill=0,decode=0] active_sessions=18 output=267.0 tok/s interval_p99_ttft=0.284s
  sim=  0.08d   0.83% wall=   1.8s speed=    4086x eta=   3.5m admitted=3639 completed=3638 running=1 waiting=0 waiting_min/max=0/1 queue_p99[prefill=0.0,decode=0.0] queue_now[prefill=0,decode=0] active_sessions=25 output=280.1 tok/s interval_p99_ttft=0.268s
  sim=  0.13d   1.25% wall=   3.1s speed=    2768x eta=   5.1m admitted=6399 completed=6396 running=3 waiting=0 waiting_min/max=0/1 queue_p99[prefill=0.0,decode=0.0] queue_now[prefill=0,decode=0] active_sessions=29 output=486.3 tok/s interval_p99_ttft=0.980s
  sim=  0.17d   1.67% wall=   4.2s speed=    3208x eta=   4.4m admitted=8680 completed=8678 running=2 waiting=0 waiting_min/max=0/1 queue_p99[prefill=0.0,decode=0.0] queue_now[prefill=0,decode=0] active_sessions=37 output=371.3 tok/s interval_p99_ttft=1.038s
  sim=  0.21d   2.08% wall=   5.3s speed=    3364x eta=   4.2m admitted=10649 completed=10646 running=3 waiting=0 waiting_min/max=0/1 queue_p99[prefill=0.0,decode=0.0] queue_now[prefill=0,decode=0] active_sessions=38 output=353.4 tok/s interval_p99_ttft=0.298s
  sim=  0.25d   2.50% wall=   6.6s speed=    2770x eta=   5.1m admitted=12956 completed=12955 running=1 waiting=0 waiting_min/max=0/1 queue_p99[prefill=0.0,decode=0.0] queue_now[prefill=0,decode=0] active_sessions=34 output=441.7 tok/s interval_p99_ttft=0.276s
  sim=  0.29d   2.92% wall=   8.0s speed=    2515x eta=   5.6m admitted=15708 completed=15707 running=1 waiting=0 waiting_min/max=0/1 queue_p99[prefill=0.0,decode=0.0] queue_now[prefill=0,decode=0] active_sessions=39 output=442.0 tok/s interval_p99_ttft=0.307s
  sim=  0.33d   3.33% wall=   9.5s speed=    2439x eta=   5.7m admitted=18411 completed=18410 running=1 waiting=0 waiting_min/max=0/0 queue_p99[prefill=0.0,decode=0.0] queue_now[prefill=0,decode=0] active_sessions=43 output=441.7 tok/s interval_p99_ttft=0.273s
  sim=  0.38d   3.75% wall=  11.0s speed=    2383x eta=   5.8m admitted=21500 completed=21497 running=3 waiting=0 waiting_min/max=0/1 queue_p99[prefill=0.0,decode=0.0] queue_now[prefill=0,decode=0] active_sessions=46 output=479.1 tok/s interval_p99_ttft=0.292s
  sim=  0.42d   4.17% wall=  12.5s speed=    2409x eta=   5.7m admitted=24052 completed=24051 running=1 waiting=0 waiting_min/max=0/0 queue_p99[prefill=0.0,decode=0.0] queue_now[prefill=0,decode=0] active_sessions=53 output=438.6 tok/s interval_p99_ttft=0.305s
  sim=  0.46d   4.58% wall=  14.0s speed=    2393x eta=   5.7m admitted=27032 completed=27031 running=1 waiting=0 waiting_min/max=0/1 queue_p99[prefill=0.0,decode=0.0] queue_now[prefill=0,decode=0] active_sessions=60 output=424.9 tok/s interval_p99_ttft=0.279s
  sim=  0.50d   5.00% wall=  15.3s speed=    2682x eta=   5.1m admitted=29683 completed=29682 running=1 waiting=0 waiting_min/max=0/1 queue_p99[prefill=0.0,decode=0.0] queue_now[prefill=0,decode=0] active_sessions=50 output=386.1 tok/s interval_p99_ttft=0.856s
  sim=  0.54d   5.42% wall=  16.4s speed=    3431x eta=   4.0m admitted=31307 completed=31306 running=0 waiting=0 waiting_min/max=0/0 queue_p99[prefill=0.0,decode=0.0] queue_now[prefill=0,decode=0] active_sessions=51 output=283.2 tok/s interval_p99_ttft=0.381s
  sim=  0.58d   5.83% wall=  18.0s speed=    2248x eta=   6.0m admitted=33774 completed=33771 running=3 waiting=0 waiting_min/max=0/0 queue_p99[prefill=0.0,decode=0.0] queue_now[prefill=0,decode=0] active_sessions=52 output=504.6 tok/s interval_p99_ttft=0.345s
  sim=  0.63d   6.25% wall=  20.1s speed=    1672x eta=   8.1m admitted=38507 completed=38506 running=1 waiting=0 waiting_min/max=0/3 queue_p99[prefill=0.0,decode=0.0] queue_now[prefill=0,decode=0] active_sessions=65 output=720.3 tok/s interval_p99_ttft=0.323s
  sim=  0.67d   6.67% wall=  21.4s speed=    2785x eta=   4.8m admitted=40306 completed=40305 running=1 waiting=0 waiting_min/max=0/0 queue_p99[prefill=0.0,decode=0.0] queue_now[prefill=0,decode=0] active_sessions=62 output=349.7 tok/s interval_p99_ttft=0.363s
  sim=  0.71d   7.08% wall=  22.7s speed=    2873x eta=   4.7m admitted=42347 completed=42345 running=2 waiting=0 waiting_min/max=0/3 queue_p99[prefill=0.0,decode=0.0] queue_now[prefill=0,decode=0] active_sessions=61 output=330.6 tok/s interval_p99_ttft=1.350s
  sim=  0.75d   7.50% wall=  24.2s speed=    2402x eta=   5.5m admitted=44933 completed=44931 running=2 waiting=0 waiting_min/max=0/1 queue_p99[prefill=0.0,decode=0.0] queue_now[prefill=0,decode=0] active_sessions=64 output=392.2 tok/s interval_p99_ttft=0.301s
  sim=  0.79d   7.92% wall=  25.7s speed=    2317x eta=   5.7m admitted=47461 completed=47460 running=1 waiting=0 waiting_min/max=0/1 queue_p99[prefill=0.0,decode=0.0] queue_now[prefill=0,decode=0] active_sessions=75 output=413.6 tok/s interval_p99_ttft=0.297s
  sim=  0.83d   8.33% wall=  27.3s speed=    2358x eta=   5.6m admitted=50357 completed=50355 running=2 waiting=0 waiting_min/max=0/1 queue_p99[prefill=0.0,decode=0.0] queue_now[prefill=0,decode=0] active_sessions=78 output=371.4 tok/s interval_p99_ttft=0.354s
  sim=  0.88d   8.75% wall=  29.1s speed=    1950x eta=   6.7m admitted=53639 completed=53636 running=3 waiting=0 waiting_min/max=0/1 queue_p99[prefill=0.0,decode=0.0] queue_now[prefill=0,decode=0] active_sessions=78 output=537.5 tok/s interval_p99_ttft=0.285s
  sim=  0.92d   9.17% wall=  31.0s speed=    1929x eta=   6.8m admitted=56681 completed=56679 running=2 waiting=0 waiting_min/max=0/1 queue_p99[prefill=0.0,decode=0.0] queue_now[prefill=0,decode=0] active_sessions=83 output=506.0 tok/s interval_p99_ttft=0.307s
  sim=  0.96d   9.58% wall=  32.8s speed=    2021x eta=   6.4m admitted=59327 completed=59326 running=1 waiting=0 waiting_min/max=0/1 queue_p99[prefill=0.0,decode=0.0] queue_now[prefill=0,decode=0] active_sessions=79 output=536.1 tok/s interval_p99_ttft=0.418s
  sim=  1.00d  10.00% wall=  34.7s speed=    1885x eta=   6.9m admitted=62248 completed=62247 running=1 waiting=0 waiting_min/max=0/1 queue_p99[prefill=0.0,decode=0.0] queue_now[prefill=0,decode=0] active_sessions=77 output=583.2 tok/s interval_p99_ttft=0.520s
  sim=  1.04d  10.42% wall=  36.5s speed=    1971x eta=   6.5m admitted=64988 completed=64987 running=0 waiting=0 waiting_min/max=0/1 queue_p99[prefill=0.0,decode=0.0] queue_now[prefill=0,decode=0] active_sessions=81 output=493.6 tok/s interval_p99_ttft=0.443s
  sim=  1.08d  10.83% wall=  38.3s speed=    1951x eta=   6.6m admitted=67796 completed=67795 running=0 waiting=0 waiting_min/max=0/1 queue_p99[prefill=0.0,decode=0.0] queue_now[prefill=0,decode=0] active_sessions=81 output=440.1 tok/s interval_p99_ttft=0.333s
  sim=  1.13d  11.25% wall=  40.3s speed=    1817x eta=   7.0m admitted=70892 completed=70891 running=1 waiting=0 waiting_min/max=0/2 queue_p99[prefill=1.0,decode=0.0] queue_now[prefill=0,decode=0] active_sessions=87 output=488.4 tok/s interval_p99_ttft=0.589s
  sim=  1.17d  11.67% wall=  42.3s speed=    1776x eta=   7.2m admitted=74265 completed=74262 running=3 waiting=0 waiting_min/max=0/1 queue_p99[prefill=0.0,decode=0.0] queue_now[prefill=0,decode=0] active_sessions=93 output=455.2 tok/s interval_p99_ttft=0.903s
  sim=  1.21d  12.08% wall=  44.6s speed=    1627x eta=   7.8m admitted=78528 completed=78527 running=1 waiting=0 waiting_min/max=0/2 queue_p99[prefill=1.0,decode=0.0] queue_now[prefill=0,decode=0] active_sessions=93 output=492.4 tok/s interval_p99_ttft=1.044s
  sim=  1.25d  12.50% wall=  46.3s speed=    2082x eta=   6.1m admitted=80990 completed=80989 running=1 waiting=0 waiting_min/max=0/1 queue_p99[prefill=0.0,decode=0.0] queue_now[prefill=0,decode=0] active_sessions=98 output=411.5 tok/s interval_p99_ttft=0.450s
  sim=  1.29d  12.92% wall=  48.4s speed=    1666x eta=   7.5m admitted=84864 completed=84862 running=2 waiting=0 waiting_min/max=0/1 queue_p99[prefill=0.0,decode=0.0] queue_now[prefill=0,decode=0] active_sessions=101 output=475.7 tok/s interval_p99_ttft=0.278s
  sim=  1.33d  13.33% wall=  50.2s speed=    2103x eta=   5.9m admitted=87089 completed=87088 running=1 waiting=0 waiting_min/max=0/1 queue_p99[prefill=0.0,decode=0.0] queue_now[prefill=0,decode=0] active_sessions=102 output=335.1 tok/s interval_p99_ttft=0.354s
  sim=  1.38d  13.75% wall=  52.2s speed=    1753x eta=   7.1m admitted=89993 completed=89992 running=1 waiting=0 waiting_min/max=0/2 queue_p99[prefill=0.0,decode=0.0] queue_now[prefill=0,decode=0] active_sessions=112 output=447.3 tok/s interval_p99_ttft=0.468s
  sim=  1.42d  14.17% wall=  54.2s speed=    1775x eta=   7.0m admitted=93057 completed=93054 running=3 waiting=0 waiting_min/max=0/1 queue_p99[prefill=0.0,decode=0.0] queue_now[prefill=0,decode=0] active_sessions=110 output=461.8 tok/s interval_p99_ttft=0.513s
  sim=  1.46d  14.58% wall=  56.3s speed=    1710x eta=   7.2m admitted=96075 completed=96074 running=1 waiting=0 waiting_min/max=0/1 queue_p99[prefill=0.0,decode=0.0] queue_now[prefill=0,decode=0] active_sessions=115 output=489.6 tok/s interval_p99_ttft=0.370s
  sim=  1.50d  15.00% wall=  59.1s speed=    1314x eta=   9.3m admitted=100379 completed=100375 running=4 waiting=0 waiting_min/max=0/5 queue_p99[prefill=2.0,decode=0.0] queue_now[prefill=0,decode=0] active_sessions=117 output=708.3 tok/s interval_p99_ttft=2.506s
  sim=  1.54d  15.42% wall=   1.0m speed=    1323x eta=   9.2m admitted=104285 completed=104283 running=2 waiting=0 waiting_min/max=0/3 queue_p99[prefill=0.0,decode=0.0] queue_now[prefill=0,decode=0] active_sessions=117 output=725.7 tok/s interval_p99_ttft=0.954s
  sim=  1.58d  15.83% wall=   1.1m speed=    1174x eta=  10.3m admitted=109094 completed=109091 running=3 waiting=0 waiting_min/max=0/6 queue_p99[prefill=4.0,decode=0.0] queue_now[prefill=0,decode=0] active_sessions=116 output=839.0 tok/s interval_p99_ttft=5.461s
  sim=  1.63d  16.25% wall=   1.1m speed=    1155x eta=  10.4m admitted=114309 completed=114305 running=4 waiting=0 waiting_min/max=0/5 queue_p99[prefill=3.0,decode=0.0] queue_now[prefill=0,decode=0] active_sessions=109 output=831.6 tok/s interval_p99_ttft=7.385s
  sim=  1.67d  16.67% wall=   1.2m speed=    1482x eta=   8.1m admitted=117714 completed=117713 running=1 waiting=0 waiting_min/max=0/3 queue_p99[prefill=1.0,decode=0.0] queue_now[prefill=0,decode=0] active_sessions=102 output=577.8 tok/s interval_p99_ttft=2.057s
  sim=  1.71d  17.08% wall=   1.2m speed=    1723x eta=   6.9m admitted=120493 completed=120490 running=3 waiting=0 waiting_min/max=0/3 queue_p99[prefill=1.0,decode=0.0] queue_now[prefill=0,decode=0] active_sessions=106 output=398.9 tok/s interval_p99_ttft=5.726s
  sim=  1.75d  17.50% wall=   1.2m speed=    1549x eta=   7.7m admitted=123631 completed=123629 running=2 waiting=0 waiting_min/max=0/2 queue_p99[prefill=1.0,decode=0.0] queue_now[prefill=0,decode=0] active_sessions=110 output=511.1 tok/s interval_p99_ttft=1.230s
  sim=  1.79d  17.92% wall=   1.3m speed=    1266x eta=   9.3m admitted=127195 completed=127194 running=1 waiting=0 waiting_min/max=0/1 queue_p99[prefill=0.0,decode=0.0] queue_now[prefill=0,decode=0] active_sessions=114 output=695.4 tok/s interval_p99_ttft=0.333s
  sim=  1.83d  18.33% wall=   1.3m speed=    1125x eta=  10.4m admitted=131431 completed=131430 running=1 waiting=0 waiting_min/max=0/3 queue_p99[prefill=1.0,decode=0.0] queue_now[prefill=0,decode=0] active_sessions=113 output=728.1 tok/s interval_p99_ttft=2.795s
  sim=  1.88d  18.75% wall=   1.4m speed=    1238x eta=   9.5m admitted=135271 completed=135269 running=2 waiting=0 waiting_min/max=0/3 queue_p99[prefill=1.0,decode=0.0] queue_now[prefill=0,decode=0] active_sessions=121 output=665.1 tok/s interval_p99_ttft=0.699s
  sim=  1.92d  19.17% wall=   1.4m speed=    1309x eta=   8.9m admitted=139325 completed=139324 running=1 waiting=0 waiting_min/max=0/3 queue_p99[prefill=1.0,decode=0.0] queue_now[prefill=0,decode=0] active_sessions=120 output=554.3 tok/s interval_p99_ttft=2.374s
  sim=  1.96d  19.58% wall=   1.5m speed=    1086x eta=  10.7m admitted=144398 completed=144395 running=3 waiting=0 waiting_min/max=0/2 queue_p99[prefill=1.0,decode=0.0] queue_now[prefill=0,decode=0] active_sessions=120 output=754.4 tok/s interval_p99_ttft=2.368s
  sim=  2.00d  20.00% wall=   1.5m speed=    1178x eta=   9.8m admitted=148454 completed=148452 running=2 waiting=0 waiting_min/max=0/3 queue_p99[prefill=0.0,decode=0.0] queue_now[prefill=0,decode=0] active_sessions=116 output=616.3 tok/s interval_p99_ttft=0.549s
  sim=  2.04d  20.42% wall=   1.6m speed=    1161x eta=   9.9m admitted=152695 completed=152693 running=1 waiting=0 waiting_min/max=0/2 queue_p99[prefill=0.0,decode=0.0] queue_now[prefill=0,decode=0] active_sessions=125 output=649.7 tok/s interval_p99_ttft=1.021s
  sim=  2.08d  20.83% wall=   1.7m speed=    1063x eta=  10.7m admitted=157653 completed=157650 running=3 waiting=0 waiting_min/max=0/3 queue_p99[prefill=1.0,decode=0.0] queue_now[prefill=0,decode=0] active_sessions=131 output=725.2 tok/s interval_p99_ttft=0.570s
  sim=  2.13d  21.25% wall=   1.7m speed=     889x eta=  12.8m admitted=163794 completed=163793 running=1 waiting=0 waiting_min/max=0/5 queue_p99[prefill=2.0,decode=0.0] queue_now[prefill=0,decode=0] active_sessions=128 output=846.1 tok/s interval_p99_ttft=2.274s
  sim=  2.17d  21.67% wall=   1.8m speed=    1043x eta=  10.8m admitted=168350 completed=168346 running=4 waiting=0 waiting_min/max=0/4 queue_p99[prefill=1.0,decode=0.0] queue_now[prefill=0,decode=0] active_sessions=123 output=670.6 tok/s interval_p99_ttft=1.784s
  sim=  2.21d  22.08% wall=   1.8m speed=    1009x eta=  11.1m admitted=173256 completed=173254 running=2 waiting=0 waiting_min/max=0/4 queue_p99[prefill=3.0,decode=0.0] queue_now[prefill=0,decode=0] active_sessions=124 output=709.6 tok/s interval_p99_ttft=4.399s
  sim=  2.25d  22.50% wall=   1.9m speed=    1033x eta=  10.8m admitted=178431 completed=178430 running=1 waiting=0 waiting_min/max=0/4 queue_p99[prefill=2.0,decode=0.0] queue_now[prefill=0,decode=0] active_sessions=129 output=619.5 tok/s interval_p99_ttft=2.389s
  sim=  2.29d  22.92% wall=   2.0m speed=    1101x eta=  10.1m admitted=182218 completed=182215 running=3 waiting=0 waiting_min/max=0/2 queue_p99[prefill=0.0,decode=0.0] queue_now[prefill=0,decode=0] active_sessions=127 output=576.0 tok/s interval_p99_ttft=0.499s
  sim=  2.33d  23.33% wall=   2.0m speed=    1053x eta=  10.5m admitted=186165 completed=186161 running=4 waiting=0 waiting_min/max=0/1 queue_p99[prefill=0.0,decode=0.0] queue_now[prefill=0,decode=0] active_sessions=138 output=615.8 tok/s interval_p99_ttft=0.375s
  sim=  2.38d  23.75% wall=   2.1m speed=    1021x eta=  10.8m admitted=190224 completed=190223 running=1 waiting=0 waiting_min/max=0/2 queue_p99[prefill=1.0,decode=0.0] queue_now[prefill=0,decode=0] active_sessions=138 output=695.1 tok/s interval_p99_ttft=2.369s
  sim=  2.42d  24.17% wall=   2.1m speed=     988x eta=  11.0m admitted=194525 completed=194517 running=8 waiting=0 waiting_min/max=0/2 queue_p99[prefill=1.0,decode=0.0] queue_now[prefill=0,decode=0] active_sessions=144 output=738.7 tok/s interval_p99_ttft=1.916s
  sim=  2.46d  24.58% wall=   2.2m speed=     915x eta=  11.9m admitted=198917 completed=198916 running=0 waiting=0 waiting_min/max=0/5 queue_p99[prefill=3.0,decode=0.0] queue_now[prefill=0,decode=0] active_sessions=126 output=721.8 tok/s interval_p99_ttft=7.400s
  sim=  2.50d  25.00% wall=   2.3m speed=    1012x eta=  10.7m admitted=202563 completed=202558 running=5 waiting=0 waiting_min/max=0/5 queue_p99[prefill=3.0,decode=0.0] queue_now[prefill=0,decode=0] active_sessions=134 output=694.6 tok/s interval_p99_ttft=9.094s
  sim=  2.54d  25.42% wall=   2.3m speed=     844x eta=  12.7m admitted=207778 completed=207775 running=3 waiting=0 waiting_min/max=0/6 queue_p99[prefill=2.0,decode=0.0] queue_now[prefill=0,decode=0] active_sessions=136 output=850.6 tok/s interval_p99_ttft=4.178s
  sim=  2.58d  25.83% wall=   2.4m speed=    1015x eta=  10.5m admitted=210990 completed=210989 running=1 waiting=0 waiting_min/max=0/4 queue_p99[prefill=2.0,decode=0.0] queue_now[prefill=0,decode=0] active_sessions=133 output=549.0 tok/s interval_p99_ttft=3.797s
  sim=  2.63d  26.25% wall=   2.4m speed=    1171x eta=   9.1m admitted=213864 completed=213862 running=2 waiting=0 waiting_min/max=0/2 queue_p99[prefill=1.0,decode=0.0] queue_now[prefill=0,decode=0] active_sessions=139 output=501.9 tok/s interval_p99_ttft=2.996s
  sim=  2.67d  26.67% wall=   2.5m speed=    1028x eta=  10.3m admitted=217294 completed=217290 running=4 waiting=0 waiting_min/max=0/3 queue_p99[prefill=1.0,decode=0.0] queue_now[prefill=0,decode=0] active_sessions=135 output=605.0 tok/s interval_p99_ttft=1.209s
  sim=  2.71d  27.08% wall=   2.6m speed=     925x eta=  11.3m admitted=221080 completed=221078 running=2 waiting=0 waiting_min/max=0/3 queue_p99[prefill=1.0,decode=0.0] queue_now[prefill=0,decode=0] active_sessions=132 output=654.3 tok/s interval_p99_ttft=1.748s
  sim=  2.75d  27.50% wall=   2.6m speed=    1032x eta=  10.1m admitted=224077 completed=224075 running=2 waiting=0 waiting_min/max=0/1 queue_p99[prefill=0.0,decode=0.0] queue_now[prefill=0,decode=0] active_sessions=133 output=567.5 tok/s interval_p99_ttft=0.743s
  sim=  2.79d  27.92% wall=   2.7m speed=     887x eta=  11.7m admitted=227935 completed=227928 running=7 waiting=0 waiting_min/max=0/2 queue_p99[prefill=1.0,decode=0.0] queue_now[prefill=0,decode=0] active_sessions=144 output=808.3 tok/s interval_p99_ttft=4.027s
  sim=  2.83d  28.33% wall=   2.8m speed=     895x eta=  11.5m admitted=231975 completed=231972 running=3 waiting=0 waiting_min/max=0/2 queue_p99[prefill=0.0,decode=0.0] queue_now[prefill=0,decode=0] active_sessions=140 output=844.9 tok/s interval_p99_ttft=0.533s
  sim=  2.88d  28.75% wall=   2.8m speed=     999x eta=  10.3m admitted=235093 completed=235091 running=1 waiting=1 waiting_min/max=0/4 queue_p99[prefill=1.0,decode=0.0] queue_now[prefill=1,decode=0] active_sessions=144 output=625.5 tok/s interval_p99_ttft=1.798s
  sim=  2.92d  29.17% wall=   2.9m speed=     749x eta=  13.6m admitted=240081 completed=240080 running=0 waiting=0 waiting_min/max=0/4 queue_p99[prefill=2.0,decode=0.0] queue_now[prefill=0,decode=0] active_sessions=151 output=874.9 tok/s interval_p99_ttft=2.610s
  sim=  2.96d  29.58% wall=   3.0m speed=     878x eta=  11.5m admitted=243892 completed=243888 running=4 waiting=0 waiting_min/max=0/3 queue_p99[prefill=2.0,decode=0.0] queue_now[prefill=0,decode=0] active_sessions=153 output=760.3 tok/s interval_p99_ttft=2.475s
  sim=  3.00d  30.00% wall=   3.0m speed=     762x eta=  13.2m admitted=248841 completed=248839 running=2 waiting=0 waiting_min/max=0/5 queue_p99[prefill=2.0,decode=0.0] queue_now[prefill=0,decode=0] active_sessions=154 output=839.7 tok/s interval_p99_ttft=3.223s
  sim=  3.04d  30.42% wall=   3.1m speed=     897x eta=  11.2m admitted=252497 completed=252490 running=7 waiting=0 waiting_min/max=0/3 queue_p99[prefill=1.0,decode=0.0] queue_now[prefill=0,decode=0] active_sessions=150 output=659.2 tok/s interval_p99_ttft=2.712s
  sim=  3.08d  30.83% wall=   3.2m speed=     761x eta=  13.1m admitted=257380 completed=257378 running=2 waiting=0 waiting_min/max=0/3 queue_p99[prefill=2.0,decode=0.0] queue_now[prefill=0,decode=0] active_sessions=159 output=791.3 tok/s interval_p99_ttft=2.248s
  sim=  3.13d  31.25% wall=   3.3m speed=     858x eta=  11.5m admitted=261093 completed=261088 running=5 waiting=0 waiting_min/max=0/1 queue_p99[prefill=1.0,decode=0.0] queue_now[prefill=0,decode=0] active_sessions=157 output=690.0 tok/s interval_p99_ttft=1.751s
  sim=  3.17d  31.67% wall=   3.3m speed=     858x eta=  11.5m admitted=265045 completed=265041 running=4 waiting=0 waiting_min/max=0/3 queue_p99[prefill=1.0,decode=0.0] queue_now[prefill=0,decode=0] active_sessions=160 output=651.4 tok/s interval_p99_ttft=1.983s
  sim=  3.21d  32.08% wall=   3.4m speed=     835x eta=  11.7m admitted=269091 completed=269088 running=3 waiting=0 waiting_min/max=0/3 queue_p99[prefill=1.2,decode=0.0] queue_now[prefill=0,decode=0] active_sessions=154 output=614.2 tok/s interval_p99_ttft=2.600s
  sim=  3.25d  32.50% wall=   3.5m speed=     721x eta=  13.5m admitted=274056 completed=274054 running=2 waiting=0 waiting_min/max=0/5 queue_p99[prefill=2.0,decode=0.0] queue_now[prefill=0,decode=0] active_sessions=158 output=815.2 tok/s interval_p99_ttft=2.620s
  sim=  3.29d  32.92% wall=   3.6m speed=     640x eta=  15.1m admitted=279919 completed=279912 running=7 waiting=0 waiting_min/max=0/5 queue_p99[prefill=4.0,decode=0.0] queue_now[prefill=0,decode=0] active_sessions=168 output=1078.5 tok/s interval_p99_ttft=15.016s
  sim=  3.33d  33.33% wall=   3.7m speed=     672x eta=  14.3m admitted=285197 completed=285189 running=8 waiting=0 waiting_min/max=0/4 queue_p99[prefill=2.0,decode=0.0] queue_now[prefill=0,decode=0] active_sessions=172 output=935.4 tok/s interval_p99_ttft=2.934s
  sim=  3.38d  33.75% wall=   3.7m speed=     822x eta=  11.6m admitted=288951 completed=288946 running=5 waiting=0 waiting_min/max=0/4 queue_p99[prefill=2.0,decode=0.0] queue_now[prefill=0,decode=0] active_sessions=162 output=645.2 tok/s interval_p99_ttft=5.120s
  sim=  3.42d  34.17% wall=   3.8m speed=     739x eta=  12.8m admitted=293167 completed=293165 running=2 waiting=0 waiting_min/max=0/5 queue_p99[prefill=2.0,decode=0.0] queue_now[prefill=0,decode=0] active_sessions=158 output=719.3 tok/s interval_p99_ttft=3.103s
  sim=  3.46d  34.58% wall=   3.9m speed=     797x eta=  11.8m admitted=296993 completed=296987 running=6 waiting=0 waiting_min/max=0/4 queue_p99[prefill=1.0,decode=0.0] queue_now[prefill=0,decode=0] active_sessions=154 output=657.2 tok/s interval_p99_ttft=2.885s
  sim=  3.50d  35.00% wall=   4.0m speed=     735x eta=  12.7m admitted=300758 completed=300757 running=1 waiting=0 waiting_min/max=0/2 queue_p99[prefill=1.0,decode=0.0] queue_now[prefill=0,decode=0] active_sessions=153 output=734.9 tok/s interval_p99_ttft=1.265s
  sim=  3.54d  35.42% wall=   4.1m speed=     697x eta=  13.3m admitted=305141 completed=305139 running=1 waiting=0 waiting_min/max=0/3 queue_p99[prefill=1.0,decode=0.0] queue_now[prefill=0,decode=0] active_sessions=156 output=706.6 tok/s interval_p99_ttft=1.948s
  sim=  3.58d  35.83% wall=   4.1m speed=     764x eta=  12.1m admitted=308723 completed=308721 running=2 waiting=0 waiting_min/max=0/3 queue_p99[prefill=1.0,decode=0.0] queue_now[prefill=0,decode=0] active_sessions=154 output=580.5 tok/s interval_p99_ttft=4.415s
  sim=  3.63d  36.25% wall=   4.2m speed=     667x eta=  13.8m admitted=313301 completed=313299 running=2 waiting=0 waiting_min/max=0/4 queue_p99[prefill=1.0,decode=0.0] queue_now[prefill=0,decode=0] active_sessions=157 output=805.5 tok/s interval_p99_ttft=3.967s
  sim=  3.67d  36.67% wall=   4.3m speed=     823x eta=  11.1m admitted=316860 completed=316859 running=1 waiting=0 waiting_min/max=0/3 queue_p99[prefill=1.0,decode=0.0] queue_now[prefill=0,decode=0] active_sessions=149 output=549.2 tok/s interval_p99_ttft=2.465s
  sim=  3.71d  37.08% wall=   4.4m speed=     743x eta=  12.2m admitted=320598 completed=320596 running=2 waiting=0 waiting_min/max=0/2 queue_p99[prefill=1.0,decode=0.0] queue_now[prefill=0,decode=0] active_sessions=150 output=545.0 tok/s interval_p99_ttft=1.954s
  sim=  3.75d  37.50% wall=   4.5m speed=     752x eta=  12.0m admitted=324658 completed=324656 running=2 waiting=0 waiting_min/max=0/2 queue_p99[prefill=1.0,decode=0.0] queue_now[prefill=0,decode=0] active_sessions=156 output=536.3 tok/s interval_p99_ttft=1.026s
  sim=  3.79d  37.92% wall=   4.5m speed=     699x eta=  12.8m admitted=328827 completed=328824 running=3 waiting=0 waiting_min/max=0/4 queue_p99[prefill=0.0,decode=0.0] queue_now[prefill=0,decode=0] active_sessions=160 output=623.2 tok/s interval_p99_ttft=0.885s
  sim=  3.83d  38.33% wall=   4.6m speed=     691x eta=  12.8m admitted=332763 completed=332760 running=3 waiting=0 waiting_min/max=0/3 queue_p99[prefill=1.0,decode=0.0] queue_now[prefill=0,decode=0] active_sessions=166 output=673.7 tok/s interval_p99_ttft=2.027s
  sim=  3.88d  38.75% wall=   4.7m speed=     669x eta=  13.2m admitted=336986 completed=336983 running=3 waiting=0 waiting_min/max=0/2 queue_p99[prefill=0.0,decode=0.0] queue_now[prefill=0,decode=0] active_sessions=159 output=667.1 tok/s interval_p99_ttft=0.884s
  sim=  3.92d  39.17% wall=   4.8m speed=     670x eta=  13.1m admitted=341292 completed=341290 running=2 waiting=0 waiting_min/max=0/3 queue_p99[prefill=2.0,decode=0.0] queue_now[prefill=0,decode=0] active_sessions=168 output=539.7 tok/s interval_p99_ttft=0.822s
  sim=  3.96d  39.58% wall=   4.9m speed=     765x eta=  11.4m admitted=344643 completed=344640 running=3 waiting=0 waiting_min/max=0/1 queue_p99[prefill=0.0,decode=0.0] queue_now[prefill=0,decode=0] active_sessions=181 output=562.1 tok/s interval_p99_ttft=0.441s
  sim=  4.00d  40.00% wall=   5.0m speed=     799x eta=  10.8m admitted=347520 completed=347517 running=3 waiting=0 waiting_min/max=0/1 queue_p99[prefill=0.0,decode=0.0] queue_now[prefill=0,decode=0] active_sessions=177 output=552.3 tok/s interval_p99_ttft=0.973s
  sim=  4.04d  40.42% wall=   5.0m speed=     734x eta=  11.7m admitted=350855 completed=350852 running=3 waiting=0 waiting_min/max=0/3 queue_p99[prefill=1.0,decode=0.0] queue_now[prefill=0,decode=0] active_sessions=170 output=598.3 tok/s interval_p99_ttft=3.220s
  sim=  4.08d  40.83% wall=   5.2m speed=     579x eta=  14.7m admitted=355899 completed=355896 running=3 waiting=0 waiting_min/max=0/5 queue_p99[prefill=3.0,decode=0.0] queue_now[prefill=0,decode=0] active_sessions=170 output=858.4 tok/s interval_p99_ttft=6.504s
  sim=  4.13d  41.25% wall=   5.2m speed=     628x eta=  13.5m admitted=359945 completed=359940 running=5 waiting=0 waiting_min/max=0/4 queue_p99[prefill=1.0,decode=0.0] queue_now[prefill=0,decode=0] active_sessions=175 output=695.2 tok/s interval_p99_ttft=1.951s
  sim=  4.17d  41.67% wall=   5.3m speed=     612x eta=  13.7m admitted=364448 completed=364443 running=5 waiting=0 waiting_min/max=0/3 queue_p99[prefill=1.0,decode=0.0] queue_now[prefill=0,decode=0] active_sessions=184 output=821.0 tok/s interval_p99_ttft=1.597s
  sim=  4.21d  42.08% wall=   5.5m speed=     555x eta=  15.0m admitted=369328 completed=369324 running=4 waiting=0 waiting_min/max=0/5 queue_p99[prefill=2.0,decode=0.0] queue_now[prefill=0,decode=0] active_sessions=179 output=940.1 tok/s interval_p99_ttft=3.358s
  sim=  4.25d  42.50% wall=   5.5m speed=     654x eta=  12.7m admitted=373076 completed=373074 running=2 waiting=0 waiting_min/max=0/4 queue_p99[prefill=1.0,decode=0.0] queue_now[prefill=0,decode=0] active_sessions=181 output=686.4 tok/s interval_p99_ttft=1.582s
  sim=  4.29d  42.92% wall=   5.6m speed=     583x eta=  14.1m admitted=377470 completed=377467 running=3 waiting=0 waiting_min/max=0/3 queue_p99[prefill=1.0,decode=0.0] queue_now[prefill=0,decode=0] active_sessions=181 output=776.2 tok/s interval_p99_ttft=2.083s
  sim=  4.33d  43.33% wall=   5.8m speed=     501x eta=  16.3m admitted=383491 completed=383486 running=4 waiting=1 waiting_min/max=0/4 queue_p99[prefill=2.0,decode=0.0] queue_now[prefill=1,decode=0] active_sessions=182 output=873.4 tok/s interval_p99_ttft=4.823s
  sim=  4.38d  43.75% wall=   5.9m speed=     610x eta=  13.3m admitted=387510 completed=387509 running=1 waiting=0 waiting_min/max=0/3 queue_p99[prefill=2.0,decode=0.0] queue_now[prefill=0,decode=0] active_sessions=185 output=580.7 tok/s interval_p99_ttft=6.780s
  sim=  4.42d  44.17% wall=   6.0m speed=     561x eta=  14.3m admitted=392694 completed=392692 running=2 waiting=0 waiting_min/max=0/4 queue_p99[prefill=2.0,decode=0.0] queue_now[prefill=0,decode=0] active_sessions=186 output=705.2 tok/s interval_p99_ttft=3.309s
  sim=  4.46d  44.58% wall=   6.1m speed=     581x eta=  13.7m admitted=397204 completed=397203 running=0 waiting=0 waiting_min/max=0/3 queue_p99[prefill=1.0,decode=0.0] queue_now[prefill=0,decode=0] active_sessions=177 output=553.5 tok/s interval_p99_ttft=1.989s
  sim=  4.50d  45.00% wall=   6.2m speed=     641x eta=  12.4m admitted=401581 completed=401576 running=5 waiting=0 waiting_min/max=0/2 queue_p99[prefill=1.0,decode=0.0] queue_now[prefill=0,decode=0] active_sessions=181 output=531.7 tok/s interval_p99_ttft=2.314s
  sim=  4.54d  45.42% wall=   6.3m speed=     679x eta=  11.6m admitted=405037 completed=405036 running=1 waiting=0 waiting_min/max=0/2 queue_p99[prefill=1.0,decode=0.0] queue_now[prefill=0,decode=0] active_sessions=178 output=461.1 tok/s interval_p99_ttft=3.082s
  sim=  4.58d  45.83% wall=   6.4m speed=     651x eta=  12.0m admitted=408764 completed=408762 running=2 waiting=0 waiting_min/max=0/3 queue_p99[prefill=1.0,decode=0.0] queue_now[prefill=0,decode=0] active_sessions=181 output=561.4 tok/s interval_p99_ttft=3.231s
  sim=  4.63d  46.25% wall=   6.5m speed=     578x eta=  13.4m admitted=413088 completed=413083 running=5 waiting=0 waiting_min/max=0/3 queue_p99[prefill=1.0,decode=0.0] queue_now[prefill=0,decode=0] active_sessions=187 output=691.4 tok/s interval_p99_ttft=2.377s
  sim=  4.67d  46.67% wall=   6.6m speed=     581x eta=  13.2m admitted=416970 completed=416968 running=2 waiting=0 waiting_min/max=0/3 queue_p99[prefill=1.0,decode=0.0] queue_now[prefill=0,decode=0] active_sessions=191 output=638.8 tok/s interval_p99_ttft=1.726s
  sim=  4.71d  47.08% wall=   6.7m speed=     571x eta=  13.4m admitted=421138 completed=421134 running=4 waiting=0 waiting_min/max=0/2 queue_p99[prefill=1.0,decode=0.0] queue_now[prefill=0,decode=0] active_sessions=193 output=692.2 tok/s interval_p99_ttft=1.284s
  sim=  4.75d  47.50% wall=   6.8m speed=     495x eta=  15.3m admitted=426104 completed=426099 running=5 waiting=0 waiting_min/max=0/3 queue_p99[prefill=1.0,decode=0.0] queue_now[prefill=0,decode=0] active_sessions=181 output=821.5 tok/s interval_p99_ttft=2.851s
  sim=  4.79d  47.92% wall=   6.9m speed=     474x eta=  15.8m admitted=431877 completed=431874 running=3 waiting=0 waiting_min/max=0/6 queue_p99[prefill=2.0,decode=0.0] queue_now[prefill=0,decode=0] active_sessions=177 output=983.1 tok/s interval_p99_ttft=3.036s
  sim=  4.83d  48.33% wall=   7.0m speed=     564x eta=  13.2m admitted=436004 completed=436003 running=1 waiting=0 waiting_min/max=0/3 queue_p99[prefill=1.0,decode=0.0] queue_now[prefill=0,decode=0] active_sessions=180 output=681.9 tok/s interval_p99_ttft=1.442s
  sim=  4.88d  48.75% wall=   7.1m speed=     574x eta=  12.9m admitted=439992 completed=439991 running=0 waiting=0 waiting_min/max=0/2 queue_p99[prefill=0.0,decode=0.0] queue_now[prefill=0,decode=0] active_sessions=182 output=662.8 tok/s interval_p99_ttft=1.459s
  sim=  4.92d  49.17% wall=   7.2m speed=     510x eta=  14.3m admitted=444621 completed=444619 running=2 waiting=0 waiting_min/max=0/2 queue_p99[prefill=1.0,decode=0.0] queue_now[prefill=0,decode=0] active_sessions=185 output=723.9 tok/s interval_p99_ttft=0.996s
  sim=  4.96d  49.58% wall=   7.3m speed=     590x eta=  12.3m admitted=448541 completed=448536 running=5 waiting=0 waiting_min/max=0/3 queue_p99[prefill=1.0,decode=0.0] queue_now[prefill=0,decode=0] active_sessions=188 output=536.8 tok/s interval_p99_ttft=2.796s
  sim=  5.00d  50.00% wall=   7.5m speed=     515x eta=  14.0m admitted=453096 completed=453093 running=3 waiting=0 waiting_min/max=0/4 queue_p99[prefill=1.0,decode=0.0] queue_now[prefill=0,decode=0] active_sessions=175 output=648.7 tok/s interval_p99_ttft=2.215s
  sim=  5.04d  50.42% wall=   7.6m speed=     604x eta=  11.8m admitted=456753 completed=456749 running=4 waiting=0 waiting_min/max=0/2 queue_p99[prefill=1.0,decode=0.0] queue_now[prefill=0,decode=0] active_sessions=180 output=554.1 tok/s interval_p99_ttft=0.987s
  sim=  5.08d  50.83% wall=   7.7m speed=     586x eta=  12.1m admitted=460519 completed=460517 running=2 waiting=0 waiting_min/max=0/3 queue_p99[prefill=2.0,decode=0.0] queue_now[prefill=0,decode=0] active_sessions=177 output=589.5 tok/s interval_p99_ttft=2.630s
  sim=  5.13d  51.25% wall=   7.8m speed=     573x eta=  12.3m admitted=463880 completed=463879 running=1 waiting=0 waiting_min/max=0/3 queue_p99[prefill=1.0,decode=0.0] queue_now[prefill=0,decode=0] active_sessions=171 output=554.7 tok/s interval_p99_ttft=3.599s
  sim=  5.17d  51.67% wall=   7.9m speed=     544x eta=  12.8m admitted=468014 completed=468010 running=4 waiting=0 waiting_min/max=0/4 queue_p99[prefill=2.0,decode=0.0] queue_now[prefill=0,decode=0] active_sessions=176 output=583.9 tok/s interval_p99_ttft=4.452s
  sim=  5.21d  52.08% wall=   8.0m speed=     462x eta=  14.9m admitted=472900 completed=472899 running=1 waiting=0 waiting_min/max=0/5 queue_p99[prefill=2.0,decode=0.0] queue_now[prefill=0,decode=0] active_sessions=177 output=738.6 tok/s interval_p99_ttft=6.454s
  sim=  5.25d  52.50% wall=   8.1m speed=     594x eta=  11.5m admitted=476122 completed=476121 running=1 waiting=0 waiting_min/max=0/3 queue_p99[prefill=2.0,decode=0.0] queue_now[prefill=0,decode=0] active_sessions=181 output=578.6 tok/s interval_p99_ttft=7.682s
  sim=  5.29d  52.92% wall=   8.2m speed=     599x eta=  11.3m admitted=479380 completed=479377 running=3 waiting=0 waiting_min/max=0/4 queue_p99[prefill=2.0,decode=0.0] queue_now[prefill=0,decode=0] active_sessions=179 output=525.8 tok/s interval_p99_ttft=8.305s
  sim=  5.33d  53.33% wall=   8.3m speed=     609x eta=  11.0m admitted=482283 completed=482281 running=2 waiting=0 waiting_min/max=0/3 queue_p99[prefill=1.0,decode=0.0] queue_now[prefill=0,decode=0] active_sessions=183 output=530.9 tok/s interval_p99_ttft=8.271s
  sim=  5.38d  53.75% wall=   8.4m speed=     542x eta=  12.3m admitted=485723 completed=485722 running=1 waiting=0 waiting_min/max=0/4 queue_p99[prefill=2.0,decode=0.0] queue_now[prefill=0,decode=0] active_sessions=181 output=628.7 tok/s interval_p99_ttft=11.831s
  sim=  5.42d  54.17% wall=   8.5m speed=     756x eta=   8.7m admitted=487893 completed=487891 running=2 waiting=0 waiting_min/max=0/2 queue_p99[prefill=1.0,decode=0.0] queue_now[prefill=0,decode=0] active_sessions=178 output=386.0 tok/s interval_p99_ttft=6.009s
  sim=  5.46d  54.58% wall=   8.6m speed=     723x eta=   9.0m admitted=490287 completed=490285 running=2 waiting=0 waiting_min/max=0/2 queue_p99[prefill=1.0,decode=0.0] queue_now[prefill=0,decode=0] active_sessions=172 output=396.6 tok/s interval_p99_ttft=9.553s
  sim=  5.50d  55.00% wall=   8.7m speed=     534x eta=  12.1m admitted=493895 completed=493889 running=6 waiting=0 waiting_min/max=0/3 queue_p99[prefill=2.0,decode=0.0] queue_now[prefill=0,decode=0] active_sessions=180 output=634.5 tok/s interval_p99_ttft=5.554s
  sim=  5.54d  55.42% wall=   8.8m speed=     523x eta=  12.3m admitted=497617 completed=497613 running=3 waiting=0 waiting_min/max=0/2 queue_p99[prefill=1.0,decode=0.0] queue_now[prefill=0,decode=0] active_sessions=181 output=672.3 tok/s interval_p99_ttft=5.269s
  sim=  5.58d  55.83% wall=   8.9m speed=     482x eta=  13.2m admitted=501916 completed=501915 running=1 waiting=0 waiting_min/max=0/3 queue_p99[prefill=1.0,decode=0.0] queue_now[prefill=0,decode=0] active_sessions=188 output=767.5 tok/s interval_p99_ttft=1.141s
  sim=  5.63d  56.25% wall=   9.1m speed=     452x eta=  13.9m admitted=506504 completed=506501 running=3 waiting=0 waiting_min/max=0/3 queue_p99[prefill=1.0,decode=0.0] queue_now[prefill=0,decode=0] active_sessions=189 output=799.6 tok/s interval_p99_ttft=1.852s
  sim=  5.67d  56.67% wall=   9.2m speed=     441x eta=  14.2m admitted=510881 completed=510878 running=3 waiting=0 waiting_min/max=0/3 queue_p99[prefill=1.0,decode=0.0] queue_now[prefill=0,decode=0] active_sessions=191 output=934.6 tok/s interval_p99_ttft=1.788s
  sim=  5.71d  57.08% wall=   9.3m speed=     430x eta=  14.4m admitted=515527 completed=515524 running=3 waiting=0 waiting_min/max=0/3 queue_p99[prefill=1.0,decode=0.0] queue_now[prefill=0,decode=0] active_sessions=186 output=915.7 tok/s interval_p99_ttft=2.991s
  sim=  5.75d  57.50% wall=   9.4m speed=     558x eta=  11.0m admitted=518858 completed=518854 running=4 waiting=0 waiting_min/max=0/2 queue_p99[prefill=1.0,decode=0.0] queue_now[prefill=0,decode=0] active_sessions=180 output=601.7 tok/s interval_p99_ttft=1.990s
  sim=  5.79d  57.92% wall=   9.6m speed=     569x eta=  10.7m admitted=521922 completed=521920 running=2 waiting=0 waiting_min/max=0/2 queue_p99[prefill=1.0,decode=0.0] queue_now[prefill=0,decode=0] active_sessions=180 output=539.2 tok/s interval_p99_ttft=3.367s
  sim=  5.83d  58.33% wall=   9.7m speed=     531x eta=  11.3m admitted=525622 completed=525621 running=1 waiting=0 waiting_min/max=0/2 queue_p99[prefill=0.0,decode=0.0] queue_now[prefill=0,decode=0] active_sessions=197 output=556.2 tok/s interval_p99_ttft=0.920s
  sim=  5.88d  58.75% wall=   9.8m speed=     472x eta=  12.6m admitted=529777 completed=529771 running=4 waiting=2 waiting_min/max=0/3 queue_p99[prefill=1.0,decode=0.0] queue_now[prefill=2,decode=0] active_sessions=199 output=659.3 tok/s interval_p99_ttft=3.339s
  sim=  5.92d  59.17% wall=  10.0m speed=     363x eta=  16.2m admitted=536107 completed=536105 running=2 waiting=0 waiting_min/max=0/8 queue_p99[prefill=3.0,decode=0.0] queue_now[prefill=0,decode=0] active_sessions=202 output=995.3 tok/s interval_p99_ttft=9.871s
  sim=  5.96d  59.58% wall=  10.1m speed=     405x eta=  14.4m admitted=541186 completed=541180 running=6 waiting=0 waiting_min/max=0/3 queue_p99[prefill=2.0,decode=0.0] queue_now[prefill=0,decode=0] active_sessions=202 output=838.0 tok/s interval_p99_ttft=7.913s
  sim=  6.00d  60.00% wall=  10.3m speed=     406x eta=  14.2m admitted=546474 completed=546470 running=1 waiting=3 waiting_min/max=0/9 queue_p99[prefill=5.0,decode=0.0] queue_now[prefill=3,decode=0] active_sessions=198 output=718.8 tok/s interval_p99_ttft=20.303s
  sim=  6.04d  60.42% wall=  10.4m speed=     544x eta=  10.5m admitted=549747 completed=549741 running=5 waiting=0 waiting_min/max=0/4 queue_p99[prefill=2.0,decode=0.0] queue_now[prefill=0,decode=0] active_sessions=203 output=530.1 tok/s interval_p99_ttft=12.107s
  sim=  6.08d  60.83% wall=  10.5m speed=     415x eta=  13.6m admitted=554630 completed=554628 running=2 waiting=0 waiting_min/max=0/3 queue_p99[prefill=1.0,decode=0.0] queue_now[prefill=0,decode=0] active_sessions=206 output=788.4 tok/s interval_p99_ttft=3.719s
  sim=  6.13d  61.25% wall=  10.7m speed=     398x eta=  14.0m admitted=559553 completed=559551 running=2 waiting=0 waiting_min/max=0/3 queue_p99[prefill=1.0,decode=0.0] queue_now[prefill=0,decode=0] active_sessions=204 output=756.7 tok/s interval_p99_ttft=2.958s
  sim=  6.17d  61.67% wall=  10.8m speed=     421x eta=  13.1m admitted=564278 completed=564276 running=2 waiting=0 waiting_min/max=0/4 queue_p99[prefill=1.0,decode=0.0] queue_now[prefill=0,decode=0] active_sessions=197 output=655.6 tok/s interval_p99_ttft=3.050s
  sim=  6.21d  62.08% wall=  10.9m speed=     452x eta=  12.1m admitted=568430 completed=568426 running=4 waiting=0 waiting_min/max=0/3 queue_p99[prefill=1.0,decode=0.0] queue_now[prefill=0,decode=0] active_sessions=201 output=576.8 tok/s interval_p99_ttft=6.372s
  sim=  6.25d  62.50% wall=  11.1m speed=     380x eta=  14.2m admitted=574185 completed=574184 running=1 waiting=0 waiting_min/max=0/5 queue_p99[prefill=3.0,decode=0.0] queue_now[prefill=0,decode=0] active_sessions=191 output=756.0 tok/s interval_p99_ttft=14.576s
  sim=  6.29d  62.92% wall=  11.2m speed=     549x eta=   9.7m admitted=577249 completed=577244 running=5 waiting=0 waiting_min/max=0/3 queue_p99[prefill=1.0,decode=0.0] queue_now[prefill=0,decode=0] active_sessions=193 output=492.9 tok/s interval_p99_ttft=3.755s
  sim=  6.33d  63.33% wall=  11.3m speed=     460x eta=  11.5m admitted=580814 completed=580810 running=4 waiting=0 waiting_min/max=0/3 queue_p99[prefill=2.0,decode=0.0] queue_now[prefill=0,decode=0] active_sessions=190 output=554.3 tok/s interval_p99_ttft=6.872s
  sim=  6.38d  63.75% wall=  11.5m speed=     484x eta=  10.8m admitted=584461 completed=584460 running=0 waiting=0 waiting_min/max=0/2 queue_p99[prefill=2.0,decode=0.0] queue_now[prefill=0,decode=0] active_sessions=186 output=537.8 tok/s interval_p99_ttft=7.229s
  sim=  6.42d  64.17% wall=  11.6m speed=     476x eta=  10.8m admitted=587915 completed=587913 running=1 waiting=1 waiting_min/max=0/5 queue_p99[prefill=3.0,decode=0.0] queue_now[prefill=1,decode=0] active_sessions=196 output=511.7 tok/s interval_p99_ttft=17.363s
  sim=  6.46d  64.58% wall=  11.7m speed=     441x eta=  11.6m admitted=591920 completed=591917 running=3 waiting=0 waiting_min/max=0/3 queue_p99[prefill=3.0,decode=0.0] queue_now[prefill=0,decode=0] active_sessions=190 output=621.9 tok/s interval_p99_ttft=14.048s
  sim=  6.50d  65.00% wall=  11.8m speed=     484x eta=  10.4m admitted=595227 completed=595223 running=4 waiting=0 waiting_min/max=0/4 queue_p99[prefill=2.0,decode=0.0] queue_now[prefill=0,decode=0] active_sessions=198 output=607.2 tok/s interval_p99_ttft=9.572s
  sim=  6.54d  65.42% wall=  12.0m speed=     337x eta=  14.8m admitted=600980 completed=600977 running=3 waiting=0 waiting_min/max=0/4 queue_p99[prefill=2.0,decode=0.0] queue_now[prefill=0,decode=0] active_sessions=205 output=870.2 tok/s interval_p99_ttft=6.026s
  sim=  6.58d  65.83% wall=  12.2m speed=     397x eta=  12.4m admitted=605566 completed=605563 running=3 waiting=0 waiting_min/max=0/4 queue_p99[prefill=2.0,decode=0.0] queue_now[prefill=0,decode=0] active_sessions=196 output=645.6 tok/s interval_p99_ttft=10.494s
  sim=  6.63d  66.25% wall=  12.3m speed=     469x eta=  10.4m admitted=608680 completed=608679 running=1 waiting=0 waiting_min/max=0/3 queue_p99[prefill=1.0,decode=0.0] queue_now[prefill=0,decode=0] active_sessions=192 output=512.5 tok/s interval_p99_ttft=2.580s
  sim=  6.67d  66.67% wall=  12.5m speed=     351x eta=  13.7m admitted=612829 completed=612823 running=5 waiting=0 waiting_min/max=0/3 queue_p99[prefill=1.0,decode=0.0] queue_now[prefill=0,decode=0] active_sessions=197 output=739.0 tok/s interval_p99_ttft=3.015s
  sim=  6.71d  67.08% wall=  12.6m speed=     369x eta=  12.9m admitted=617509 completed=617507 running=2 waiting=0 waiting_min/max=0/3 queue_p99[prefill=2.0,decode=0.0] queue_now[prefill=0,decode=0] active_sessions=195 output=768.5 tok/s interval_p99_ttft=5.858s
  sim=  6.75d  67.50% wall=  12.8m speed=     364x eta=  12.9m admitted=621928 completed=621926 running=2 waiting=0 waiting_min/max=0/7 queue_p99[prefill=3.0,decode=0.0] queue_now[prefill=0,decode=0] active_sessions=208 output=748.2 tok/s interval_p99_ttft=8.795s
  sim=  6.79d  67.92% wall=  13.0m speed=     372x eta=  12.4m admitted=626086 completed=626084 running=2 waiting=0 waiting_min/max=0/8 queue_p99[prefill=4.0,decode=0.0] queue_now[prefill=0,decode=0] active_sessions=208 output=740.2 tok/s interval_p99_ttft=17.736s
  sim=  6.83d  68.33% wall=  13.1m speed=     451x eta=  10.1m admitted=629290 completed=629288 running=2 waiting=0 waiting_min/max=0/6 queue_p99[prefill=5.0,decode=0.0] queue_now[prefill=0,decode=0] active_sessions=203 output=686.5 tok/s interval_p99_ttft=18.158s
  sim=  6.88d  68.75% wall=  13.2m speed=     417x eta=  10.8m admitted=633221 completed=633216 running=3 waiting=1 waiting_min/max=0/5 queue_p99[prefill=4.0,decode=0.0] queue_now[prefill=1,decode=0] active_sessions=206 output=728.5 tok/s interval_p99_ttft=15.841s
  sim=  6.92d  69.17% wall=  13.4m speed=     378x eta=  11.8m admitted=637763 completed=637762 running=1 waiting=0 waiting_min/max=0/4 queue_p99[prefill=2.0,decode=0.0] queue_now[prefill=0,decode=0] active_sessions=199 output=737.0 tok/s interval_p99_ttft=7.843s
  sim=  6.96d  69.58% wall=  13.5m speed=     389x eta=  11.3m admitted=642395 completed=642391 running=4 waiting=0 waiting_min/max=0/3 queue_p99[prefill=2.0,decode=0.0] queue_now[prefill=0,decode=0] active_sessions=200 output=635.0 tok/s interval_p99_ttft=3.996s
  sim=  7.00d  70.00% wall=  13.7m speed=     393x eta=  11.0m admitted=646526 completed=646521 running=5 waiting=0 waiting_min/max=0/4 queue_p99[prefill=2.0,decode=0.0] queue_now[prefill=0,decode=0] active_sessions=191 output=670.9 tok/s interval_p99_ttft=7.982s
  sim=  7.04d  70.42% wall=  13.9m speed=     331x eta=  12.9m admitted=651755 completed=651754 running=0 waiting=0 waiting_min/max=0/5 queue_p99[prefill=3.0,decode=0.0] queue_now[prefill=0,decode=0] active_sessions=189 output=723.0 tok/s interval_p99_ttft=12.813s
  sim=  7.08d  70.83% wall=  14.1m speed=     338x eta=  12.4m admitted=657124 completed=657122 running=2 waiting=0 waiting_min/max=0/5 queue_p99[prefill=2.0,decode=0.0] queue_now[prefill=0,decode=0] active_sessions=190 output=718.1 tok/s interval_p99_ttft=2.696s
  sim=  7.13d  71.25% wall=  14.3m speed=     301x eta=  13.8m admitted=662780 completed=662776 running=4 waiting=0 waiting_min/max=0/5 queue_p99[prefill=3.0,decode=1.0] queue_now[prefill=0,decode=0] active_sessions=186 output=733.9 tok/s interval_p99_ttft=10.656s
  sim=  7.17d  71.67% wall=  14.5m speed=     300x eta=  13.6m admitted=668914 completed=668912 running=2 waiting=0 waiting_min/max=0/4 queue_p99[prefill=2.0,decode=0.0] queue_now[prefill=0,decode=0] active_sessions=185 output=895.9 tok/s interval_p99_ttft=2.056s
  sim=  7.21d  72.08% wall=  14.6m speed=     344x eta=  11.7m admitted=673918 completed=673916 running=2 waiting=0 waiting_min/max=0/3 queue_p99[prefill=1.0,decode=0.0] queue_now[prefill=0,decode=0] active_sessions=188 output=729.4 tok/s interval_p99_ttft=1.983s
  sim=  7.25d  72.50% wall=  14.8m speed=     322x eta=  12.3m admitted=679507 completed=679505 running=2 waiting=0 waiting_min/max=0/6 queue_p99[prefill=3.0,decode=0.0] queue_now[prefill=0,decode=0] active_sessions=193 output=842.3 tok/s interval_p99_ttft=6.488s
  sim=  7.29d  72.92% wall=  15.0m speed=     294x eta=  13.3m admitted=685809 completed=685803 running=6 waiting=0 waiting_min/max=0/6 queue_p99[prefill=3.0,decode=1.0] queue_now[prefill=0,decode=0] active_sessions=185 output=1030.4 tok/s interval_p99_ttft=8.409s
  sim=  7.33d  73.33% wall=  15.2m speed=     299x eta=  12.9m admitted=691734 completed=691731 running=3 waiting=0 waiting_min/max=0/6 queue_p99[prefill=4.0,decode=1.0] queue_now[prefill=0,decode=0] active_sessions=183 output=974.6 tok/s interval_p99_ttft=14.173s
  sim=  7.38d  73.75% wall=  15.4m speed=     340x eta=  11.1m admitted=696600 completed=696595 running=5 waiting=0 waiting_min/max=0/5 queue_p99[prefill=3.0,decode=0.0] queue_now[prefill=0,decode=0] active_sessions=183 output=708.8 tok/s interval_p99_ttft=18.480s
  sim=  7.42d  74.17% wall=  15.6m speed=     350x eta=  10.6m admitted=701135 completed=701134 running=0 waiting=0 waiting_min/max=0/6 queue_p99[prefill=3.0,decode=0.0] queue_now[prefill=0,decode=0] active_sessions=187 output=759.1 tok/s interval_p99_ttft=10.191s
  sim=  7.46d  74.58% wall=  15.8m speed=     324x eta=  11.3m admitted=706143 completed=706141 running=2 waiting=0 waiting_min/max=0/3 queue_p99[prefill=2.0,decode=0.0] queue_now[prefill=0,decode=0] active_sessions=181 output=853.1 tok/s interval_p99_ttft=4.992s
  sim=  7.50d  75.00% wall=  15.9m speed=     315x eta=  11.4m admitted=711238 completed=711237 running=1 waiting=0 waiting_min/max=0/5 queue_p99[prefill=3.0,decode=0.0] queue_now[prefill=0,decode=0] active_sessions=183 output=906.5 tok/s interval_p99_ttft=8.030s
  sim=  7.54d  75.42% wall=  16.1m speed=     308x eta=  11.5m admitted=716327 completed=716324 running=3 waiting=0 waiting_min/max=0/4 queue_p99[prefill=2.0,decode=0.0] queue_now[prefill=0,decode=0] active_sessions=177 output=842.2 tok/s interval_p99_ttft=4.489s
  sim=  7.58d  75.83% wall=  16.3m speed=     350x eta=   9.9m admitted=720603 completed=720599 running=4 waiting=0 waiting_min/max=0/3 queue_p99[prefill=2.0,decode=0.0] queue_now[prefill=0,decode=0] active_sessions=193 output=716.0 tok/s interval_p99_ttft=4.959s
  sim=  7.63d  76.25% wall=  16.5m speed=     351x eta=   9.8m admitted=724718 completed=724715 running=3 waiting=0 waiting_min/max=0/4 queue_p99[prefill=3.0,decode=0.0] queue_now[prefill=0,decode=0] active_sessions=193 output=752.4 tok/s interval_p99_ttft=9.262s
  sim=  7.67d  76.67% wall=  16.6m speed=     369x eta=   9.1m admitted=728647 completed=728645 running=2 waiting=0 waiting_min/max=0/5 queue_p99[prefill=2.0,decode=0.0] queue_now[prefill=0,decode=0] active_sessions=187 output=636.3 tok/s interval_p99_ttft=6.287s
  sim=  7.71d  77.08% wall=  16.8m speed=     367x eta=   9.0m admitted=732455 completed=732453 running=2 waiting=0 waiting_min/max=0/6 queue_p99[prefill=3.0,decode=0.0] queue_now[prefill=0,decode=0] active_sessions=190 output=696.6 tok/s interval_p99_ttft=14.224s
  sim=  7.75d  77.50% wall=  17.0m speed=     293x eta=  11.1m admitted=738160 completed=738157 running=3 waiting=0 waiting_min/max=0/4 queue_p99[prefill=2.0,decode=0.0] queue_now[prefill=0,decode=0] active_sessions=182 output=935.3 tok/s interval_p99_ttft=3.291s
  sim=  7.79d  77.92% wall=  17.2m speed=     347x eta=   9.2m admitted=742326 completed=742324 running=2 waiting=0 waiting_min/max=0/3 queue_p99[prefill=1.0,decode=0.0] queue_now[prefill=0,decode=0] active_sessions=186 output=575.7 tok/s interval_p99_ttft=3.813s
  sim=  7.83d  78.33% wall=  17.4m speed=     302x eta=  10.3m admitted=747627 completed=747621 running=6 waiting=0 waiting_min/max=0/8 queue_p99[prefill=5.0,decode=0.0] queue_now[prefill=0,decode=0] active_sessions=189 output=717.7 tok/s interval_p99_ttft=12.661s
  sim=  7.88d  78.75% wall=  17.6m speed=     284x eta=  10.8m admitted=753531 completed=753526 running=1 waiting=4 waiting_min/max=0/7 queue_p99[prefill=4.0,decode=0.0] queue_now[prefill=4,decode=0] active_sessions=187 output=875.7 tok/s interval_p99_ttft=12.774s
  sim=  7.92d  79.17% wall=  17.8m speed=     328x eta=   9.1m admitted=757969 completed=757963 running=6 waiting=0 waiting_min/max=0/5 queue_p99[prefill=4.0,decode=0.0] queue_now[prefill=0,decode=0] active_sessions=190 output=711.8 tok/s interval_p99_ttft=14.885s
  sim=  7.96d  79.58% wall=  18.0m speed=     320x eta=   9.2m admitted=762651 completed=762648 running=3 waiting=0 waiting_min/max=0/4 queue_p99[prefill=3.0,decode=0.0] queue_now[prefill=0,decode=0] active_sessions=192 output=852.2 tok/s interval_p99_ttft=11.242s
  sim=  8.00d  80.00% wall=  18.2m speed=     297x eta=   9.7m admitted=767310 completed=767306 running=4 waiting=0 waiting_min/max=0/6 queue_p99[prefill=3.0,decode=0.0] queue_now[prefill=0,decode=0] active_sessions=191 output=942.8 tok/s interval_p99_ttft=10.190s
  sim=  8.04d  80.42% wall=  18.4m speed=     255x eta=  11.1m admitted=773236 completed=773232 running=4 waiting=0 waiting_min/max=0/8 queue_p99[prefill=4.0,decode=0.0] queue_now[prefill=0,decode=0] active_sessions=193 output=1164.3 tok/s interval_p99_ttft=11.762s
  sim=  8.08d  80.83% wall=  18.6m speed=     277x eta=   9.9m admitted=778365 completed=778361 running=4 waiting=0 waiting_min/max=0/7 queue_p99[prefill=4.0,decode=0.0] queue_now[prefill=0,decode=0] active_sessions=188 output=984.4 tok/s interval_p99_ttft=12.273s
  sim=  8.13d  81.25% wall=  18.8m speed=     345x eta=   7.8m admitted=781963 completed=781959 running=4 waiting=0 waiting_min/max=0/5 queue_p99[prefill=4.0,decode=0.0] queue_now[prefill=0,decode=0] active_sessions=181 output=631.7 tok/s interval_p99_ttft=19.219s
  sim=  8.17d  81.67% wall=  19.0m speed=     309x eta=   8.5m admitted=786383 completed=786379 running=3 waiting=0 waiting_min/max=0/9 queue_p99[prefill=7.0,decode=0.0] queue_now[prefill=0,decode=0] active_sessions=180 output=853.8 tok/s interval_p99_ttft=20.247s
  sim=  8.21d  82.08% wall=  19.2m speed=     308x eta=   8.4m admitted=790468 completed=790467 running=1 waiting=0 waiting_min/max=0/6 queue_p99[prefill=4.0,decode=0.0] queue_now[prefill=0,decode=0] active_sessions=182 output=619.3 tok/s interval_p99_ttft=18.234s
  sim=  8.25d  82.50% wall=  19.4m speed=     307x eta=   8.2m admitted=794715 completed=794711 running=3 waiting=0 waiting_min/max=0/3 queue_p99[prefill=2.0,decode=0.0] queue_now[prefill=0,decode=0] active_sessions=177 output=675.5 tok/s interval_p99_ttft=9.658s
  sim=  8.29d  82.92% wall=  19.6m speed=     309x eta=   8.0m admitted=799192 completed=799186 running=5 waiting=1 waiting_min/max=0/3 queue_p99[prefill=2.0,decode=0.0] queue_now[prefill=1,decode=0] active_sessions=174 output=715.1 tok/s interval_p99_ttft=6.827s
  sim=  8.33d  83.33% wall=  19.8m speed=     294x eta=   8.2m admitted=803856 completed=803851 running=5 waiting=0 waiting_min/max=0/4 queue_p99[prefill=2.0,decode=0.0] queue_now[prefill=0,decode=0] active_sessions=166 output=805.8 tok/s interval_p99_ttft=7.813s
  sim=  8.38d  83.75% wall=  20.0m speed=     348x eta=   6.7m admitted=807817 completed=807816 running=1 waiting=0 waiting_min/max=0/3 queue_p99[prefill=1.0,decode=0.0] queue_now[prefill=0,decode=0] active_sessions=168 output=550.6 tok/s interval_p99_ttft=5.497s
  sim=  8.42d  84.17% wall=  20.1m speed=     326x eta=   7.0m admitted=811308 completed=811302 running=6 waiting=0 waiting_min/max=0/3 queue_p99[prefill=1.0,decode=0.0] queue_now[prefill=0,decode=0] active_sessions=172 output=803.0 tok/s interval_p99_ttft=5.344s
  sim=  8.46d  84.58% wall=  20.4m speed=     276x eta=   8.0m admitted=815274 completed=815273 running=0 waiting=0 waiting_min/max=0/4 queue_p99[prefill=2.0,decode=0.0] queue_now[prefill=0,decode=0] active_sessions=174 output=854.1 tok/s interval_p99_ttft=8.648s
  sim=  8.50d  85.00% wall=  20.5m speed=     312x eta=   6.9m admitted=819643 completed=819642 running=0 waiting=0 waiting_min/max=0/4 queue_p99[prefill=2.0,decode=0.0] queue_now[prefill=0,decode=0] active_sessions=174 output=802.6 tok/s interval_p99_ttft=7.790s
  sim=  8.54d  85.42% wall=  20.7m speed=     314x eta=   6.7m admitted=823587 completed=823584 running=3 waiting=0 waiting_min/max=0/4 queue_p99[prefill=2.0,decode=0.0] queue_now[prefill=0,decode=0] active_sessions=180 output=738.1 tok/s interval_p99_ttft=11.065s
  sim=  8.58d  85.83% wall=  20.9m speed=     304x eta=   6.7m admitted=828007 completed=828003 running=4 waiting=0 waiting_min/max=0/3 queue_p99[prefill=1.0,decode=0.0] queue_now[prefill=0,decode=0] active_sessions=180 output=849.2 tok/s interval_p99_ttft=2.521s
  sim=  8.63d  86.25% wall=  21.1m speed=     354x eta=   5.6m admitted=831337 completed=831335 running=2 waiting=0 waiting_min/max=0/2 queue_p99[prefill=1.0,decode=0.0] queue_now[prefill=0,decode=0] active_sessions=181 output=602.4 tok/s interval_p99_ttft=2.480s
  sim=  8.67d  86.67% wall=  21.3m speed=     312x eta=   6.2m admitted=835478 completed=835475 running=3 waiting=0 waiting_min/max=0/4 queue_p99[prefill=1.0,decode=0.0] queue_now[prefill=0,decode=0] active_sessions=178 output=688.4 tok/s interval_p99_ttft=5.485s
  sim=  8.71d  87.08% wall=  21.5m speed=     312x eta=   6.0m admitted=839601 completed=839598 running=3 waiting=0 waiting_min/max=0/4 queue_p99[prefill=2.0,decode=0.0] queue_now[prefill=0,decode=0] active_sessions=175 output=613.9 tok/s interval_p99_ttft=7.540s
  sim=  8.75d  87.50% wall=  21.7m speed=     342x eta=   5.3m admitted=843158 completed=843153 running=5 waiting=0 waiting_min/max=0/5 queue_p99[prefill=2.0,decode=0.0] queue_now[prefill=0,decode=0] active_sessions=170 output=725.9 tok/s interval_p99_ttft=9.720s
  sim=  8.79d  87.92% wall=  21.9m speed=     325x eta=   5.3m admitted=846976 completed=846972 running=4 waiting=0 waiting_min/max=0/3 queue_p99[prefill=1.0,decode=0.0] queue_now[prefill=0,decode=0] active_sessions=165 output=710.9 tok/s interval_p99_ttft=7.375s
  sim=  8.83d  88.33% wall=  22.0m speed=     301x eta=   5.6m admitted=851342 completed=851341 running=1 waiting=0 waiting_min/max=0/5 queue_p99[prefill=3.0,decode=0.0] queue_now[prefill=0,decode=0] active_sessions=166 output=688.5 tok/s interval_p99_ttft=11.633s
  sim=  8.88d  88.75% wall=  22.3m speed=     277x eta=   5.8m admitted=856642 completed=856641 running=0 waiting=0 waiting_min/max=0/5 queue_p99[prefill=2.0,decode=0.0] queue_now[prefill=0,decode=0] active_sessions=161 output=797.0 tok/s interval_p99_ttft=9.012s
  sim=  8.92d  89.17% wall=  22.5m speed=     318x eta=   4.9m admitted=860421 completed=860419 running=2 waiting=0 waiting_min/max=0/3 queue_p99[prefill=2.0,decode=0.0] queue_now[prefill=0,decode=0] active_sessions=160 output=584.3 tok/s interval_p99_ttft=5.513s
  sim=  8.96d  89.58% wall=  22.6m speed=     329x eta=   4.6m admitted=864126 completed=864123 running=3 waiting=0 waiting_min/max=0/7 queue_p99[prefill=4.0,decode=0.0] queue_now[prefill=0,decode=0] active_sessions=173 output=620.9 tok/s interval_p99_ttft=12.626s
  sim=  9.00d  90.00% wall=  22.8m speed=     329x eta=   4.4m admitted=867629 completed=867626 running=3 waiting=0 waiting_min/max=0/4 queue_p99[prefill=3.0,decode=0.0] queue_now[prefill=0,decode=0] active_sessions=161 output=715.6 tok/s interval_p99_ttft=13.569s
  sim=  9.04d  90.42% wall=  23.0m speed=     331x eta=   4.2m admitted=870984 completed=870982 running=2 waiting=0 waiting_min/max=0/5 queue_p99[prefill=4.0,decode=0.0] queue_now[prefill=0,decode=0] active_sessions=158 output=663.1 tok/s interval_p99_ttft=26.192s
  sim=  9.08d  90.83% wall=  23.2m speed=     331x eta=   4.0m admitted=874236 completed=874234 running=1 waiting=0 waiting_min/max=0/4 queue_p99[prefill=2.0,decode=0.0] queue_now[prefill=0,decode=0] active_sessions=149 output=621.3 tok/s interval_p99_ttft=11.546s
  sim=  9.13d  91.25% wall=  23.4m speed=     303x eta=   4.2m admitted=878050 completed=878048 running=2 waiting=0 waiting_min/max=0/4 queue_p99[prefill=2.0,decode=0.0] queue_now[prefill=0,decode=0] active_sessions=164 output=718.1 tok/s interval_p99_ttft=10.373s
  sim=  9.17d  91.67% wall=  23.6m speed=     241x eta=   5.0m admitted=884016 completed=884012 running=4 waiting=0 waiting_min/max=0/4 queue_p99[prefill=2.0,decode=0.0] queue_now[prefill=0,decode=0] active_sessions=161 output=978.3 tok/s interval_p99_ttft=6.059s
  sim=  9.21d  92.08% wall=  23.8m speed=     276x eta=   4.1m admitted=888610 completed=888605 running=4 waiting=0 waiting_min/max=0/4 queue_p99[prefill=2.0,decode=0.0] queue_now[prefill=0,decode=0] active_sessions=161 output=829.2 tok/s interval_p99_ttft=10.396s
  sim=  9.25d  92.50% wall=  24.1m speed=     289x eta=   3.7m admitted=892625 completed=892619 running=6 waiting=0 waiting_min/max=0/4 queue_p99[prefill=2.0,decode=0.0] queue_now[prefill=0,decode=0] active_sessions=159 output=817.7 tok/s interval_p99_ttft=15.842s
  sim=  9.29d  92.92% wall=  24.3m speed=     292x eta=   3.5m admitted=896992 completed=896991 running=0 waiting=0 waiting_min/max=0/5 queue_p99[prefill=3.0,decode=0.0] queue_now[prefill=0,decode=0] active_sessions=160 output=761.9 tok/s interval_p99_ttft=17.831s
  sim=  9.33d  93.33% wall=  24.5m speed=     286x eta=   3.4m admitted=901323 completed=901320 running=3 waiting=0 waiting_min/max=0/6 queue_p99[prefill=4.0,decode=2.0] queue_now[prefill=0,decode=0] active_sessions=160 output=686.2 tok/s interval_p99_ttft=18.181s
  sim=  9.38d  93.75% wall=  24.7m speed=     266x eta=   3.4m admitted=906163 completed=906159 running=4 waiting=0 waiting_min/max=0/8 queue_p99[prefill=4.0,decode=0.0] queue_now[prefill=0,decode=0] active_sessions=156 output=680.2 tok/s interval_p99_ttft=17.185s
  sim=  9.42d  94.17% wall=  24.9m speed=     297x eta=   2.8m admitted=909918 completed=909913 running=5 waiting=0 waiting_min/max=0/5 queue_p99[prefill=3.0,decode=0.0] queue_now[prefill=0,decode=0] active_sessions=150 output=707.5 tok/s interval_p99_ttft=19.075s
  sim=  9.46d  94.58% wall=  25.1m speed=     307x eta=   2.5m admitted=913571 completed=913563 running=8 waiting=0 waiting_min/max=0/4 queue_p99[prefill=3.0,decode=0.0] queue_now[prefill=0,decode=0] active_sessions=142 output=672.8 tok/s interval_p99_ttft=17.748s
  sim=  9.50d  95.00% wall=  25.3m speed=     322x eta=   2.2m admitted=916858 completed=916857 running=0 waiting=0 waiting_min/max=0/6 queue_p99[prefill=3.0,decode=0.0] queue_now[prefill=0,decode=0] active_sessions=140 output=668.7 tok/s interval_p99_ttft=16.375s
  sim=  9.54d  95.42% wall=  26.0m speed=      87x eta=   7.6m admitted=920820 completed=920818 running=2 waiting=0 waiting_min/max=0/4 queue_p99[prefill=2.0,decode=0.0] queue_now[prefill=0,decode=0] active_sessions=125 output=510.4 tok/s interval_p99_ttft=13.378s
  sim=  9.58d  95.83% wall=  26.7m speed=      85x eta=   7.1m admitted=924416 completed=924413 running=3 waiting=0 waiting_min/max=0/4 queue_p99[prefill=2.0,decode=0.0] queue_now[prefill=0,decode=0] active_sessions=120 output=538.2 tok/s interval_p99_ttft=11.098s
  sim=  9.63d  96.25% wall=  27.6m speed=      68x eta=   7.9m admitted=928902 completed=928898 running=4 waiting=0 waiting_min/max=0/4 queue_p99[prefill=2.0,decode=0.0] queue_now[prefill=0,decode=0] active_sessions=112 output=937.9 tok/s interval_p99_ttft=7.438s
  sim=  9.67d  96.67% wall=  28.3m speed=      85x eta=   5.7m admitted=931723 completed=931718 running=4 waiting=0 waiting_min/max=0/3 queue_p99[prefill=2.0,decode=0.0] queue_now[prefill=0,decode=0] active_sessions=112 output=676.4 tok/s interval_p99_ttft=8.070s
  sim=  9.71d  97.08% wall=  29.1m speed=      75x eta=   5.6m admitted=935227 completed=935221 running=5 waiting=1 waiting_min/max=0/3 queue_p99[prefill=2.0,decode=0.0] queue_now[prefill=1,decode=0] active_sessions=119 output=712.5 tok/s interval_p99_ttft=8.729s
  sim=  9.75d  97.50% wall=  30.0m speed=      63x eta=   5.7m admitted=939596 completed=939595 running=1 waiting=0 waiting_min/max=0/5 queue_p99[prefill=3.0,decode=0.0] queue_now[prefill=0,decode=0] active_sessions=99 output=897.2 tok/s interval_p99_ttft=14.921s
  sim=  9.79d  97.92% wall=  30.8m speed=      76x eta=   4.0m admitted=943057 completed=943054 running=3 waiting=0 waiting_min/max=0/5 queue_p99[prefill=2.0,decode=0.0] queue_now[prefill=0,decode=0] active_sessions=98 output=623.9 tok/s interval_p99_ttft=12.801s
  sim=  9.83d  98.33% wall=  31.8m speed=      63x eta=   3.8m admitted=947695 completed=947692 running=3 waiting=0 waiting_min/max=0/5 queue_p99[prefill=2.0,decode=0.0] queue_now[prefill=0,decode=0] active_sessions=103 output=682.4 tok/s interval_p99_ttft=9.444s
  sim=  9.88d  98.75% wall=  32.6m speed=      73x eta=   2.5m admitted=951275 completed=951271 running=4 waiting=0 waiting_min/max=0/4 queue_p99[prefill=2.0,decode=0.0] queue_now[prefill=0,decode=0] active_sessions=95 output=559.4 tok/s interval_p99_ttft=9.653s
  sim=  9.92d  99.17% wall=  33.5m speed=      62x eta=   1.9m admitted=955805 completed=955801 running=4 waiting=0 waiting_min/max=0/4 queue_p99[prefill=2.0,decode=0.0] queue_now[prefill=0,decode=0] active_sessions=82 output=759.2 tok/s interval_p99_ttft=8.657s
  sim=  9.96d  99.58% wall=  34.5m speed=      60x eta=   1.0m admitted=960509 completed=960505 running=3 waiting=0 waiting_min/max=0/6 queue_p99[prefill=4.0,decode=0.0] queue_now[prefill=0,decode=0] active_sessions=62 output=681.6 tok/s interval_p99_ttft=15.148s
  sim= 10.00d 100.00% wall=  35.5m speed=      64x eta=   0.0s admitted=965207 completed=965201 running=3 waiting=2 waiting_min/max=0/8 queue_p99[prefill=7.0,decode=1.0] queue_now[prefill=2,decode=0] active_sessions=6 output=738.7 tok/s interval_p99_ttft=33.491s
  EARLY STOP: CompletedTtftSloBreach { interval_secs: 3599.4779549033847, completed_samples: 4696, p99_ms: 33491.01473110504, limit_ms: 30000.0 }
