starting 10.000-day run: lambda/rank=0.004000, lambda/node=0.032000, progress every 3600 simulated seconds, stop at waiting 1000, 6 consecutive growing epochs
  sim=  0.04d   0.42% wall=   1.2s speed=    3329x eta=   4.3m admitted=2922 completed=2921 running=1 waiting=0 waiting_min/max=0/1 queue_p99[prefill=0.0,decode=0.0] queue_now[prefill=0,decode=0] active_sessions=28 output=440.0 tok/s interval_ttft_q0.950=0.154s
  sim=  0.08d   0.83% wall=   2.8s speed=    2235x eta=   6.4m admitted=7625 completed=7619 running=6 waiting=0 waiting_min/max=0/2 queue_p99[prefill=1.0,decode=0.0] queue_now[prefill=0,decode=0] active_sessions=55 output=806.2 tok/s interval_ttft_q0.950=0.609s
  sim=  0.13d   1.25% wall=   4.2s speed=    2510x eta=   5.7m admitted=11010 completed=11006 running=4 waiting=0 waiting_min/max=0/2 queue_p99[prefill=0.0,decode=0.0] queue_now[prefill=0,decode=0] active_sessions=48 output=608.3 tok/s interval_ttft_q0.950=0.173s
  sim=  0.17d   1.67% wall=   6.0s speed=    1996x eta=   7.1m admitted=15504 completed=15503 running=1 waiting=0 waiting_min/max=0/1 queue_p99[prefill=0.0,decode=0.0] queue_now[prefill=0,decode=0] active_sessions=64 output=775.5 tok/s interval_ttft_q0.950=0.146s
  sim=  0.21d   2.08% wall=   8.1s speed=    1760x eta=   8.0m admitted=21138 completed=21134 running=4 waiting=0 waiting_min/max=0/2 queue_p99[prefill=0.0,decode=0.0] queue_now[prefill=0,decode=0] active_sessions=75 output=871.4 tok/s interval_ttft_q0.950=0.159s
  sim=  0.25d   2.50% wall=  10.2s speed=    1681x eta=   8.4m admitted=26977 completed=26974 running=3 waiting=0 waiting_min/max=0/2 queue_p99[prefill=0.0,decode=0.0] queue_now[prefill=0,decode=0] active_sessions=79 output=860.7 tok/s interval_ttft_q0.950=0.261s
  sim=  0.29d   2.92% wall=  12.1s speed=    1921x eta=   7.3m admitted=31119 completed=31117 running=2 waiting=0 waiting_min/max=0/3 queue_p99[prefill=0.0,decode=0.0] queue_now[prefill=0,decode=0] active_sessions=71 output=745.4 tok/s interval_ttft_q0.950=0.200s
  sim=  0.33d   3.33% wall=  14.3s speed=    1636x eta=   8.5m admitted=37102 completed=37100 running=2 waiting=0 waiting_min/max=0/2 queue_p99[prefill=0.0,decode=0.0] queue_now[prefill=0,decode=0] active_sessions=84 output=992.8 tok/s interval_ttft_q0.950=0.181s
  sim=  0.38d   3.75% wall=  16.4s speed=    1725x eta=   8.0m admitted=42404 completed=42399 running=5 waiting=0 waiting_min/max=0/2 queue_p99[prefill=1.0,decode=0.0] queue_now[prefill=0,decode=0] active_sessions=92 output=807.5 tok/s interval_ttft_q0.950=0.377s
  sim=  0.42d   4.17% wall=  18.4s speed=    1780x eta=   7.8m admitted=47178 completed=47177 running=1 waiting=0 waiting_min/max=0/3 queue_p99[prefill=0.0,decode=0.0] queue_now[prefill=0,decode=0] active_sessions=103 output=740.7 tok/s interval_ttft_q0.950=0.183s
  sim=  0.46d   4.58% wall=  20.8s speed=    1505x eta=   9.1m admitted=53087 completed=53084 running=3 waiting=0 waiting_min/max=0/3 queue_p99[prefill=0.0,decode=0.0] queue_now[prefill=0,decode=0] active_sessions=109 output=933.6 tok/s interval_ttft_q0.950=0.190s
  sim=  0.50d   5.00% wall=  23.3s speed=    1451x eta=   9.4m admitted=58511 completed=58505 running=6 waiting=0 waiting_min/max=0/3 queue_p99[prefill=1.0,decode=0.0] queue_now[prefill=0,decode=0] active_sessions=109 output=881.2 tok/s interval_ttft_q0.950=0.185s
  sim=  0.54d   5.42% wall=  25.6s speed=    1558x eta=   8.7m admitted=63431 completed=63427 running=4 waiting=0 waiting_min/max=0/2 queue_p99[prefill=1.0,decode=0.0] queue_now[prefill=0,decode=0] active_sessions=114 output=812.7 tok/s interval_ttft_q0.950=0.208s
  sim=  0.58d   5.83% wall=  28.0s speed=    1514x eta=   9.0m admitted=68327 completed=68318 running=8 waiting=0 waiting_min/max=0/1 queue_p99[prefill=0.0,decode=0.0] queue_now[prefill=0,decode=0] active_sessions=124 output=819.2 tok/s interval_ttft_q0.950=0.320s
  sim=  0.63d   6.25% wall=  30.6s speed=    1356x eta=  10.0m admitted=74573 completed=74572 running=1 waiting=0 waiting_min/max=0/4 queue_p99[prefill=2.0,decode=2.0] queue_now[prefill=0,decode=0] active_sessions=132 output=915.8 tok/s interval_ttft_q0.950=0.591s
  sim=  0.67d   6.67% wall=  33.2s speed=    1396x eta=   9.6m admitted=80106 completed=80104 running=2 waiting=0 waiting_min/max=0/3 queue_p99[prefill=1.0,decode=0.0] queue_now[prefill=0,decode=0] active_sessions=132 output=782.5 tok/s interval_ttft_q0.950=0.166s
  sim=  0.71d   7.08% wall=  36.0s speed=    1299x eta=  10.3m admitted=86012 completed=86006 running=5 waiting=1 waiting_min/max=0/5 queue_p99[prefill=1.0,decode=0.0] queue_now[prefill=1,decode=0] active_sessions=155 output=857.8 tok/s interval_ttft_q0.950=0.214s
  sim=  0.75d   7.50% wall=  38.9s speed=    1245x eta=  10.7m admitted=92017 completed=92011 running=6 waiting=0 waiting_min/max=0/3 queue_p99[prefill=1.0,decode=0.0] queue_now[prefill=0,decode=0] active_sessions=172 output=953.3 tok/s interval_ttft_q0.950=0.454s
  sim=  0.79d   7.92% wall=  42.0s speed=    1149x eta=  11.5m admitted=98562 completed=98556 running=6 waiting=0 waiting_min/max=0/4 queue_p99[prefill=1.0,decode=0.0] queue_now[prefill=0,decode=0] active_sessions=168 output=1159.8 tok/s interval_ttft_q0.950=0.405s
  sim=  0.83d   8.33% wall=  45.2s speed=    1121x eta=  11.8m admitted=105333 completed=105330 running=3 waiting=0 waiting_min/max=0/4 queue_p99[prefill=1.0,decode=0.0] queue_now[prefill=0,decode=0] active_sessions=161 output=1088.2 tok/s interval_ttft_q0.950=0.385s
  sim=  0.88d   8.75% wall=  48.2s speed=    1191x eta=  11.0m admitted=110968 completed=110964 running=3 waiting=0 waiting_min/max=0/4 queue_p99[prefill=1.0,decode=0.0] queue_now[prefill=0,decode=0] active_sessions=159 output=848.0 tok/s interval_ttft_q0.950=0.194s
  sim=  0.92d   9.17% wall=  51.5s speed=    1104x eta=  11.8m admitted=116639 completed=116631 running=6 waiting=0 waiting_min/max=0/5 queue_p99[prefill=2.0,decode=1.0] queue_now[prefill=0,decode=0] active_sessions=164 output=939.5 tok/s interval_ttft_q0.950=0.617s
  sim=  0.96d   9.58% wall=  55.1s speed=     996x eta=  13.1m admitted=123297 completed=123296 running=0 waiting=0 waiting_min/max=0/7 queue_p99[prefill=4.0,decode=0.0] queue_now[prefill=0,decode=0] active_sessions=175 output=1152.8 tok/s interval_ttft_q0.950=0.812s
  sim=  1.00d  10.00% wall=  58.6s speed=    1023x eta=  12.7m admitted=129673 completed=129668 running=3 waiting=1 waiting_min/max=0/5 queue_p99[prefill=3.0,decode=0.0] queue_now[prefill=1,decode=0] active_sessions=175 output=1061.9 tok/s interval_ttft_q0.950=1.094s
  sim=  1.04d  10.42% wall=   1.0m speed=     890x eta=  14.5m admitted=137798 completed=137787 running=5 waiting=5 waiting_min/max=0/8 queue_p99[prefill=6.0,decode=0.0] queue_now[prefill=5,decode=0] active_sessions=194 output=1317.6 tok/s interval_ttft_q0.950=0.641s
  sim=  1.08d  10.83% wall=   1.1m speed=     818x eta=  15.7m admitted=147145 completed=147139 running=5 waiting=0 waiting_min/max=0/9 queue_p99[prefill=7.0,decode=0.0] queue_now[prefill=0,decode=0] active_sessions=195 output=1308.2 tok/s interval_ttft_q0.950=0.937s
  sim=  1.13d  11.25% wall=   1.2m speed=     861x eta=  14.8m admitted=154607 completed=154599 running=7 waiting=1 waiting_min/max=0/8 queue_p99[prefill=5.0,decode=0.0] queue_now[prefill=1,decode=0] active_sessions=200 output=1201.8 tok/s interval_ttft_q0.950=1.244s
  sim=  1.17d  11.67% wall=   1.3m speed=     763x eta=  16.7m admitted=163878 completed=163874 running=2 waiting=1 waiting_min/max=0/6 queue_p99[prefill=4.0,decode=0.0] queue_now[prefill=1,decode=0] active_sessions=202 output=1422.6 tok/s interval_ttft_q0.950=0.963s
  sim=  1.21d  12.08% wall=   1.3m speed=     732x eta=  17.3m admitted=172530 completed=172521 running=7 waiting=0 waiting_min/max=0/13 queue_p99[prefill=9.0,decode=0.0] queue_now[prefill=0,decode=0] active_sessions=211 output=1398.8 tok/s interval_ttft_q0.950=4.924s
  sim=  1.25d  12.50% wall=   1.4m speed=     758x eta=  16.6m admitted=180791 completed=180786 running=5 waiting=0 waiting_min/max=0/11 queue_p99[prefill=6.0,decode=1.0] queue_now[prefill=0,decode=0] active_sessions=207 output=1191.9 tok/s interval_ttft_q0.950=2.541s
  sim=  1.29d  12.92% wall=   1.5m speed=     766x eta=  16.4m admitted=188040 completed=188035 running=5 waiting=0 waiting_min/max=0/6 queue_p99[prefill=3.0,decode=0.0] queue_now[prefill=0,decode=0] active_sessions=207 output=1236.8 tok/s interval_ttft_q0.950=0.743s
  sim=  1.33d  13.33% wall=   1.6m speed=     779x eta=  16.0m admitted=194731 completed=194728 running=3 waiting=0 waiting_min/max=0/5 queue_p99[prefill=1.0,decode=0.0] queue_now[prefill=0,decode=0] active_sessions=202 output=1145.0 tok/s interval_ttft_q0.950=0.321s
  sim=  1.38d  13.75% wall=   1.7m speed=     751x eta=  16.5m admitted=201308 completed=201302 running=6 waiting=0 waiting_min/max=0/5 queue_p99[prefill=2.0,decode=0.0] queue_now[prefill=0,decode=0] active_sessions=204 output=1174.8 tok/s interval_ttft_q0.950=0.684s
  sim=  1.42d  14.17% wall=   1.7m speed=     700x eta=  17.7m admitted=208296 completed=208288 running=8 waiting=0 waiting_min/max=0/5 queue_p99[prefill=3.0,decode=0.0] queue_now[prefill=0,decode=0] active_sessions=212 output=1357.3 tok/s interval_ttft_q0.950=1.067s
  sim=  1.46d  14.58% wall=   1.8m speed=     683x eta=  18.0m admitted=215412 completed=215401 running=11 waiting=0 waiting_min/max=0/9 queue_p99[prefill=6.0,decode=0.0] queue_now[prefill=0,decode=0] active_sessions=216 output=1293.7 tok/s interval_ttft_q0.950=1.365s
  sim=  1.50d  15.00% wall=   1.9m speed=     669x eta=  18.3m admitted=222515 completed=222506 running=7 waiting=2 waiting_min/max=0/7 queue_p99[prefill=5.0,decode=0.0] queue_now[prefill=0,decode=2] active_sessions=226 output=1248.0 tok/s interval_ttft_q0.950=1.161s
  sim=  1.54d  15.42% wall=   2.0m speed=     602x eta=  20.2m admitted=230925 completed=230916 running=8 waiting=1 waiting_min/max=0/7 queue_p99[prefill=6.0,decode=2.0] queue_now[prefill=1,decode=0] active_sessions=226 output=1321.9 tok/s interval_ttft_q0.950=1.930s
  sim=  1.58d  15.83% wall=   2.1m speed=     594x eta=  20.4m admitted=239267 completed=239257 running=10 waiting=0 waiting_min/max=0/6 queue_p99[prefill=4.0,decode=0.0] queue_now[prefill=0,decode=0] active_sessions=231 output=1242.1 tok/s interval_ttft_q0.950=0.662s
  sim=  1.63d  16.25% wall=   2.2m speed=     565x eta=  21.3m admitted=247269 completed=247264 running=5 waiting=0 waiting_min/max=0/6 queue_p99[prefill=2.0,decode=0.0] queue_now[prefill=0,decode=0] active_sessions=239 output=1182.2 tok/s interval_ttft_q0.950=0.693s
  sim=  1.67d  16.67% wall=   2.3m speed=     573x eta=  20.9m admitted=255169 completed=255161 running=8 waiting=0 waiting_min/max=0/5 queue_p99[prefill=3.0,decode=0.0] queue_now[prefill=0,decode=0] active_sessions=253 output=1376.9 tok/s interval_ttft_q0.950=0.461s
  sim=  1.71d  17.08% wall=   2.4m speed=     540x eta=  22.1m admitted=263649 completed=263643 running=6 waiting=0 waiting_min/max=0/7 queue_p99[prefill=4.0,decode=0.0] queue_now[prefill=0,decode=0] active_sessions=254 output=1349.3 tok/s interval_ttft_q0.950=0.936s
  sim=  1.75d  17.50% wall=   2.6m speed=     567x eta=  20.9m admitted=271111 completed=271102 running=9 waiting=0 waiting_min/max=0/7 queue_p99[prefill=5.0,decode=0.0] queue_now[prefill=0,decode=0] active_sessions=245 output=1202.4 tok/s interval_ttft_q0.950=1.520s
  sim=  1.79d  17.92% wall=   2.7m speed=     569x eta=  20.8m admitted=278196 completed=278192 running=4 waiting=0 waiting_min/max=0/7 queue_p99[prefill=5.0,decode=0.0] queue_now[prefill=0,decode=0] active_sessions=247 output=1051.5 tok/s interval_ttft_q0.950=0.767s
  sim=  1.83d  18.33% wall=   2.8m speed=     526x eta=  22.4m admitted=286021 completed=286013 running=8 waiting=0 waiting_min/max=0/6 queue_p99[prefill=2.0,decode=0.0] queue_now[prefill=0,decode=0] active_sessions=254 output=1272.2 tok/s interval_ttft_q0.950=0.389s
  sim=  1.88d  18.75% wall=   2.9m speed=     458x eta=  25.6m admitted=296170 completed=296161 running=9 waiting=0 waiting_min/max=0/9 queue_p99[prefill=6.0,decode=1.0] queue_now[prefill=0,decode=0] active_sessions=253 output=1489.6 tok/s interval_ttft_q0.950=2.154s
  sim=  1.92d  19.17% wall=   3.0m speed=     497x eta=  23.4m admitted=304582 completed=304580 running=2 waiting=0 waiting_min/max=0/7 queue_p99[prefill=3.0,decode=0.0] queue_now[prefill=0,decode=0] active_sessions=255 output=1321.2 tok/s interval_ttft_q0.950=1.030s
  sim=  1.96d  19.58% wall=   3.1m speed=     530x eta=  21.9m admitted=311498 completed=311490 running=5 waiting=2 waiting_min/max=0/5 queue_p99[prefill=2.0,decode=0.0] queue_now[prefill=2,decode=0] active_sessions=266 output=1158.5 tok/s interval_ttft_q0.950=0.691s
  sim=  2.00d  20.00% wall=   3.3m speed=     525x eta=  21.9m admitted=318343 completed=318334 running=9 waiting=0 waiting_min/max=0/4 queue_p99[prefill=3.0,decode=0.0] queue_now[prefill=0,decode=0] active_sessions=267 output=1104.7 tok/s interval_ttft_q0.950=0.851s
  sim=  2.04d  20.42% wall=   3.4m speed=     500x eta=  22.9m admitted=325687 completed=325679 running=8 waiting=0 waiting_min/max=0/10 queue_p99[prefill=4.0,decode=0.0] queue_now[prefill=0,decode=0] active_sessions=276 output=1220.8 tok/s interval_ttft_q0.950=1.505s
  sim=  2.08d  20.83% wall=   3.5m speed=     452x eta=  25.2m admitted=333797 completed=333783 running=14 waiting=0 waiting_min/max=0/9 queue_p99[prefill=6.0,decode=1.0] queue_now[prefill=0,decode=0] active_sessions=278 output=1520.0 tok/s interval_ttft_q0.950=2.381s
  sim=  2.13d  21.25% wall=   3.6m speed=     463x eta=  24.5m admitted=341469 completed=341467 running=2 waiting=0 waiting_min/max=0/7 queue_p99[prefill=4.0,decode=0.0] queue_now[prefill=0,decode=0] active_sessions=278 output=1458.1 tok/s interval_ttft_q0.950=1.118s
  sim=  2.17d  21.67% wall=   3.8m speed=     412x eta=  27.4m admitted=351443 completed=351436 running=7 waiting=0 waiting_min/max=0/8 queue_p99[prefill=5.0,decode=0.0] queue_now[prefill=0,decode=0] active_sessions=280 output=1639.1 tok/s interval_ttft_q0.950=1.460s
  sim=  2.21d  22.08% wall=   3.9m speed=     432x eta=  26.0m admitted=360059 completed=360052 running=6 waiting=0 waiting_min/max=0/9 queue_p99[prefill=4.0,decode=0.0] queue_now[prefill=0,decode=0] active_sessions=284 output=1512.4 tok/s interval_ttft_q0.950=1.823s
  sim=  2.25d  22.50% wall=   4.1m speed=     409x eta=  27.3m admitted=369561 completed=369553 running=7 waiting=1 waiting_min/max=0/7 queue_p99[prefill=4.0,decode=0.0] queue_now[prefill=1,decode=0] active_sessions=278 output=1320.3 tok/s interval_ttft_q0.950=1.210s
  sim=  2.29d  22.92% wall=   4.2m speed=     431x eta=  25.8m admitted=377334 completed=377325 running=9 waiting=0 waiting_min/max=0/5 queue_p99[prefill=3.0,decode=0.0] queue_now[prefill=0,decode=0] active_sessions=278 output=1157.2 tok/s interval_ttft_q0.950=1.861s
  sim=  2.33d  23.33% wall=   4.3m speed=     440x eta=  25.1m admitted=384936 completed=384933 running=3 waiting=0 waiting_min/max=0/6 queue_p99[prefill=3.0,decode=0.0] queue_now[prefill=0,decode=0] active_sessions=282 output=1188.0 tok/s interval_ttft_q0.950=0.643s
  sim=  2.38d  23.75% wall=   4.5m speed=     430x eta=  25.5m admitted=392635 completed=392630 running=5 waiting=0 waiting_min/max=0/5 queue_p99[prefill=3.0,decode=0.0] queue_now[prefill=0,decode=0] active_sessions=287 output=1168.2 tok/s interval_ttft_q0.950=0.862s
  sim=  2.42d  24.17% wall=   4.6m speed=     395x eta=  27.6m admitted=401616 completed=401611 running=5 waiting=0 waiting_min/max=0/10 queue_p99[prefill=5.0,decode=0.0] queue_now[prefill=0,decode=0] active_sessions=283 output=1320.0 tok/s interval_ttft_q0.950=1.771s
  sim=  2.46d  24.58% wall=   4.8m speed=     395x eta=  27.5m admitted=410220 completed=410208 running=12 waiting=0 waiting_min/max=0/9 queue_p99[prefill=6.0,decode=0.0] queue_now[prefill=0,decode=0] active_sessions=291 output=1263.5 tok/s interval_ttft_q0.950=1.663s
  sim=  2.50d  25.00% wall=   4.9m speed=     376x eta=  28.8m admitted=419118 completed=419111 running=7 waiting=0 waiting_min/max=0/12 queue_p99[prefill=8.0,decode=0.0] queue_now[prefill=0,decode=0] active_sessions=287 output=1332.9 tok/s interval_ttft_q0.950=2.765s
  sim=  2.54d  25.42% wall=   5.1m speed=     400x eta=  26.9m admitted=426818 completed=426809 running=9 waiting=0 waiting_min/max=0/7 queue_p99[prefill=5.0,decode=0.0] queue_now[prefill=0,decode=0] active_sessions=284 output=1218.4 tok/s interval_ttft_q0.950=2.109s
  sim=  2.58d  25.83% wall=   5.2m speed=     392x eta=  27.2m admitted=434477 completed=434466 running=11 waiting=0 waiting_min/max=0/8 queue_p99[prefill=4.0,decode=1.0] queue_now[prefill=0,decode=0] active_sessions=287 output=1374.6 tok/s interval_ttft_q0.950=1.550s
  sim=  2.63d  26.25% wall=   5.4m speed=     380x eta=  27.9m admitted=442660 completed=442656 running=4 waiting=0 waiting_min/max=0/7 queue_p99[prefill=4.0,decode=1.0] queue_now[prefill=0,decode=0] active_sessions=283 output=1248.7 tok/s interval_ttft_q0.950=0.711s
  sim=  2.67d  26.67% wall=   5.6m speed=     398x eta=  26.5m admitted=449453 completed=449445 running=8 waiting=0 waiting_min/max=0/5 queue_p99[prefill=3.0,decode=0.0] queue_now[prefill=0,decode=0] active_sessions=286 output=1208.9 tok/s interval_ttft_q0.950=1.213s
  sim=  2.71d  27.08% wall=   5.7m speed=     393x eta=  26.7m admitted=455870 completed=455862 running=8 waiting=0 waiting_min/max=0/7 queue_p99[prefill=5.0,decode=0.0] queue_now[prefill=0,decode=0] active_sessions=289 output=1140.8 tok/s interval_ttft_q0.950=1.545s
  sim=  2.75d  27.50% wall=   5.9m speed=     416x eta=  25.1m admitted=461535 completed=461530 running=5 waiting=0 waiting_min/max=0/4 queue_p99[prefill=2.0,decode=0.0] queue_now[prefill=0,decode=0] active_sessions=293 output=975.2 tok/s interval_ttft_q0.950=0.678s
  sim=  2.79d  27.92% wall=   6.0m speed=     371x eta=  28.0m admitted=468779 completed=468766 running=12 waiting=0 waiting_min/max=0/7 queue_p99[prefill=4.0,decode=0.0] queue_now[prefill=0,decode=0] active_sessions=289 output=1236.9 tok/s interval_ttft_q0.950=0.967s
  sim=  2.83d  28.33% wall=   6.2m speed=     332x eta=  31.1m admitted=477294 completed=477290 running=4 waiting=0 waiting_min/max=0/8 queue_p99[prefill=5.0,decode=0.0] queue_now[prefill=0,decode=0] active_sessions=289 output=1467.6 tok/s interval_ttft_q0.950=1.414s
  sim=  2.88d  28.75% wall=   6.4m speed=     358x eta=  28.7m admitted=484907 completed=484897 running=3 waiting=5 waiting_min/max=0/8 queue_p99[prefill=5.0,decode=0.0] queue_now[prefill=5,decode=0] active_sessions=289 output=1340.4 tok/s interval_ttft_q0.950=0.600s
  sim=  2.92d  29.17% wall=   6.5m speed=     385x eta=  26.5m admitted=491061 completed=491054 running=6 waiting=0 waiting_min/max=0/8 queue_p99[prefill=6.0,decode=0.0] queue_now[prefill=0,decode=0] active_sessions=299 output=1039.3 tok/s interval_ttft_q0.950=1.060s
  sim=  2.96d  29.58% wall=   6.7m speed=     330x eta=  30.8m admitted=499230 completed=499219 running=11 waiting=0 waiting_min/max=0/13 queue_p99[prefill=5.0,decode=0.0] queue_now[prefill=0,decode=0] active_sessions=314 output=1196.1 tok/s interval_ttft_q0.950=1.568s
  sim=  3.00d  30.00% wall=   6.9m speed=     304x eta=  33.2m admitted=508954 completed=508944 running=10 waiting=0 waiting_min/max=0/12 queue_p99[prefill=7.0,decode=0.0] queue_now[prefill=0,decode=0] active_sessions=317 output=1508.0 tok/s interval_ttft_q0.950=2.926s
  sim=  3.04d  30.42% wall=   7.1m speed=     309x eta=  32.5m admitted=518113 completed=518100 running=13 waiting=0 waiting_min/max=0/13 queue_p99[prefill=11.0,decode=0.0] queue_now[prefill=0,decode=0] active_sessions=321 output=1459.7 tok/s interval_ttft_q0.950=5.088s
  sim=  3.08d  30.83% wall=   7.3m speed=     278x eta=  35.9m admitted=527758 completed=527753 running=5 waiting=0 waiting_min/max=0/20 queue_p99[prefill=16.0,decode=0.0] queue_now[prefill=0,decode=0] active_sessions=319 output=1567.9 tok/s interval_ttft_q0.950=9.427s
  sim=  3.13d  31.25% wall=   7.5m speed=     325x eta=  30.4m admitted=535286 completed=535279 running=7 waiting=0 waiting_min/max=0/15 queue_p99[prefill=12.0,decode=0.0] queue_now[prefill=0,decode=0] active_sessions=306 output=1084.9 tok/s interval_ttft_q0.950=5.032s
  sim=  3.17d  31.67% wall=   7.7m speed=     327x eta=  30.1m admitted=543124 completed=543119 running=5 waiting=0 waiting_min/max=0/9 queue_p99[prefill=6.0,decode=0.0] queue_now[prefill=0,decode=0] active_sessions=300 output=1068.5 tok/s interval_ttft_q0.950=2.297s
  sim=  3.21d  32.08% wall=   7.9m speed=     325x eta=  30.1m admitted=551059 completed=551053 running=6 waiting=0 waiting_min/max=0/7 queue_p99[prefill=4.0,decode=0.0] queue_now[prefill=0,decode=0] active_sessions=304 output=1168.9 tok/s interval_ttft_q0.950=0.737s
  sim=  3.25d  32.50% wall=   8.0m speed=     326x eta=  29.8m admitted=558315 completed=558311 running=4 waiting=0 waiting_min/max=0/6 queue_p99[prefill=3.0,decode=0.0] queue_now[prefill=0,decode=0] active_sessions=309 output=1148.2 tok/s interval_ttft_q0.950=1.117s
  sim=  3.29d  32.92% wall=   8.3m speed=     281x eta=  34.4m admitted=567544 completed=567536 running=8 waiting=0 waiting_min/max=0/10 queue_p99[prefill=7.0,decode=0.0] queue_now[prefill=0,decode=0] active_sessions=326 output=1352.0 tok/s interval_ttft_q0.950=1.365s
  sim=  3.33d  33.33% wall=   8.5m speed=     308x eta=  31.2m admitted=574849 completed=574844 running=5 waiting=0 waiting_min/max=0/6 queue_p99[prefill=3.0,decode=0.0] queue_now[prefill=0,decode=0] active_sessions=312 output=1100.4 tok/s interval_ttft_q0.950=1.016s
  sim=  3.38d  33.75% wall=   8.7m speed=     292x eta=  32.7m admitted=582960 completed=582954 running=6 waiting=0 waiting_min/max=0/6 queue_p99[prefill=4.0,decode=0.0] queue_now[prefill=0,decode=0] active_sessions=324 output=1258.2 tok/s interval_ttft_q0.950=0.726s
  sim=  3.42d  34.17% wall=   8.9m speed=     286x eta=  33.1m admitted=591086 completed=591083 running=3 waiting=0 waiting_min/max=0/8 queue_p99[prefill=6.0,decode=0.0] queue_now[prefill=0,decode=0] active_sessions=331 output=1324.7 tok/s interval_ttft_q0.950=1.809s
  sim=  3.46d  34.58% wall=   9.1m speed=     283x eta=  33.3m admitted=599079 completed=599071 running=8 waiting=0 waiting_min/max=0/8 queue_p99[prefill=5.0,decode=0.0] queue_now[prefill=0,decode=0] active_sessions=338 output=1311.6 tok/s interval_ttft_q0.950=2.707s
  sim=  3.50d  35.00% wall=   9.3m speed=     271x eta=  34.5m admitted=607505 completed=607500 running=5 waiting=0 waiting_min/max=0/9 queue_p99[prefill=6.0,decode=0.0] queue_now[prefill=0,decode=0] active_sessions=333 output=1249.5 tok/s interval_ttft_q0.950=3.421s
  sim=  3.54d  35.42% wall=   9.5m speed=     280x eta=  33.2m admitted=614605 completed=614590 running=12 waiting=3 waiting_min/max=0/13 queue_p99[prefill=7.0,decode=3.0] queue_now[prefill=3,decode=0] active_sessions=339 output=1132.9 tok/s interval_ttft_q0.950=5.908s
  sim=  3.58d  35.83% wall=   9.8m speed=     240x eta=  38.5m admitted=624006 completed=623998 running=8 waiting=0 waiting_min/max=0/12 queue_p99[prefill=9.0,decode=1.0] queue_now[prefill=0,decode=0] active_sessions=332 output=1416.7 tok/s interval_ttft_q0.950=2.304s
  sim=  3.63d  36.25% wall=  10.0m speed=     263x eta=  34.8m admitted=631993 completed=631989 running=4 waiting=0 waiting_min/max=0/8 queue_p99[prefill=6.0,decode=3.0] queue_now[prefill=0,decode=0] active_sessions=335 output=1203.3 tok/s interval_ttft_q0.950=2.493s
  sim=  3.67d  36.67% wall=  10.2m speed=     251x eta=  36.4m admitted=640645 completed=640633 running=12 waiting=0 waiting_min/max=0/11 queue_p99[prefill=8.0,decode=0.0] queue_now[prefill=0,decode=0] active_sessions=340 output=1334.1 tok/s interval_ttft_q0.950=3.575s
  sim=  3.71d  37.08% wall=  10.5m speed=     231x eta=  39.3m admitted=650851 completed=650835 running=16 waiting=0 waiting_min/max=0/8 queue_p99[prefill=6.0,decode=1.0] queue_now[prefill=0,decode=0] active_sessions=353 output=1508.1 tok/s interval_ttft_q0.950=3.876s
  sim=  3.75d  37.50% wall=  10.8m speed=     212x eta=  42.4m admitted=660347 completed=660340 running=7 waiting=0 waiting_min/max=0/18 queue_p99[prefill=13.0,decode=1.0] queue_now[prefill=0,decode=0] active_sessions=343 output=1483.4 tok/s interval_ttft_q0.950=7.427s
  sim=  3.79d  37.92% wall=  11.0m speed=     227x eta=  39.3m admitted=669133 completed=669118 running=13 waiting=0 waiting_min/max=0/11 queue_p99[prefill=9.0,decode=2.0] queue_now[prefill=0,decode=0] active_sessions=353 output=1568.2 tok/s interval_ttft_q0.950=6.933s
  sim=  3.83d  38.33% wall=  11.3m speed=     236x eta=  37.7m admitted=677301 completed=677295 running=5 waiting=1 waiting_min/max=0/15 queue_p99[prefill=9.0,decode=0.0] queue_now[prefill=1,decode=0] active_sessions=346 output=1508.9 tok/s interval_ttft_q0.950=7.632s
  sim=  3.88d  38.75% wall=  11.5m speed=     239x eta=  36.9m admitted=685449 completed=685438 running=11 waiting=0 waiting_min/max=0/18 queue_p99[prefill=13.0,decode=2.0] queue_now[prefill=0,decode=0] active_sessions=350 output=1471.0 tok/s interval_ttft_q0.950=7.097s
  sim=  3.92d  39.17% wall=  11.8m speed=     220x eta=  39.9m admitted=695369 completed=695345 running=19 waiting=5 waiting_min/max=0/18 queue_p99[prefill=13.0,decode=2.0] queue_now[prefill=5,decode=0] active_sessions=360 output=1503.9 tok/s interval_ttft_q0.950=10.481s
  sim=  3.96d  39.58% wall=  12.1m speed=     210x eta=  41.4m admitted=705186 completed=705161 running=18 waiting=6 waiting_min/max=0/30 queue_p99[prefill=23.0,decode=1.0] queue_now[prefill=6,decode=0] active_sessions=357 output=1487.6 tok/s interval_ttft_q0.950=38.376s
  sim=  4.00d  40.00% wall=  12.4m speed=     234x eta=  36.9m admitted=713213 completed=713201 running=9 waiting=3 waiting_min/max=0/23 queue_p99[prefill=19.0,decode=3.0] queue_now[prefill=3,decode=0] active_sessions=356 output=1520.7 tok/s interval_ttft_q0.950=26.089s
  sim=  4.04d  40.42% wall=  12.6m speed=     219x eta=  39.2m admitted=722634 completed=722607 running=12 waiting=15 waiting_min/max=0/33 queue_p99[prefill=22.0,decode=0.1] queue_now[prefill=15,decode=0] active_sessions=368 output=1676.5 tok/s interval_ttft_q0.950=11.993s
  sim=  4.08d  40.83% wall=  12.9m speed=     222x eta=  38.5m admitted=730880 completed=730849 running=12 waiting=19 waiting_min/max=0/37 queue_p99[prefill=30.0,decode=0.0] queue_now[prefill=19,decode=0] active_sessions=356 output=1519.0 tok/s interval_ttft_q0.950=63.634s
  sim=  4.13d  41.25% wall=  13.2m speed=     217x eta=  39.0m admitted=739948 completed=739943 running=5 waiting=0 waiting_min/max=0/24 queue_p99[prefill=19.0,decode=0.0] queue_now[prefill=0,decode=0] active_sessions=349 output=1369.7 tok/s interval_ttft_q0.950=4.947s
  sim=  4.17d  41.67% wall=  13.5m speed=     220x eta=  38.1m admitted=748429 completed=748419 running=10 waiting=0 waiting_min/max=0/8 queue_p99[prefill=5.0,decode=0.0] queue_now[prefill=0,decode=0] active_sessions=336 output=1290.2 tok/s interval_ttft_q0.950=2.998s
  sim=  4.21d  42.08% wall=  13.7m speed=     222x eta=  37.5m admitted=756351 completed=756338 running=12 waiting=1 waiting_min/max=0/9 queue_p99[prefill=5.0,decode=0.0] queue_now[prefill=1,decode=0] active_sessions=340 output=1213.3 tok/s interval_ttft_q0.950=2.683s
  sim=  4.25d  42.50% wall=  14.0m speed=     214x eta=  38.6m admitted=764017 completed=764009 running=5 waiting=2 waiting_min/max=0/21 queue_p99[prefill=17.0,decode=1.0] queue_now[prefill=2,decode=0] active_sessions=339 output=1447.4 tok/s interval_ttft_q0.950=8.053s
  sim=  4.29d  42.92% wall=  14.3m speed=     202x eta=  40.7m admitted=772690 completed=772674 running=5 waiting=11 waiting_min/max=0/24 queue_p99[prefill=20.0,decode=1.1] queue_now[prefill=11,decode=0] active_sessions=349 output=1471.2 tok/s interval_ttft_q0.950=16.951s
  sim=  4.33d  43.33% wall=  14.6m speed=     210x eta=  38.9m admitted=779859 completed=779803 running=8 waiting=46 waiting_min/max=0/54 queue_p99[prefill=52.0,decode=1.0] queue_now[prefill=46,decode=0] active_sessions=370 output=1276.4 tok/s interval_ttft_q0.950=87.016s
  sim=  4.38d  43.75% wall=  14.9m speed=     225x eta=  36.0m admitted=786078 completed=786022 running=9 waiting=46 waiting_min/max=32/60 queue_p99[prefill=58.0,decode=0.0] queue_now[prefill=46,decode=0] active_sessions=378 output=1020.9 tok/s interval_ttft_q0.950=167.474s
  sim=  4.42d  44.17% wall=  15.2m speed=     186x eta=  43.3m admitted=794089 completed=794040 running=9 waiting=40 waiting_min/max=20/51 queue_p99[prefill=48.0,decode=1.0] queue_now[prefill=40,decode=0] active_sessions=370 output=1319.2 tok/s interval_ttft_q0.950=148.679s
  sim=  4.46d  44.58% wall=  15.5m speed=     211x eta=  37.9m admitted=801237 completed=801172 running=14 waiting=51 waiting_min/max=27/70 queue_p99[prefill=65.1,decode=1.0] queue_now[prefill=51,decode=0] active_sessions=380 output=1153.6 tok/s interval_ttft_q0.950=191.196s
  sim=  4.50d  45.00% wall=  15.7m speed=     221x eta=  35.8m admitted=807572 completed=807509 running=9 waiting=54 waiting_min/max=41/68 queue_p99[prefill=64.0,decode=0.0] queue_now[prefill=54,decode=0] active_sessions=395 output=1136.1 tok/s interval_ttft_q0.950=175.641s
  sim=  4.54d  45.42% wall=  16.0m speed=     216x eta=  36.3m admitted=813987 completed=813913 running=10 waiting=64 waiting_min/max=52/83 queue_p99[prefill=78.0,decode=0.0] queue_now[prefill=64,decode=0] active_sessions=397 output=1190.0 tok/s interval_ttft_q0.950=180.492s
  sim=  4.58d  45.83% wall=  16.3m speed=     216x eta=  36.1m admitted=819952 completed=819849 running=10 waiting=93 waiting_min/max=51/105 queue_p99[prefill=102.0,decode=0.0] queue_now[prefill=93,decode=0] active_sessions=427 output=1170.5 tok/s interval_ttft_q0.950=202.784s
  sim=  4.63d  46.25% wall=  16.6m speed=     228x eta=  33.9m admitted=825541 completed=825423 running=14 waiting=102 waiting_min/max=85/119 queue_p99[prefill=116.0,decode=0.0] queue_now[prefill=102,decode=0] active_sessions=432 output=1132.6 tok/s interval_ttft_q0.950=231.292s
  sim=  4.67d  46.67% wall=  16.8m speed=     222x eta=  34.6m admitted=831164 completed=831000 running=14 waiting=150 waiting_min/max=92/160 queue_p99[prefill=158.0,decode=0.0] queue_now[prefill=150,decode=0] active_sessions=469 output=963.9 tok/s interval_ttft_q0.950=301.267s
  EARLY STOP: ConsecutiveQueueGrowth { epochs: 6, start_waiting: 40, end_waiting: 150 }
