starting 10.000-day run: lambda/rank=0.005000, lambda/node=0.040000, progress every 3600 simulated seconds, stop at waiting 1000, 6 consecutive growing epochs, or a completed-request interval TTFT quantile breach
  sim=  0.04d   0.42% wall=   1.4s speed=    2788x eta=   5.1m admitted=3516 completed=3515 running=1 waiting=0 waiting_min/max=0/1 queue_p99[prefill=0.0,decode=0.0] queue_now[prefill=0,decode=0] active_sessions=36 output=537.5 tok/s interval_ttft_q0.950=0.164s
  sim=  0.08d   0.83% wall=   3.2s speed=    1996x eta=   7.2m admitted=8808 completed=8803 running=4 waiting=1 waiting_min/max=0/2 queue_p99[prefill=1.0,decode=0.0] queue_now[prefill=1,decode=0] active_sessions=54 output=956.7 tok/s interval_ttft_q0.950=0.601s
  sim=  0.13d   1.25% wall=   4.9s speed=    2101x eta=   6.8m admitted=13541 completed=13536 running=5 waiting=0 waiting_min/max=0/2 queue_p99[prefill=0.0,decode=0.0] queue_now[prefill=0,decode=0] active_sessions=69 output=804.9 tok/s interval_ttft_q0.950=0.175s
  sim=  0.17d   1.67% wall=   7.0s speed=    1724x eta=   8.2m admitted=20036 completed=20029 running=7 waiting=0 waiting_min/max=0/2 queue_p99[prefill=0.0,decode=0.0] queue_now[prefill=0,decode=0] active_sessions=86 output=992.3 tok/s interval_ttft_q0.950=0.153s
  sim=  0.21d   2.08% wall=   9.1s speed=    1695x eta=   8.3m admitted=26489 completed=26485 running=4 waiting=0 waiting_min/max=0/4 queue_p99[prefill=1.3,decode=0.0] queue_now[prefill=0,decode=0] active_sessions=88 output=1032.2 tok/s interval_ttft_q0.950=0.403s
  sim=  0.25d   2.50% wall=  11.3s speed=    1658x eta=   8.5m admitted=32819 completed=32816 running=3 waiting=0 waiting_min/max=0/2 queue_p99[prefill=1.0,decode=0.0] queue_now[prefill=0,decode=0] active_sessions=97 output=1066.7 tok/s interval_ttft_q0.950=0.204s
  sim=  0.29d   2.92% wall=  13.8s speed=    1465x eta=   9.5m admitted=39995 completed=39986 running=9 waiting=0 waiting_min/max=0/2 queue_p99[prefill=1.0,decode=0.0] queue_now[prefill=0,decode=0] active_sessions=98 output=1041.8 tok/s interval_ttft_q0.950=0.329s
  sim=  0.33d   3.33% wall=  16.1s speed=    1542x eta=   9.0m admitted=45977 completed=45976 running=1 waiting=0 waiting_min/max=0/2 queue_p99[prefill=0.0,decode=0.0] queue_now[prefill=0,decode=0] active_sessions=118 output=1021.2 tok/s interval_ttft_q0.950=0.191s
  sim=  0.38d   3.75% wall=  18.6s speed=    1459x eta=   9.5m admitted=52703 completed=52699 running=4 waiting=0 waiting_min/max=0/3 queue_p99[prefill=0.0,decode=0.0] queue_now[prefill=0,decode=0] active_sessions=124 output=1065.0 tok/s interval_ttft_q0.950=0.197s
  sim=  0.42d   4.17% wall=  21.1s speed=    1435x eta=   9.6m admitted=59282 completed=59280 running=2 waiting=0 waiting_min/max=0/3 queue_p99[prefill=1.0,decode=0.0] queue_now[prefill=0,decode=0] active_sessions=123 output=1074.1 tok/s interval_ttft_q0.950=0.196s
  sim=  0.46d   4.58% wall=  23.5s speed=    1487x eta=   9.2m admitted=65400 completed=65399 running=1 waiting=0 waiting_min/max=0/2 queue_p99[prefill=1.0,decode=0.0] queue_now[prefill=0,decode=0] active_sessions=127 output=962.4 tok/s interval_ttft_q0.950=0.210s
  sim=  0.50d   5.00% wall=  26.3s speed=    1265x eta=  10.8m admitted=72710 completed=72704 running=6 waiting=0 waiting_min/max=0/3 queue_p99[prefill=1.0,decode=0.0] queue_now[prefill=0,decode=0] active_sessions=142 output=1088.4 tok/s interval_ttft_q0.950=0.583s
  sim=  0.54d   5.42% wall=  29.2s speed=    1262x eta=  10.8m admitted=79604 completed=79602 running=2 waiting=0 waiting_min/max=0/5 queue_p99[prefill=2.0,decode=1.0] queue_now[prefill=0,decode=0] active_sessions=151 output=992.7 tok/s interval_ttft_q0.950=0.410s
  sim=  0.58d   5.83% wall=  32.2s speed=    1207x eta=  11.2m admitted=86941 completed=86938 running=3 waiting=0 waiting_min/max=0/3 queue_p99[prefill=1.0,decode=0.0] queue_now[prefill=0,decode=0] active_sessions=170 output=1043.1 tok/s interval_ttft_q0.950=0.191s
  sim=  0.63d   6.25% wall=  35.4s speed=    1126x eta=  12.0m admitted=94222 completed=94214 running=8 waiting=0 waiting_min/max=0/3 queue_p99[prefill=2.0,decode=0.0] queue_now[prefill=0,decode=0] active_sessions=186 output=1235.4 tok/s interval_ttft_q0.950=0.540s
  sim=  0.67d   6.67% wall=  38.9s speed=    1023x eta=  13.1m admitted=102639 completed=102636 running=3 waiting=0 waiting_min/max=0/8 queue_p99[prefill=5.0,decode=2.0] queue_now[prefill=0,decode=0] active_sessions=177 output=1452.6 tok/s interval_ttft_q0.950=0.684s
  sim=  0.71d   7.08% wall=  42.2s speed=    1088x eta=  12.3m admitted=109970 completed=109965 running=5 waiting=0 waiting_min/max=0/4 queue_p99[prefill=1.0,decode=0.0] queue_now[prefill=0,decode=0] active_sessions=178 output=1108.0 tok/s interval_ttft_q0.950=0.233s
  sim=  0.75d   7.50% wall=  45.6s speed=    1072x eta=  12.4m admitted=116609 completed=116598 running=9 waiting=0 waiting_min/max=0/6 queue_p99[prefill=3.0,decode=1.0] queue_now[prefill=0,decode=0] active_sessions=185 output=1159.7 tok/s interval_ttft_q0.950=0.781s
  sim=  0.79d   7.92% wall=  49.2s speed=     976x eta=  13.6m admitted=124739 completed=124731 running=8 waiting=0 waiting_min/max=0/5 queue_p99[prefill=3.0,decode=0.0] queue_now[prefill=0,decode=0] active_sessions=193 output=1288.9 tok/s interval_ttft_q0.950=0.606s
  sim=  0.83d   8.33% wall=  53.1s speed=     942x eta=  14.0m admitted=132648 completed=132642 running=2 waiting=4 waiting_min/max=0/5 queue_p99[prefill=3.0,decode=0.0] queue_now[prefill=4,decode=0] active_sessions=209 output=1322.6 tok/s interval_ttft_q0.950=0.410s
  sim=  0.88d   8.75% wall=  57.4s speed=     839x eta=  15.7m admitted=142401 completed=142388 running=5 waiting=8 waiting_min/max=0/13 queue_p99[prefill=10.0,decode=2.0] queue_now[prefill=8,decode=0] active_sessions=219 output=1477.2 tok/s interval_ttft_q0.950=4.081s
  sim=  0.92d   9.17% wall=   1.0m speed=     851x eta=  15.4m admitted=150805 completed=150789 running=13 waiting=2 waiting_min/max=0/17 queue_p99[prefill=14.0,decode=0.0] queue_now[prefill=2,decode=0] active_sessions=225 output=1333.8 tok/s interval_ttft_q0.950=26.546s
  sim=  0.96d   9.58% wall=   1.1m speed=     734x eta=  17.7m admitted=160258 completed=160240 running=8 waiting=10 waiting_min/max=0/19 queue_p99[prefill=16.0,decode=0.0] queue_now[prefill=10,decode=0] active_sessions=239 output=1594.2 tok/s interval_ttft_q0.950=40.982s
  EARLY STOP: CompletedTtftSloBreach { interval_secs: 3599.2410770444694, completed_samples: 9451, quantile: 0.95, observed_ms: 40981.64444723079, limit_ms: 30000.0 }
