starting 10.000-day run: lambda/rank=0.003000, lambda/node=0.024000, progress every 3600 simulated seconds, stop at waiting 1000, 6 consecutive growing epochs, or a completed-request interval p99 TTFT breach
  sim=  0.04d   0.42% wall=   1.1s speed=    3685x eta=   3.9m admitted=2439 completed=2438 running=0 waiting=0 waiting_min/max=0/0 queue_p99[prefill=0.0,decode=0.0] queue_now[prefill=0,decode=0] active_sessions=22 output=380.3 tok/s interval_p99_ttft=0.294s
  sim=  0.08d   0.83% wall=   2.3s speed=    2853x eta=   5.0m admitted=5559 completed=5554 running=4 waiting=1 waiting_min/max=0/1 queue_p99[prefill=0.0,decode=0.0] queue_now[prefill=1,decode=0] active_sessions=37 output=498.6 tok/s interval_p99_ttft=0.898s
  sim=  0.13d   1.25% wall=   3.8s speed=    2522x eta=   5.6m admitted=8957 completed=8955 running=2 waiting=0 waiting_min/max=0/1 queue_p99[prefill=0.0,decode=0.0] queue_now[prefill=0,decode=0] active_sessions=47 output=616.7 tok/s interval_p99_ttft=1.136s
  sim=  0.17d   1.67% wall=   5.1s speed=    2661x eta=   5.3m admitted=11811 completed=11810 running=0 waiting=0 waiting_min/max=0/1 queue_p99[prefill=0.0,decode=0.0] queue_now[prefill=0,decode=0] active_sessions=42 output=519.0 tok/s interval_p99_ttft=0.278s
  sim=  0.21d   2.08% wall=   6.7s speed=    2241x eta=   6.3m admitted=15352 completed=15351 running=1 waiting=0 waiting_min/max=0/1 queue_p99[prefill=0.0,decode=0.0] queue_now[prefill=0,decode=0] active_sessions=55 output=572.5 tok/s interval_p99_ttft=0.306s
  sim=  0.25d   2.50% wall=   8.6s speed=    1968x eta=   7.1m admitted=20040 completed=20038 running=2 waiting=0 waiting_min/max=0/1 queue_p99[prefill=0.0,decode=0.0] queue_now[prefill=0,decode=0] active_sessions=60 output=690.8 tok/s interval_p99_ttft=0.303s
  sim=  0.29d   2.92% wall=  10.4s speed=    1962x eta=   7.1m admitted=24262 completed=24259 running=3 waiting=0 waiting_min/max=0/1 queue_p99[prefill=0.0,decode=0.0] queue_now[prefill=0,decode=0] active_sessions=63 output=662.6 tok/s interval_p99_ttft=0.307s
  sim=  0.33d   3.33% wall=  12.2s speed=    1972x eta=   7.1m admitted=28372 completed=28369 running=3 waiting=0 waiting_min/max=0/2 queue_p99[prefill=0.0,decode=0.0] queue_now[prefill=0,decode=0] active_sessions=62 output=644.4 tok/s interval_p99_ttft=0.888s
  sim=  0.38d   3.75% wall=  13.8s speed=    2274x eta=   6.1m admitted=31165 completed=31164 running=1 waiting=0 waiting_min/max=0/1 queue_p99[prefill=0.0,decode=0.0] queue_now[prefill=0,decode=0] active_sessions=62 output=535.7 tok/s interval_p99_ttft=0.383s
  sim=  0.42d   4.17% wall=  15.8s speed=    1762x eta=   7.8m admitted=36078 completed=36075 running=3 waiting=0 waiting_min/max=0/2 queue_p99[prefill=0.0,decode=0.0] queue_now[prefill=0,decode=0] active_sessions=80 output=815.7 tok/s interval_p99_ttft=0.439s
  sim=  0.46d   4.58% wall=  17.7s speed=    1934x eta=   7.1m admitted=40117 completed=40115 running=2 waiting=0 waiting_min/max=0/2 queue_p99[prefill=0.0,decode=0.0] queue_now[prefill=0,decode=0] active_sessions=75 output=624.6 tok/s interval_p99_ttft=0.969s
  sim=  0.50d   5.00% wall=  19.5s speed=    1963x eta=   7.0m admitted=43792 completed=43789 running=3 waiting=0 waiting_min/max=0/1 queue_p99[prefill=0.0,decode=0.0] queue_now[prefill=0,decode=0] active_sessions=83 output=595.3 tok/s interval_p99_ttft=0.393s
  sim=  0.54d   5.42% wall=  21.3s speed=    2040x eta=   6.7m admitted=47390 completed=47388 running=2 waiting=0 waiting_min/max=0/1 queue_p99[prefill=0.0,decode=0.0] queue_now[prefill=0,decode=0] active_sessions=87 output=585.3 tok/s interval_p99_ttft=0.373s
  sim=  0.58d   5.83% wall=  23.3s speed=    1831x eta=   7.4m admitted=51638 completed=51636 running=2 waiting=0 waiting_min/max=0/2 queue_p99[prefill=0.0,decode=0.0] queue_now[prefill=0,decode=0] active_sessions=94 output=627.0 tok/s interval_p99_ttft=0.557s
  sim=  0.63d   6.25% wall=  25.4s speed=    1669x eta=   8.1m admitted=55854 completed=55852 running=2 waiting=0 waiting_min/max=0/1 queue_p99[prefill=0.0,decode=0.0] queue_now[prefill=0,decode=0] active_sessions=100 output=653.5 tok/s interval_p99_ttft=0.337s
  sim=  0.67d   6.67% wall=  27.6s speed=    1664x eta=   8.1m admitted=60035 completed=60030 running=5 waiting=0 waiting_min/max=0/1 queue_p99[prefill=0.0,decode=0.0] queue_now[prefill=0,decode=0] active_sessions=101 output=735.4 tok/s interval_p99_ttft=0.671s
  sim=  0.71d   7.08% wall=  29.6s speed=    1790x eta=   7.5m admitted=63729 completed=63724 running=5 waiting=0 waiting_min/max=0/3 queue_p99[prefill=0.5,decode=1.0] queue_now[prefill=0,decode=0] active_sessions=101 output=619.5 tok/s interval_p99_ttft=0.813s
  sim=  0.75d   7.50% wall=  31.8s speed=    1626x eta=   8.2m admitted=67520 completed=67515 running=5 waiting=0 waiting_min/max=0/2 queue_p99[prefill=0.0,decode=0.0] queue_now[prefill=0,decode=0] active_sessions=97 output=712.9 tok/s interval_p99_ttft=0.379s
  sim=  0.79d   7.92% wall=  34.2s speed=    1527x eta=   8.7m admitted=72441 completed=72436 running=4 waiting=0 waiting_min/max=0/2 queue_p99[prefill=1.0,decode=0.0] queue_now[prefill=0,decode=0] active_sessions=114 output=764.8 tok/s interval_p99_ttft=0.974s
  sim=  0.83d   8.33% wall=  36.5s speed=    1554x eta=   8.5m admitted=77067 completed=77066 running=1 waiting=0 waiting_min/max=0/4 queue_p99[prefill=2.0,decode=0.0] queue_now[prefill=0,decode=0] active_sessions=119 output=615.0 tok/s interval_p99_ttft=1.573s
  sim=  0.88d   8.75% wall=  38.9s speed=    1502x eta=   8.7m admitted=81590 completed=81587 running=3 waiting=0 waiting_min/max=0/2 queue_p99[prefill=0.0,decode=0.0] queue_now[prefill=0,decode=0] active_sessions=119 output=625.0 tok/s interval_p99_ttft=0.303s
  sim=  0.92d   9.17% wall=  41.1s speed=    1616x eta=   8.1m admitted=85406 completed=85404 running=2 waiting=0 waiting_min/max=0/1 queue_p99[prefill=0.0,decode=0.0] queue_now[prefill=0,decode=0] active_sessions=134 output=568.4 tok/s interval_p99_ttft=0.375s
  sim=  0.96d   9.58% wall=  43.5s speed=    1490x eta=   8.7m admitted=89800 completed=89796 running=4 waiting=0 waiting_min/max=0/2 queue_p99[prefill=0.0,decode=0.0] queue_now[prefill=0,decode=0] active_sessions=143 output=657.8 tok/s interval_p99_ttft=0.664s
  sim=  1.00d  10.00% wall=  46.3s speed=    1284x eta=  10.1m admitted=94805 completed=94803 running=2 waiting=0 waiting_min/max=0/3 queue_p99[prefill=1.0,decode=0.0] queue_now[prefill=0,decode=0] active_sessions=148 output=802.4 tok/s interval_p99_ttft=1.172s
  sim=  1.04d  10.42% wall=  49.2s speed=    1238x eta=  10.4m admitted=99975 completed=99969 running=6 waiting=0 waiting_min/max=0/3 queue_p99[prefill=1.0,decode=0.0] queue_now[prefill=0,decode=0] active_sessions=145 output=943.1 tok/s interval_p99_ttft=1.768s
  sim=  1.08d  10.83% wall=  52.5s speed=    1108x eta=  11.6m admitted=106270 completed=106263 running=6 waiting=0 waiting_min/max=0/5 queue_p99[prefill=1.0,decode=0.0] queue_now[prefill=0,decode=0] active_sessions=147 output=941.5 tok/s interval_p99_ttft=2.214s
  sim=  1.13d  11.25% wall=  55.5s speed=    1207x eta=  10.6m admitted=111590 completed=111589 running=0 waiting=0 waiting_min/max=0/4 queue_p99[prefill=2.0,decode=0.0] queue_now[prefill=0,decode=0] active_sessions=132 output=850.7 tok/s interval_p99_ttft=4.551s
  sim=  1.17d  11.67% wall=  58.0s speed=    1419x eta=   9.0m admitted=115387 completed=115384 running=3 waiting=0 waiting_min/max=0/4 queue_p99[prefill=1.0,decode=0.0] queue_now[prefill=0,decode=0] active_sessions=140 output=676.0 tok/s interval_p99_ttft=5.113s
  sim=  1.21d  12.08% wall=   1.0m speed=    1194x eta=  10.6m admitted=120125 completed=120121 running=4 waiting=0 waiting_min/max=0/8 queue_p99[prefill=5.0,decode=0.0] queue_now[prefill=0,decode=0] active_sessions=145 output=811.0 tok/s interval_p99_ttft=15.377s
  sim=  1.25d  12.50% wall=   1.1m speed=    1023x eta=  12.3m admitted=125571 completed=125564 running=6 waiting=0 waiting_min/max=0/15 queue_p99[prefill=11.0,decode=2.0] queue_now[prefill=0,decode=0] active_sessions=144 output=969.4 tok/s interval_p99_ttft=47.196s
  EARLY STOP: CompletedTtftSloBreach { interval_secs: 3600.2386021325365, completed_samples: 5443, p99_ms: 47195.79901065095, limit_ms: 30000.0 }
