starting 10.000-day run: lambda/rank=0.001000, lambda/node=0.008000, progress every 3600 simulated seconds, stop at waiting 1000, 6 consecutive growing epochs, or a completed-request interval p99 TTFT breach
  sim=  0.04d   0.42% wall=   0.6s speed=    6715x eta=   2.1m admitted=1140 completed=1139 running=0 waiting=0 waiting_min/max=0/0 queue_p99[prefill=0.0,decode=0.0] queue_now[prefill=0,decode=0] active_sessions=9 output=176.7 tok/s interval_p99_ttft=0.264s
  sim=  0.08d   0.83% wall=   1.3s speed=    5876x eta=   2.4m admitted=2282 completed=2280 running=2 waiting=0 waiting_min/max=0/0 queue_p99[prefill=0.0,decode=0.0] queue_now[prefill=0,decode=0] active_sessions=15 output=182.1 tok/s interval_p99_ttft=0.272s
  sim=  0.13d   1.25% wall=   1.7s speed=    7392x eta=   1.9m admitted=3269 completed=3268 running=0 waiting=0 waiting_min/max=0/0 queue_p99[prefill=0.0,decode=0.0] queue_now[prefill=0,decode=0] active_sessions=16 output=133.4 tok/s interval_p99_ttft=0.344s
  sim=  0.17d   1.67% wall=   2.3s speed=    6173x eta=   2.3m admitted=4310 completed=4309 running=0 waiting=0 waiting_min/max=0/0 queue_p99[prefill=0.0,decode=0.0] queue_now[prefill=0,decode=0] active_sessions=17 output=155.7 tok/s interval_p99_ttft=0.258s
  sim=  0.21d   2.08% wall=   3.1s speed=    4397x eta=   3.2m admitted=5592 completed=5591 running=1 waiting=0 waiting_min/max=0/1 queue_p99[prefill=0.0,decode=0.0] queue_now[prefill=0,decode=0] active_sessions=19 output=229.6 tok/s interval_p99_ttft=0.305s
  sim=  0.25d   2.50% wall=   4.0s speed=    4377x eta=   3.2m admitted=7257 completed=7256 running=1 waiting=0 waiting_min/max=0/1 queue_p99[prefill=0.0,decode=0.0] queue_now[prefill=0,decode=0] active_sessions=23 output=248.3 tok/s interval_p99_ttft=1.141s
  sim=  0.29d   2.92% wall=   4.8s speed=    4306x eta=   3.2m admitted=8880 completed=8879 running=0 waiting=0 waiting_min/max=0/2 queue_p99[prefill=0.0,decode=0.0] queue_now[prefill=0,decode=0] active_sessions=23 output=265.0 tok/s interval_p99_ttft=1.221s
  sim=  0.33d   3.33% wall=   5.5s speed=    5159x eta=   2.7m admitted=9951 completed=9950 running=0 waiting=0 waiting_min/max=0/0 queue_p99[prefill=0.0,decode=0.0] queue_now[prefill=0,decode=0] active_sessions=27 output=216.1 tok/s interval_p99_ttft=0.273s
  sim=  0.38d   3.75% wall=   6.3s speed=    4741x eta=   2.9m admitted=11280 completed=11279 running=1 waiting=0 waiting_min/max=0/1 queue_p99[prefill=0.0,decode=0.0] queue_now[prefill=0,decode=0] active_sessions=26 output=224.0 tok/s interval_p99_ttft=0.299s
  sim=  0.42d   4.17% wall=   6.9s speed=    5413x eta=   2.5m admitted=12045 completed=12044 running=0 waiting=0 waiting_min/max=0/0 queue_p99[prefill=0.0,decode=0.0] queue_now[prefill=0,decode=0] active_sessions=24 output=184.6 tok/s interval_p99_ttft=0.351s
  sim=  0.46d   4.58% wall=   7.7s speed=    4508x eta=   3.0m admitted=12993 completed=12992 running=0 waiting=0 waiting_min/max=0/0 queue_p99[prefill=0.0,decode=0.0] queue_now[prefill=0,decode=0] active_sessions=23 output=215.8 tok/s interval_p99_ttft=0.278s
  sim=  0.50d   5.00% wall=   8.8s speed=    3267x eta=   4.2m admitted=14677 completed=14676 running=0 waiting=0 waiting_min/max=0/1 queue_p99[prefill=0.0,decode=0.0] queue_now[prefill=0,decode=0] active_sessions=24 output=313.2 tok/s interval_p99_ttft=0.239s
  sim=  0.54d   5.42% wall=   9.9s speed=    3420x eta=   4.0m admitted=16224 completed=16223 running=1 waiting=0 waiting_min/max=0/1 queue_p99[prefill=0.0,decode=0.0] queue_now[prefill=0,decode=0] active_sessions=25 output=273.0 tok/s interval_p99_ttft=0.322s
  sim=  0.58d   5.83% wall=  10.9s speed=    3536x eta=   3.8m admitted=17961 completed=17960 running=1 waiting=0 waiting_min/max=0/1 queue_p99[prefill=0.0,decode=0.0] queue_now[prefill=0,decode=0] active_sessions=27 output=256.6 tok/s interval_p99_ttft=0.270s
  sim=  0.63d   6.25% wall=  11.4s speed=    6890x eta=   2.0m admitted=18837 completed=18835 running=2 waiting=0 waiting_min/max=0/0 queue_p99[prefill=0.0,decode=0.0] queue_now[prefill=0,decode=0] active_sessions=29 output=122.5 tok/s interval_p99_ttft=0.241s
  sim=  0.67d   6.67% wall=  12.1s speed=    5149x eta=   2.6m admitted=19850 completed=19849 running=1 waiting=0 waiting_min/max=0/1 queue_p99[prefill=0.0,decode=0.0] queue_now[prefill=0,decode=0] active_sessions=32 output=170.8 tok/s interval_p99_ttft=0.286s
  sim=  0.71d   7.08% wall=  12.9s speed=    4884x eta=   2.7m admitted=21340 completed=21339 running=1 waiting=0 waiting_min/max=0/0 queue_p99[prefill=0.0,decode=0.0] queue_now[prefill=0,decode=0] active_sessions=41 output=190.6 tok/s interval_p99_ttft=0.298s
  sim=  0.75d   7.50% wall=  13.7s speed=    4174x eta=   3.2m admitted=22905 completed=22904 running=1 waiting=0 waiting_min/max=0/0 queue_p99[prefill=0.0,decode=0.0] queue_now[prefill=0,decode=0] active_sessions=35 output=210.8 tok/s interval_p99_ttft=0.278s
  sim=  0.79d   7.92% wall=  14.8s speed=    3352x eta=   4.0m admitted=24354 completed=24353 running=1 waiting=0 waiting_min/max=0/0 queue_p99[prefill=0.0,decode=0.0] queue_now[prefill=0,decode=0] active_sessions=36 output=289.4 tok/s interval_p99_ttft=0.277s
  sim=  0.83d   8.33% wall=  15.6s speed=    4477x eta=   2.9m admitted=25699 completed=25697 running=2 waiting=0 waiting_min/max=0/0 queue_p99[prefill=0.0,decode=0.0] queue_now[prefill=0,decode=0] active_sessions=37 output=188.1 tok/s interval_p99_ttft=0.246s
  sim=  0.88d   8.75% wall=  16.5s speed=    4163x eta=   3.2m admitted=27311 completed=27310 running=1 waiting=0 waiting_min/max=0/1 queue_p99[prefill=0.0,decode=0.0] queue_now[prefill=0,decode=0] active_sessions=37 output=203.1 tok/s interval_p99_ttft=0.232s
  sim=  0.92d   9.17% wall=  17.4s speed=    3663x eta=   3.6m admitted=28849 completed=28848 running=0 waiting=0 waiting_min/max=0/0 queue_p99[prefill=0.0,decode=0.0] queue_now[prefill=0,decode=0] active_sessions=41 output=250.1 tok/s interval_p99_ttft=0.254s
  sim=  0.96d   9.58% wall=  18.5s speed=    3319x eta=   3.9m admitted=30449 completed=30448 running=1 waiting=0 waiting_min/max=0/1 queue_p99[prefill=0.0,decode=0.0] queue_now[prefill=0,decode=0] active_sessions=37 output=275.5 tok/s interval_p99_ttft=0.946s
  sim=  1.00d  10.00% wall=  19.1s speed=    6762x eta=   1.9m admitted=31271 completed=31269 running=2 waiting=0 waiting_min/max=0/0 queue_p99[prefill=0.0,decode=0.0] queue_now[prefill=0,decode=0] active_sessions=32 output=123.6 tok/s interval_p99_ttft=0.258s
  sim=  1.04d  10.42% wall=  19.7s speed=    5256x eta=   2.5m admitted=32067 completed=32066 running=1 waiting=0 waiting_min/max=0/1 queue_p99[prefill=0.0,decode=0.0] queue_now[prefill=0,decode=0] active_sessions=36 output=157.8 tok/s interval_p99_ttft=0.360s
  sim=  1.08d  10.83% wall=  20.6s speed=    3980x eta=   3.2m admitted=33058 completed=33057 running=0 waiting=0 waiting_min/max=0/2 queue_p99[prefill=0.0,decode=0.0] queue_now[prefill=0,decode=0] active_sessions=34 output=228.9 tok/s interval_p99_ttft=0.334s
  sim=  1.13d  11.25% wall=  21.5s speed=    4016x eta=   3.2m admitted=34196 completed=34195 running=0 waiting=0 waiting_min/max=0/0 queue_p99[prefill=0.0,decode=0.0] queue_now[prefill=0,decode=0] active_sessions=35 output=234.2 tok/s interval_p99_ttft=0.330s
  sim=  1.17d  11.67% wall=  22.8s speed=    2827x eta=   4.5m admitted=36367 completed=36365 running=2 waiting=0 waiting_min/max=0/0 queue_p99[prefill=0.0,decode=0.0] queue_now[prefill=0,decode=0] active_sessions=38 output=302.3 tok/s interval_p99_ttft=0.307s
  sim=  1.21d  12.09% wall=  24.4s speed=    2279x eta=   5.6m admitted=39250 completed=39249 running=0 waiting=0 waiting_min/max=0/1 queue_p99[prefill=0.0,decode=0.0] queue_now[prefill=0,decode=0] active_sessions=42 output=447.8 tok/s interval_p99_ttft=0.291s
  sim=  1.25d  12.50% wall=  25.4s speed=    3476x eta=   3.6m admitted=40599 completed=40598 running=0 waiting=0 waiting_min/max=0/0 queue_p99[prefill=0.0,decode=0.0] queue_now[prefill=0,decode=0] active_sessions=48 output=255.7 tok/s interval_p99_ttft=0.323s
  sim=  1.29d  12.92% wall=  26.3s speed=    4044x eta=   3.1m admitted=41810 completed=41809 running=0 waiting=0 waiting_min/max=0/0 queue_p99[prefill=0.0,decode=0.0] queue_now[prefill=0,decode=0] active_sessions=50 output=195.9 tok/s interval_p99_ttft=0.311s
  sim=  1.33d  13.33% wall=  27.2s speed=    4142x eta=   3.0m admitted=42935 completed=42934 running=1 waiting=0 waiting_min/max=0/0 queue_p99[prefill=0.0,decode=0.0] queue_now[prefill=0,decode=0] active_sessions=44 output=191.8 tok/s interval_p99_ttft=0.398s
  sim=  1.38d  13.75% wall=  27.9s speed=    4800x eta=   2.6m admitted=44021 completed=44020 running=0 waiting=0 waiting_min/max=0/1 queue_p99[prefill=0.0,decode=0.0] queue_now[prefill=0,decode=0] active_sessions=42 output=158.3 tok/s interval_p99_ttft=1.204s
  sim=  1.42d  14.17% wall=  29.0s speed=    3351x eta=   3.7m admitted=45275 completed=45274 running=0 waiting=0 waiting_min/max=0/0 queue_p99[prefill=0.0,decode=0.0] queue_now[prefill=0,decode=0] active_sessions=43 output=249.5 tok/s interval_p99_ttft=0.283s
  sim=  1.46d  14.58% wall=  30.0s speed=    3511x eta=   3.5m admitted=46678 completed=46676 running=2 waiting=0 waiting_min/max=0/2 queue_p99[prefill=2.0,decode=0.0] queue_now[prefill=0,decode=0] active_sessions=46 output=226.8 tok/s interval_p99_ttft=7.299s
  sim=  1.50d  15.00% wall=  30.9s speed=    4033x eta=   3.0m admitted=47921 completed=47919 running=2 waiting=0 waiting_min/max=0/3 queue_p99[prefill=2.0,decode=0.0] queue_now[prefill=0,decode=0] active_sessions=43 output=205.2 tok/s interval_p99_ttft=25.729s
  sim=  1.54d  15.42% wall=  32.3s speed=    2638x eta=   4.6m admitted=49589 completed=49588 running=0 waiting=0 waiting_min/max=0/0 queue_p99[prefill=0.0,decode=0.0] queue_now[prefill=0,decode=0] active_sessions=48 output=369.5 tok/s interval_p99_ttft=0.359s
  sim=  1.58d  15.83% wall=  33.6s speed=    2789x eta=   4.3m admitted=51459 completed=51458 running=0 waiting=0 waiting_min/max=0/1 queue_p99[prefill=0.0,decode=0.0] queue_now[prefill=0,decode=0] active_sessions=56 output=317.4 tok/s interval_p99_ttft=0.406s
  sim=  1.63d  16.25% wall=  34.6s speed=    3583x eta=   3.4m admitted=53106 completed=53105 running=0 waiting=0 waiting_min/max=0/0 queue_p99[prefill=0.0,decode=0.0] queue_now[prefill=0,decode=0] active_sessions=50 output=212.0 tok/s interval_p99_ttft=0.363s
  sim=  1.67d  16.67% wall=  35.7s speed=    3378x eta=   3.6m admitted=54826 completed=54825 running=1 waiting=0 waiting_min/max=0/0 queue_p99[prefill=0.0,decode=0.0] queue_now[prefill=0,decode=0] active_sessions=53 output=236.5 tok/s interval_p99_ttft=0.313s
  sim=  1.71d  17.08% wall=  37.0s speed=    2758x eta=   4.3m admitted=56808 completed=56807 running=1 waiting=0 waiting_min/max=0/1 queue_p99[prefill=0.0,decode=0.0] queue_now[prefill=0,decode=0] active_sessions=55 output=293.9 tok/s interval_p99_ttft=0.283s
  sim=  1.75d  17.50% wall=  38.2s speed=    2938x eta=   4.0m admitted=58529 completed=58528 running=1 waiting=0 waiting_min/max=0/0 queue_p99[prefill=0.0,decode=0.0] queue_now[prefill=0,decode=0] active_sessions=54 output=251.3 tok/s interval_p99_ttft=0.303s
  sim=  1.79d  17.92% wall=  39.5s speed=    2749x eta=   4.3m admitted=60224 completed=60223 running=0 waiting=0 waiting_min/max=0/0 queue_p99[prefill=0.0,decode=0.0] queue_now[prefill=0,decode=0] active_sessions=51 output=281.3 tok/s interval_p99_ttft=0.265s
  sim=  1.83d  18.33% wall=  40.7s speed=    2999x eta=   3.9m admitted=61703 completed=61702 running=1 waiting=0 waiting_min/max=0/0 queue_p99[prefill=0.0,decode=0.0] queue_now[prefill=0,decode=0] active_sessions=55 output=256.7 tok/s interval_p99_ttft=0.413s
  sim=  1.88d  18.75% wall=  41.8s speed=    3183x eta=   3.7m admitted=62953 completed=62952 running=1 waiting=0 waiting_min/max=0/0 queue_p99[prefill=0.0,decode=0.0] queue_now[prefill=0,decode=0] active_sessions=55 output=235.1 tok/s interval_p99_ttft=0.287s
  sim=  1.92d  19.17% wall=  43.1s speed=    2857x eta=   4.1m admitted=64313 completed=64311 running=2 waiting=0 waiting_min/max=0/1 queue_p99[prefill=0.0,decode=0.0] queue_now[prefill=0,decode=0] active_sessions=55 output=300.9 tok/s interval_p99_ttft=0.408s
  sim=  1.96d  19.60% wall=  44.2s speed=    3302x eta=   3.5m admitted=65686 completed=65685 running=0 waiting=0 waiting_min/max=0/0 queue_p99[prefill=0.0,decode=0.0] queue_now[prefill=0,decode=0] active_sessions=52 output=251.2 tok/s interval_p99_ttft=0.314s
  sim=  2.00d  20.00% wall=  45.2s speed=    3586x eta=   3.2m admitted=67084 completed=67083 running=0 waiting=0 waiting_min/max=0/1 queue_p99[prefill=0.0,decode=0.0] queue_now[prefill=0,decode=0] active_sessions=56 output=195.5 tok/s interval_p99_ttft=0.296s
  sim=  2.04d  20.42% wall=  46.3s speed=    3339x eta=   3.4m admitted=68807 completed=68806 running=1 waiting=0 waiting_min/max=0/1 queue_p99[prefill=0.0,decode=0.0] queue_now[prefill=0,decode=0] active_sessions=60 output=231.0 tok/s interval_p99_ttft=0.299s
  sim=  2.08d  20.83% wall=  47.6s speed=    2803x eta=   4.1m admitted=70494 completed=70493 running=0 waiting=0 waiting_min/max=0/2 queue_p99[prefill=0.0,decode=0.0] queue_now[prefill=0,decode=0] active_sessions=58 output=277.2 tok/s interval_p99_ttft=0.417s
  sim=  2.13d  21.25% wall=  49.0s speed=    2537x eta=   4.5m admitted=72582 completed=72581 running=1 waiting=0 waiting_min/max=0/1 queue_p99[prefill=0.0,decode=0.0] queue_now[prefill=0,decode=0] active_sessions=62 output=285.0 tok/s interval_p99_ttft=0.293s
  sim=  2.17d  21.67% wall=  50.0s speed=    3488x eta=   3.2m admitted=73733 completed=73732 running=0 waiting=0 waiting_min/max=0/0 queue_p99[prefill=0.0,decode=0.0] queue_now[prefill=0,decode=0] active_sessions=55 output=242.5 tok/s interval_p99_ttft=0.345s
  sim=  2.21d  22.08% wall=  51.1s speed=    3376x eta=   3.3m admitted=74924 completed=74923 running=1 waiting=0 waiting_min/max=0/1 queue_p99[prefill=0.0,decode=0.0] queue_now[prefill=0,decode=0] active_sessions=62 output=220.5 tok/s interval_p99_ttft=0.330s
  sim=  2.25d  22.50% wall=  52.2s speed=    3297x eta=   3.4m admitted=76493 completed=76492 running=1 waiting=0 waiting_min/max=0/0 queue_p99[prefill=0.0,decode=0.0] queue_now[prefill=0,decode=0] active_sessions=61 output=213.7 tok/s interval_p99_ttft=0.304s
  sim=  2.29d  22.92% wall=  53.6s speed=    2550x eta=   4.4m admitted=78552 completed=78550 running=2 waiting=0 waiting_min/max=0/1 queue_p99[prefill=0.0,decode=0.0] queue_now[prefill=0,decode=0] active_sessions=60 output=262.8 tok/s interval_p99_ttft=0.352s
  sim=  2.33d  23.33% wall=  55.0s speed=    2484x eta=   4.4m admitted=80527 completed=80525 running=2 waiting=0 waiting_min/max=0/2 queue_p99[prefill=0.0,decode=0.0] queue_now[prefill=0,decode=0] active_sessions=66 output=269.4 tok/s interval_p99_ttft=1.085s
  sim=  2.38d  23.75% wall=  56.8s speed=    2057x eta=   5.3m admitted=83143 completed=83142 running=1 waiting=0 waiting_min/max=0/1 queue_p99[prefill=0.0,decode=0.0] queue_now[prefill=0,decode=0] active_sessions=67 output=358.4 tok/s interval_p99_ttft=1.123s
  sim=  2.42d  24.17% wall=  58.4s speed=    2237x eta=   4.9m admitted=85377 completed=85376 running=0 waiting=0 waiting_min/max=0/1 queue_p99[prefill=0.0,decode=0.0] queue_now[prefill=0,decode=0] active_sessions=62 output=330.9 tok/s interval_p99_ttft=0.544s
  sim=  2.46d  24.58% wall=  59.8s speed=    2503x eta=   4.3m admitted=87163 completed=87162 running=0 waiting=0 waiting_min/max=0/1 queue_p99[prefill=0.0,decode=0.0] queue_now[prefill=0,decode=0] active_sessions=67 output=292.5 tok/s interval_p99_ttft=0.260s
  sim=  2.50d  25.00% wall=   1.0m speed=    3073x eta=   3.5m admitted=88557 completed=88556 running=0 waiting=0 waiting_min/max=0/0 queue_p99[prefill=0.0,decode=0.0] queue_now[prefill=0,decode=0] active_sessions=68 output=234.1 tok/s interval_p99_ttft=0.460s
  sim=  2.54d  25.42% wall=   1.0m speed=    2167x eta=   5.0m admitted=90800 completed=90796 running=4 waiting=0 waiting_min/max=0/1 queue_p99[prefill=0.0,decode=0.0] queue_now[prefill=0,decode=0] active_sessions=64 output=340.8 tok/s interval_p99_ttft=0.396s
  sim=  2.58d  25.83% wall=   1.1m speed=    2789x eta=   3.8m admitted=92533 completed=92529 running=4 waiting=0 waiting_min/max=0/0 queue_p99[prefill=0.0,decode=0.0] queue_now[prefill=0,decode=0] active_sessions=65 output=237.8 tok/s interval_p99_ttft=0.304s
  sim=  2.63d  26.25% wall=   1.1m speed=    2590x eta=   4.1m admitted=93968 completed=93967 running=1 waiting=0 waiting_min/max=0/0 queue_p99[prefill=0.0,decode=0.0] queue_now[prefill=0,decode=0] active_sessions=66 output=266.9 tok/s interval_p99_ttft=0.273s
  sim=  2.67d  26.67% wall=   1.1m speed=    3718x eta=   2.8m admitted=95145 completed=95144 running=1 waiting=0 waiting_min/max=0/0 queue_p99[prefill=0.0,decode=0.0] queue_now[prefill=0,decode=0] active_sessions=64 output=151.6 tok/s interval_p99_ttft=0.225s
  sim=  2.71d  27.08% wall=   1.1m speed=    2686x eta=   3.9m admitted=96743 completed=96741 running=2 waiting=0 waiting_min/max=0/0 queue_p99[prefill=0.0,decode=0.0] queue_now[prefill=0,decode=0] active_sessions=68 output=229.5 tok/s interval_p99_ttft=0.386s
  sim=  2.75d  27.50% wall=   1.2m speed=    2274x eta=   4.6m admitted=98669 completed=98668 running=1 waiting=0 waiting_min/max=0/1 queue_p99[prefill=0.0,decode=0.0] queue_now[prefill=0,decode=0] active_sessions=70 output=291.7 tok/s interval_p99_ttft=0.360s
  sim=  2.79d  27.92% wall=   1.2m speed=    2178x eta=   4.8m admitted=100914 completed=100912 running=2 waiting=0 waiting_min/max=0/1 queue_p99[prefill=0.0,decode=0.0] queue_now[prefill=0,decode=0] active_sessions=73 output=302.7 tok/s interval_p99_ttft=0.364s
  sim=  2.83d  28.33% wall=   1.2m speed=    2191x eta=   4.7m admitted=103254 completed=103253 running=1 waiting=0 waiting_min/max=0/2 queue_p99[prefill=0.0,decode=0.0] queue_now[prefill=0,decode=0] active_sessions=74 output=279.0 tok/s interval_p99_ttft=0.294s
  sim=  2.88d  28.75% wall=   1.2m speed=    1874x eta=   5.5m admitted=105495 completed=105494 running=0 waiting=0 waiting_min/max=0/2 queue_p99[prefill=0.0,decode=0.0] queue_now[prefill=0,decode=0] active_sessions=76 output=373.8 tok/s interval_p99_ttft=0.489s
  sim=  2.92d  29.17% wall=   1.3m speed=    1699x eta=   6.0m admitted=107984 completed=107983 running=1 waiting=0 waiting_min/max=0/1 queue_p99[prefill=0.0,decode=0.0] queue_now[prefill=0,decode=0] active_sessions=73 output=445.6 tok/s interval_p99_ttft=1.021s
  sim=  2.96d  29.58% wall=   1.3m speed=    1630x eta=   6.2m admitted=110776 completed=110775 running=1 waiting=0 waiting_min/max=0/3 queue_p99[prefill=1.0,decode=0.0] queue_now[prefill=0,decode=0] active_sessions=71 output=494.4 tok/s interval_p99_ttft=1.198s
  sim=  3.00d  30.00% wall=   1.3m speed=    1853x eta=   5.4m admitted=112991 completed=112990 running=0 waiting=0 waiting_min/max=0/2 queue_p99[prefill=0.0,decode=0.0] queue_now[prefill=0,decode=0] active_sessions=73 output=399.6 tok/s interval_p99_ttft=1.889s
  sim=  3.04d  30.42% wall=   1.4m speed=    1541x eta=   6.5m admitted=116068 completed=116067 running=1 waiting=0 waiting_min/max=0/3 queue_p99[prefill=1.0,decode=0.0] queue_now[prefill=0,decode=0] active_sessions=77 output=504.6 tok/s interval_p99_ttft=4.186s
  sim=  3.08d  30.83% wall=   1.4m speed=    1626x eta=   6.1m admitted=118981 completed=118980 running=0 waiting=0 waiting_min/max=0/3 queue_p99[prefill=1.0,decode=0.0] queue_now[prefill=0,decode=0] active_sessions=74 output=409.7 tok/s interval_p99_ttft=5.559s
  sim=  3.13d  31.25% wall=   1.5m speed=    1860x eta=   5.3m admitted=121282 completed=121280 running=1 waiting=0 waiting_min/max=0/3 queue_p99[prefill=1.0,decode=1.0] queue_now[prefill=0,decode=0] active_sessions=74 output=337.8 tok/s interval_p99_ttft=7.210s
  sim=  3.17d  31.67% wall=   1.5m speed=    1586x eta=   6.2m admitted=124061 completed=124060 running=0 waiting=0 waiting_min/max=0/4 queue_p99[prefill=2.0,decode=0.0] queue_now[prefill=0,decode=0] active_sessions=76 output=424.0 tok/s interval_p99_ttft=2.866s
  sim=  3.21d  32.08% wall=   1.5m speed=    1534x eta=   6.4m admitted=127317 completed=127316 running=1 waiting=0 waiting_min/max=0/2 queue_p99[prefill=0.0,decode=0.0] queue_now[prefill=0,decode=0] active_sessions=77 output=396.7 tok/s interval_p99_ttft=0.390s
  sim=  3.25d  32.50% wall=   1.6m speed=    1728x eta=   5.6m admitted=129396 completed=129395 running=1 waiting=0 waiting_min/max=0/1 queue_p99[prefill=0.0,decode=0.0] queue_now[prefill=0,decode=0] active_sessions=72 output=386.9 tok/s interval_p99_ttft=0.494s
  sim=  3.29d  32.92% wall=   1.6m speed=    2099x eta=   4.6m admitted=131102 completed=131101 running=1 waiting=0 waiting_min/max=0/1 queue_p99[prefill=0.0,decode=0.0] queue_now[prefill=0,decode=0] active_sessions=71 output=277.7 tok/s interval_p99_ttft=0.313s
  sim=  3.33d  33.33% wall=   1.6m speed=    1970x eta=   4.9m admitted=133293 completed=133292 running=1 waiting=0 waiting_min/max=0/1 queue_p99[prefill=0.0,decode=0.0] queue_now[prefill=0,decode=0] active_sessions=66 output=296.8 tok/s interval_p99_ttft=0.344s
  sim=  3.38d  33.75% wall=   1.6m speed=    2543x eta=   3.8m admitted=134634 completed=134633 running=0 waiting=0 waiting_min/max=0/1 queue_p99[prefill=0.0,decode=0.0] queue_now[prefill=0,decode=0] active_sessions=67 output=248.0 tok/s interval_p99_ttft=0.470s
  sim=  3.42d  34.17% wall=   1.7m speed=    2371x eta=   4.0m admitted=136139 completed=136138 running=0 waiting=0 waiting_min/max=0/1 queue_p99[prefill=0.0,decode=0.0] queue_now[prefill=0,decode=0] active_sessions=69 output=260.5 tok/s interval_p99_ttft=0.410s
  sim=  3.46d  34.58% wall=   1.7m speed=    2016x eta=   4.7m admitted=138024 completed=138022 running=2 waiting=0 waiting_min/max=0/0 queue_p99[prefill=0.0,decode=0.0] queue_now[prefill=0,decode=0] active_sessions=71 output=313.5 tok/s interval_p99_ttft=0.332s
  sim=  3.50d  35.00% wall=   1.7m speed=    1552x eta=   6.0m admitted=140377 completed=140376 running=0 waiting=0 waiting_min/max=0/1 queue_p99[prefill=0.0,decode=0.0] queue_now[prefill=0,decode=0] active_sessions=69 output=402.0 tok/s interval_p99_ttft=0.353s
  sim=  3.54d  35.42% wall=   1.8m speed=    1534x eta=   6.1m admitted=142801 completed=142800 running=0 waiting=0 waiting_min/max=0/1 queue_p99[prefill=0.0,decode=0.0] queue_now[prefill=0,decode=0] active_sessions=72 output=456.6 tok/s interval_p99_ttft=0.407s
  sim=  3.58d  35.83% wall=   1.8m speed=    2188x eta=   4.2m admitted=144433 completed=144430 running=3 waiting=0 waiting_min/max=0/1 queue_p99[prefill=0.0,decode=0.0] queue_now[prefill=0,decode=0] active_sessions=72 output=257.3 tok/s interval_p99_ttft=0.336s
  sim=  3.63d  36.25% wall=   1.8m speed=    1462x eta=   6.3m admitted=147001 completed=147000 running=0 waiting=0 waiting_min/max=0/2 queue_p99[prefill=0.0,decode=0.0] queue_now[prefill=0,decode=0] active_sessions=67 output=454.5 tok/s interval_p99_ttft=1.128s
  sim=  3.67d  36.67% wall=   1.9m speed=    2299x eta=   4.0m admitted=148689 completed=148688 running=0 waiting=0 waiting_min/max=0/2 queue_p99[prefill=0.0,decode=0.0] queue_now[prefill=0,decode=0] active_sessions=68 output=199.3 tok/s interval_p99_ttft=1.071s
  sim=  3.71d  37.08% wall=   1.9m speed=    1914x eta=   4.7m admitted=150512 completed=150511 running=0 waiting=0 waiting_min/max=0/1 queue_p99[prefill=0.0,decode=0.0] queue_now[prefill=0,decode=0] active_sessions=71 output=312.5 tok/s interval_p99_ttft=0.285s
  sim=  3.75d  37.50% wall=   1.9m speed=    2150x eta=   4.2m admitted=152002 completed=152000 running=2 waiting=0 waiting_min/max=0/0 queue_p99[prefill=0.0,decode=0.0] queue_now[prefill=0,decode=0] active_sessions=73 output=261.2 tok/s interval_p99_ttft=0.313s
  sim=  3.79d  37.92% wall=   2.0m speed=    2254x eta=   4.0m admitted=153786 completed=153785 running=1 waiting=0 waiting_min/max=0/1 queue_p99[prefill=0.0,decode=0.0] queue_now[prefill=0,decode=0] active_sessions=73 output=234.6 tok/s interval_p99_ttft=0.373s
  sim=  3.83d  38.33% wall=   2.0m speed=    1744x eta=   5.1m admitted=156060 completed=156059 running=1 waiting=0 waiting_min/max=0/1 queue_p99[prefill=0.0,decode=0.0] queue_now[prefill=0,decode=0] active_sessions=73 output=278.4 tok/s interval_p99_ttft=0.266s
  sim=  3.88d  38.75% wall=   2.0m speed=    1441x eta=   6.1m admitted=158644 completed=158643 running=1 waiting=0 waiting_min/max=0/1 queue_p99[prefill=0.0,decode=0.0] queue_now[prefill=0,decode=0] active_sessions=75 output=357.8 tok/s interval_p99_ttft=0.941s
  sim=  3.92d  39.17% wall=   2.1m speed=    1912x eta=   4.6m admitted=160548 completed=160547 running=0 waiting=0 waiting_min/max=0/1 queue_p99[prefill=0.0,decode=0.0] queue_now[prefill=0,decode=0] active_sessions=75 output=311.3 tok/s interval_p99_ttft=0.488s
  sim=  3.96d  39.58% wall=   2.1m speed=    1597x eta=   5.4m admitted=162863 completed=162862 running=0 waiting=0 waiting_min/max=0/1 queue_p99[prefill=0.0,decode=0.0] queue_now[prefill=0,decode=0] active_sessions=71 output=365.9 tok/s interval_p99_ttft=0.401s
  sim=  4.00d  40.00% wall=   2.1m speed=    1729x eta=   5.0m admitted=164580 completed=164579 running=0 waiting=0 waiting_min/max=0/1 queue_p99[prefill=0.0,decode=0.0] queue_now[prefill=0,decode=0] active_sessions=72 output=343.4 tok/s interval_p99_ttft=0.264s
  sim=  4.04d  40.42% wall=   2.2m speed=    1401x eta=   6.1m admitted=166840 completed=166837 running=3 waiting=0 waiting_min/max=0/1 queue_p99[prefill=0.0,decode=0.0] queue_now[prefill=0,decode=0] active_sessions=76 output=467.4 tok/s interval_p99_ttft=0.314s
  sim=  4.08d  40.83% wall=   2.2m speed=    1444x eta=   5.9m admitted=169231 completed=169229 running=2 waiting=0 waiting_min/max=0/1 queue_p99[prefill=0.0,decode=0.0] queue_now[prefill=0,decode=0] active_sessions=76 output=410.7 tok/s interval_p99_ttft=0.324s
  sim=  4.13d  41.25% wall=   2.3m speed=    1569x eta=   5.4m admitted=171701 completed=171700 running=1 waiting=0 waiting_min/max=0/1 queue_p99[prefill=0.0,decode=0.0] queue_now[prefill=0,decode=0] active_sessions=84 output=292.8 tok/s interval_p99_ttft=0.284s
  sim=  4.17d  41.67% wall=   2.3m speed=    1212x eta=   6.9m admitted=174835 completed=174834 running=0 waiting=0 waiting_min/max=0/1 queue_p99[prefill=0.0,decode=0.0] queue_now[prefill=0,decode=0] active_sessions=83 output=476.5 tok/s interval_p99_ttft=0.298s
  sim=  4.21d  42.08% wall=   2.4m speed=    1576x eta=   5.3m admitted=176925 completed=176924 running=1 waiting=0 waiting_min/max=0/1 queue_p99[prefill=0.0,decode=0.0] queue_now[prefill=0,decode=0] active_sessions=80 output=314.1 tok/s interval_p99_ttft=0.438s
  sim=  4.25d  42.50% wall=   2.4m speed=    1340x eta=   6.2m admitted=179655 completed=179654 running=1 waiting=0 waiting_min/max=0/3 queue_p99[prefill=3.0,decode=0.0] queue_now[prefill=0,decode=0] active_sessions=83 output=371.3 tok/s interval_p99_ttft=14.404s
  sim=  4.29d  42.92% wall=   2.4m speed=    1409x eta=   5.8m admitted=182086 completed=182080 running=2 waiting=4 waiting_min/max=0/5 queue_p99[prefill=3.0,decode=0.0] queue_now[prefill=4,decode=0] active_sessions=79 output=340.6 tok/s interval_p99_ttft=13.142s
  sim=  4.33d  43.33% wall=   2.5m speed=    1461x eta=   5.6m admitted=184752 completed=184749 running=3 waiting=0 waiting_min/max=0/4 queue_p99[prefill=2.0,decode=0.0] queue_now[prefill=0,decode=0] active_sessions=75 output=335.1 tok/s interval_p99_ttft=3.432s
  sim=  4.38d  43.75% wall=   2.5m speed=    1564x eta=   5.2m admitted=186926 completed=186924 running=2 waiting=0 waiting_min/max=0/1 queue_p99[prefill=0.0,decode=0.0] queue_now[prefill=0,decode=0] active_sessions=74 output=377.0 tok/s interval_p99_ttft=0.390s
  sim=  4.42d  44.17% wall=   2.6m speed=    1757x eta=   4.6m admitted=188704 completed=188703 running=0 waiting=0 waiting_min/max=0/0 queue_p99[prefill=0.0,decode=0.0] queue_now[prefill=0,decode=0] active_sessions=76 output=282.4 tok/s interval_p99_ttft=0.341s
  sim=  4.46d  44.58% wall=   2.6m speed=    1395x eta=   5.7m admitted=191046 completed=191045 running=1 waiting=0 waiting_min/max=0/1 queue_p99[prefill=0.0,decode=0.0] queue_now[prefill=0,decode=0] active_sessions=78 output=367.8 tok/s interval_p99_ttft=0.277s
  sim=  4.50d  45.00% wall=   2.6m speed=    1298x eta=   6.1m admitted=193780 completed=193779 running=1 waiting=0 waiting_min/max=0/1 queue_p99[prefill=0.0,decode=0.0] queue_now[prefill=0,decode=0] active_sessions=83 output=373.2 tok/s interval_p99_ttft=0.297s
  sim=  4.54d  45.42% wall=   2.7m speed=    1265x eta=   6.2m admitted=196408 completed=196407 running=0 waiting=0 waiting_min/max=0/2 queue_p99[prefill=0.0,decode=0.0] queue_now[prefill=0,decode=0] active_sessions=82 output=402.0 tok/s interval_p99_ttft=1.309s
  sim=  4.58d  45.83% wall=   2.7m speed=    1220x eta=   6.4m admitted=199129 completed=199128 running=1 waiting=0 waiting_min/max=0/1 queue_p99[prefill=0.0,decode=0.0] queue_now[prefill=0,decode=0] active_sessions=77 output=406.6 tok/s interval_p99_ttft=0.498s
  sim=  4.63d  46.25% wall=   2.8m speed=    1468x eta=   5.3m admitted=200896 completed=200894 running=2 waiting=0 waiting_min/max=0/1 queue_p99[prefill=0.0,decode=0.0] queue_now[prefill=0,decode=0] active_sessions=81 output=330.2 tok/s interval_p99_ttft=0.387s
  sim=  4.67d  46.67% wall=   2.8m speed=    1159x eta=   6.6m admitted=202946 completed=202945 running=1 waiting=0 waiting_min/max=0/1 queue_p99[prefill=0.0,decode=0.0] queue_now[prefill=0,decode=0] active_sessions=82 output=440.5 tok/s interval_p99_ttft=1.113s
  sim=  4.71d  47.08% wall=   2.9m speed=    1041x eta=   7.3m admitted=205487 completed=205484 running=3 waiting=0 waiting_min/max=0/4 queue_p99[prefill=1.0,decode=0.0] queue_now[prefill=0,decode=0] active_sessions=85 output=469.2 tok/s interval_p99_ttft=4.892s
  sim=  4.75d  47.50% wall=   2.9m speed=    1207x eta=   6.3m admitted=207588 completed=207583 running=5 waiting=0 waiting_min/max=0/2 queue_p99[prefill=1.0,decode=1.0] queue_now[prefill=0,decode=0] active_sessions=82 output=391.0 tok/s interval_p99_ttft=3.716s
  sim=  4.79d  47.92% wall=   3.0m speed=    1283x eta=   5.8m admitted=209313 completed=209312 running=1 waiting=0 waiting_min/max=0/2 queue_p99[prefill=1.0,decode=0.0] queue_now[prefill=0,decode=0] active_sessions=81 output=390.6 tok/s interval_p99_ttft=0.939s
  sim=  4.83d  48.33% wall=   3.0m speed=    1354x eta=   5.5m admitted=211452 completed=211451 running=0 waiting=0 waiting_min/max=0/2 queue_p99[prefill=1.0,decode=0.0] queue_now[prefill=0,decode=0] active_sessions=81 output=382.5 tok/s interval_p99_ttft=0.700s
  sim=  4.88d  48.75% wall=   3.1m speed=    1437x eta=   5.1m admitted=213342 completed=213341 running=1 waiting=0 waiting_min/max=0/1 queue_p99[prefill=0.0,decode=0.0] queue_now[prefill=0,decode=0] active_sessions=79 output=354.8 tok/s interval_p99_ttft=1.206s
  sim=  4.92d  49.17% wall=   3.1m speed=    1441x eta=   5.1m admitted=214867 completed=214866 running=1 waiting=0 waiting_min/max=0/1 queue_p99[prefill=0.0,decode=0.0] queue_now[prefill=0,decode=0] active_sessions=75 output=357.1 tok/s interval_p99_ttft=0.830s
  sim=  4.96d  49.58% wall=   3.2m speed=    1000x eta=   7.3m admitted=217091 completed=217088 running=3 waiting=0 waiting_min/max=0/2 queue_p99[prefill=0.0,decode=0.0] queue_now[prefill=0,decode=0] active_sessions=82 output=517.2 tok/s interval_p99_ttft=1.010s
  sim=  5.00d  50.00% wall=   3.2m speed=    1395x eta=   5.2m admitted=218667 completed=218664 running=3 waiting=0 waiting_min/max=0/1 queue_p99[prefill=0.0,decode=0.0] queue_now[prefill=0,decode=0] active_sessions=85 output=333.8 tok/s interval_p99_ttft=0.306s
  sim=  5.04d  50.42% wall=   3.3m speed=    1520x eta=   4.7m admitted=220331 completed=220328 running=2 waiting=1 waiting_min/max=0/1 queue_p99[prefill=0.0,decode=0.0] queue_now[prefill=1,decode=0] active_sessions=84 output=242.8 tok/s interval_p99_ttft=0.329s
  sim=  5.08d  50.83% wall=   3.3m speed=    1177x eta=   6.0m admitted=222311 completed=222309 running=2 waiting=0 waiting_min/max=0/1 queue_p99[prefill=0.0,decode=0.0] queue_now[prefill=0,decode=0] active_sessions=84 output=360.9 tok/s interval_p99_ttft=0.530s
  sim=  5.13d  51.25% wall=   3.3m speed=    1683x eta=   4.2m admitted=223715 completed=223714 running=1 waiting=0 waiting_min/max=0/1 queue_p99[prefill=0.0,decode=0.0] queue_now[prefill=0,decode=0] active_sessions=86 output=196.8 tok/s interval_p99_ttft=0.306s
  sim=  5.17d  51.67% wall=   3.4m speed=    1190x eta=   5.8m admitted=225937 completed=225935 running=2 waiting=0 waiting_min/max=0/1 queue_p99[prefill=0.0,decode=0.0] queue_now[prefill=0,decode=0] active_sessions=86 output=364.4 tok/s interval_p99_ttft=0.325s
  sim=  5.21d  52.08% wall=   3.4m speed=    1428x eta=   4.8m admitted=227832 completed=227829 running=3 waiting=0 waiting_min/max=0/1 queue_p99[prefill=0.0,decode=0.0] queue_now[prefill=0,decode=0] active_sessions=87 output=328.4 tok/s interval_p99_ttft=0.410s
  sim=  5.25d  52.50% wall=   3.5m speed=    1404x eta=   4.9m admitted=229729 completed=229728 running=1 waiting=0 waiting_min/max=0/1 queue_p99[prefill=0.0,decode=0.0] queue_now[prefill=0,decode=0] active_sessions=81 output=360.3 tok/s interval_p99_ttft=0.552s
  sim=  5.29d  52.92% wall=   3.5m speed=    1291x eta=   5.3m admitted=231597 completed=231593 running=4 waiting=0 waiting_min/max=0/2 queue_p99[prefill=0.0,decode=0.0] queue_now[prefill=0,decode=0] active_sessions=87 output=444.8 tok/s interval_p99_ttft=0.346s
  sim=  5.33d  53.33% wall=   3.6m speed=    1396x eta=   4.8m admitted=233406 completed=233405 running=0 waiting=0 waiting_min/max=0/0 queue_p99[prefill=0.0,decode=0.0] queue_now[prefill=0,decode=0] active_sessions=86 output=367.7 tok/s interval_p99_ttft=0.310s
  sim=  5.38d  53.75% wall=   3.6m speed=    1336x eta=   5.0m admitted=235477 completed=235476 running=1 waiting=0 waiting_min/max=0/1 queue_p99[prefill=0.0,decode=0.0] queue_now[prefill=0,decode=0] active_sessions=90 output=282.0 tok/s interval_p99_ttft=1.093s
  sim=  5.42d  54.17% wall=   3.7m speed=    1520x eta=   4.3m admitted=237013 completed=237012 running=1 waiting=0 waiting_min/max=0/1 queue_p99[prefill=0.0,decode=0.0] queue_now[prefill=0,decode=0] active_sessions=85 output=295.1 tok/s interval_p99_ttft=0.378s
  sim=  5.46d  54.58% wall=   3.7m speed=     986x eta=   6.6m admitted=239569 completed=239568 running=1 waiting=0 waiting_min/max=0/2 queue_p99[prefill=0.0,decode=0.0] queue_now[prefill=0,decode=0] active_sessions=92 output=516.9 tok/s interval_p99_ttft=0.430s
  sim=  5.50d  55.00% wall=   3.8m speed=    1072x eta=   6.0m admitted=241654 completed=241652 running=2 waiting=0 waiting_min/max=0/2 queue_p99[prefill=0.0,decode=0.0] queue_now[prefill=0,decode=0] active_sessions=86 output=480.9 tok/s interval_p99_ttft=0.586s
  sim=  5.54d  55.42% wall=   3.8m speed=    1103x eta=   5.8m admitted=243823 completed=243822 running=0 waiting=0 waiting_min/max=0/1 queue_p99[prefill=0.0,decode=0.0] queue_now[prefill=0,decode=0] active_sessions=96 output=384.7 tok/s interval_p99_ttft=0.338s
  sim=  5.58d  55.83% wall=   3.9m speed=     912x eta=   7.0m admitted=246635 completed=246633 running=2 waiting=0 waiting_min/max=0/2 queue_p99[prefill=0.0,decode=0.0] queue_now[prefill=0,decode=0] active_sessions=98 output=560.2 tok/s interval_p99_ttft=1.416s
  sim=  5.63d  56.25% wall=   3.9m speed=    1031x eta=   6.1m admitted=249139 completed=249136 running=3 waiting=0 waiting_min/max=0/2 queue_p99[prefill=0.0,decode=0.0] queue_now[prefill=0,decode=0] active_sessions=90 output=516.8 tok/s interval_p99_ttft=0.401s
  sim=  5.67d  56.67% wall=   4.0m speed=    1072x eta=   5.8m admitted=251175 completed=251173 running=2 waiting=0 waiting_min/max=0/1 queue_p99[prefill=0.0,decode=0.0] queue_now[prefill=0,decode=0] active_sessions=94 output=523.7 tok/s interval_p99_ttft=0.331s
  sim=  5.71d  57.08% wall=   4.1m speed=    1184x eta=   5.2m admitted=253307 completed=253304 running=3 waiting=0 waiting_min/max=0/1 queue_p99[prefill=0.0,decode=0.0] queue_now[prefill=0,decode=0] active_sessions=90 output=465.0 tok/s interval_p99_ttft=0.560s
  sim=  5.75d  57.50% wall=   4.1m speed=    1243x eta=   4.9m admitted=255465 completed=255464 running=1 waiting=0 waiting_min/max=0/2 queue_p99[prefill=0.0,decode=0.0] queue_now[prefill=0,decode=0] active_sessions=96 output=377.4 tok/s interval_p99_ttft=1.044s
  sim=  5.79d  57.92% wall=   4.2m speed=    1024x eta=   5.9m admitted=258586 completed=258585 running=0 waiting=0 waiting_min/max=0/3 queue_p99[prefill=1.0,decode=0.0] queue_now[prefill=0,decode=0] active_sessions=97 output=435.1 tok/s interval_p99_ttft=1.067s
  sim=  5.83d  58.33% wall=   4.2m speed=     867x eta=   6.9m admitted=261721 completed=261720 running=1 waiting=0 waiting_min/max=0/2 queue_p99[prefill=1.0,decode=0.0] queue_now[prefill=0,decode=0] active_sessions=93 output=560.7 tok/s interval_p99_ttft=1.999s
  sim=  5.88d  58.75% wall=   4.3m speed=    1100x eta=   5.4m admitted=264032 completed=264031 running=0 waiting=0 waiting_min/max=0/2 queue_p99[prefill=0.0,decode=0.0] queue_now[prefill=0,decode=0] active_sessions=96 output=407.7 tok/s interval_p99_ttft=1.067s
  sim=  5.92d  59.17% wall=   4.3m speed=    1243x eta=   4.7m admitted=266104 completed=266103 running=0 waiting=0 waiting_min/max=0/2 queue_p99[prefill=1.0,decode=0.0] queue_now[prefill=0,decode=0] active_sessions=91 output=349.8 tok/s interval_p99_ttft=2.883s
  sim=  5.96d  59.58% wall=   4.4m speed=    1022x eta=   5.7m admitted=268745 completed=268744 running=1 waiting=0 waiting_min/max=0/3 queue_p99[prefill=0.0,decode=0.0] queue_now[prefill=0,decode=0] active_sessions=93 output=456.5 tok/s interval_p99_ttft=0.490s
  sim=  6.00d  60.00% wall=   4.4m speed=    1159x eta=   5.0m admitted=270736 completed=270735 running=1 waiting=0 waiting_min/max=0/0 queue_p99[prefill=0.0,decode=0.0] queue_now[prefill=0,decode=0] active_sessions=92 output=382.4 tok/s interval_p99_ttft=0.377s
  sim=  6.04d  60.42% wall=   4.5m speed=    1126x eta=   5.1m admitted=272536 completed=272533 running=3 waiting=0 waiting_min/max=0/1 queue_p99[prefill=0.0,decode=0.0] queue_now[prefill=0,decode=0] active_sessions=88 output=492.8 tok/s interval_p99_ttft=0.346s
  sim=  6.08d  60.83% wall=   4.6m speed=    1044x eta=   5.4m admitted=274996 completed=274994 running=1 waiting=0 waiting_min/max=0/2 queue_p99[prefill=0.0,decode=0.0] queue_now[prefill=0,decode=0] active_sessions=91 output=422.2 tok/s interval_p99_ttft=1.204s
  sim=  6.13d  61.25% wall=   4.6m speed=    1116x eta=   5.0m admitted=277336 completed=277335 running=1 waiting=0 waiting_min/max=0/2 queue_p99[prefill=1.0,decode=0.0] queue_now[prefill=0,decode=0] active_sessions=97 output=381.3 tok/s interval_p99_ttft=1.440s
  sim=  6.17d  61.67% wall=   4.7m speed=    1162x eta=   4.7m admitted=279461 completed=279460 running=1 waiting=0 waiting_min/max=0/2 queue_p99[prefill=0.0,decode=0.0] queue_now[prefill=0,decode=0] active_sessions=97 output=324.4 tok/s interval_p99_ttft=0.268s
  sim=  6.21d  62.08% wall=   4.7m speed=    1043x eta=   5.2m admitted=281953 completed=281951 running=2 waiting=0 waiting_min/max=0/1 queue_p99[prefill=0.0,decode=0.0] queue_now[prefill=0,decode=0] active_sessions=94 output=394.1 tok/s interval_p99_ttft=0.272s
  sim=  6.25d  62.50% wall=   4.8m speed=    1053x eta=   5.1m admitted=284327 completed=284326 running=0 waiting=0 waiting_min/max=0/1 queue_p99[prefill=0.0,decode=0.0] queue_now[prefill=0,decode=0] active_sessions=93 output=415.0 tok/s interval_p99_ttft=0.320s
  sim=  6.29d  62.92% wall=   4.8m speed=    1163x eta=   4.6m admitted=286625 completed=286624 running=1 waiting=0 waiting_min/max=0/2 queue_p99[prefill=0.0,decode=0.0] queue_now[prefill=0,decode=0] active_sessions=87 output=321.6 tok/s interval_p99_ttft=0.943s
  sim=  6.33d  63.33% wall=   4.9m speed=     895x eta=   5.9m admitted=289519 completed=289518 running=0 waiting=0 waiting_min/max=0/1 queue_p99[prefill=0.0,decode=0.0] queue_now[prefill=0,decode=0] active_sessions=86 output=429.1 tok/s interval_p99_ttft=0.466s
  sim=  6.38d  63.75% wall=   5.0m speed=     922x eta=   5.7m admitted=292291 completed=292290 running=1 waiting=0 waiting_min/max=0/2 queue_p99[prefill=1.0,decode=0.0] queue_now[prefill=0,decode=0] active_sessions=86 output=449.4 tok/s interval_p99_ttft=2.685s
  sim=  6.42d  64.17% wall=   5.0m speed=    1057x eta=   4.9m admitted=294826 completed=294825 running=0 waiting=0 waiting_min/max=0/1 queue_p99[prefill=0.0,decode=0.0] queue_now[prefill=0,decode=0] active_sessions=88 output=346.1 tok/s interval_p99_ttft=0.480s
  sim=  6.46d  64.58% wall=   5.1m speed=     969x eta=   5.3m admitted=297416 completed=297415 running=0 waiting=0 waiting_min/max=0/3 queue_p99[prefill=0.0,decode=0.0] queue_now[prefill=0,decode=0] active_sessions=90 output=390.3 tok/s interval_p99_ttft=0.604s
  sim=  6.50d  65.00% wall=   5.1m speed=    1032x eta=   4.9m admitted=299675 completed=299674 running=1 waiting=0 waiting_min/max=0/2 queue_p99[prefill=1.0,decode=0.0] queue_now[prefill=0,decode=0] active_sessions=94 output=398.2 tok/s interval_p99_ttft=1.451s
