starting 10.000-day run: lambda/rank=0.003750, lambda/node=0.030000, progress every 3600 simulated seconds, stop at waiting 1000, 6 consecutive growing epochs
  sim=  0.04d   0.42% wall=   1.1s speed=    3532x eta=   4.1m admitted=2845 completed=2844 running=0 waiting=0 waiting_min/max=0/0 queue_p99[prefill=0.0,decode=0.0] queue_now[prefill=0,decode=0] active_sessions=27 output=422.7 tok/s interval_ttft_q0.950=0.157s
  sim=  0.08d   0.84% wall=   2.6s speed=    2426x eta=   5.9m admitted=7295 completed=7293 running=2 waiting=0 waiting_min/max=0/0 queue_p99[prefill=0.0,decode=0.0] queue_now[prefill=0,decode=0] active_sessions=50 output=750.9 tok/s interval_ttft_q0.950=0.612s
  sim=  0.13d   1.25% wall=   3.9s speed=    2831x eta=   5.0m admitted=10367 completed=10364 running=3 waiting=0 waiting_min/max=0/1 queue_p99[prefill=0.4,decode=0.0] queue_now[prefill=0,decode=0] active_sessions=45 output=557.6 tok/s interval_ttft_q0.950=0.167s
  sim=  0.17d   1.67% wall=   5.5s speed=    2304x eta=   6.1m admitted=14477 completed=14471 running=6 waiting=0 waiting_min/max=0/0 queue_p99[prefill=0.0,decode=0.0] queue_now[prefill=0,decode=0] active_sessions=61 output=721.2 tok/s interval_ttft_q0.950=0.157s
  sim=  0.21d   2.09% wall=   7.2s speed=    2079x eta=   6.8m admitted=19770 completed=19766 running=4 waiting=0 waiting_min/max=0/0 queue_p99[prefill=0.0,decode=0.0] queue_now[prefill=0,decode=0] active_sessions=68 output=817.6 tok/s interval_ttft_q0.950=0.145s
  sim=  0.25d   2.50% wall=   8.9s speed=    2063x eta=   6.8m admitted=25449 completed=25447 running=2 waiting=0 waiting_min/max=0/0 queue_p99[prefill=0.0,decode=0.0] queue_now[prefill=0,decode=0] active_sessions=84 output=859.5 tok/s interval_ttft_q0.950=0.191s
  sim=  0.29d   2.92% wall=  10.4s speed=    2493x eta=   5.6m admitted=29483 completed=29482 running=1 waiting=0 waiting_min/max=0/0 queue_p99[prefill=0.0,decode=0.0] queue_now[prefill=0,decode=0] active_sessions=69 output=673.3 tok/s interval_ttft_q0.950=0.297s
  sim=  0.33d   3.34% wall=  12.0s speed=    2157x eta=   6.5m admitted=34553 completed=34548 running=5 waiting=0 waiting_min/max=0/0 queue_p99[prefill=0.0,decode=0.0] queue_now[prefill=0,decode=0] active_sessions=89 output=895.5 tok/s interval_ttft_q0.950=0.193s
  sim=  0.38d   3.75% wall=  13.7s speed=    2234x eta=   6.2m admitted=39908 completed=39906 running=2 waiting=0 waiting_min/max=0/1 queue_p99[prefill=1.0,decode=0.0] queue_now[prefill=0,decode=0] active_sessions=84 output=807.8 tok/s interval_ttft_q0.950=0.380s
  sim=  0.42d   4.17% wall=  15.2s speed=    2311x eta=   6.0m admitted=44479 completed=44477 running=2 waiting=0 waiting_min/max=0/1 queue_p99[prefill=0.4,decode=0.0] queue_now[prefill=0,decode=0] active_sessions=99 output=745.1 tok/s interval_ttft_q0.950=0.163s
  sim=  0.46d   4.59% wall=  16.7s speed=    2358x eta=   5.8m admitted=49197 completed=49193 running=4 waiting=0 waiting_min/max=0/0 queue_p99[prefill=0.0,decode=0.0] queue_now[prefill=0,decode=0] active_sessions=108 output=735.2 tok/s interval_ttft_q0.950=0.186s
  sim=  0.50d   5.01% wall=  18.5s speed=    2112x eta=   6.5m admitted=54924 completed=54919 running=5 waiting=0 waiting_min/max=0/1 queue_p99[prefill=0.4,decode=0.0] queue_now[prefill=0,decode=0] active_sessions=109 output=852.6 tok/s interval_ttft_q0.950=0.172s
  sim=  0.54d   5.42% wall=  20.1s speed=    2203x eta=   6.2m admitted=59645 completed=59642 running=3 waiting=0 waiting_min/max=0/0 queue_p99[prefill=0.0,decode=0.0] queue_now[prefill=0,decode=0] active_sessions=110 output=826.4 tok/s interval_ttft_q0.950=0.200s
  sim=  0.58d   5.84% wall=  21.6s speed=    2326x eta=   5.8m admitted=64349 completed=64348 running=1 waiting=0 waiting_min/max=0/0 queue_p99[prefill=0.0,decode=0.0] queue_now[prefill=0,decode=0] active_sessions=113 output=766.2 tok/s interval_ttft_q0.950=0.181s
  sim=  0.63d   6.25% wall=  23.2s speed=    2274x eta=   5.9m admitted=69240 completed=69238 running=2 waiting=0 waiting_min/max=0/0 queue_p99[prefill=0.0,decode=0.0] queue_now[prefill=0,decode=0] active_sessions=117 output=818.9 tok/s interval_ttft_q0.950=0.425s
  sim=  0.67d   6.67% wall=  24.9s speed=    2136x eta=   6.3m admitted=75036 completed=75035 running=1 waiting=0 waiting_min/max=0/2 queue_p99[prefill=0.8,decode=0.0] queue_now[prefill=0,decode=0] active_sessions=129 output=852.6 tok/s interval_ttft_q0.950=0.488s
  sim=  0.71d   7.08% wall=  26.6s speed=    2137x eta=   6.3m admitted=80457 completed=80455 running=2 waiting=0 waiting_min/max=0/2 queue_p99[prefill=1.4,decode=0.0] queue_now[prefill=0,decode=0] active_sessions=130 output=785.0 tok/s interval_ttft_q0.950=0.171s
  sim=  0.75d   7.50% wall=  28.2s speed=    2155x eta=   6.2m admitted=86014 completed=86010 running=4 waiting=0 waiting_min/max=0/1 queue_p99[prefill=0.4,decode=0.0] queue_now[prefill=0,decode=0] active_sessions=154 output=791.0 tok/s interval_ttft_q0.950=0.173s
  sim=  0.79d   7.92% wall=  29.9s speed=    2156x eta=   6.2m admitted=91467 completed=91466 running=0 waiting=0 waiting_min/max=0/1 queue_p99[prefill=0.4,decode=0.0] queue_now[prefill=0,decode=0] active_sessions=167 output=841.3 tok/s interval_ttft_q0.950=0.455s
  sim=  0.83d   8.34% wall=  31.8s speed=    1920x eta=   6.9m admitted=97278 completed=97275 running=3 waiting=0 waiting_min/max=0/0 queue_p99[prefill=0.0,decode=0.0] queue_now[prefill=0,decode=0] active_sessions=163 output=1057.9 tok/s interval_ttft_q0.950=0.282s
  sim=  0.88d   8.75% wall=  33.8s speed=    1822x eta=   7.2m admitted=104592 completed=104583 running=9 waiting=0 waiting_min/max=0/0 queue_p99[prefill=0.0,decode=0.0] queue_now[prefill=0,decode=0] active_sessions=159 output=1152.1 tok/s interval_ttft_q0.950=0.438s
  sim=  0.92d   9.17% wall=  35.4s speed=    2194x eta=   6.0m admitted=109731 completed=109730 running=1 waiting=0 waiting_min/max=0/1 queue_p99[prefill=0.4,decode=0.0] queue_now[prefill=0,decode=0] active_sessions=152 output=779.8 tok/s interval_ttft_q0.950=0.232s
  sim=  0.96d   9.59% wall=  37.1s speed=    2086x eta=   6.2m admitted=115150 completed=115142 running=8 waiting=0 waiting_min/max=0/1 queue_p99[prefill=0.4,decode=0.0] queue_now[prefill=0,decode=0] active_sessions=161 output=934.5 tok/s interval_ttft_q0.950=0.285s
  sim=  1.00d  10.00% wall=  38.9s speed=    2013x eta=   6.4m admitted=121114 completed=121107 running=7 waiting=0 waiting_min/max=0/2 queue_p99[prefill=2.0,decode=0.0] queue_now[prefill=0,decode=0] active_sessions=165 output=1050.1 tok/s interval_ttft_q0.950=0.867s
  sim=  1.04d  10.42% wall=  40.6s speed=    2107x eta=   6.1m admitted=127462 completed=127457 running=5 waiting=0 waiting_min/max=0/3 queue_p99[prefill=3.0,decode=1.4] queue_now[prefill=0,decode=0] active_sessions=175 output=1025.9 tok/s interval_ttft_q0.950=1.336s
  sim=  1.08d  10.84% wall=  42.5s speed=    1988x eta=   6.5m admitted=134497 completed=134492 running=5 waiting=0 waiting_min/max=0/4 queue_p99[prefill=4.0,decode=0.4] queue_now[prefill=0,decode=0] active_sessions=180 output=1159.8 tok/s interval_ttft_q0.950=0.590s
  sim=  1.13d  11.25% wall=  44.3s speed=    1934x eta=   6.6m admitted=142402 completed=142391 running=11 waiting=0 waiting_min/max=0/5 queue_p99[prefill=3.2,decode=0.0] queue_now[prefill=0,decode=0] active_sessions=190 output=1166.5 tok/s interval_ttft_q0.950=0.411s
  sim=  1.17d  11.67% wall=  46.4s speed=    1761x eta=   7.2m admitted=151620 completed=151616 running=4 waiting=0 waiting_min/max=0/7 queue_p99[prefill=7.0,decode=2.6] queue_now[prefill=0,decode=0] active_sessions=182 output=1320.2 tok/s interval_ttft_q0.950=1.306s
  sim=  1.21d  12.09% wall=  48.2s speed=    1950x eta=   6.5m admitted=159138 completed=159122 running=10 waiting=6 waiting_min/max=0/9 queue_p99[prefill=8.4,decode=0.0] queue_now[prefill=6,decode=0] active_sessions=190 output=1177.1 tok/s interval_ttft_q0.950=3.957s
  sim=  1.25d  12.50% wall=  50.2s speed=    1802x eta=   7.0m admitted=167782 completed=167767 running=12 waiting=3 waiting_min/max=0/9 queue_p99[prefill=8.4,decode=1.0] queue_now[prefill=3,decode=0] active_sessions=200 output=1362.3 tok/s interval_ttft_q0.950=5.866s
  sim=  1.29d  12.92% wall=  52.1s speed=    1883x eta=   6.7m admitted=175805 completed=175798 running=7 waiting=0 waiting_min/max=0/5 queue_p99[prefill=3.2,decode=0.0] queue_now[prefill=0,decode=0] active_sessions=205 output=1302.6 tok/s interval_ttft_q0.950=0.890s
  sim=  1.33d  13.34% wall=  53.9s speed=    2033x eta=   6.1m admitted=182876 completed=182871 running=5 waiting=0 waiting_min/max=0/3 queue_p99[prefill=2.4,decode=0.0] queue_now[prefill=0,decode=0] active_sessions=197 output=1070.1 tok/s interval_ttft_q0.950=1.288s
  sim=  1.38d  13.75% wall=  55.7s speed=    2022x eta=   6.1m admitted=189570 completed=189566 running=4 waiting=0 waiting_min/max=0/1 queue_p99[prefill=0.4,decode=0.0] queue_now[prefill=0,decode=0] active_sessions=195 output=1072.8 tok/s interval_ttft_q0.950=0.314s
  sim=  1.42d  14.17% wall=  57.5s speed=    1989x eta=   6.2m admitted=195579 completed=195568 running=11 waiting=0 waiting_min/max=0/2 queue_p99[prefill=1.4,decode=0.0] queue_now[prefill=0,decode=0] active_sessions=200 output=1124.3 tok/s interval_ttft_q0.950=0.349s
  sim=  1.46d  14.59% wall=  59.3s speed=    1979x eta=   6.2m admitted=202099 completed=202095 running=4 waiting=0 waiting_min/max=0/3 queue_p99[prefill=2.4,decode=0.0] queue_now[prefill=0,decode=0] active_sessions=200 output=1153.8 tok/s interval_ttft_q0.950=0.873s
  sim=  1.50d  15.00% wall=   1.0m speed=    1977x eta=   6.2m admitted=208760 completed=208758 running=2 waiting=0 waiting_min/max=0/3 queue_p99[prefill=2.4,decode=0.0] queue_now[prefill=0,decode=0] active_sessions=199 output=1210.6 tok/s interval_ttft_q0.950=1.280s
  sim=  1.54d  15.42% wall=   1.0m speed=    2013x eta=   6.1m admitted=214929 completed=214921 running=8 waiting=0 waiting_min/max=0/2 queue_p99[prefill=1.4,decode=0.0] queue_now[prefill=0,decode=0] active_sessions=209 output=1263.3 tok/s interval_ttft_q0.950=0.810s
  sim=  1.58d  15.84% wall=   1.1m speed=    1720x eta=   7.0m admitted=222461 completed=222450 running=9 waiting=2 waiting_min/max=0/5 queue_p99[prefill=3.8,decode=0.0] queue_now[prefill=2,decode=0] active_sessions=208 output=1168.3 tok/s interval_ttft_q0.950=0.643s
  sim=  1.63d  16.25% wall=   1.1m speed=    1834x eta=   6.6m admitted=230389 completed=230384 running=4 waiting=0 waiting_min/max=0/4 queue_p99[prefill=3.4,decode=0.4] queue_now[prefill=0,decode=0] active_sessions=213 output=1285.0 tok/s interval_ttft_q0.950=0.781s
  sim=  1.67d  16.67% wall=   1.1m speed=    1767x eta=   6.8m admitted=238723 completed=238718 running=5 waiting=0 waiting_min/max=0/4 queue_p99[prefill=2.8,decode=0.0] queue_now[prefill=0,decode=0] active_sessions=223 output=1242.9 tok/s interval_ttft_q0.950=0.590s
  sim=  1.71d  17.09% wall=   1.2m speed=    1857x eta=   6.4m admitted=246273 completed=246271 running=2 waiting=0 waiting_min/max=0/2 queue_p99[prefill=1.4,decode=0.0] queue_now[prefill=0,decode=0] active_sessions=223 output=1161.6 tok/s interval_ttft_q0.950=0.698s
  sim=  1.75d  17.50% wall=   1.2m speed=    1982x eta=   6.0m admitted=252726 completed=252719 running=7 waiting=0 waiting_min/max=0/2 queue_p99[prefill=1.4,decode=0.0] queue_now[prefill=0,decode=0] active_sessions=239 output=1192.7 tok/s interval_ttft_q0.950=0.508s
  sim=  1.79d  17.92% wall=   1.2m speed=    1830x eta=   6.5m admitted=260925 completed=260918 running=7 waiting=0 waiting_min/max=0/4 queue_p99[prefill=4.0,decode=0.0] queue_now[prefill=0,decode=0] active_sessions=250 output=1267.7 tok/s interval_ttft_q0.950=0.748s
  sim=  1.83d  18.34% wall=   1.3m speed=    1857x eta=   6.3m admitted=268965 completed=268951 running=6 waiting=8 waiting_min/max=0/8 queue_p99[prefill=7.4,decode=0.0] queue_now[prefill=8,decode=0] active_sessions=242 output=1209.2 tok/s interval_ttft_q0.950=2.248s
  sim=  1.88d  18.75% wall=   1.3m speed=    1943x eta=   6.0m admitted=276126 completed=276121 running=5 waiting=0 waiting_min/max=0/8 queue_p99[prefill=3.0,decode=0.0] queue_now[prefill=0,decode=0] active_sessions=241 output=1122.4 tok/s interval_ttft_q0.950=0.868s
  sim=  1.92d  19.17% wall=   1.3m speed=    1930x eta=   6.0m admitted=283230 completed=283223 running=7 waiting=0 waiting_min/max=0/1 queue_p99[prefill=0.4,decode=0.0] queue_now[prefill=0,decode=0] active_sessions=243 output=1064.1 tok/s interval_ttft_q0.950=0.427s
  sim=  1.96d  19.59% wall=   1.4m speed=    1830x eta=   6.3m admitted=290374 completed=290363 running=10 waiting=1 waiting_min/max=0/5 queue_p99[prefill=3.8,decode=1.8] queue_now[prefill=1,decode=0] active_sessions=240 output=1304.2 tok/s interval_ttft_q0.950=1.430s
  sim=  2.00d  20.01% wall=   1.4m speed=    1760x eta=   6.5m admitted=299321 completed=299315 running=6 waiting=0 waiting_min/max=0/1 queue_p99[prefill=1.0,decode=0.0] queue_now[prefill=0,decode=0] active_sessions=241 output=1309.1 tok/s interval_ttft_q0.950=0.994s
  sim=  2.04d  20.42% wall=   1.4m speed=    1921x eta=   6.0m admitted=306407 completed=306402 running=5 waiting=0 waiting_min/max=0/3 queue_p99[prefill=1.8,decode=0.0] queue_now[prefill=0,decode=0] active_sessions=247 output=1198.1 tok/s interval_ttft_q0.950=0.925s
  sim=  2.08d  20.84% wall=   1.5m speed=    2013x eta=   5.7m admitted=312869 completed=312866 running=3 waiting=0 waiting_min/max=0/2 queue_p99[prefill=1.4,decode=0.0] queue_now[prefill=0,decode=0] active_sessions=253 output=1002.5 tok/s interval_ttft_q0.950=0.433s
  sim=  2.13d  21.26% wall=   1.5m speed=    1973x eta=   5.7m admitted=319835 completed=319827 running=8 waiting=0 waiting_min/max=0/2 queue_p99[prefill=2.0,decode=0.4] queue_now[prefill=0,decode=0] active_sessions=253 output=1126.2 tok/s interval_ttft_q0.950=0.795s
  sim=  2.17d  21.67% wall=   1.5m speed=    1911x eta=   5.9m admitted=326353 completed=326349 running=4 waiting=0 waiting_min/max=0/2 queue_p99[prefill=2.0,decode=0.0] queue_now[prefill=0,decode=0] active_sessions=258 output=1237.0 tok/s interval_ttft_q0.950=0.671s
  sim=  2.21d  22.09% wall=   1.6m speed=    1784x eta=   6.3m admitted=334729 completed=334722 running=7 waiting=0 waiting_min/max=0/3 queue_p99[prefill=3.0,decode=0.0] queue_now[prefill=0,decode=0] active_sessions=256 output=1444.9 tok/s interval_ttft_q0.950=1.938s
  sim=  2.25d  22.51% wall=   1.6m speed=    1792x eta=   6.2m admitted=342008 completed=342000 running=8 waiting=0 waiting_min/max=0/9 queue_p99[prefill=6.6,decode=0.4] queue_now[prefill=0,decode=0] active_sessions=266 output=1517.4 tok/s interval_ttft_q0.950=2.179s
  sim=  2.29d  22.92% wall=   1.6m speed=    1751x eta=   6.3m admitted=350450 completed=350447 running=3 waiting=0 waiting_min/max=0/4 queue_p99[prefill=2.8,decode=0.0] queue_now[prefill=0,decode=0] active_sessions=272 output=1465.2 tok/s interval_ttft_q0.950=1.781s
  sim=  2.33d  23.34% wall=   1.7m speed=    1719x eta=   6.4m admitted=359273 completed=359266 running=7 waiting=0 waiting_min/max=0/1 queue_p99[prefill=1.0,decode=0.0] queue_now[prefill=0,decode=0] active_sessions=273 output=1344.2 tok/s interval_ttft_q0.950=1.828s
  sim=  2.38d  23.76% wall=   1.7m speed=    1775x eta=   6.2m admitted=368234 completed=368233 running=1 waiting=0 waiting_min/max=0/9 queue_p99[prefill=5.5,decode=0.0] queue_now[prefill=0,decode=0] active_sessions=261 output=1238.4 tok/s interval_ttft_q0.950=1.846s
  sim=  2.42d  24.17% wall=   1.7m speed=    1885x eta=   5.8m admitted=375753 completed=375743 running=9 waiting=1 waiting_min/max=0/2 queue_p99[prefill=1.4,decode=0.0] queue_now[prefill=1,decode=0] active_sessions=269 output=1038.0 tok/s interval_ttft_q0.950=1.046s
  sim=  2.46d  24.59% wall=   1.8m speed=    1974x eta=   5.5m admitted=382587 completed=382577 running=10 waiting=0 waiting_min/max=0/4 queue_p99[prefill=3.4,decode=0.0] queue_now[prefill=0,decode=0] active_sessions=270 output=1071.6 tok/s interval_ttft_q0.950=1.543s
  sim=  2.50d  25.01% wall=   1.8m speed=    1975x eta=   5.5m admitted=389431 completed=389425 running=6 waiting=0 waiting_min/max=0/4 queue_p99[prefill=3.4,decode=0.0] queue_now[prefill=0,decode=0] active_sessions=278 output=1020.4 tok/s interval_ttft_q0.950=1.045s
  sim=  2.54d  25.42% wall=   1.8m speed=    1813x eta=   5.9m admitted=397928 completed=397922 running=6 waiting=0 waiting_min/max=0/7 queue_p99[prefill=6.4,decode=0.0] queue_now[prefill=0,decode=0] active_sessions=281 output=1288.4 tok/s interval_ttft_q0.950=2.472s
  sim=  2.58d  25.84% wall=   1.9m speed=    1714x eta=   6.2m admitted=407123 completed=407119 running=4 waiting=0 waiting_min/max=0/4 queue_p99[prefill=4.0,decode=0.0] queue_now[prefill=0,decode=0] active_sessions=269 output=1444.9 tok/s interval_ttft_q0.950=2.293s
  sim=  2.63d  26.26% wall=   1.9m speed=    1814x eta=   5.9m admitted=415098 completed=415092 running=6 waiting=0 waiting_min/max=0/4 queue_p99[prefill=3.4,decode=0.0] queue_now[prefill=0,decode=0] active_sessions=284 output=1127.8 tok/s interval_ttft_q0.950=0.757s
  sim=  2.67d  26.67% wall=   1.9m speed=    1782x eta=   5.9m admitted=422889 completed=422886 running=3 waiting=0 waiting_min/max=0/7 queue_p99[prefill=6.4,decode=1.0] queue_now[prefill=0,decode=0] active_sessions=276 output=1219.9 tok/s interval_ttft_q0.950=4.879s
  sim=  2.71d  27.09% wall=   2.0m speed=    1884x eta=   5.6m admitted=429432 completed=429428 running=4 waiting=0 waiting_min/max=0/2 queue_p99[prefill=2.0,decode=0.0] queue_now[prefill=0,decode=0] active_sessions=276 output=1076.6 tok/s interval_ttft_q0.950=0.813s
  sim=  2.75d  27.51% wall=   2.0m speed=    1682x eta=   6.2m admitted=436814 completed=436805 running=9 waiting=0 waiting_min/max=0/7 queue_p99[prefill=4.6,decode=0.0] queue_now[prefill=0,decode=0] active_sessions=273 output=1299.4 tok/s interval_ttft_q0.950=1.337s
  sim=  2.79d  27.92% wall=   2.0m speed=    1778x eta=   5.8m admitted=444629 completed=444626 running=3 waiting=0 waiting_min/max=0/6 queue_p99[prefill=4.8,decode=0.0] queue_now[prefill=0,decode=0] active_sessions=268 output=1180.7 tok/s interval_ttft_q0.950=0.779s
  sim=  2.83d  28.34% wall=   2.1m speed=    1866x eta=   5.5m admitted=451120 completed=451117 running=3 waiting=0 waiting_min/max=0/2 queue_p99[prefill=1.4,decode=0.0] queue_now[prefill=0,decode=0] active_sessions=273 output=1133.3 tok/s interval_ttft_q0.950=0.914s
  sim=  2.88d  28.76% wall=   2.1m speed=    1944x eta=   5.3m admitted=457113 completed=457108 running=5 waiting=0 waiting_min/max=0/4 queue_p99[prefill=3.4,decode=0.0] queue_now[prefill=0,decode=0] active_sessions=274 output=1048.6 tok/s interval_ttft_q0.950=0.927s
  sim=  2.92d  29.17% wall=   2.1m speed=    2037x eta=   5.0m admitted=462261 completed=462256 running=5 waiting=0 waiting_min/max=0/6 queue_p99[prefill=3.6,decode=0.4] queue_now[prefill=0,decode=0] active_sessions=267 output=956.9 tok/s interval_ttft_q0.950=0.793s
  sim=  2.96d  29.59% wall=   2.2m speed=    1867x eta=   5.4m admitted=468812 completed=468804 running=8 waiting=0 waiting_min/max=0/3 queue_p99[prefill=3.0,decode=0.0] queue_now[prefill=0,decode=0] active_sessions=279 output=1121.3 tok/s interval_ttft_q0.950=1.080s
  sim=  3.00d  30.01% wall=   2.2m speed=    1700x eta=   5.9m admitted=477132 completed=477126 running=6 waiting=0 waiting_min/max=0/7 queue_p99[prefill=5.8,decode=0.0] queue_now[prefill=0,decode=0] active_sessions=279 output=1301.1 tok/s interval_ttft_q0.950=1.990s
  sim=  3.04d  30.42% wall=   2.2m speed=    1678x eta=   6.0m admitted=485139 completed=485121 running=18 waiting=0 waiting_min/max=0/2 queue_p99[prefill=2.0,decode=0.0] queue_now[prefill=0,decode=0] active_sessions=289 output=1469.6 tok/s interval_ttft_q0.950=0.960s
  sim=  3.08d  30.84% wall=   2.3m speed=    1919x eta=   5.2m admitted=491625 completed=491621 running=4 waiting=0 waiting_min/max=0/2 queue_p99[prefill=1.4,decode=0.0] queue_now[prefill=0,decode=0] active_sessions=280 output=1119.2 tok/s interval_ttft_q0.950=1.374s
  sim=  3.13d  31.26% wall=   2.3m speed=    1898x eta=   5.2m admitted=498347 completed=498332 running=12 waiting=3 waiting_min/max=0/4 queue_p99[prefill=3.4,decode=0.0] queue_now[prefill=3,decode=0] active_sessions=295 output=1062.7 tok/s interval_ttft_q0.950=0.870s
  sim=  3.17d  31.67% wall=   2.3m speed=    1843x eta=   5.3m admitted=506078 completed=506073 running=5 waiting=0 waiting_min/max=0/5 queue_p99[prefill=3.2,decode=0.0] queue_now[prefill=0,decode=0] active_sessions=292 output=1163.0 tok/s interval_ttft_q0.950=1.089s
  sim=  3.21d  32.09% wall=   2.4m speed=    1583x eta=   6.2m admitted=516090 completed=516085 running=5 waiting=0 waiting_min/max=0/5 queue_p99[prefill=3.8,decode=0.0] queue_now[prefill=0,decode=0] active_sessions=296 output=1476.4 tok/s interval_ttft_q0.950=1.513s
  sim=  3.25d  32.51% wall=   2.4m speed=    1825x eta=   5.3m admitted=523379 completed=523371 running=7 waiting=1 waiting_min/max=0/11 queue_p99[prefill=9.8,decode=0.0] queue_now[prefill=1,decode=0] active_sessions=295 output=1286.7 tok/s interval_ttft_q0.950=10.026s
  sim=  3.29d  32.92% wall=   2.4m speed=    1706x eta=   5.7m admitted=531778 completed=531770 running=7 waiting=1 waiting_min/max=0/4 queue_p99[prefill=3.4,decode=1.4] queue_now[prefill=1,decode=0] active_sessions=299 output=1319.2 tok/s interval_ttft_q0.950=1.707s
  sim=  3.33d  33.34% wall=   2.5m speed=    1883x eta=   5.1m admitted=538974 completed=538971 running=3 waiting=0 waiting_min/max=0/4 queue_p99[prefill=2.8,decode=0.0] queue_now[prefill=0,decode=0] active_sessions=295 output=1080.7 tok/s interval_ttft_q0.950=1.019s
  sim=  3.38d  33.76% wall=   2.5m speed=    1866x eta=   5.1m admitted=546203 completed=546193 running=9 waiting=0 waiting_min/max=0/6 queue_p99[prefill=5.4,decode=0.0] queue_now[prefill=0,decode=0] active_sessions=293 output=921.4 tok/s interval_ttft_q0.950=1.165s
  sim=  3.42d  34.17% wall=   2.5m speed=    1934x eta=   4.9m admitted=553204 completed=553196 running=7 waiting=0 waiting_min/max=0/5 queue_p99[prefill=3.8,decode=0.0] queue_now[prefill=0,decode=0] active_sessions=296 output=1013.7 tok/s interval_ttft_q0.950=1.305s
  sim=  3.46d  34.59% wall=   2.6m speed=    1916x eta=   4.9m admitted=560341 completed=560338 running=2 waiting=0 waiting_min/max=0/3 queue_p99[prefill=3.0,decode=0.0] queue_now[prefill=0,decode=0] active_sessions=294 output=1082.0 tok/s interval_ttft_q0.950=1.298s
  sim=  3.50d  35.01% wall=   2.6m speed=    1720x eta=   5.4m admitted=569105 completed=569092 running=13 waiting=0 waiting_min/max=0/4 queue_p99[prefill=4.0,decode=0.0] queue_now[prefill=0,decode=0] active_sessions=312 output=1326.1 tok/s interval_ttft_q0.950=1.391s
  sim=  3.54d  35.42% wall=   2.6m speed=    1612x eta=   5.8m admitted=576790 completed=576788 running=2 waiting=0 waiting_min/max=0/7 queue_p99[prefill=5.2,decode=0.0] queue_now[prefill=0,decode=0] active_sessions=307 output=1056.3 tok/s interval_ttft_q0.950=0.649s
  sim=  3.58d  35.84% wall=   2.7m speed=    1789x eta=   5.2m admitted=584032 completed=584025 running=7 waiting=0 waiting_min/max=0/1 queue_p99[prefill=1.0,decode=0.0] queue_now[prefill=0,decode=0] active_sessions=310 output=1110.6 tok/s interval_ttft_q0.950=0.656s
  sim=  3.63d  36.25% wall=   2.7m speed=    1801x eta=   5.1m admitted=591440 completed=591426 running=7 waiting=7 waiting_min/max=0/7 queue_p99[prefill=4.7,decode=0.0] queue_now[prefill=7,decode=0] active_sessions=327 output=1192.5 tok/s interval_ttft_q0.950=1.189s
  sim=  3.67d  36.67% wall=   2.7m speed=    1702x eta=   5.4m admitted=599418 completed=599404 running=14 waiting=0 waiting_min/max=0/7 queue_p99[prefill=6.0,decode=1.4] queue_now[prefill=0,decode=0] active_sessions=332 output=1425.1 tok/s interval_ttft_q0.950=5.251s
  sim=  3.71d  37.08% wall=   2.8m speed=    1826x eta=   5.0m admitted=606602 completed=606596 running=5 waiting=1 waiting_min/max=0/4 queue_p99[prefill=3.4,decode=0.4] queue_now[prefill=1,decode=0] active_sessions=323 output=1247.5 tok/s interval_ttft_q0.950=2.891s
  sim=  3.75d  37.50% wall=   2.8m speed=    1786x eta=   5.0m admitted=613542 completed=613525 running=8 waiting=9 waiting_min/max=0/14 queue_p99[prefill=12.8,decode=0.8] queue_now[prefill=9,decode=0] active_sessions=320 output=1101.6 tok/s interval_ttft_q0.950=11.692s
  sim=  3.79d  37.92% wall=   2.8m speed=    1827x eta=   4.9m admitted=620915 completed=620913 running=2 waiting=0 waiting_min/max=0/9 queue_p99[prefill=6.0,decode=0.0] queue_now[prefill=0,decode=0] active_sessions=323 output=1146.6 tok/s interval_ttft_q0.950=2.617s
  sim=  3.83d  38.33% wall=   2.9m speed=    1527x eta=   5.8m admitted=630015 completed=630004 running=11 waiting=0 waiting_min/max=0/7 queue_p99[prefill=6.4,decode=0.0] queue_now[prefill=0,decode=0] active_sessions=325 output=1382.4 tok/s interval_ttft_q0.950=5.833s
  sim=  3.88d  38.75% wall=   2.9m speed=    1832x eta=   4.8m admitted=637346 completed=637335 running=11 waiting=0 waiting_min/max=0/5 queue_p99[prefill=5.0,decode=0.0] queue_now[prefill=0,decode=0] active_sessions=330 output=1177.2 tok/s interval_ttft_q0.950=3.162s
  sim=  3.92d  39.17% wall=   2.9m speed=    1647x eta=   5.3m admitted=646391 completed=646380 running=10 waiting=1 waiting_min/max=0/6 queue_p99[prefill=6.0,decode=0.0] queue_now[prefill=1,decode=0] active_sessions=326 output=1328.2 tok/s interval_ttft_q0.950=3.958s
  sim=  3.96d  39.58% wall=   3.0m speed=    1568x eta=   5.5m admitted=656104 completed=656090 running=10 waiting=3 waiting_min/max=0/8 queue_p99[prefill=6.8,decode=0.0] queue_now[prefill=3,decode=0] active_sessions=340 output=1446.4 tok/s interval_ttft_q0.950=3.935s
  sim=  4.00d  40.00% wall=   3.0m speed=    1667x eta=   5.2m admitted=665364 completed=665354 running=8 waiting=2 waiting_min/max=0/6 queue_p99[prefill=6.0,decode=0.8] queue_now[prefill=2,decode=0] active_sessions=331 output=1390.1 tok/s interval_ttft_q0.950=4.501s
  sim=  4.04d  40.42% wall=   3.0m speed=    1629x eta=   5.3m admitted=674221 completed=674211 running=10 waiting=0 waiting_min/max=0/9 queue_p99[prefill=8.4,decode=3.8] queue_now[prefill=0,decode=0] active_sessions=333 output=1538.3 tok/s interval_ttft_q0.950=3.365s
  sim=  4.08d  40.83% wall=   3.1m speed=    1656x eta=   5.1m admitted=682719 completed=682705 running=14 waiting=0 waiting_min/max=0/15 queue_p99[prefill=13.8,decode=1.4] queue_now[prefill=0,decode=0] active_sessions=334 output=1601.2 tok/s interval_ttft_q0.950=9.985s
  sim=  4.13d  41.25% wall=   3.1m speed=    1674x eta=   5.1m admitted=690830 completed=690820 running=10 waiting=0 waiting_min/max=0/14 queue_p99[prefill=13.4,decode=2.4] queue_now[prefill=0,decode=0] active_sessions=342 output=1407.2 tok/s interval_ttft_q0.950=21.888s
  sim=  4.17d  41.67% wall=   3.2m speed=    1571x eta=   5.3m admitted=700115 completed=700107 running=8 waiting=0 waiting_min/max=0/8 queue_p99[prefill=6.8,decode=0.4] queue_now[prefill=0,decode=0] active_sessions=345 output=1414.5 tok/s interval_ttft_q0.950=2.970s
  sim=  4.21d  42.08% wall=   3.2m speed=    1695x eta=   4.9m admitted=708613 completed=708606 running=4 waiting=3 waiting_min/max=0/13 queue_p99[prefill=11.8,decode=0.0] queue_now[prefill=3,decode=0] active_sessions=337 output=1260.5 tok/s interval_ttft_q0.950=6.105s
  sim=  4.25d  42.50% wall=   3.2m speed=    1689x eta=   4.9m admitted=716195 completed=716188 running=6 waiting=1 waiting_min/max=0/10 queue_p99[prefill=8.8,decode=0.0] queue_now[prefill=1,decode=0] active_sessions=342 output=1245.5 tok/s interval_ttft_q0.950=6.427s
  sim=  4.29d  42.92% wall=   3.3m speed=    1573x eta=   5.2m admitted=725534 completed=725521 running=12 waiting=1 waiting_min/max=0/12 queue_p99[prefill=11.4,decode=1.2] queue_now[prefill=1,decode=0] active_sessions=347 output=1628.3 tok/s interval_ttft_q0.950=8.696s
  sim=  4.33d  43.33% wall=   3.3m speed=    1565x eta=   5.2m admitted=734556 completed=734542 running=6 waiting=8 waiting_min/max=0/10 queue_p99[prefill=10.0,decode=1.4] queue_now[prefill=8,decode=0] active_sessions=334 output=1666.8 tok/s interval_ttft_q0.950=8.611s
  sim=  4.38d  43.75% wall=   3.3m speed=    1751x eta=   4.6m admitted=741674 completed=741664 running=10 waiting=0 waiting_min/max=0/22 queue_p99[prefill=20.8,decode=1.0] queue_now[prefill=0,decode=0] active_sessions=333 output=1204.3 tok/s interval_ttft_q0.950=42.074s
  sim=  4.42d  44.17% wall=   3.4m speed=    1756x eta=   4.6m admitted=749285 completed=749280 running=5 waiting=0 waiting_min/max=0/17 queue_p99[prefill=16.4,decode=0.8] queue_now[prefill=0,decode=0] active_sessions=322 output=1222.8 tok/s interval_ttft_q0.950=35.685s
  sim=  4.46d  44.58% wall=   3.4m speed=    1798x eta=   4.4m admitted=756723 completed=756718 running=5 waiting=0 waiting_min/max=0/8 queue_p99[prefill=6.2,decode=0.0] queue_now[prefill=0,decode=0] active_sessions=319 output=1044.5 tok/s interval_ttft_q0.950=2.582s
  sim=  4.50d  45.00% wall=   3.4m speed=    1717x eta=   4.6m admitted=763904 completed=763888 running=7 waiting=9 waiting_min/max=0/17 queue_p99[prefill=16.4,decode=1.6] queue_now[prefill=9,decode=0] active_sessions=324 output=1244.8 tok/s interval_ttft_q0.950=18.939s
  sim=  4.54d  45.42% wall=   3.5m speed=    1747x eta=   4.5m admitted=770049 completed=770019 running=7 waiting=21 waiting_min/max=9/25 queue_p99[prefill=24.4,decode=0.0] queue_now[prefill=21,decode=0] active_sessions=340 output=1174.0 tok/s interval_ttft_q0.950=90.430s
  sim=  4.58d  45.83% wall=   3.5m speed=    1685x eta=   4.6m admitted=777556 completed=777520 running=9 waiting=26 waiting_min/max=17/44 queue_p99[prefill=42.2,decode=0.4] queue_now[prefill=26,decode=0] active_sessions=348 output=1194.9 tok/s interval_ttft_q0.950=109.790s
  sim=  4.63d  46.25% wall=   3.5m speed=    1633x eta=   4.7m admitted=785312 completed=785287 running=4 waiting=21 waiting_min/max=21/42 queue_p99[prefill=42.0,decode=0.8] queue_now[prefill=21,decode=0] active_sessions=356 output=1289.0 tok/s interval_ttft_q0.950=118.975s
  sim=  4.67d  46.67% wall=   3.6m speed=    1749x eta=   4.4m admitted=792167 completed=792102 running=10 waiting=55 waiting_min/max=21/55 queue_p99[prefill=55.0,decode=0.0] queue_now[prefill=55,decode=0] active_sessions=370 output=1196.3 tok/s interval_ttft_q0.950=156.684s
  sim=  4.71d  47.08% wall=   3.6m speed=    1741x eta=   4.4m admitted=798967 completed=798899 running=7 waiting=59 waiting_min/max=44/63 queue_p99[prefill=63.0,decode=1.4] queue_now[prefill=59,decode=0] active_sessions=367 output=1169.1 tok/s interval_ttft_q0.950=218.432s
  sim=  4.75d  47.50% wall=   3.6m speed=    1778x eta=   4.3m admitted=805312 completed=805234 running=11 waiting=67 waiting_min/max=53/76 queue_p99[prefill=75.4,decode=0.0] queue_now[prefill=67,decode=0] active_sessions=387 output=1058.4 tok/s interval_ttft_q0.950=203.400s
  sim=  4.79d  47.92% wall=   3.7m speed=    1809x eta=   4.1m admitted=811001 completed=810921 running=10 waiting=68 waiting_min/max=56/76 queue_p99[prefill=75.4,decode=0.0] queue_now[prefill=68,decode=0] active_sessions=387 output=1132.5 tok/s interval_ttft_q0.950=199.220s
  sim=  4.83d  48.33% wall=   3.7m speed=    1752x eta=   4.2m admitted=816765 completed=816670 running=9 waiting=86 waiting_min/max=54/86 queue_p99[prefill=84.8,decode=0.0] queue_now[prefill=86,decode=0] active_sessions=394 output=1274.8 tok/s interval_ttft_q0.950=189.695s
  sim=  4.88d  48.75% wall=   3.7m speed=    1792x eta=   4.1m admitted=822888 completed=822809 running=12 waiting=67 waiting_min/max=66/89 queue_p99[prefill=89.0,decode=0.0] queue_now[prefill=67,decode=0] active_sessions=400 output=1128.4 tok/s interval_ttft_q0.950=196.269s
  sim=  4.92d  49.17% wall=   3.8m speed=    1646x eta=   4.4m admitted=830346 completed=830270 running=13 waiting=60 waiting_min/max=59/93 queue_p99[prefill=92.4,decode=0.0] queue_now[prefill=60,decode=0] active_sessions=406 output=1313.2 tok/s interval_ttft_q0.950=193.630s
  sim=  4.96d  49.58% wall=   3.8m speed=    1594x eta=   4.6m admitted=839426 completed=839376 running=4 waiting=43 waiting_min/max=23/60 queue_p99[prefill=58.8,decode=0.0] queue_now[prefill=43,decode=0] active_sessions=390 output=1445.8 tok/s interval_ttft_q0.950=145.093s
  sim=  5.00d  50.00% wall=   3.9m speed=    1685x eta=   4.3m admitted=846632 completed=846587 running=6 waiting=39 waiting_min/max=35/60 queue_p99[prefill=60.0,decode=0.0] queue_now[prefill=39,decode=0] active_sessions=398 output=1239.2 tok/s interval_ttft_q0.950=204.448s
  sim=  5.04d  50.42% wall=   3.9m speed=    1624x eta=   4.4m admitted=855081 completed=855040 running=3 waiting=38 waiting_min/max=29/66 queue_p99[prefill=64.2,decode=1.0] queue_now[prefill=38,decode=0] active_sessions=394 output=1522.1 tok/s interval_ttft_q0.950=207.821s
  sim=  5.08d  50.83% wall=   3.9m speed=    1804x eta=   3.9m admitted=861891 completed=861838 running=7 waiting=45 waiting_min/max=31/51 queue_p99[prefill=51.0,decode=0.4] queue_now[prefill=45,decode=0] active_sessions=391 output=1012.9 tok/s interval_ttft_q0.950=170.454s
  sim=  5.13d  51.25% wall=   4.0m speed=    1686x eta=   4.2m admitted=869692 completed=869660 running=4 waiting=27 waiting_min/max=25/47 queue_p99[prefill=46.4,decode=0.0] queue_now[prefill=27,decode=0] active_sessions=368 output=1261.3 tok/s interval_ttft_q0.950=149.416s
  sim=  5.17d  51.67% wall=   4.0m speed=    1732x eta=   4.0m admitted=876227 completed=876186 running=6 waiting=33 waiting_min/max=19/55 queue_p99[prefill=53.2,decode=0.4] queue_now[prefill=33,decode=0] active_sessions=371 output=1252.3 tok/s interval_ttft_q0.950=143.847s
  sim=  5.21d  52.08% wall=   4.0m speed=    1707x eta=   4.0m admitted=883266 completed=883232 running=6 waiting=28 waiting_min/max=19/39 queue_p99[prefill=38.4,decode=0.0] queue_now[prefill=28,decode=0] active_sessions=375 output=1291.0 tok/s interval_ttft_q0.950=129.097s
  sim=  5.25d  52.50% wall=   4.1m speed=    1639x eta=   4.2m admitted=891334 completed=891310 running=7 waiting=17 waiting_min/max=17/39 queue_p99[prefill=37.2,decode=0.0] queue_now[prefill=17,decode=0] active_sessions=382 output=1376.8 tok/s interval_ttft_q0.950=87.924s
  sim=  5.29d  52.92% wall=   4.1m speed=    1622x eta=   4.2m admitted=899405 completed=899374 running=10 waiting=21 waiting_min/max=11/27 queue_p99[prefill=27.0,decode=1.4] queue_now[prefill=21,decode=0] active_sessions=382 output=1381.7 tok/s interval_ttft_q0.950=65.318s
  sim=  5.33d  53.33% wall=   4.1m speed=    1598x eta=   4.2m admitted=907478 completed=907451 running=6 waiting=21 waiting_min/max=9/33 queue_p99[prefill=32.4,decode=0.0] queue_now[prefill=21,decode=0] active_sessions=392 output=1381.0 tok/s interval_ttft_q0.950=72.272s
  sim=  5.38d  53.75% wall=   4.2m speed=    1646x eta=   4.0m admitted=915559 completed=915543 running=5 waiting=11 waiting_min/max=0/21 queue_p99[prefill=19.4,decode=0.0] queue_now[prefill=11,decode=0] active_sessions=388 output=1262.9 tok/s interval_ttft_q0.950=38.823s
  sim=  5.42d  54.17% wall=   4.2m speed=    1457x eta=   4.5m admitted=923640 completed=923632 running=6 waiting=1 waiting_min/max=0/21 queue_p99[prefill=20.4,decode=0.0] queue_now[prefill=1,decode=0] active_sessions=373 output=1248.9 tok/s interval_ttft_q0.950=18.754s
  sim=  5.46d  54.58% wall=   4.3m speed=    1250x eta=   5.2m admitted=931543 completed=931532 running=11 waiting=0 waiting_min/max=0/15 queue_p99[prefill=14.4,decode=0.0] queue_now[prefill=0,decode=0] active_sessions=370 output=1253.8 tok/s interval_ttft_q0.950=18.348s
  sim=  5.50d  55.00% wall=   4.3m speed=    1203x eta=   5.4m admitted=938814 completed=938792 running=9 waiting=11 waiting_min/max=0/23 queue_p99[prefill=20.6,decode=0.4] queue_now[prefill=11,decode=0] active_sessions=368 output=1178.1 tok/s interval_ttft_q0.950=24.351s
  sim=  5.54d  55.42% wall=   4.4m speed=    1198x eta=   5.4m admitted=945693 completed=945685 running=8 waiting=0 waiting_min/max=0/11 queue_p99[prefill=8.8,decode=1.4] queue_now[prefill=0,decode=0] active_sessions=369 output=1404.5 tok/s interval_ttft_q0.950=11.017s
  sim=  5.58d  55.83% wall=   4.4m speed=    1226x eta=   5.2m admitted=952090 completed=952081 running=9 waiting=0 waiting_min/max=0/15 queue_p99[prefill=13.8,decode=0.0] queue_now[prefill=0,decode=0] active_sessions=358 output=1260.1 tok/s interval_ttft_q0.950=23.698s
  sim=  5.63d  56.25% wall=   4.5m speed=    1135x eta=   5.6m admitted=960494 completed=960490 running=4 waiting=0 waiting_min/max=0/9 queue_p99[prefill=9.0,decode=1.4] queue_now[prefill=0,decode=0] active_sessions=367 output=1552.5 tok/s interval_ttft_q0.950=9.208s
  sim=  5.67d  56.67% wall=   4.5m speed=    1124x eta=   5.6m admitted=969399 completed=969390 running=7 waiting=2 waiting_min/max=0/4 queue_p99[prefill=3.4,decode=0.0] queue_now[prefill=2,decode=0] active_sessions=361 output=1483.5 tok/s interval_ttft_q0.950=3.308s
  sim=  5.71d  57.08% wall=   4.6m speed=    1172x eta=   5.3m admitted=976660 completed=976655 running=5 waiting=0 waiting_min/max=0/21 queue_p99[prefill=15.1,decode=0.8] queue_now[prefill=0,decode=0] active_sessions=362 output=1321.7 tok/s interval_ttft_q0.950=12.340s
  sim=  5.75d  57.50% wall=   4.6m speed=    1100x eta=   5.6m admitted=985063 completed=985050 running=13 waiting=0 waiting_min/max=0/5 queue_p99[prefill=4.4,decode=0.0] queue_now[prefill=0,decode=0] active_sessions=364 output=1512.1 tok/s interval_ttft_q0.950=2.808s
  sim=  5.79d  57.92% wall=   4.7m speed=    1107x eta=   5.5m admitted=994054 completed=994045 running=9 waiting=0 waiting_min/max=0/9 queue_p99[prefill=8.4,decode=0.4] queue_now[prefill=0,decode=0] active_sessions=361 output=1442.8 tok/s interval_ttft_q0.950=3.150s
  sim=  5.83d  58.33% wall=   4.7m speed=    1158x eta=   5.2m admitted=1001339 completed=1001334 running=5 waiting=0 waiting_min/max=0/3 queue_p99[prefill=2.4,decode=0.4] queue_now[prefill=0,decode=0] active_sessions=356 output=1254.8 tok/s interval_ttft_q0.950=1.151s
  sim=  5.88d  58.75% wall=   4.8m speed=    1109x eta=   5.4m admitted=1008381 completed=1008369 running=12 waiting=0 waiting_min/max=0/8 queue_p99[prefill=5.6,decode=0.0] queue_now[prefill=0,decode=0] active_sessions=354 output=1354.9 tok/s interval_ttft_q0.950=3.922s
  sim=  5.92d  59.17% wall=   4.8m speed=    1164x eta=   5.1m admitted=1015280 completed=1015268 running=4 waiting=8 waiting_min/max=0/9 queue_p99[prefill=8.4,decode=1.0] queue_now[prefill=8,decode=0] active_sessions=363 output=1202.2 tok/s interval_ttft_q0.950=9.309s
  sim=  5.96d  59.58% wall=   4.9m speed=    1149x eta=   5.1m admitted=1021657 completed=1021641 running=4 waiting=12 waiting_min/max=0/22 queue_p99[prefill=22.0,decode=0.0] queue_now[prefill=12,decode=0] active_sessions=360 output=1234.5 tok/s interval_ttft_q0.950=56.137s
  sim=  6.00d  60.00% wall=   4.9m speed=    1204x eta=   4.8m admitted=1027400 completed=1027374 running=13 waiting=13 waiting_min/max=11/32 queue_p99[prefill=32.0,decode=0.0] queue_now[prefill=13,decode=0] active_sessions=359 output=945.0 tok/s interval_ttft_q0.950=102.970s
  sim=  6.04d  60.42% wall=   5.0m speed=    1167x eta=   4.9m admitted=1033787 completed=1033765 running=10 waiting=10 waiting_min/max=0/24 queue_p99[prefill=22.8,decode=0.0] queue_now[prefill=10,decode=0] active_sessions=373 output=1189.8 tok/s interval_ttft_q0.950=61.787s
