starting 10.000-day run: lambda/rank=0.003500, lambda/node=0.028000, progress every 3600 simulated seconds, stop at waiting 1000, 6 consecutive growing epochs
  sim=  0.04d   0.42% wall=   1.1s speed=    3588x eta=   4.0m admitted=2736 completed=2735 running=0 waiting=0 waiting_min/max=0/0 queue_p99[prefill=0.0,decode=0.0] queue_now[prefill=0,decode=0] active_sessions=24 output=406.5 tok/s interval_ttft_q0.950=0.154s
  sim=  0.08d   0.84% wall=   2.5s speed=    2568x eta=   5.6m admitted=6676 completed=6673 running=3 waiting=0 waiting_min/max=0/0 queue_p99[prefill=0.0,decode=0.0] queue_now[prefill=0,decode=0] active_sessions=49 output=677.2 tok/s interval_ttft_q0.950=0.559s
  sim=  0.13d   1.25% wall=   3.7s speed=    2955x eta=   4.8m admitted=9920 completed=9918 running=2 waiting=0 waiting_min/max=0/0 queue_p99[prefill=0.0,decode=0.0] queue_now[prefill=0,decode=0] active_sessions=46 output=554.8 tok/s interval_ttft_q0.950=0.371s
  sim=  0.17d   1.67% wall=   5.3s speed=    2356x eta=   6.0m admitted=13782 completed=13781 running=1 waiting=0 waiting_min/max=0/0 queue_p99[prefill=0.0,decode=0.0] queue_now[prefill=0,decode=0] active_sessions=50 output=703.3 tok/s interval_ttft_q0.950=0.162s
  sim=  0.21d   2.09% wall=   6.8s speed=    2335x eta=   6.0m admitted=18310 completed=18307 running=3 waiting=0 waiting_min/max=0/0 queue_p99[prefill=0.0,decode=0.0] queue_now[prefill=0,decode=0] active_sessions=69 output=673.9 tok/s interval_ttft_q0.950=0.145s
  sim=  0.25d   2.50% wall=   8.5s speed=    2090x eta=   6.7m admitted=23610 completed=23605 running=3 waiting=1 waiting_min/max=0/1 queue_p99[prefill=0.4,decode=0.0] queue_now[prefill=1,decode=0] active_sessions=71 output=834.5 tok/s interval_ttft_q0.950=0.150s
  sim=  0.29d   2.92% wall=  10.1s speed=    2392x eta=   5.8m admitted=28219 completed=28218 running=0 waiting=0 waiting_min/max=0/1 queue_p99[prefill=0.0,decode=0.0] queue_now[prefill=0,decode=0] active_sessions=63 output=716.7 tok/s interval_ttft_q0.950=0.304s
  sim=  0.33d   3.33% wall=  11.4s speed=    2616x eta=   5.3m admitted=31444 completed=31442 running=2 waiting=0 waiting_min/max=0/0 queue_p99[prefill=0.0,decode=0.0] queue_now[prefill=0,decode=0] active_sessions=68 output=629.8 tok/s interval_ttft_q0.950=0.178s
  sim=  0.38d   3.75% wall=  13.2s speed=    2028x eta=   6.8m admitted=37454 completed=37450 running=4 waiting=0 waiting_min/max=0/1 queue_p99[prefill=0.4,decode=0.0] queue_now[prefill=0,decode=0] active_sessions=76 output=974.6 tok/s interval_ttft_q0.950=0.177s
  sim=  0.42d   4.17% wall=  14.6s speed=    2580x eta=   5.3m admitted=41798 completed=41797 running=0 waiting=0 waiting_min/max=0/0 queue_p99[prefill=0.0,decode=0.0] queue_now[prefill=0,decode=0] active_sessions=87 output=630.9 tok/s interval_ttft_q0.950=0.430s
  sim=  0.46d   4.59% wall=  16.1s speed=    2370x eta=   5.8m admitted=46159 completed=46158 running=0 waiting=0 waiting_min/max=0/0 queue_p99[prefill=0.0,decode=0.0] queue_now[prefill=0,decode=0] active_sessions=96 output=719.4 tok/s interval_ttft_q0.950=0.164s
  sim=  0.50d   5.00% wall=  17.7s speed=    2339x eta=   5.8m admitted=50846 completed=50842 running=4 waiting=0 waiting_min/max=0/0 queue_p99[prefill=0.0,decode=0.0] queue_now[prefill=0,decode=0] active_sessions=100 output=697.9 tok/s interval_ttft_q0.950=0.180s
  sim=  0.54d   5.42% wall=  19.3s speed=    2188x eta=   6.2m admitted=55882 completed=55880 running=2 waiting=0 waiting_min/max=0/0 queue_p99[prefill=0.0,decode=0.0] queue_now[prefill=0,decode=0] active_sessions=105 output=806.0 tok/s interval_ttft_q0.950=0.186s
  sim=  0.58d   5.83% wall=  20.8s speed=    2371x eta=   5.7m admitted=60144 completed=60137 running=7 waiting=0 waiting_min/max=0/0 queue_p99[prefill=0.0,decode=0.0] queue_now[prefill=0,decode=0] active_sessions=108 output=763.5 tok/s interval_ttft_q0.950=0.184s
  sim=  0.63d   6.25% wall=  22.3s speed=    2384x eta=   5.7m admitted=64742 completed=64740 running=2 waiting=0 waiting_min/max=0/1 queue_p99[prefill=0.4,decode=0.0] queue_now[prefill=0,decode=0] active_sessions=107 output=738.9 tok/s interval_ttft_q0.950=0.179s
  sim=  0.67d   6.67% wall=  23.8s speed=    2361x eta=   5.7m admitted=69201 completed=69196 running=5 waiting=0 waiting_min/max=0/0 queue_p99[prefill=0.0,decode=0.0] queue_now[prefill=0,decode=0] active_sessions=114 output=754.8 tok/s interval_ttft_q0.950=0.340s
  sim=  0.71d   7.08% wall=  25.5s speed=    2136x eta=   6.3m admitted=75004 completed=75003 running=1 waiting=0 waiting_min/max=0/1 queue_p99[prefill=0.4,decode=0.0] queue_now[prefill=0,decode=0] active_sessions=121 output=864.1 tok/s interval_ttft_q0.950=0.537s
  sim=  0.75d   7.50% wall=  27.1s speed=    2237x eta=   6.0m admitted=80233 completed=80229 running=4 waiting=0 waiting_min/max=0/0 queue_p99[prefill=0.0,decode=0.0] queue_now[prefill=0,decode=0] active_sessions=123 output=724.8 tok/s interval_ttft_q0.950=0.171s
  sim=  0.79d   7.92% wall=  28.7s speed=    2335x eta=   5.7m admitted=84919 completed=84914 running=5 waiting=0 waiting_min/max=0/0 queue_p99[prefill=0.0,decode=0.0] queue_now[prefill=0,decode=0] active_sessions=145 output=666.0 tok/s interval_ttft_q0.950=0.159s
  sim=  0.83d   8.34% wall=  30.3s speed=    2308x eta=   5.7m admitted=89859 completed=89853 running=3 waiting=3 waiting_min/max=0/3 queue_p99[prefill=1.2,decode=0.0] queue_now[prefill=3,decode=0] active_sessions=154 output=764.3 tok/s interval_ttft_q0.950=0.180s
  sim=  0.88d   8.75% wall=  32.0s speed=    2040x eta=   6.4m admitted=95653 completed=95648 running=5 waiting=0 waiting_min/max=0/3 queue_p99[prefill=0.4,decode=0.0] queue_now[prefill=0,decode=0] active_sessions=154 output=956.4 tok/s interval_ttft_q0.950=0.508s
  sim=  0.92d   9.17% wall=  33.9s speed=    1959x eta=   6.7m admitted=102066 completed=102065 running=1 waiting=0 waiting_min/max=0/0 queue_p99[prefill=0.0,decode=0.0] queue_now[prefill=0,decode=0] active_sessions=156 output=1073.1 tok/s interval_ttft_q0.950=0.454s
  sim=  0.96d   9.59% wall=  35.7s speed=    1942x eta=   6.7m admitted=108150 completed=108146 running=4 waiting=0 waiting_min/max=0/3 queue_p99[prefill=3.0,decode=0.0] queue_now[prefill=0,decode=0] active_sessions=148 output=982.9 tok/s interval_ttft_q0.950=0.414s
  sim=  1.00d  10.00% wall=  37.4s speed=    2188x eta=   5.9m admitted=113133 completed=113129 running=3 waiting=1 waiting_min/max=0/2 queue_p99[prefill=2.0,decode=0.0] queue_now[prefill=1,decode=0] active_sessions=152 output=788.9 tok/s interval_ttft_q0.950=0.262s
  sim=  1.04d  10.42% wall=  39.0s speed=    2194x eta=   5.9m admitted=117995 completed=117993 running=2 waiting=0 waiting_min/max=0/3 queue_p99[prefill=2.4,decode=0.0] queue_now[prefill=0,decode=0] active_sessions=154 output=843.0 tok/s interval_ttft_q0.950=0.815s
  sim=  1.08d  10.84% wall=  40.8s speed=    2027x eta=   6.3m admitted=124089 completed=124082 running=7 waiting=0 waiting_min/max=0/3 queue_p99[prefill=1.8,decode=0.0] queue_now[prefill=0,decode=0] active_sessions=167 output=1087.6 tok/s interval_ttft_q0.950=1.205s
  sim=  1.13d  11.25% wall=  42.5s speed=    2060x eta=   6.2m admitted=130195 completed=130185 running=6 waiting=4 waiting_min/max=0/4 queue_p99[prefill=3.0,decode=0.4] queue_now[prefill=3,decode=1] active_sessions=174 output=970.5 tok/s interval_ttft_q0.950=1.022s
  sim=  1.17d  11.67% wall=  44.4s speed=    1930x eta=   6.6m admitted=137240 completed=137234 running=6 waiting=0 waiting_min/max=0/6 queue_p99[prefill=4.2,decode=0.4] queue_now[prefill=0,decode=0] active_sessions=176 output=1078.9 tok/s interval_ttft_q0.950=0.531s
  sim=  1.21d  12.09% wall=  46.4s speed=    1832x eta=   6.9m admitted=145157 completed=145148 running=6 waiting=3 waiting_min/max=0/7 queue_p99[prefill=7.0,decode=0.8] queue_now[prefill=3,decode=0] active_sessions=186 output=1173.1 tok/s interval_ttft_q0.950=1.179s
  sim=  1.25d  12.50% wall=  48.5s speed=    1702x eta=   7.4m admitted=153929 completed=153918 running=11 waiting=0 waiting_min/max=0/12 queue_p99[prefill=10.2,decode=0.0] queue_now[prefill=0,decode=0] active_sessions=176 output=1285.3 tok/s interval_ttft_q0.950=11.727s
  sim=  1.29d  12.92% wall=  50.3s speed=    1933x eta=   6.5m admitted=160581 completed=160572 running=9 waiting=0 waiting_min/max=0/10 queue_p99[prefill=9.4,decode=0.4] queue_now[prefill=0,decode=0] active_sessions=187 output=1076.5 tok/s interval_ttft_q0.950=7.861s
  sim=  1.33d  13.34% wall=  52.5s speed=    1692x eta=   7.4m admitted=169137 completed=169126 running=9 waiting=2 waiting_min/max=0/6 queue_p99[prefill=5.4,decode=0.0] queue_now[prefill=2,decode=0] active_sessions=187 output=1368.3 tok/s interval_ttft_q0.950=1.632s
  sim=  1.38d  13.75% wall=  54.4s speed=    1879x eta=   6.6m admitted=176376 completed=176371 running=5 waiting=0 waiting_min/max=0/3 queue_p99[prefill=2.4,decode=0.0] queue_now[prefill=0,decode=0] active_sessions=189 output=1087.7 tok/s interval_ttft_q0.950=0.356s
  sim=  1.42d  14.17% wall=  56.2s speed=    1929x eta=   6.4m admitted=183053 completed=183051 running=2 waiting=0 waiting_min/max=0/3 queue_p99[prefill=3.0,decode=0.0] queue_now[prefill=0,decode=0] active_sessions=181 output=1025.6 tok/s interval_ttft_q0.950=0.938s
  sim=  1.46d  14.59% wall=  58.1s speed=    1915x eta=   6.4m admitted=189378 completed=189377 running=1 waiting=0 waiting_min/max=0/3 queue_p99[prefill=2.4,decode=0.0] queue_now[prefill=0,decode=0] active_sessions=190 output=1066.5 tok/s interval_ttft_q0.950=0.503s
  sim=  1.50d  15.00% wall=  59.9s speed=    2013x eta=   6.1m admitted=195183 completed=195180 running=3 waiting=0 waiting_min/max=0/2 queue_p99[prefill=1.4,decode=0.0] queue_now[prefill=0,decode=0] active_sessions=197 output=1060.0 tok/s interval_ttft_q0.950=0.616s
  sim=  1.54d  15.42% wall=   1.0m speed=    1991x eta=   6.1m admitted=201308 completed=201298 running=9 waiting=0 waiting_min/max=0/3 queue_p99[prefill=2.4,decode=0.0] queue_now[prefill=0,decode=0] active_sessions=190 output=1004.9 tok/s interval_ttft_q0.950=0.812s
  sim=  1.58d  15.84% wall=   1.1m speed=    2007x eta=   6.0m admitted=206876 completed=206874 running=2 waiting=0 waiting_min/max=0/4 queue_p99[prefill=2.2,decode=0.0] queue_now[prefill=0,decode=0] active_sessions=186 output=1058.8 tok/s interval_ttft_q0.950=0.542s
  sim=  1.63d  16.25% wall=   1.1m speed=    1914x eta=   6.3m admitted=213701 completed=213696 running=3 waiting=2 waiting_min/max=0/3 queue_p99[prefill=3.0,decode=0.8] queue_now[prefill=2,decode=0] active_sessions=194 output=1251.6 tok/s interval_ttft_q0.950=1.026s
  sim=  1.67d  16.67% wall=   1.1m speed=    1680x eta=   7.1m admitted=220826 completed=220824 running=2 waiting=0 waiting_min/max=0/5 queue_p99[prefill=3.2,decode=0.0] queue_now[prefill=0,decode=0] active_sessions=198 output=1146.7 tok/s interval_ttft_q0.950=0.578s
  sim=  1.71d  17.09% wall=   1.2m speed=    1701x eta=   7.0m admitted=228167 completed=228163 running=4 waiting=0 waiting_min/max=0/2 queue_p99[prefill=2.0,decode=0.0] queue_now[prefill=0,decode=0] active_sessions=212 output=1139.2 tok/s interval_ttft_q0.950=0.414s
  sim=  1.75d  17.51% wall=   1.2m speed=    1838x eta=   6.5m admitted=235324 completed=235315 running=9 waiting=0 waiting_min/max=0/3 queue_p99[prefill=2.4,decode=0.0] queue_now[prefill=0,decode=0] active_sessions=213 output=1217.2 tok/s interval_ttft_q0.950=0.853s
  sim=  1.79d  17.92% wall=   1.2m speed=    1871x eta=   6.3m admitted=241965 completed=241955 running=10 waiting=0 waiting_min/max=0/2 queue_p99[prefill=2.0,decode=0.4] queue_now[prefill=0,decode=0] active_sessions=215 output=1132.0 tok/s interval_ttft_q0.950=0.384s
  sim=  1.83d  18.34% wall=   1.3m speed=    1758x eta=   6.7m admitted=249401 completed=249397 running=3 waiting=0 waiting_min/max=0/5 queue_p99[prefill=3.8,decode=0.0] queue_now[prefill=0,decode=0] active_sessions=221 output=1185.2 tok/s interval_ttft_q0.950=1.189s
  sim=  1.88d  18.76% wall=   1.3m speed=    1909x eta=   6.1m admitted=256017 completed=256010 running=4 waiting=3 waiting_min/max=0/3 queue_p99[prefill=3.0,decode=0.0] queue_now[prefill=3,decode=0] active_sessions=230 output=1144.1 tok/s interval_ttft_q0.950=0.585s
  sim=  1.92d  19.17% wall=   1.3m speed=    1727x eta=   6.7m admitted=264327 completed=264320 running=7 waiting=0 waiting_min/max=0/3 queue_p99[prefill=1.0,decode=0.0] queue_now[prefill=0,decode=0] active_sessions=243 output=1224.4 tok/s interval_ttft_q0.950=0.609s
  sim=  1.96d  19.59% wall=   1.4m speed=    1766x eta=   6.6m admitted=272326 completed=272317 running=9 waiting=0 waiting_min/max=0/6 queue_p99[prefill=4.8,decode=0.0] queue_now[prefill=0,decode=0] active_sessions=234 output=1201.8 tok/s interval_ttft_q0.950=0.823s
  sim=  2.00d  20.01% wall=   1.4m speed=    2094x eta=   5.5m admitted=277996 completed=277993 running=3 waiting=0 waiting_min/max=0/2 queue_p99[prefill=2.0,decode=0.0] queue_now[prefill=0,decode=0] active_sessions=225 output=904.0 tok/s interval_ttft_q0.950=0.628s
  sim=  2.04d  20.42% wall=   1.4m speed=    1904x eta=   6.0m admitted=284166 completed=284160 running=6 waiting=0 waiting_min/max=0/3 queue_p99[prefill=3.0,decode=0.0] queue_now[prefill=0,decode=0] active_sessions=230 output=1020.0 tok/s interval_ttft_q0.950=0.636s
  sim=  2.08d  20.84% wall=   1.5m speed=    1760x eta=   6.5m admitted=290956 completed=290953 running=3 waiting=0 waiting_min/max=0/2 queue_p99[prefill=1.4,decode=0.0] queue_now[prefill=0,decode=0] active_sessions=229 output=1291.2 tok/s interval_ttft_q0.950=0.424s
  sim=  2.13d  21.26% wall=   1.5m speed=    1833x eta=   6.2m admitted=298397 completed=298393 running=4 waiting=0 waiting_min/max=0/4 queue_p99[prefill=3.4,decode=0.0] queue_now[prefill=0,decode=0] active_sessions=222 output=1196.9 tok/s interval_ttft_q0.950=0.849s
  sim=  2.17d  21.67% wall=   1.5m speed=    1752x eta=   6.4m admitted=306241 completed=306239 running=2 waiting=0 waiting_min/max=0/3 queue_p99[prefill=3.0,decode=0.0] queue_now[prefill=0,decode=0] active_sessions=235 output=1175.0 tok/s interval_ttft_q0.950=0.820s
  sim=  2.21d  22.09% wall=   1.5m speed=    2120x eta=   5.3m admitted=312050 completed=312038 running=12 waiting=0 waiting_min/max=0/1 queue_p99[prefill=1.0,decode=0.0] queue_now[prefill=0,decode=0] active_sessions=239 output=913.0 tok/s interval_ttft_q0.950=0.483s
  sim=  2.25d  22.51% wall=   1.6m speed=    1914x eta=   5.8m admitted=318691 completed=318689 running=2 waiting=0 waiting_min/max=0/2 queue_p99[prefill=1.4,decode=0.0] queue_now[prefill=0,decode=0] active_sessions=242 output=1092.2 tok/s interval_ttft_q0.950=0.349s
  sim=  2.29d  22.92% wall=   1.6m speed=    1893x eta=   5.9m admitted=325237 completed=325232 running=5 waiting=0 waiting_min/max=0/4 queue_p99[prefill=2.4,decode=3.4] queue_now[prefill=0,decode=0] active_sessions=248 output=1179.2 tok/s interval_ttft_q0.950=2.571s
  sim=  2.33d  23.34% wall=   1.6m speed=    1806x eta=   6.1m admitted=332273 completed=332262 running=11 waiting=0 waiting_min/max=0/8 queue_p99[prefill=5.0,decode=3.4] queue_now[prefill=0,decode=0] active_sessions=248 output=1290.8 tok/s interval_ttft_q0.950=3.891s
  sim=  2.38d  23.76% wall=   1.7m speed=    1790x eta=   6.1m admitted=339721 completed=339713 running=8 waiting=0 waiting_min/max=0/4 queue_p99[prefill=4.0,decode=0.0] queue_now[prefill=0,decode=0] active_sessions=252 output=1412.7 tok/s interval_ttft_q0.950=1.652s
  sim=  2.42d  24.17% wall=   1.7m speed=    1741x eta=   6.3m admitted=346733 completed=346727 running=6 waiting=0 waiting_min/max=0/3 queue_p99[prefill=2.4,decode=0.0] queue_now[prefill=0,decode=0] active_sessions=253 output=1249.8 tok/s interval_ttft_q0.950=1.013s
  sim=  2.46d  24.59% wall=   1.7m speed=    1778x eta=   6.1m admitted=354745 completed=354742 running=3 waiting=0 waiting_min/max=0/5 queue_p99[prefill=3.8,decode=0.0] queue_now[prefill=0,decode=0] active_sessions=258 output=1257.0 tok/s interval_ttft_q0.950=0.663s
  sim=  2.50d  25.01% wall=   1.8m speed=    1643x eta=   6.6m admitted=362767 completed=362761 running=6 waiting=0 waiting_min/max=0/3 queue_p99[prefill=3.0,decode=0.0] queue_now[prefill=0,decode=0] active_sessions=255 output=1141.1 tok/s interval_ttft_q0.950=1.016s
  sim=  2.54d  25.42% wall=   1.8m speed=    1816x eta=   5.9m admitted=370703 completed=370694 running=9 waiting=0 waiting_min/max=0/5 queue_p99[prefill=4.4,decode=0.0] queue_now[prefill=0,decode=0] active_sessions=256 output=1188.6 tok/s interval_ttft_q0.950=0.905s
  sim=  2.58d  25.84% wall=   1.8m speed=    1886x eta=   5.7m admitted=378128 completed=378124 running=4 waiting=0 waiting_min/max=0/4 queue_p99[prefill=2.8,decode=0.0] queue_now[prefill=0,decode=0] active_sessions=256 output=1070.9 tok/s interval_ttft_q0.950=1.311s
  sim=  2.63d  26.26% wall=   1.9m speed=    1875x eta=   5.7m admitted=385420 completed=385415 running=5 waiting=0 waiting_min/max=0/4 queue_p99[prefill=3.4,decode=0.0] queue_now[prefill=0,decode=0] active_sessions=255 output=1058.2 tok/s interval_ttft_q0.950=1.032s
  sim=  2.67d  26.67% wall=   1.9m speed=    1908x eta=   5.5m admitted=392055 completed=392051 running=4 waiting=0 waiting_min/max=0/3 queue_p99[prefill=1.8,decode=0.8] queue_now[prefill=0,decode=0] active_sessions=261 output=1021.2 tok/s interval_ttft_q0.950=0.879s
  sim=  2.71d  27.09% wall=   1.9m speed=    1768x eta=   5.9m admitted=399967 completed=399950 running=17 waiting=0 waiting_min/max=0/7 queue_p99[prefill=4.6,decode=0.0] queue_now[prefill=0,decode=0] active_sessions=273 output=1202.5 tok/s interval_ttft_q0.950=1.962s
  sim=  2.75d  27.50% wall=   2.0m speed=    1644x eta=   6.4m admitted=407847 completed=407840 running=6 waiting=1 waiting_min/max=0/2 queue_p99[prefill=1.4,decode=0.0] queue_now[prefill=1,decode=0] active_sessions=259 output=1274.2 tok/s interval_ttft_q0.950=0.481s
  sim=  2.79d  27.92% wall=   2.0m speed=    1886x eta=   5.5m admitted=414635 completed=414625 running=9 waiting=0 waiting_min/max=0/5 queue_p99[prefill=3.8,decode=0.0] queue_now[prefill=0,decode=0] active_sessions=267 output=991.3 tok/s interval_ttft_q0.950=0.822s
  sim=  2.83d  28.33% wall=   2.0m speed=    1717x eta=   6.0m admitted=422274 completed=422269 running=5 waiting=0 waiting_min/max=0/6 queue_p99[prefill=4.2,decode=0.4] queue_now[prefill=0,decode=0] active_sessions=276 output=1242.1 tok/s interval_ttft_q0.950=1.423s
  sim=  2.88d  28.75% wall=   2.1m speed=    1945x eta=   5.3m admitted=428881 completed=428875 running=5 waiting=1 waiting_min/max=0/3 queue_p99[prefill=2.4,decode=0.0] queue_now[prefill=1,decode=0] active_sessions=268 output=1019.8 tok/s interval_ttft_q0.950=1.150s
  sim=  2.92d  29.17% wall=   2.1m speed=    1861x eta=   5.5m admitted=435556 completed=435547 running=7 waiting=0 waiting_min/max=0/8 queue_p99[prefill=7.4,decode=0.0] queue_now[prefill=0,decode=0] active_sessions=265 output=1138.6 tok/s interval_ttft_q0.950=1.949s
  sim=  2.96d  29.58% wall=   2.1m speed=    1802x eta=   5.6m admitted=442457 completed=442447 running=8 waiting=0 waiting_min/max=0/2 queue_p99[prefill=1.4,decode=0.0] queue_now[prefill=0,decode=0] active_sessions=258 output=1158.0 tok/s interval_ttft_q0.950=0.672s
  sim=  3.00d  30.00% wall=   2.2m speed=    1762x eta=   5.7m admitted=449425 completed=449422 running=3 waiting=0 waiting_min/max=0/5 queue_p99[prefill=4.4,decode=0.0] queue_now[prefill=0,decode=0] active_sessions=259 output=1079.3 tok/s interval_ttft_q0.950=0.727s
  sim=  3.04d  30.42% wall=   2.2m speed=    1991x eta=   5.0m admitted=454783 completed=454782 running=1 waiting=0 waiting_min/max=0/2 queue_p99[prefill=1.4,decode=0.0] queue_now[prefill=0,decode=0] active_sessions=260 output=932.9 tok/s interval_ttft_q0.950=0.708s
  sim=  3.08d  30.83% wall=   2.2m speed=    1848x eta=   5.4m admitted=461085 completed=461077 running=8 waiting=0 waiting_min/max=0/1 queue_p99[prefill=1.0,decode=0.4] queue_now[prefill=0,decode=0] active_sessions=261 output=1088.9 tok/s interval_ttft_q0.950=0.919s
  sim=  3.13d  31.25% wall=   2.3m speed=    2059x eta=   4.8m admitted=466121 completed=466114 running=6 waiting=1 waiting_min/max=0/4 queue_p99[prefill=2.8,decode=0.0] queue_now[prefill=1,decode=0] active_sessions=256 output=902.6 tok/s interval_ttft_q0.950=0.793s
  sim=  3.17d  31.67% wall=   2.3m speed=    1973x eta=   5.0m admitted=472153 completed=472142 running=10 waiting=0 waiting_min/max=0/5 queue_p99[prefill=3.8,decode=0.0] queue_now[prefill=0,decode=0] active_sessions=268 output=1011.3 tok/s interval_ttft_q0.950=0.629s
  sim=  3.21d  32.08% wall=   2.3m speed=    1573x eta=   6.2m admitted=480490 completed=480483 running=6 waiting=1 waiting_min/max=0/7 queue_p99[prefill=4.0,decode=1.6] queue_now[prefill=1,decode=0] active_sessions=270 output=1375.7 tok/s interval_ttft_q0.950=0.698s
  sim=  3.25d  32.50% wall=   2.4m speed=    1752x eta=   5.5m admitted=487311 completed=487310 running=1 waiting=0 waiting_min/max=0/2 queue_p99[prefill=2.0,decode=0.0] queue_now[prefill=0,decode=0] active_sessions=276 output=1222.1 tok/s interval_ttft_q0.950=0.600s
  sim=  3.29d  32.92% wall=   2.4m speed=    1817x eta=   5.3m admitted=494084 completed=494079 running=5 waiting=0 waiting_min/max=0/4 queue_p99[prefill=3.4,decode=0.0] queue_now[prefill=0,decode=0] active_sessions=262 output=1198.6 tok/s interval_ttft_q0.950=0.537s
  sim=  3.33d  33.33% wall=   2.4m speed=    2010x eta=   4.8m admitted=500020 completed=500019 running=1 waiting=0 waiting_min/max=0/1 queue_p99[prefill=1.0,decode=0.0] queue_now[prefill=0,decode=0] active_sessions=276 output=923.2 tok/s interval_ttft_q0.950=0.601s
  sim=  3.38d  33.75% wall=   2.5m speed=    1958x eta=   4.9m admitted=506487 completed=506478 running=9 waiting=0 waiting_min/max=0/4 queue_p99[prefill=2.2,decode=0.0] queue_now[prefill=0,decode=0] active_sessions=285 output=981.8 tok/s interval_ttft_q0.950=1.204s
  sim=  3.42d  34.17% wall=   2.5m speed=    1640x eta=   5.8m admitted=515136 completed=515130 running=6 waiting=0 waiting_min/max=0/6 queue_p99[prefill=5.4,decode=0.0] queue_now[prefill=0,decode=0] active_sessions=292 output=1426.6 tok/s interval_ttft_q0.950=2.005s
  sim=  3.46d  34.58% wall=   2.5m speed=    1737x eta=   5.4m admitted=522589 completed=522585 running=4 waiting=0 waiting_min/max=0/4 queue_p99[prefill=4.0,decode=0.0] queue_now[prefill=0,decode=0] active_sessions=290 output=1142.1 tok/s interval_ttft_q0.950=2.660s
  sim=  3.50d  35.00% wall=   2.6m speed=    1678x eta=   5.6m admitted=530261 completed=530256 running=4 waiting=0 waiting_min/max=0/5 queue_p99[prefill=4.4,decode=0.0] queue_now[prefill=0,decode=0] active_sessions=286 output=1236.8 tok/s interval_ttft_q0.950=1.194s
  sim=  3.54d  35.42% wall=   2.6m speed=    1932x eta=   4.8m admitted=537152 completed=537151 running=0 waiting=0 waiting_min/max=0/7 queue_p99[prefill=5.2,decode=0.0] queue_now[prefill=0,decode=0] active_sessions=284 output=974.0 tok/s interval_ttft_q0.950=1.479s
  sim=  3.58d  35.84% wall=   2.6m speed=    1863x eta=   5.0m admitted=543714 completed=543709 running=5 waiting=0 waiting_min/max=0/2 queue_p99[prefill=1.4,decode=0.0] queue_now[prefill=0,decode=0] active_sessions=278 output=898.3 tok/s interval_ttft_q0.950=0.542s
  sim=  3.63d  36.25% wall=   2.7m speed=    1728x eta=   5.3m admitted=551318 completed=551311 running=7 waiting=0 waiting_min/max=0/4 queue_p99[prefill=4.0,decode=0.0] queue_now[prefill=0,decode=0] active_sessions=284 output=1019.4 tok/s interval_ttft_q0.950=1.124s
  sim=  3.67d  36.67% wall=   2.7m speed=    1870x eta=   4.9m admitted=557977 completed=557970 running=7 waiting=0 waiting_min/max=0/6 queue_p99[prefill=4.8,decode=0.0] queue_now[prefill=0,decode=0] active_sessions=288 output=979.6 tok/s interval_ttft_q0.950=1.928s
  sim=  3.71d  37.09% wall=   2.7m speed=    1814x eta=   5.0m admitted=564671 completed=564666 running=5 waiting=0 waiting_min/max=0/4 queue_p99[prefill=2.8,decode=0.0] queue_now[prefill=0,decode=0] active_sessions=290 output=1119.9 tok/s interval_ttft_q0.950=0.910s
  sim=  3.75d  37.50% wall=   2.8m speed=    1704x eta=   5.3m admitted=573565 completed=573554 running=11 waiting=0 waiting_min/max=0/6 queue_p99[prefill=5.4,decode=0.0] queue_now[prefill=0,decode=0] active_sessions=302 output=1264.4 tok/s interval_ttft_q0.950=1.000s
  sim=  3.79d  37.92% wall=   2.8m speed=    1826x eta=   4.9m admitted=580727 completed=580722 running=5 waiting=0 waiting_min/max=0/5 queue_p99[prefill=4.4,decode=0.4] queue_now[prefill=0,decode=0] active_sessions=301 output=1027.0 tok/s interval_ttft_q0.950=2.890s
  sim=  3.83d  38.34% wall=   2.8m speed=    1752x eta=   5.1m admitted=587297 completed=587284 running=13 waiting=0 waiting_min/max=0/3 queue_p99[prefill=3.0,decode=0.0] queue_now[prefill=0,decode=0] active_sessions=296 output=1124.0 tok/s interval_ttft_q0.950=1.131s
  sim=  3.88d  38.75% wall=   2.9m speed=    1822x eta=   4.8m admitted=594550 completed=594543 running=7 waiting=0 waiting_min/max=0/6 queue_p99[prefill=5.4,decode=0.8] queue_now[prefill=0,decode=0] active_sessions=313 output=1186.8 tok/s interval_ttft_q0.950=1.984s
  sim=  3.92d  39.17% wall=   2.9m speed=    1754x eta=   5.0m admitted=601393 completed=601382 running=8 waiting=3 waiting_min/max=0/6 queue_p99[prefill=5.4,decode=1.4] queue_now[prefill=1,decode=2] active_sessions=318 output=1324.5 tok/s interval_ttft_q0.950=2.485s
  sim=  3.96d  39.59% wall=   2.9m speed=    1914x eta=   4.5m admitted=607637 completed=607628 running=9 waiting=0 waiting_min/max=0/8 queue_p99[prefill=7.4,decode=0.0] queue_now[prefill=0,decode=0] active_sessions=312 output=1039.6 tok/s interval_ttft_q0.950=4.387s
  sim=  4.00d  40.00% wall=   3.0m speed=    1787x eta=   4.8m admitted=614649 completed=614640 running=4 waiting=5 waiting_min/max=0/5 queue_p99[prefill=5.0,decode=0.0] queue_now[prefill=5,decode=0] active_sessions=306 output=1067.5 tok/s interval_ttft_q0.950=2.940s
  sim=  4.04d  40.42% wall=   3.0m speed=    1927x eta=   4.5m admitted=621421 completed=621414 running=7 waiting=0 waiting_min/max=0/5 queue_p99[prefill=4.4,decode=0.0] queue_now[prefill=0,decode=0] active_sessions=316 output=1041.3 tok/s interval_ttft_q0.950=3.345s
  sim=  4.08d  40.84% wall=   3.0m speed=    1536x eta=   5.5m admitted=630446 completed=630440 running=6 waiting=0 waiting_min/max=0/8 queue_p99[prefill=6.8,decode=1.2] queue_now[prefill=0,decode=0] active_sessions=314 output=1237.3 tok/s interval_ttft_q0.950=1.786s
  sim=  4.13d  41.25% wall=   3.1m speed=    1783x eta=   4.7m admitted=637847 completed=637844 running=3 waiting=0 waiting_min/max=0/5 queue_p99[prefill=3.8,decode=0.0] queue_now[prefill=0,decode=0] active_sessions=309 output=1225.8 tok/s interval_ttft_q0.950=2.431s
  sim=  4.17d  41.67% wall=   3.1m speed=    1820x eta=   4.6m admitted=645384 completed=645373 running=11 waiting=0 waiting_min/max=0/6 queue_p99[prefill=4.8,decode=0.0] queue_now[prefill=0,decode=0] active_sessions=315 output=1205.8 tok/s interval_ttft_q0.950=2.114s
  sim=  4.21d  42.09% wall=   3.1m speed=    1632x eta=   5.1m admitted=655179 completed=655170 running=9 waiting=0 waiting_min/max=0/12 queue_p99[prefill=8.5,decode=0.0] queue_now[prefill=0,decode=0] active_sessions=314 output=1490.8 tok/s interval_ttft_q0.950=2.931s
  sim=  4.25d  42.50% wall=   3.2m speed=    1639x eta=   5.1m admitted=664262 completed=664243 running=14 waiting=5 waiting_min/max=0/11 queue_p99[prefill=7.5,decode=0.8] queue_now[prefill=5,decode=0] active_sessions=322 output=1353.9 tok/s interval_ttft_q0.950=2.118s
  sim=  4.29d  42.92% wall=   3.2m speed=    1690x eta=   4.9m admitted=673094 completed=673081 running=7 waiting=5 waiting_min/max=0/19 queue_p99[prefill=16.6,decode=1.4] queue_now[prefill=5,decode=0] active_sessions=313 output=1411.7 tok/s interval_ttft_q0.950=13.558s
  sim=  4.33d  43.34% wall=   3.3m speed=    1625x eta=   5.0m admitted=681647 completed=681632 running=15 waiting=0 waiting_min/max=0/9 queue_p99[prefill=9.0,decode=4.8] queue_now[prefill=0,decode=0] active_sessions=327 output=1404.0 tok/s interval_ttft_q0.950=7.528s
  sim=  4.38d  43.75% wall=   3.3m speed=    1706x eta=   4.7m admitted=688932 completed=688920 running=5 waiting=6 waiting_min/max=0/13 queue_p99[prefill=12.4,decode=0.0] queue_now[prefill=6,decode=0] active_sessions=323 output=1262.8 tok/s interval_ttft_q0.950=20.660s
  sim=  4.42d  44.17% wall=   3.3m speed=    1749x eta=   4.6m admitted=696333 completed=696312 running=16 waiting=5 waiting_min/max=0/13 queue_p99[prefill=10.6,decode=0.0] queue_now[prefill=5,decode=0] active_sessions=327 output=1273.1 tok/s interval_ttft_q0.950=18.960s
  sim=  4.46d  44.59% wall=   3.4m speed=    1696x eta=   4.7m admitted=703965 completed=703959 running=6 waiting=0 waiting_min/max=0/20 queue_p99[prefill=18.8,decode=0.4] queue_now[prefill=0,decode=0] active_sessions=328 output=1220.6 tok/s interval_ttft_q0.950=39.206s
  sim=  4.50d  45.00% wall=   3.4m speed=    1685x eta=   4.7m admitted=712378 completed=712375 running=3 waiting=0 waiting_min/max=0/5 queue_p99[prefill=4.4,decode=0.0] queue_now[prefill=0,decode=0] active_sessions=319 output=1271.9 tok/s interval_ttft_q0.950=2.147s
  sim=  4.54d  45.42% wall=   3.4m speed=    1690x eta=   4.7m admitted=720500 completed=720491 running=8 waiting=0 waiting_min/max=0/5 queue_p99[prefill=4.4,decode=0.0] queue_now[prefill=0,decode=0] active_sessions=325 output=1319.2 tok/s interval_ttft_q0.950=2.659s
  sim=  4.58d  45.84% wall=   3.5m speed=    1657x eta=   4.7m admitted=728784 completed=728758 running=12 waiting=13 waiting_min/max=0/15 queue_p99[prefill=13.8,decode=0.8] queue_now[prefill=13,decode=0] active_sessions=330 output=1443.3 tok/s interval_ttft_q0.950=5.872s
  sim=  4.63d  46.25% wall=   3.5m speed=    1625x eta=   4.8m admitted=737195 completed=737176 running=3 waiting=16 waiting_min/max=0/20 queue_p99[prefill=18.2,decode=0.0] queue_now[prefill=16,decode=0] active_sessions=325 output=1575.6 tok/s interval_ttft_q0.950=11.416s
  sim=  4.67d  46.67% wall=   3.5m speed=    1710x eta=   4.5m admitted=743934 completed=743922 running=3 waiting=9 waiting_min/max=0/21 queue_p99[prefill=19.8,decode=0.4] queue_now[prefill=9,decode=0] active_sessions=314 output=1271.5 tok/s interval_ttft_q0.950=39.896s
  sim=  4.71d  47.09% wall=   3.6m speed=    1818x eta=   4.2m admitted=750970 completed=750956 running=7 waiting=6 waiting_min/max=0/15 queue_p99[prefill=15.0,decode=0.4] queue_now[prefill=6,decode=0] active_sessions=318 output=1085.6 tok/s interval_ttft_q0.950=44.082s
  sim=  4.75d  47.50% wall=   3.6m speed=    1890x eta=   4.0m admitted=757926 completed=757918 running=8 waiting=0 waiting_min/max=0/11 queue_p99[prefill=10.4,decode=0.8] queue_now[prefill=0,decode=0] active_sessions=305 output=1044.2 tok/s interval_ttft_q0.950=4.819s
  sim=  4.79d  47.92% wall=   3.6m speed=    1771x eta=   4.2m admitted=764343 completed=764337 running=6 waiting=0 waiting_min/max=0/8 queue_p99[prefill=8.0,decode=0.0] queue_now[prefill=0,decode=0] active_sessions=302 output=950.5 tok/s interval_ttft_q0.950=6.363s
  sim=  4.83d  48.34% wall=   3.7m speed=    1683x eta=   4.4m admitted=771956 completed=771952 running=4 waiting=0 waiting_min/max=0/7 queue_p99[prefill=5.8,decode=0.0] queue_now[prefill=0,decode=0] active_sessions=310 output=1326.1 tok/s interval_ttft_q0.950=3.907s
  sim=  4.88d  48.75% wall=   3.7m speed=    1647x eta=   4.5m admitted=779777 completed=779770 running=7 waiting=0 waiting_min/max=0/14 queue_p99[prefill=11.6,decode=0.0] queue_now[prefill=0,decode=0] active_sessions=310 output=1427.4 tok/s interval_ttft_q0.950=8.721s
  sim=  4.92d  49.17% wall=   3.7m speed=    1648x eta=   4.4m admitted=787509 completed=787500 running=9 waiting=0 waiting_min/max=0/7 queue_p99[prefill=6.4,decode=0.0] queue_now[prefill=0,decode=0] active_sessions=319 output=1327.3 tok/s interval_ttft_q0.950=2.162s
  sim=  4.96d  49.59% wall=   3.8m speed=    1649x eta=   4.4m admitted=794468 completed=794462 running=6 waiting=0 waiting_min/max=0/12 queue_p99[prefill=10.8,decode=0.4] queue_now[prefill=0,decode=0] active_sessions=323 output=1289.7 tok/s interval_ttft_q0.950=12.920s
  sim=  5.00d  50.00% wall=   3.8m speed=    1798x eta=   4.0m admitted=801239 completed=801229 running=10 waiting=0 waiting_min/max=0/8 queue_p99[prefill=8.0,decode=0.0] queue_now[prefill=0,decode=0] active_sessions=326 output=1142.9 tok/s interval_ttft_q0.950=5.048s
  sim=  5.04d  50.42% wall=   3.9m speed=    1728x eta=   4.1m admitted=808094 completed=808082 running=7 waiting=5 waiting_min/max=0/12 queue_p99[prefill=10.8,decode=1.2] queue_now[prefill=5,decode=0] active_sessions=317 output=1178.7 tok/s interval_ttft_q0.950=12.266s
  sim=  5.08d  50.84% wall=   3.9m speed=    1810x eta=   3.9m admitted=814780 completed=814776 running=4 waiting=0 waiting_min/max=0/12 queue_p99[prefill=10.2,decode=0.0] queue_now[prefill=0,decode=0] active_sessions=327 output=1112.1 tok/s interval_ttft_q0.950=1.936s
  sim=  5.13d  51.25% wall=   3.9m speed=    1816x eta=   3.9m admitted=821049 completed=821045 running=4 waiting=0 waiting_min/max=0/8 queue_p99[prefill=6.2,decode=0.4] queue_now[prefill=0,decode=0] active_sessions=334 output=1126.4 tok/s interval_ttft_q0.950=2.439s
  sim=  5.17d  51.67% wall=   3.9m speed=    1898x eta=   3.7m admitted=826704 completed=826691 running=9 waiting=4 waiting_min/max=0/7 queue_p99[prefill=6.4,decode=0.0] queue_now[prefill=4,decode=0] active_sessions=331 output=1095.9 tok/s interval_ttft_q0.950=3.029s
  sim=  5.21d  52.09% wall=   4.0m speed=    1879x eta=   3.7m admitted=832680 completed=832668 running=4 waiting=8 waiting_min/max=0/8 queue_p99[prefill=6.8,decode=0.0] queue_now[prefill=8,decode=0] active_sessions=324 output=1051.2 tok/s interval_ttft_q0.950=5.409s
  sim=  5.25d  52.50% wall=   4.0m speed=    1626x eta=   4.2m admitted=841121 completed=841105 running=9 waiting=7 waiting_min/max=0/11 queue_p99[prefill=8.6,decode=0.0] queue_now[prefill=7,decode=0] active_sessions=334 output=1387.4 tok/s interval_ttft_q0.950=7.941s
  sim=  5.29d  52.92% wall=   4.1m speed=    1638x eta=   4.1m admitted=848838 completed=848827 running=5 waiting=5 waiting_min/max=0/14 queue_p99[prefill=11.6,decode=0.0] queue_now[prefill=5,decode=0] active_sessions=332 output=1304.9 tok/s interval_ttft_q0.950=11.071s
  sim=  5.33d  53.34% wall=   4.1m speed=    1693x eta=   4.0m admitted=856159 completed=856157 running=2 waiting=0 waiting_min/max=0/9 queue_p99[prefill=7.8,decode=0.4] queue_now[prefill=0,decode=0] active_sessions=334 output=1246.3 tok/s interval_ttft_q0.950=2.824s
  sim=  5.38d  53.75% wall=   4.1m speed=    1759x eta=   3.8m admitted=863543 completed=863536 running=7 waiting=0 waiting_min/max=0/16 queue_p99[prefill=16.0,decode=1.8] queue_now[prefill=0,decode=0] active_sessions=334 output=1284.2 tok/s interval_ttft_q0.950=14.944s
  sim=  5.42d  54.17% wall=   4.2m speed=    1721x eta=   3.8m admitted=870442 completed=870429 running=6 waiting=7 waiting_min/max=0/7 queue_p99[prefill=5.8,decode=0.0] queue_now[prefill=7,decode=0] active_sessions=333 output=1145.6 tok/s interval_ttft_q0.950=4.318s
  sim=  5.46d  54.59% wall=   4.2m speed=    1826x eta=   3.6m admitted=876971 completed=876968 running=1 waiting=1 waiting_min/max=0/8 queue_p99[prefill=7.4,decode=0.0] queue_now[prefill=1,decode=0] active_sessions=327 output=985.3 tok/s interval_ttft_q0.950=6.332s
  sim=  5.50d  55.00% wall=   4.2m speed=    1789x eta=   3.6m admitted=883496 completed=883493 running=3 waiting=0 waiting_min/max=0/5 queue_p99[prefill=4.4,decode=0.0] queue_now[prefill=0,decode=0] active_sessions=323 output=1123.5 tok/s interval_ttft_q0.950=2.078s
  sim=  5.54d  55.42% wall=   4.3m speed=    1833x eta=   3.5m admitted=889241 completed=889236 running=4 waiting=1 waiting_min/max=0/4 queue_p99[prefill=3.4,decode=0.0] queue_now[prefill=1,decode=0] active_sessions=330 output=1092.1 tok/s interval_ttft_q0.950=2.211s
  sim=  5.58d  55.84% wall=   4.3m speed=    1774x eta=   3.6m admitted=895679 completed=895671 running=8 waiting=0 waiting_min/max=0/6 queue_p99[prefill=4.2,decode=0.0] queue_now[prefill=0,decode=0] active_sessions=339 output=1217.4 tok/s interval_ttft_q0.950=2.990s
  sim=  5.63d  56.25% wall=   4.3m speed=    1657x eta=   3.8m admitted=903029 completed=903021 running=8 waiting=0 waiting_min/max=0/9 queue_p99[prefill=7.2,decode=0.0] queue_now[prefill=0,decode=0] active_sessions=351 output=1363.4 tok/s interval_ttft_q0.950=5.350s
  sim=  5.67d  56.67% wall=   4.4m speed=    1710x eta=   3.6m admitted=910833 completed=910822 running=10 waiting=1 waiting_min/max=0/7 queue_p99[prefill=5.8,decode=0.0] queue_now[prefill=1,decode=0] active_sessions=350 output=1241.2 tok/s interval_ttft_q0.950=4.471s
  sim=  5.71d  57.09% wall=   4.4m speed=    1593x eta=   3.9m admitted=918856 completed=918841 running=9 waiting=6 waiting_min/max=0/7 queue_p99[prefill=6.4,decode=0.0] queue_now[prefill=6,decode=0] active_sessions=354 output=1350.8 tok/s interval_ttft_q0.950=5.691s
  sim=  5.75d  57.50% wall=   4.4m speed=    1216x eta=   5.0m admitted=927231 completed=927221 running=10 waiting=0 waiting_min/max=0/11 queue_p99[prefill=11.0,decode=0.4] queue_now[prefill=0,decode=0] active_sessions=357 output=1401.0 tok/s interval_ttft_q0.950=9.480s
  sim=  5.79d  57.92% wall=   4.5m speed=    1167x eta=   5.2m admitted=934912 completed=934907 running=5 waiting=0 waiting_min/max=0/12 queue_p99[prefill=9.0,decode=0.0] queue_now[prefill=0,decode=0] active_sessions=343 output=1397.3 tok/s interval_ttft_q0.950=5.417s
  sim=  5.83d  58.34% wall=   4.5m speed=    1250x eta=   4.8m admitted=941207 completed=941202 running=3 waiting=0 waiting_min/max=0/6 queue_p99[prefill=4.2,decode=0.0] queue_now[prefill=0,decode=0] active_sessions=328 output=1093.7 tok/s interval_ttft_q0.950=3.112s
  sim=  5.88d  58.75% wall=   4.6m speed=    1224x eta=   4.9m admitted=947622 completed=947619 running=3 waiting=0 waiting_min/max=0/5 queue_p99[prefill=5.0,decode=0.0] queue_now[prefill=0,decode=0] active_sessions=333 output=1002.6 tok/s interval_ttft_q0.950=1.540s
  sim=  5.92d  59.17% wall=   4.6m speed=    1216x eta=   4.8m admitted=953324 completed=953311 running=6 waiting=5 waiting_min/max=0/5 queue_p99[prefill=5.0,decode=0.0] queue_now[prefill=5,decode=0] active_sessions=339 output=1145.6 tok/s interval_ttft_q0.950=4.230s
  sim=  5.96d  59.59% wall=   4.7m speed=    1184x eta=   4.9m admitted=959958 completed=959952 running=5 waiting=0 waiting_min/max=0/9 queue_p99[prefill=8.4,decode=2.2] queue_now[prefill=0,decode=0] active_sessions=340 output=1268.7 tok/s interval_ttft_q0.950=12.683s
  sim=  6.00d  60.00% wall=   4.7m speed=    1159x eta=   5.0m admitted=966770 completed=966764 running=6 waiting=0 waiting_min/max=0/4 queue_p99[prefill=3.4,decode=0.0] queue_now[prefill=0,decode=0] active_sessions=338 output=1287.3 tok/s interval_ttft_q0.950=3.490s
  sim=  6.04d  60.42% wall=   4.8m speed=    1136x eta=   5.0m admitted=974184 completed=974174 running=9 waiting=1 waiting_min/max=0/5 queue_p99[prefill=4.4,decode=0.0] queue_now[prefill=1,decode=0] active_sessions=340 output=1159.4 tok/s interval_ttft_q0.950=3.755s
  sim=  6.08d  60.84% wall=   4.9m speed=    1099x eta=   5.1m admitted=981970 completed=981965 running=5 waiting=0 waiting_min/max=0/8 queue_p99[prefill=6.8,decode=0.0] queue_now[prefill=0,decode=0] active_sessions=337 output=1222.4 tok/s interval_ttft_q0.950=2.346s
  sim=  6.13d  61.25% wall=   4.9m speed=    1155x eta=   4.8m admitted=988453 completed=988449 running=4 waiting=0 waiting_min/max=0/3 queue_p99[prefill=3.0,decode=0.0] queue_now[prefill=0,decode=0] active_sessions=339 output=1178.7 tok/s interval_ttft_q0.950=2.469s
  sim=  6.17d  61.67% wall=   5.0m speed=    1130x eta=   4.9m admitted=995561 completed=995553 running=7 waiting=0 waiting_min/max=0/4 queue_p99[prefill=3.4,decode=1.8] queue_now[prefill=0,decode=0] active_sessions=339 output=1164.2 tok/s interval_ttft_q0.950=2.334s
  sim=  6.21d  62.09% wall=   5.0m speed=    1120x eta=   4.9m admitted=1002969 completed=1002965 running=4 waiting=0 waiting_min/max=0/7 queue_p99[prefill=5.8,decode=0.0] queue_now[prefill=0,decode=0] active_sessions=336 output=1110.9 tok/s interval_ttft_q0.950=1.747s
  sim=  6.25d  62.51% wall=   5.1m speed=    1102x eta=   4.9m admitted=1010235 completed=1010227 running=7 waiting=1 waiting_min/max=0/6 queue_p99[prefill=4.8,decode=0.0] queue_now[prefill=1,decode=0] active_sessions=328 output=1307.2 tok/s interval_ttft_q0.950=1.661s
  sim=  6.29d  62.92% wall=   5.1m speed=    1091x eta=   4.9m admitted=1017621 completed=1017614 running=3 waiting=4 waiting_min/max=0/5 queue_p99[prefill=4.4,decode=0.4] queue_now[prefill=4,decode=0] active_sessions=328 output=1366.4 tok/s interval_ttft_q0.950=4.590s
  sim=  6.33d  63.34% wall=   5.2m speed=    1155x eta=   4.6m admitted=1023450 completed=1023442 running=6 waiting=0 waiting_min/max=0/5 queue_p99[prefill=5.0,decode=0.0] queue_now[prefill=0,decode=0] active_sessions=330 output=1060.8 tok/s interval_ttft_q0.950=3.901s
  sim=  6.38d  63.76% wall=   5.2m speed=    1104x eta=   4.7m admitted=1029865 completed=1029853 running=11 waiting=1 waiting_min/max=0/11 queue_p99[prefill=11.0,decode=0.8] queue_now[prefill=1,decode=0] active_sessions=333 output=1320.3 tok/s interval_ttft_q0.950=11.964s
  sim=  6.42d  64.17% wall=   5.3m speed=    1171x eta=   4.4m admitted=1034851 completed=1034836 running=8 waiting=7 waiting_min/max=0/10 queue_p99[prefill=9.4,decode=0.0] queue_now[prefill=7,decode=0] active_sessions=328 output=991.0 tok/s interval_ttft_q0.950=17.036s
  sim=  6.46d  64.59% wall=   5.3m speed=    1141x eta=   4.5m admitted=1040134 completed=1040128 running=6 waiting=0 waiting_min/max=0/12 queue_p99[prefill=11.4,decode=0.0] queue_now[prefill=0,decode=0] active_sessions=330 output=1050.0 tok/s interval_ttft_q0.950=20.895s
  sim=  6.50d  65.01% wall=   5.4m speed=    1101x eta=   4.6m admitted=1046656 completed=1046647 running=9 waiting=0 waiting_min/max=0/5 queue_p99[prefill=4.4,decode=0.8] queue_now[prefill=0,decode=0] active_sessions=340 output=1253.1 tok/s interval_ttft_q0.950=5.672s
  sim=  6.54d  65.42% wall=   5.4m speed=    1256x eta=   4.0m admitted=1053383 completed=1053374 running=9 waiting=0 waiting_min/max=0/4 queue_p99[prefill=3.4,decode=0.0] queue_now[prefill=0,decode=0] active_sessions=346 output=1197.0 tok/s interval_ttft_q0.950=5.065s
  sim=  6.58d  65.84% wall=   5.5m speed=    1416x eta=   3.5m admitted=1059970 completed=1059962 running=8 waiting=0 waiting_min/max=0/6 queue_p99[prefill=5.4,decode=0.0] queue_now[prefill=0,decode=0] active_sessions=351 output=1066.3 tok/s interval_ttft_q0.950=3.926s
  sim=  6.63d  66.26% wall=   5.5m speed=    1409x eta=   3.4m admitted=1067931 completed=1067921 running=8 waiting=2 waiting_min/max=0/8 queue_p99[prefill=8.0,decode=0.0] queue_now[prefill=2,decode=0] active_sessions=353 output=1221.1 tok/s interval_ttft_q0.950=5.141s
  sim=  6.67d  66.67% wall=   5.6m speed=    1425x eta=   3.4m admitted=1075471 completed=1075468 running=3 waiting=0 waiting_min/max=0/7 queue_p99[prefill=6.4,decode=0.0] queue_now[prefill=0,decode=0] active_sessions=353 output=1239.2 tok/s interval_ttft_q0.950=5.159s
  sim=  6.71d  67.09% wall=   5.6m speed=    1462x eta=   3.2m admitted=1082485 completed=1082470 running=9 waiting=6 waiting_min/max=0/17 queue_p99[prefill=17.0,decode=0.0] queue_now[prefill=6,decode=0] active_sessions=356 output=1130.9 tok/s interval_ttft_q0.950=28.934s
  sim=  6.75d  67.51% wall=   5.6m speed=    1486x eta=   3.1m admitted=1089191 completed=1089149 running=13 waiting=28 waiting_min/max=1/36 queue_p99[prefill=36.0,decode=0.0] queue_now[prefill=28,decode=0] active_sessions=361 output=1088.8 tok/s interval_ttft_q0.950=96.844s
  sim=  6.79d  67.92% wall=   5.7m speed=    1400x eta=   3.3m admitted=1096671 completed=1096629 running=14 waiting=28 waiting_min/max=15/42 queue_p99[prefill=39.0,decode=0.0] queue_now[prefill=28,decode=0] active_sessions=365 output=1303.6 tok/s interval_ttft_q0.950=116.919s
  sim=  6.83d  68.34% wall=   5.7m speed=    1455x eta=   3.1m admitted=1104250 completed=1104207 running=10 waiting=33 waiting_min/max=24/57 queue_p99[prefill=56.4,decode=1.4] queue_now[prefill=33,decode=0] active_sessions=366 output=1220.9 tok/s interval_ttft_q0.950=156.178s
  sim=  6.88d  68.76% wall=   5.8m speed=    1472x eta=   3.1m admitted=1110557 completed=1110498 running=15 waiting=44 waiting_min/max=24/57 queue_p99[prefill=54.0,decode=0.0] queue_now[prefill=44,decode=0] active_sessions=374 output=1117.8 tok/s interval_ttft_q0.950=150.550s
  sim=  6.92d  69.17% wall=   5.8m speed=    1434x eta=   3.1m admitted=1117458 completed=1117422 running=11 waiting=25 waiting_min/max=15/45 queue_p99[prefill=45.0,decode=0.4] queue_now[prefill=25,decode=0] active_sessions=366 output=1222.9 tok/s interval_ttft_q0.950=128.956s
  sim=  6.96d  69.59% wall=   5.9m speed=    1450x eta=   3.0m admitted=1123812 completed=1123754 running=13 waiting=43 waiting_min/max=25/62 queue_p99[prefill=60.8,decode=0.0] queue_now[prefill=43,decode=0] active_sessions=375 output=1120.7 tok/s interval_ttft_q0.950=162.317s
  sim=  7.00d  70.01% wall=   5.9m speed=    1486x eta=   2.9m admitted=1129414 completed=1129365 running=7 waiting=42 waiting_min/max=27/54 queue_p99[prefill=52.2,decode=0.0] queue_now[prefill=42,decode=0] active_sessions=367 output=1011.1 tok/s interval_ttft_q0.950=169.395s
  sim=  7.04d  70.42% wall=   5.9m speed=    1522x eta=   2.8m admitted=1134353 completed=1134295 running=10 waiting=48 waiting_min/max=35/56 queue_p99[prefill=54.2,decode=0.0] queue_now[prefill=48,decode=0] active_sessions=367 output=994.5 tok/s interval_ttft_q0.950=193.303s
  sim=  7.08d  70.84% wall=   6.0m speed=    1527x eta=   2.7m admitted=1140051 completed=1139981 running=5 waiting=65 waiting_min/max=42/65 queue_p99[prefill=63.8,decode=0.0] queue_now[prefill=65,decode=0] active_sessions=383 output=987.3 tok/s interval_ttft_q0.950=223.168s
  sim=  7.13d  71.26% wall=   6.0m speed=    1540x eta=   2.7m admitted=1145481 completed=1145409 running=8 waiting=64 waiting_min/max=64/82 queue_p99[prefill=80.8,decode=0.0] queue_now[prefill=64,decode=0] active_sessions=380 output=870.8 tok/s interval_ttft_q0.950=211.269s
  sim=  7.17d  71.67% wall=   6.1m speed=    1491x eta=   2.7m admitted=1150903 completed=1150832 running=7 waiting=63 waiting_min/max=59/84 queue_p99[prefill=84.0,decode=0.0] queue_now[prefill=63,decode=0] active_sessions=389 output=930.4 tok/s interval_ttft_q0.950=193.894s
  sim=  7.21d  72.09% wall=   6.1m speed=    1528x eta=   2.6m admitted=1156132 completed=1156056 running=6 waiting=70 waiting_min/max=57/79 queue_p99[prefill=78.4,decode=0.0] queue_now[prefill=70,decode=0] active_sessions=390 output=955.0 tok/s interval_ttft_q0.950=185.785s
  sim=  7.25d  72.51% wall=   6.1m speed=    1513x eta=   2.6m admitted=1161183 completed=1161078 running=7 waiting=97 waiting_min/max=58/97 queue_p99[prefill=95.2,decode=0.0] queue_now[prefill=97,decode=0] active_sessions=405 output=970.6 tok/s interval_ttft_q0.950=229.967s
  sim=  7.29d  72.92% wall=   6.2m speed=    1528x eta=   2.6m admitted=1166564 completed=1166466 running=7 waiting=91 waiting_min/max=81/103 queue_p99[prefill=101.8,decode=0.0] queue_now[prefill=91,decode=0] active_sessions=408 output=943.3 tok/s interval_ttft_q0.950=280.597s
  sim=  7.33d  73.34% wall=   6.2m speed=    1507x eta=   2.5m admitted=1172211 completed=1172066 running=12 waiting=133 waiting_min/max=72/133 queue_p99[prefill=128.9,decode=0.0] queue_now[prefill=133,decode=0] active_sessions=431 output=934.1 tok/s interval_ttft_q0.950=270.481s
  sim=  7.38d  73.76% wall=   6.3m speed=    1399x eta=   2.7m admitted=1178616 completed=1178458 running=6 waiting=151 waiting_min/max=109/155 queue_p99[prefill=154.4,decode=0.0] queue_now[prefill=151,decode=0] active_sessions=446 output=1165.6 tok/s interval_ttft_q0.950=345.907s
  sim=  7.42d  74.17% wall=   6.3m speed=    1513x eta=   2.5m admitted=1183878 completed=1183684 running=11 waiting=181 waiting_min/max=143/190 queue_p99[prefill=187.0,decode=0.0] queue_now[prefill=181,decode=0] active_sessions=464 output=978.8 tok/s interval_ttft_q0.950=437.784s
  sim=  7.46d  74.59% wall=   6.3m speed=    1643x eta=   2.2m admitted=1187642 completed=1187419 running=8 waiting=215 waiting_min/max=172/228 queue_p99[prefill=227.4,decode=0.0] queue_now[prefill=215,decode=0] active_sessions=489 output=730.1 tok/s interval_ttft_q0.950=502.286s
  sim=  7.50d  75.01% wall=   6.4m speed=    1685x eta=   2.1m admitted=1191031 completed=1190752 running=8 waiting=270 waiting_min/max=215/270 queue_p99[prefill=268.8,decode=0.0] queue_now[prefill=270,decode=0] active_sessions=522 output=670.4 tok/s interval_ttft_q0.950=577.516s
  sim=  7.54d  75.42% wall=   6.4m speed=    1662x eta=   2.1m admitted=1194676 completed=1194365 running=10 waiting=301 waiting_min/max=262/314 queue_p99[prefill=314.0,decode=0.0] queue_now[prefill=301,decode=0] active_sessions=553 output=674.5 tok/s interval_ttft_q0.950=567.610s
  EARLY STOP: ConsecutiveQueueGrowth { epochs: 6, start_waiting: 91, end_waiting: 301 }
