starting 10.000-day run: lambda/rank=0.003750, lambda/node=0.030000, progress every 3600 simulated seconds, stop at waiting 1000, 6 consecutive growing epochs
  sim=  0.04d   0.42% wall=   1.2s speed=    3307x eta=   4.3m admitted=2804 completed=2802 running=2 waiting=0 waiting_min/max=0/1 queue_p99[prefill=0.0,decode=0.0] queue_now[prefill=0,decode=0] active_sessions=26 output=422.4 tok/s interval_ttft_q0.950=0.157s
  sim=  0.08d   0.83% wall=   2.9s speed=    2088x eta=   6.8m admitted=7243 completed=7237 running=6 waiting=0 waiting_min/max=0/2 queue_p99[prefill=0.0,decode=0.0] queue_now[prefill=0,decode=0] active_sessions=51 output=744.5 tok/s interval_ttft_q0.950=0.613s
  sim=  0.13d   1.25% wall=   4.4s speed=    2412x eta=   5.9m admitted=10346 completed=10345 running=0 waiting=0 waiting_min/max=0/1 queue_p99[prefill=0.0,decode=0.0] queue_now[prefill=0,decode=0] active_sessions=44 output=561.8 tok/s interval_ttft_q0.950=0.166s
  sim=  0.17d   1.67% wall=   6.3s speed=    1917x eta=   7.4m admitted=14466 completed=14465 running=1 waiting=0 waiting_min/max=0/1 queue_p99[prefill=0.0,decode=0.0] queue_now[prefill=0,decode=0] active_sessions=60 output=722.3 tok/s interval_ttft_q0.950=0.157s
  sim=  0.21d   2.08% wall=   8.5s speed=    1637x eta=   8.6m admitted=19748 completed=19744 running=4 waiting=0 waiting_min/max=0/2 queue_p99[prefill=0.0,decode=0.0] queue_now[prefill=0,decode=0] active_sessions=68 output=815.9 tok/s interval_ttft_q0.950=0.145s
  sim=  0.25d   2.50% wall=  10.8s speed=    1585x eta=   8.9m admitted=25405 completed=25402 running=3 waiting=0 waiting_min/max=0/2 queue_p99[prefill=0.0,decode=0.0] queue_now[prefill=0,decode=0] active_sessions=84 output=860.4 tok/s interval_ttft_q0.950=0.181s
  sim=  0.29d   2.92% wall=  12.7s speed=    1851x eta=   7.6m admitted=29475 completed=29472 running=3 waiting=0 waiting_min/max=0/2 queue_p99[prefill=0.0,decode=0.0] queue_now[prefill=0,decode=0] active_sessions=69 output=675.6 tok/s interval_ttft_q0.950=0.311s
  sim=  0.33d   3.33% wall=  15.0s speed=    1593x eta=   8.7m admitted=34509 completed=34505 running=4 waiting=0 waiting_min/max=0/1 queue_p99[prefill=0.0,decode=0.0] queue_now[prefill=0,decode=0] active_sessions=89 output=891.8 tok/s interval_ttft_q0.950=0.193s
  sim=  0.38d   3.75% wall=  17.3s speed=    1534x eta=   9.0m admitted=39894 completed=39893 running=1 waiting=0 waiting_min/max=0/2 queue_p99[prefill=1.0,decode=0.0] queue_now[prefill=0,decode=0] active_sessions=85 output=811.5 tok/s interval_ttft_q0.950=0.381s
  sim=  0.42d   4.17% wall=  19.6s speed=    1591x eta=   8.7m admitted=44435 completed=44431 running=4 waiting=0 waiting_min/max=0/1 queue_p99[prefill=0.0,decode=0.0] queue_now[prefill=0,decode=0] active_sessions=99 output=742.9 tok/s interval_ttft_q0.950=0.164s
  sim=  0.46d   4.58% wall=  21.9s speed=    1584x eta=   8.7m admitted=49139 completed=49138 running=1 waiting=0 waiting_min/max=0/2 queue_p99[prefill=0.0,decode=0.0] queue_now[prefill=0,decode=0] active_sessions=108 output=732.9 tok/s interval_ttft_q0.950=0.186s
  sim=  0.50d   5.00% wall=  24.5s speed=    1336x eta=  10.2m admitted=54855 completed=54854 running=1 waiting=0 waiting_min/max=0/2 queue_p99[prefill=0.0,decode=0.0] queue_now[prefill=0,decode=0] active_sessions=107 output=856.5 tok/s interval_ttft_q0.950=0.171s
  sim=  0.54d   5.42% wall=  27.1s speed=    1419x eta=   9.6m admitted=59581 completed=59577 running=4 waiting=0 waiting_min/max=0/3 queue_p99[prefill=1.0,decode=0.0] queue_now[prefill=0,decode=0] active_sessions=111 output=822.3 tok/s interval_ttft_q0.950=0.196s
  sim=  0.58d   5.83% wall=  29.6s speed=    1436x eta=   9.4m admitted=64300 completed=64299 running=1 waiting=0 waiting_min/max=0/2 queue_p99[prefill=0.0,decode=0.0] queue_now[prefill=0,decode=0] active_sessions=111 output=772.8 tok/s interval_ttft_q0.950=0.183s
  sim=  0.63d   6.25% wall=  32.2s speed=    1355x eta=  10.0m admitted=69240 completed=69238 running=2 waiting=0 waiting_min/max=0/2 queue_p99[prefill=1.0,decode=0.0] queue_now[prefill=0,decode=0] active_sessions=117 output=814.1 tok/s interval_ttft_q0.950=0.424s
  sim=  0.67d   6.67% wall=  35.1s speed=    1241x eta=  10.8m admitted=75036 completed=75035 running=1 waiting=0 waiting_min/max=0/3 queue_p99[prefill=1.0,decode=0.0] queue_now[prefill=0,decode=0] active_sessions=129 output=852.8 tok/s interval_ttft_q0.950=0.488s
  sim=  0.71d   7.08% wall=  38.2s speed=    1193x eta=  11.2m admitted=80452 completed=80450 running=2 waiting=0 waiting_min/max=0/3 queue_p99[prefill=1.0,decode=0.0] queue_now[prefill=0,decode=0] active_sessions=130 output=785.0 tok/s interval_ttft_q0.950=0.171s
  sim=  0.75d   7.50% wall=  41.2s speed=    1187x eta=  11.2m admitted=85965 completed=85961 running=4 waiting=0 waiting_min/max=0/2 queue_p99[prefill=1.0,decode=0.0] queue_now[prefill=0,decode=0] active_sessions=154 output=790.9 tok/s interval_ttft_q0.950=0.173s
  sim=  0.79d   7.92% wall=  44.3s speed=    1174x eta=  11.3m admitted=91437 completed=91434 running=3 waiting=0 waiting_min/max=0/3 queue_p99[prefill=1.0,decode=0.0] queue_now[prefill=0,decode=0] active_sessions=167 output=842.8 tok/s interval_ttft_q0.950=0.454s
  sim=  0.83d   8.33% wall=  47.6s speed=    1071x eta=  12.3m admitted=97218 completed=97209 running=9 waiting=0 waiting_min/max=0/2 queue_p99[prefill=1.0,decode=0.0] queue_now[prefill=0,decode=0] active_sessions=164 output=1052.5 tok/s interval_ttft_q0.950=0.283s
  sim=  0.88d   8.75% wall=  51.4s speed=     950x eta=  13.8m admitted=104549 completed=104543 running=6 waiting=0 waiting_min/max=0/4 queue_p99[prefill=1.0,decode=0.0] queue_now[prefill=0,decode=0] active_sessions=161 output=1151.6 tok/s interval_ttft_q0.950=0.436s
  sim=  0.92d   9.17% wall=  54.6s speed=    1130x eta=  11.6m admitted=109708 completed=109703 running=5 waiting=0 waiting_min/max=0/4 queue_p99[prefill=1.0,decode=0.0] queue_now[prefill=0,decode=0] active_sessions=153 output=784.6 tok/s interval_ttft_q0.950=0.237s
  sim=  0.96d   9.58% wall=  58.1s speed=    1044x eta=  12.5m admitted=115096 completed=115091 running=5 waiting=0 waiting_min/max=0/3 queue_p99[prefill=1.0,decode=0.0] queue_now[prefill=0,decode=0] active_sessions=158 output=930.0 tok/s interval_ttft_q0.950=0.285s
  sim=  1.00d  10.00% wall=   1.0m speed=     948x eta=  13.7m admitted=121034 completed=121032 running=2 waiting=0 waiting_min/max=0/4 queue_p99[prefill=3.0,decode=0.0] queue_now[prefill=0,decode=0] active_sessions=165 output=1050.7 tok/s interval_ttft_q0.950=0.879s
  sim=  1.04d  10.42% wall=   1.1m speed=     936x eta=  13.8m admitted=127435 completed=127434 running=1 waiting=0 waiting_min/max=0/6 queue_p99[prefill=4.0,decode=2.0] queue_now[prefill=0,decode=0] active_sessions=177 output=1030.9 tok/s interval_ttft_q0.950=1.322s
  sim=  1.08d  10.83% wall=   1.2m speed=     862x eta=  14.9m admitted=134444 completed=134437 running=7 waiting=0 waiting_min/max=0/6 queue_p99[prefill=4.0,decode=1.0] queue_now[prefill=0,decode=0] active_sessions=180 output=1156.6 tok/s interval_ttft_q0.950=0.592s
  sim=  1.13d  11.25% wall=   1.2m speed=     808x eta=  15.8m admitted=142319 completed=142313 running=6 waiting=0 waiting_min/max=0/5 queue_p99[prefill=3.0,decode=0.0] queue_now[prefill=0,decode=0] active_sessions=191 output=1162.6 tok/s interval_ttft_q0.950=0.410s
  sim=  1.17d  11.67% wall=   1.3m speed=     722x eta=  17.6m admitted=151566 completed=151555 running=11 waiting=0 waiting_min/max=0/9 queue_p99[prefill=7.0,decode=1.0] queue_now[prefill=0,decode=0] active_sessions=183 output=1322.0 tok/s interval_ttft_q0.950=1.269s
  sim=  1.21d  12.08% wall=   1.4m speed=     758x eta=  16.7m admitted=159086 completed=159076 running=2 waiting=7 waiting_min/max=0/11 queue_p99[prefill=9.0,decode=0.0] queue_now[prefill=7,decode=0] active_sessions=191 output=1180.7 tok/s interval_ttft_q0.950=3.946s
  sim=  1.25d  12.50% wall=   1.5m speed=     674x eta=  18.7m admitted=167663 completed=167649 running=8 waiting=6 waiting_min/max=0/14 queue_p99[prefill=10.0,decode=2.0] queue_now[prefill=6,decode=0] active_sessions=200 output=1353.7 tok/s interval_ttft_q0.950=5.898s
  sim=  1.29d  12.92% wall=   1.6m speed=     697x eta=  18.0m admitted=175712 completed=175710 running=2 waiting=0 waiting_min/max=0/6 queue_p99[prefill=5.0,decode=0.0] queue_now[prefill=0,decode=0] active_sessions=205 output=1309.9 tok/s interval_ttft_q0.950=0.920s
  sim=  1.33d  13.33% wall=   1.7m speed=     741x eta=  16.8m admitted=182823 completed=182819 running=4 waiting=0 waiting_min/max=0/6 queue_p99[prefill=3.0,decode=0.0] queue_now[prefill=0,decode=0] active_sessions=197 output=1071.6 tok/s interval_ttft_q0.950=1.291s
  sim=  1.38d  13.75% wall=   1.7m speed=     711x eta=  17.5m admitted=189511 completed=189507 running=4 waiting=0 waiting_min/max=0/4 queue_p99[prefill=2.0,decode=0.0] queue_now[prefill=0,decode=0] active_sessions=195 output=1069.2 tok/s interval_ttft_q0.950=0.314s
  sim=  1.42d  14.17% wall=   1.8m speed=     729x eta=  17.0m admitted=195505 completed=195500 running=5 waiting=0 waiting_min/max=0/3 queue_p99[prefill=1.0,decode=0.0] queue_now[prefill=0,decode=0] active_sessions=198 output=1121.6 tok/s interval_ttft_q0.950=0.349s
  sim=  1.46d  14.58% wall=   1.9m speed=     700x eta=  17.6m admitted=202075 completed=202071 running=4 waiting=0 waiting_min/max=0/4 queue_p99[prefill=3.0,decode=0.0] queue_now[prefill=0,decode=0] active_sessions=201 output=1161.3 tok/s interval_ttft_q0.950=0.866s
  sim=  1.50d  15.00% wall=   2.0m speed=     668x eta=  18.3m admitted=208718 completed=208711 running=6 waiting=1 waiting_min/max=0/6 queue_p99[prefill=3.0,decode=0.0] queue_now[prefill=1,decode=0] active_sessions=199 output=1207.8 tok/s interval_ttft_q0.950=1.266s
  sim=  1.54d  15.42% wall=   2.1m speed=     695x eta=  17.5m admitted=214811 completed=214797 running=14 waiting=0 waiting_min/max=0/5 queue_p99[prefill=2.0,decode=0.0] queue_now[prefill=0,decode=0] active_sessions=209 output=1256.7 tok/s interval_ttft_q0.950=0.830s
  sim=  1.58d  15.83% wall=   2.2m speed=     598x eta=  20.3m admitted=222397 completed=222389 running=8 waiting=0 waiting_min/max=0/6 queue_p99[prefill=5.0,decode=0.0] queue_now[prefill=0,decode=0] active_sessions=206 output=1171.9 tok/s interval_ttft_q0.950=0.638s
  sim=  1.63d  16.25% wall=   2.3m speed=     576x eta=  20.9m admitted=230287 completed=230280 running=7 waiting=0 waiting_min/max=0/6 queue_p99[prefill=4.0,decode=0.0] queue_now[prefill=0,decode=0] active_sessions=215 output=1284.6 tok/s interval_ttft_q0.950=0.773s
  sim=  1.67d  16.67% wall=   2.4m speed=     537x eta=  22.3m admitted=238610 completed=238604 running=6 waiting=0 waiting_min/max=0/6 queue_p99[prefill=2.0,decode=0.0] queue_now[prefill=0,decode=0] active_sessions=223 output=1241.8 tok/s interval_ttft_q0.950=0.590s
  sim=  1.71d  17.08% wall=   2.5m speed=     560x eta=  21.3m admitted=246218 completed=246212 running=6 waiting=0 waiting_min/max=0/4 queue_p99[prefill=2.0,decode=0.0] queue_now[prefill=0,decode=0] active_sessions=223 output=1167.3 tok/s interval_ttft_q0.950=0.702s
  sim=  1.75d  17.50% wall=   2.6m speed=     587x eta=  20.3m admitted=252605 completed=252598 running=7 waiting=0 waiting_min/max=0/3 queue_p99[prefill=2.0,decode=0.0] queue_now[prefill=0,decode=0] active_sessions=237 output=1187.2 tok/s interval_ttft_q0.950=0.501s
  sim=  1.79d  17.92% wall=   2.7m speed=     528x eta=  22.4m admitted=260812 completed=260798 running=10 waiting=3 waiting_min/max=0/11 queue_p99[prefill=4.0,decode=0.0] queue_now[prefill=3,decode=0] active_sessions=250 output=1268.9 tok/s interval_ttft_q0.950=0.713s
  sim=  1.83d  18.33% wall=   2.8m speed=     523x eta=  22.5m admitted=268900 completed=268884 running=9 waiting=7 waiting_min/max=0/11 queue_p99[prefill=9.0,decode=0.0] queue_now[prefill=7,decode=0] active_sessions=244 output=1212.5 tok/s interval_ttft_q0.950=2.195s
  sim=  1.88d  18.75% wall=   3.0m speed=     528x eta=  22.1m admitted=276040 completed=276037 running=3 waiting=0 waiting_min/max=0/9 queue_p99[prefill=6.0,decode=0.0] queue_now[prefill=0,decode=0] active_sessions=241 output=1123.4 tok/s interval_ttft_q0.950=0.942s
  sim=  1.92d  19.17% wall=   3.1m speed=     519x eta=  22.4m admitted=283143 completed=283136 running=7 waiting=0 waiting_min/max=0/5 queue_p99[prefill=2.0,decode=0.0] queue_now[prefill=0,decode=0] active_sessions=240 output=1060.0 tok/s interval_ttft_q0.950=0.429s
  sim=  1.96d  19.58% wall=   3.2m speed=     499x eta=  23.2m admitted=290281 completed=290279 running=2 waiting=0 waiting_min/max=0/9 queue_p99[prefill=4.0,decode=3.0] queue_now[prefill=0,decode=0] active_sessions=241 output=1306.6 tok/s interval_ttft_q0.950=1.422s
  sim=  2.00d  20.00% wall=   3.3m speed=     443x eta=  26.0m admitted=299206 completed=299195 running=9 waiting=1 waiting_min/max=0/8 queue_p99[prefill=3.0,decode=0.0] queue_now[prefill=1,decode=0] active_sessions=243 output=1304.2 tok/s interval_ttft_q0.950=0.966s
  sim=  2.04d  20.42% wall=   3.4m speed=     488x eta=  23.5m admitted=306330 completed=306327 running=3 waiting=0 waiting_min/max=0/5 queue_p99[prefill=3.0,decode=0.0] queue_now[prefill=0,decode=0] active_sessions=246 output=1205.1 tok/s interval_ttft_q0.950=0.973s
  sim=  2.08d  20.83% wall=   3.6m speed=     523x eta=  21.8m admitted=312781 completed=312776 running=5 waiting=0 waiting_min/max=0/4 queue_p99[prefill=2.0,decode=0.0] queue_now[prefill=0,decode=0] active_sessions=252 output=1000.0 tok/s interval_ttft_q0.950=0.431s
  sim=  2.13d  21.25% wall=   3.7m speed=     486x eta=  23.4m admitted=319773 completed=319766 running=5 waiting=2 waiting_min/max=0/5 queue_p99[prefill=3.0,decode=0.0] queue_now[prefill=0,decode=2] active_sessions=253 output=1122.4 tok/s interval_ttft_q0.950=0.755s
  sim=  2.17d  21.67% wall=   3.8m speed=     485x eta=  23.3m admitted=326250 completed=326237 running=13 waiting=0 waiting_min/max=0/3 queue_p99[prefill=2.0,decode=0.0] queue_now[prefill=0,decode=0] active_sessions=257 output=1235.5 tok/s interval_ttft_q0.950=0.683s
  sim=  2.21d  22.08% wall=   3.9m speed=     428x eta=  26.2m admitted=334650 completed=334646 running=3 waiting=0 waiting_min/max=0/8 queue_p99[prefill=5.0,decode=0.0] queue_now[prefill=0,decode=0] active_sessions=256 output=1447.5 tok/s interval_ttft_q0.950=1.946s
  sim=  2.25d  22.50% wall=   4.1m speed=     438x eta=  25.5m admitted=341931 completed=341923 running=8 waiting=0 waiting_min/max=0/9 queue_p99[prefill=5.0,decode=1.0] queue_now[prefill=0,decode=0] active_sessions=264 output=1517.8 tok/s interval_ttft_q0.950=2.159s
  sim=  2.29d  22.92% wall=   4.2m speed=     404x eta=  27.5m admitted=350345 completed=350339 running=5 waiting=1 waiting_min/max=0/7 queue_p99[prefill=4.0,decode=0.0] queue_now[prefill=1,decode=0] active_sessions=273 output=1463.7 tok/s interval_ttft_q0.950=1.780s
  sim=  2.33d  23.33% wall=   4.4m speed=     400x eta=  27.6m admitted=359164 completed=359154 running=10 waiting=0 waiting_min/max=0/7 queue_p99[prefill=4.0,decode=0.0] queue_now[prefill=0,decode=0] active_sessions=271 output=1344.9 tok/s interval_ttft_q0.950=1.821s
  sim=  2.38d  23.75% wall=   4.5m speed=     399x eta=  27.5m admitted=368131 completed=368127 running=4 waiting=0 waiting_min/max=0/9 queue_p99[prefill=6.0,decode=0.0] queue_now[prefill=0,decode=0] active_sessions=262 output=1243.4 tok/s interval_ttft_q0.950=1.912s
  sim=  2.42d  24.17% wall=   4.7m speed=     416x eta=  26.2m admitted=375627 completed=375621 running=6 waiting=0 waiting_min/max=0/6 queue_p99[prefill=3.0,decode=0.0] queue_now[prefill=0,decode=0] active_sessions=268 output=1032.1 tok/s interval_ttft_q0.950=1.003s
  sim=  2.46d  24.58% wall=   4.8m speed=     434x eta=  25.0m admitted=382433 completed=382425 running=7 waiting=0 waiting_min/max=0/6 queue_p99[prefill=4.0,decode=0.0] queue_now[prefill=0,decode=0] active_sessions=270 output=1072.7 tok/s interval_ttft_q0.950=1.608s
  sim=  2.50d  25.00% wall=   5.0m speed=     425x eta=  25.4m admitted=389334 completed=389331 running=3 waiting=0 waiting_min/max=0/5 queue_p99[prefill=3.0,decode=0.0] queue_now[prefill=0,decode=0] active_sessions=276 output=1020.6 tok/s interval_ttft_q0.950=1.064s
  sim=  2.54d  25.42% wall=   5.1m speed=     373x eta=  28.8m admitted=397846 completed=397836 running=10 waiting=0 waiting_min/max=0/13 queue_p99[prefill=8.0,decode=0.0] queue_now[prefill=0,decode=0] active_sessions=281 output=1287.5 tok/s interval_ttft_q0.950=2.431s
  sim=  2.58d  25.83% wall=   5.3m speed=     355x eta=  30.1m admitted=406990 completed=406987 running=3 waiting=0 waiting_min/max=0/10 queue_p99[prefill=6.0,decode=0.2] queue_now[prefill=0,decode=0] active_sessions=269 output=1448.9 tok/s interval_ttft_q0.950=2.294s
  sim=  2.63d  26.25% wall=   5.4m speed=     378x eta=  28.1m admitted=414969 completed=414963 running=5 waiting=0 waiting_min/max=0/6 queue_p99[prefill=5.0,decode=0.0] queue_now[prefill=0,decode=0] active_sessions=284 output=1125.5 tok/s interval_ttft_q0.950=0.742s
  sim=  2.67d  26.67% wall=   5.6m speed=     373x eta=  28.3m admitted=422789 completed=422785 running=3 waiting=1 waiting_min/max=0/13 queue_p99[prefill=7.0,decode=1.0] queue_now[prefill=1,decode=0] active_sessions=275 output=1224.5 tok/s interval_ttft_q0.950=4.801s
  sim=  2.71d  27.08% wall=   5.8m speed=     401x eta=  26.2m admitted=429320 completed=429313 running=7 waiting=0 waiting_min/max=0/5 queue_p99[prefill=3.0,decode=0.0] queue_now[prefill=0,decode=0] active_sessions=278 output=1068.3 tok/s interval_ttft_q0.950=0.913s
  sim=  2.75d  27.50% wall=   5.9m speed=     363x eta=  28.8m admitted=436690 completed=436681 running=9 waiting=0 waiting_min/max=0/7 queue_p99[prefill=4.0,decode=0.0] queue_now[prefill=0,decode=0] active_sessions=274 output=1296.3 tok/s interval_ttft_q0.950=1.351s
  sim=  2.79d  27.92% wall=   6.1m speed=     356x eta=  29.2m admitted=444535 completed=444528 running=7 waiting=0 waiting_min/max=0/7 queue_p99[prefill=4.0,decode=0.0] queue_now[prefill=0,decode=0] active_sessions=268 output=1193.1 tok/s interval_ttft_q0.950=0.776s
  sim=  2.83d  28.33% wall=   6.3m speed=     372x eta=  27.7m admitted=451043 completed=451039 running=4 waiting=0 waiting_min/max=0/6 queue_p99[prefill=2.0,decode=0.0] queue_now[prefill=0,decode=0] active_sessions=274 output=1131.9 tok/s interval_ttft_q0.950=0.902s
  sim=  2.88d  28.75% wall=   6.4m speed=     380x eta=  27.0m admitted=457008 completed=457001 running=7 waiting=0 waiting_min/max=0/7 queue_p99[prefill=3.0,decode=0.0] queue_now[prefill=0,decode=0] active_sessions=276 output=1045.0 tok/s interval_ttft_q0.950=0.932s
  sim=  2.92d  29.17% wall=   6.6m speed=     387x eta=  26.4m admitted=462173 completed=462169 running=4 waiting=0 waiting_min/max=0/5 queue_p99[prefill=3.0,decode=0.0] queue_now[prefill=0,decode=0] active_sessions=269 output=964.5 tok/s interval_ttft_q0.950=0.821s
  sim=  2.96d  29.58% wall=   6.7m speed=     365x eta=  27.8m admitted=468695 completed=468686 running=7 waiting=0 waiting_min/max=0/10 queue_p99[prefill=4.0,decode=0.0] queue_now[prefill=0,decode=0] active_sessions=280 output=1111.0 tok/s interval_ttft_q0.950=1.079s
  sim=  3.00d  30.00% wall=   6.9m speed=     325x eta=  31.0m admitted=477036 completed=477032 running=4 waiting=0 waiting_min/max=0/9 queue_p99[prefill=6.2,decode=0.0] queue_now[prefill=0,decode=0] active_sessions=278 output=1309.7 tok/s interval_ttft_q0.950=1.996s
  sim=  3.04d  30.42% wall=   7.1m speed=     310x eta=  32.4m admitted=484943 completed=484931 running=12 waiting=0 waiting_min/max=0/6 queue_p99[prefill=3.0,decode=0.0] queue_now[prefill=0,decode=0] active_sessions=286 output=1448.2 tok/s interval_ttft_q0.950=0.942s
  sim=  3.08d  30.83% wall=   7.3m speed=     343x eta=  29.0m admitted=491538 completed=491534 running=3 waiting=1 waiting_min/max=0/7 queue_p99[prefill=4.0,decode=0.0] queue_now[prefill=1,decode=0] active_sessions=279 output=1139.5 tok/s interval_ttft_q0.950=1.371s
  sim=  3.13d  31.25% wall=   7.5m speed=     335x eta=  29.6m admitted=498204 completed=498191 running=9 waiting=4 waiting_min/max=0/6 queue_p99[prefill=4.0,decode=0.0] queue_now[prefill=4,decode=0] active_sessions=292 output=1057.4 tok/s interval_ttft_q0.950=0.788s
  sim=  3.17d  31.67% wall=   7.7m speed=     315x eta=  31.2m admitted=505918 completed=505911 running=7 waiting=0 waiting_min/max=0/7 queue_p99[prefill=4.0,decode=0.0] queue_now[prefill=0,decode=0] active_sessions=291 output=1159.0 tok/s interval_ttft_q0.950=1.173s
  sim=  3.21d  32.08% wall=   7.9m speed=     279x eta=  35.1m admitted=515984 completed=515981 running=3 waiting=0 waiting_min/max=0/11 queue_p99[prefill=5.0,decode=0.0] queue_now[prefill=0,decode=0] active_sessions=298 output=1485.3 tok/s interval_ttft_q0.950=1.425s
  sim=  3.25d  32.50% wall=   8.1m speed=     307x eta=  31.7m admitted=523276 completed=523269 running=7 waiting=0 waiting_min/max=0/13 queue_p99[prefill=10.0,decode=0.0] queue_now[prefill=0,decode=0] active_sessions=298 output=1278.7 tok/s interval_ttft_q0.950=9.907s
  sim=  3.29d  32.92% wall=   8.3m speed=     283x eta=  34.1m admitted=531713 completed=531709 running=4 waiting=0 waiting_min/max=0/10 queue_p99[prefill=4.0,decode=0.0] queue_now[prefill=0,decode=0] active_sessions=300 output=1328.2 tok/s interval_ttft_q0.950=1.708s
  sim=  3.33d  33.33% wall=   8.5m speed=     322x eta=  29.9m admitted=538899 completed=538895 running=4 waiting=0 waiting_min/max=0/6 queue_p99[prefill=4.0,decode=0.0] queue_now[prefill=0,decode=0] active_sessions=296 output=1078.5 tok/s interval_ttft_q0.950=1.038s
  sim=  3.38d  33.75% wall=   8.7m speed=     320x eta=  29.8m admitted=546102 completed=546098 running=4 waiting=0 waiting_min/max=0/8 queue_p99[prefill=4.0,decode=0.0] queue_now[prefill=0,decode=0] active_sessions=291 output=922.0 tok/s interval_ttft_q0.950=1.170s
  sim=  3.42d  34.17% wall=   8.8m speed=     316x eta=  30.0m admitted=553082 completed=553075 running=7 waiting=0 waiting_min/max=0/6 queue_p99[prefill=4.0,decode=0.0] queue_now[prefill=0,decode=0] active_sessions=297 output=1009.6 tok/s interval_ttft_q0.950=1.267s
  sim=  3.46d  34.58% wall=   9.0m speed=     301x eta=  31.3m admitted=560264 completed=560259 running=5 waiting=0 waiting_min/max=0/8 queue_p99[prefill=4.0,decode=0.0] queue_now[prefill=0,decode=0] active_sessions=298 output=1089.5 tok/s interval_ttft_q0.950=1.323s
  sim=  3.50d  35.00% wall=   9.3m speed=     267x eta=  35.0m admitted=568870 completed=568862 running=8 waiting=0 waiting_min/max=0/8 queue_p99[prefill=5.0,decode=0.0] queue_now[prefill=0,decode=0] active_sessions=313 output=1312.3 tok/s interval_ttft_q0.950=1.475s
  sim=  3.54d  35.42% wall=   9.5m speed=     278x eta=  33.4m admitted=576677 completed=576675 running=2 waiting=0 waiting_min/max=0/8 queue_p99[prefill=4.0,decode=0.0] queue_now[prefill=0,decode=0] active_sessions=308 output=1070.9 tok/s interval_ttft_q0.950=0.632s
  sim=  3.58d  35.83% wall=   9.7m speed=     291x eta=  31.8m admitted=583910 completed=583907 running=3 waiting=0 waiting_min/max=0/5 queue_p99[prefill=3.0,decode=0.0] queue_now[prefill=0,decode=0] active_sessions=308 output=1106.2 tok/s interval_ttft_q0.950=0.643s
  sim=  3.63d  36.25% wall=   9.9m speed=     282x eta=  32.5m admitted=591441 completed=591426 running=10 waiting=5 waiting_min/max=0/7 queue_p99[prefill=4.0,decode=0.0] queue_now[prefill=5,decode=0] active_sessions=327 output=1188.8 tok/s interval_ttft_q0.950=1.190s
  sim=  3.67d  36.67% wall=  10.1m speed=     262x eta=  34.8m admitted=599418 completed=599404 running=14 waiting=0 waiting_min/max=0/11 queue_p99[prefill=8.0,decode=2.0] queue_now[prefill=0,decode=0] active_sessions=332 output=1425.1 tok/s interval_ttft_q0.950=5.251s
  sim=  3.71d  37.08% wall=  10.3m speed=     273x eta=  33.2m admitted=606602 completed=606596 running=5 waiting=1 waiting_min/max=0/6 queue_p99[prefill=5.0,decode=0.0] queue_now[prefill=1,decode=0] active_sessions=323 output=1247.5 tok/s interval_ttft_q0.950=2.891s
  sim=  3.75d  37.50% wall=  10.6m speed=     277x eta=  32.5m admitted=613542 completed=613525 running=8 waiting=9 waiting_min/max=0/17 queue_p99[prefill=13.0,decode=1.0] queue_now[prefill=9,decode=0] active_sessions=320 output=1101.6 tok/s interval_ttft_q0.950=11.692s
  sim=  3.79d  37.92% wall=  10.8m speed=     277x eta=  32.3m admitted=620914 completed=620913 running=1 waiting=0 waiting_min/max=0/10 queue_p99[prefill=6.0,decode=0.0] queue_now[prefill=0,decode=0] active_sessions=323 output=1146.7 tok/s interval_ttft_q0.950=2.617s
  sim=  3.83d  38.33% wall=  11.0m speed=     243x eta=  36.5m admitted=630015 completed=630004 running=11 waiting=0 waiting_min/max=0/11 queue_p99[prefill=9.0,decode=0.0] queue_now[prefill=0,decode=0] active_sessions=325 output=1382.2 tok/s interval_ttft_q0.950=5.833s
  sim=  3.88d  38.75% wall=  11.3m speed=     266x eta=  33.1m admitted=637343 completed=637333 running=10 waiting=0 waiting_min/max=0/8 queue_p99[prefill=6.0,decode=0.0] queue_now[prefill=0,decode=0] active_sessions=330 output=1177.1 tok/s interval_ttft_q0.950=3.162s
  sim=  3.92d  39.17% wall=  11.5m speed=     245x eta=  35.7m admitted=646388 completed=646376 running=9 waiting=0 waiting_min/max=0/8 queue_p99[prefill=6.0,decode=0.0] queue_now[prefill=0,decode=0] active_sessions=326 output=1328.2 tok/s interval_ttft_q0.950=3.958s
  sim=  3.96d  39.58% wall=  11.8m speed=     225x eta=  38.7m admitted=656095 completed=656082 running=9 waiting=4 waiting_min/max=0/9 queue_p99[prefill=8.0,decode=0.0] queue_now[prefill=4,decode=0] active_sessions=340 output=1446.3 tok/s interval_ttft_q0.950=3.909s
  sim=  4.00d  40.00% wall=  12.0m speed=     210x eta=  41.1m admitted=665358 completed=665350 running=8 waiting=0 waiting_min/max=0/14 queue_p99[prefill=8.0,decode=3.0] queue_now[prefill=0,decode=0] active_sessions=330 output=1390.4 tok/s interval_ttft_q0.950=4.477s
  sim=  4.04d  40.42% wall=  12.3m speed=     236x eta=  36.4m admitted=674219 completed=674208 running=11 waiting=0 waiting_min/max=0/19 queue_p99[prefill=11.0,decode=2.0] queue_now[prefill=0,decode=0] active_sessions=333 output=1537.8 tok/s interval_ttft_q0.950=3.385s
  sim=  4.08d  40.83% wall=  12.6m speed=     237x eta=  36.0m admitted=682713 completed=682699 running=14 waiting=0 waiting_min/max=0/23 queue_p99[prefill=14.0,decode=1.0] queue_now[prefill=0,decode=0] active_sessions=334 output=1601.2 tok/s interval_ttft_q0.950=9.986s
  sim=  4.13d  41.25% wall=  12.8m speed=     237x eta=  35.6m admitted=690821 completed=690811 running=10 waiting=0 waiting_min/max=0/17 queue_p99[prefill=13.0,decode=1.0] queue_now[prefill=0,decode=0] active_sessions=342 output=1407.2 tok/s interval_ttft_q0.950=21.890s
  sim=  4.17d  41.67% wall=  13.1m speed=     232x eta=  36.2m admitted=700107 completed=700099 running=8 waiting=0 waiting_min/max=0/10 queue_p99[prefill=8.0,decode=0.0] queue_now[prefill=0,decode=0] active_sessions=345 output=1414.6 tok/s interval_ttft_q0.950=2.970s
  sim=  4.21d  42.08% wall=  13.3m speed=     237x eta=  35.2m admitted=708610 completed=708602 running=4 waiting=3 waiting_min/max=0/15 queue_p99[prefill=13.0,decode=0.0] queue_now[prefill=3,decode=0] active_sessions=337 output=1261.0 tok/s interval_ttft_q0.950=6.094s
  sim=  4.25d  42.50% wall=  13.6m speed=     244x eta=  34.0m admitted=716193 completed=716184 running=8 waiting=1 waiting_min/max=0/11 queue_p99[prefill=8.0,decode=1.0] queue_now[prefill=1,decode=0] active_sessions=342 output=1245.2 tok/s interval_ttft_q0.950=6.427s
  sim=  4.29d  42.92% wall=  13.8m speed=     222x eta=  37.1m admitted=725525 completed=725513 running=11 waiting=1 waiting_min/max=0/19 queue_p99[prefill=13.1,decode=2.0] queue_now[prefill=1,decode=0] active_sessions=347 output=1628.0 tok/s interval_ttft_q0.950=8.635s
  sim=  4.33d  43.33% wall=  14.1m speed=     222x eta=  36.8m admitted=734548 completed=734530 running=6 waiting=11 waiting_min/max=0/17 queue_p99[prefill=13.0,decode=1.0] queue_now[prefill=11,decode=0] active_sessions=335 output=1667.3 tok/s interval_ttft_q0.950=8.647s
  sim=  4.38d  43.75% wall=  14.4m speed=     245x eta=  33.0m admitted=741670 completed=741660 running=9 waiting=0 waiting_min/max=0/30 queue_p99[prefill=23.0,decode=0.0] queue_now[prefill=0,decode=0] active_sessions=333 output=1203.7 tok/s interval_ttft_q0.950=42.070s
  sim=  4.42d  44.17% wall=  14.6m speed=     239x eta=  33.7m admitted=749284 completed=749279 running=5 waiting=0 waiting_min/max=0/20 queue_p99[prefill=17.0,decode=2.0] queue_now[prefill=0,decode=0] active_sessions=322 output=1223.3 tok/s interval_ttft_q0.950=35.660s
  sim=  4.46d  44.58% wall=  14.9m speed=     242x eta=  33.0m admitted=756717 completed=756712 running=5 waiting=0 waiting_min/max=0/9 queue_p99[prefill=6.0,decode=0.0] queue_now[prefill=0,decode=0] active_sessions=318 output=1044.5 tok/s interval_ttft_q0.950=2.590s
  sim=  4.50d  45.00% wall=  15.1m speed=     242x eta=  32.8m admitted=763895 completed=763872 running=13 waiting=10 waiting_min/max=0/19 queue_p99[prefill=17.0,decode=0.0] queue_now[prefill=10,decode=0] active_sessions=325 output=1244.2 tok/s interval_ttft_q0.950=18.619s
  sim=  4.54d  45.42% wall=  15.3m speed=     245x eta=  32.0m admitted=770041 completed=770009 running=9 waiting=23 waiting_min/max=8/30 queue_p99[prefill=26.0,decode=0.0] queue_now[prefill=23,decode=0] active_sessions=340 output=1174.4 tok/s interval_ttft_q0.950=90.422s
  sim=  4.58d  45.83% wall=  15.6m speed=     227x eta=  34.3m admitted=777539 completed=777506 running=6 waiting=27 waiting_min/max=12/47 queue_p99[prefill=42.0,decode=0.0] queue_now[prefill=27,decode=0] active_sessions=348 output=1194.5 tok/s interval_ttft_q0.950=109.792s
  sim=  4.63d  46.25% wall=  15.9m speed=     217x eta=  35.6m admitted=785306 completed=785277 running=9 waiting=19 waiting_min/max=17/49 queue_p99[prefill=43.0,decode=0.0] queue_now[prefill=19,decode=0] active_sessions=356 output=1289.4 tok/s interval_ttft_q0.950=118.974s
  sim=  4.67d  46.67% wall=  16.2m speed=     221x eta=  34.7m admitted=792156 completed=792092 running=11 waiting=53 waiting_min/max=18/59 queue_p99[prefill=55.0,decode=0.0] queue_now[prefill=53,decode=0] active_sessions=369 output=1195.9 tok/s interval_ttft_q0.950=156.613s
  sim=  4.71d  47.08% wall=  16.4m speed=     212x eta=  36.0m admitted=798954 completed=798887 running=7 waiting=59 waiting_min/max=43/66 queue_p99[prefill=64.0,decode=2.0] queue_now[prefill=59,decode=0] active_sessions=367 output=1169.9 tok/s interval_ttft_q0.950=218.453s
  sim=  4.75d  47.50% wall=  16.7m speed=     229x eta=  33.0m admitted=805300 completed=805224 running=12 waiting=64 waiting_min/max=45/80 queue_p99[prefill=78.0,decode=0.0] queue_now[prefill=64,decode=0] active_sessions=387 output=1057.5 tok/s interval_ttft_q0.950=203.266s
  sim=  4.79d  47.92% wall=  16.9m speed=     242x eta=  31.0m admitted=810985 completed=810908 running=11 waiting=66 waiting_min/max=49/80 queue_p99[prefill=77.0,decode=0.0] queue_now[prefill=66,decode=0] active_sessions=387 output=1132.6 tok/s interval_ttft_q0.950=199.513s
  sim=  4.83d  48.33% wall=  17.2m speed=     238x eta=  31.2m admitted=816754 completed=816663 running=8 waiting=83 waiting_min/max=53/88 queue_p99[prefill=84.0,decode=0.0] queue_now[prefill=83,decode=0] active_sessions=393 output=1276.1 tok/s interval_ttft_q0.950=189.687s
  sim=  4.88d  48.75% wall=  17.5m speed=     230x eta=  32.1m admitted=822877 completed=822799 running=12 waiting=66 waiting_min/max=61/90 queue_p99[prefill=89.0,decode=0.0] queue_now[prefill=66,decode=0] active_sessions=399 output=1127.0 tok/s interval_ttft_q0.950=196.306s
  sim=  4.92d  49.17% wall=  17.7m speed=     213x eta=  34.4m admitted=830335 completed=830263 running=7 waiting=63 waiting_min/max=54/96 queue_p99[prefill=92.0,decode=0.0] queue_now[prefill=63,decode=0] active_sessions=405 output=1313.4 tok/s interval_ttft_q0.950=193.623s
  sim=  4.96d  49.58% wall=  18.0m speed=     210x eta=  34.5m admitted=839414 completed=839363 running=6 waiting=45 waiting_min/max=19/64 queue_p99[prefill=62.0,decode=0.0] queue_now[prefill=45,decode=0] active_sessions=390 output=1446.5 tok/s interval_ttft_q0.950=145.022s
  sim=  5.00d  50.00% wall=  18.3m speed=     217x eta=  33.2m admitted=846618 completed=846577 running=6 waiting=35 waiting_min/max=30/63 queue_p99[prefill=60.0,decode=0.0] queue_now[prefill=35,decode=0] active_sessions=397 output=1239.2 tok/s interval_ttft_q0.950=204.437s
  sim=  5.04d  50.42% wall=  18.6m speed=     205x eta=  34.9m admitted=855069 completed=855024 running=7 waiting=36 waiting_min/max=25/67 queue_p99[prefill=63.0,decode=1.0] queue_now[prefill=36,decode=0] active_sessions=395 output=1523.1 tok/s interval_ttft_q0.950=207.843s
  sim=  5.08d  50.83% wall=  18.9m speed=     222x eta=  31.9m admitted=861875 completed=861821 running=7 waiting=47 waiting_min/max=28/55 queue_p99[prefill=53.0,decode=0.0] queue_now[prefill=47,decode=0] active_sessions=391 output=1013.1 tok/s interval_ttft_q0.950=170.172s
  sim=  5.13d  51.25% wall=  19.2m speed=     201x eta=  35.0m admitted=869673 completed=869639 running=7 waiting=27 waiting_min/max=21/51 queue_p99[prefill=48.0,decode=0.0] queue_now[prefill=27,decode=0] active_sessions=368 output=1260.6 tok/s interval_ttft_q0.950=149.591s
  sim=  5.17d  51.67% wall=  19.4m speed=     215x eta=  32.4m admitted=876215 completed=876178 running=5 waiting=31 waiting_min/max=15/55 queue_p99[prefill=50.0,decode=1.0] queue_now[prefill=31,decode=0] active_sessions=370 output=1252.5 tok/s interval_ttft_q0.950=143.734s
  sim=  5.21d  52.08% wall=  19.7m speed=     208x eta=  33.2m admitted=883247 completed=883209 running=6 waiting=31 waiting_min/max=18/40 queue_p99[prefill=38.0,decode=0.0] queue_now[prefill=31,decode=0] active_sessions=375 output=1289.9 tok/s interval_ttft_q0.950=128.969s
  sim=  5.25d  52.50% wall=  20.0m speed=     196x eta=  34.8m admitted=891312 completed=891289 running=7 waiting=16 waiting_min/max=11/42 queue_p99[prefill=40.0,decode=0.0] queue_now[prefill=16,decode=0] active_sessions=382 output=1377.5 tok/s interval_ttft_q0.950=88.020s
  sim=  5.29d  52.92% wall=  20.4m speed=     193x eta=  35.1m admitted=899390 completed=899361 running=10 waiting=19 waiting_min/max=10/31 queue_p99[prefill=29.0,decode=1.0] queue_now[prefill=19,decode=0] active_sessions=382 output=1380.1 tok/s interval_ttft_q0.950=65.310s
  sim=  5.33d  53.33% wall=  20.7m speed=     195x eta=  34.4m admitted=907460 completed=907437 running=6 waiting=17 waiting_min/max=6/36 queue_p99[prefill=33.0,decode=0.0] queue_now[prefill=17,decode=0] active_sessions=392 output=1382.4 tok/s interval_ttft_q0.950=72.156s
  sim=  5.38d  53.75% wall=  21.0m speed=     190x eta=  35.0m admitted=915543 completed=915527 running=6 waiting=10 waiting_min/max=0/25 queue_p99[prefill=22.0,decode=0.0] queue_now[prefill=10,decode=0] active_sessions=388 output=1263.2 tok/s interval_ttft_q0.950=39.188s
  sim=  5.42d  54.17% wall=  21.8m speed=      69x eta=   1.6h admitted=923617 completed=923608 running=8 waiting=1 waiting_min/max=0/26 queue_p99[prefill=21.0,decode=1.0] queue_now[prefill=1,decode=0] active_sessions=372 output=1248.9 tok/s interval_ttft_q0.950=18.737s
  sim=  5.46d  54.58% wall=  23.0m speed=      53x eta=   2.1h admitted=931514 completed=931506 running=8 waiting=0 waiting_min/max=0/20 queue_p99[prefill=14.0,decode=0.0] queue_now[prefill=0,decode=0] active_sessions=369 output=1251.7 tok/s interval_ttft_q0.950=18.381s
  sim=  5.50d  55.00% wall=  24.2m speed=      49x eta=   2.2h admitted=938802 completed=938782 running=7 waiting=13 waiting_min/max=0/24 queue_p99[prefill=21.0,decode=1.0] queue_now[prefill=13,decode=0] active_sessions=368 output=1180.0 tok/s interval_ttft_q0.950=24.284s
  sim=  5.54d  55.42% wall=  25.4m speed=      50x eta=   2.1h admitted=945663 completed=945653 running=10 waiting=0 waiting_min/max=0/20 queue_p99[prefill=15.1,decode=2.0] queue_now[prefill=0,decode=0] active_sessions=369 output=1402.8 tok/s interval_ttft_q0.950=11.047s
  sim=  5.58d  55.83% wall=  26.6m speed=      50x eta=   2.1h admitted=952075 completed=952069 running=4 waiting=2 waiting_min/max=0/17 queue_p99[prefill=15.0,decode=0.0] queue_now[prefill=2,decode=0] active_sessions=358 output=1261.1 tok/s interval_ttft_q0.950=23.582s
