starting 10.000-day run: lambda/rank=0.007500, lambda/node=0.060000, progress every 3600 simulated seconds, stop at waiting 1000 or 6 consecutive growing epochs
  sim=  0.04d   0.42% wall=   1.7s speed=    2218x eta=   6.5m admitted=5932 completed=5927 running=5 waiting=0 waiting_min/max=0/2 queue_p99[prefill=1.0,decode=0.0] queue_now[prefill=0,decode=0] active_sessions=62 output=931.9 tok/s interval_p99_ttft=0.934s
  sim=  0.08d   0.83% wall=   3.7s speed=    1826x eta=   7.8m admitted=12074 completed=12067 running=7 waiting=0 waiting_min/max=0/2 queue_p99[prefill=0.0,decode=0.0] queue_now[prefill=0,decode=0] active_sessions=74 output=1112.0 tok/s interval_p99_ttft=1.018s
  sim=  0.13d   1.25% wall=   6.1s speed=    1480x eta=   9.6m admitted=21399 completed=21393 running=6 waiting=0 waiting_min/max=0/4 queue_p99[prefill=1.0,decode=0.0] queue_now[prefill=0,decode=0] active_sessions=111 output=1422.6 tok/s interval_p99_ttft=0.899s
  sim=  0.17d   1.67% wall=   8.6s speed=    1459x eta=   9.7m admitted=29356 completed=29351 running=5 waiting=0 waiting_min/max=0/6 queue_p99[prefill=3.0,decode=0.0] queue_now[prefill=0,decode=0] active_sessions=119 output=1390.6 tok/s interval_p99_ttft=2.309s
  sim=  0.21d   2.08% wall=  11.5s speed=    1258x eta=  11.2m admitted=39378 completed=39365 running=13 waiting=0 waiting_min/max=0/3 queue_p99[prefill=2.0,decode=0.0] queue_now[prefill=0,decode=0] active_sessions=133 output=1550.4 tok/s interval_p99_ttft=1.660s
  sim=  0.25d   2.50% wall=  14.6s speed=    1147x eta=  12.2m admitted=49212 completed=49202 running=10 waiting=0 waiting_min/max=0/3 queue_p99[prefill=1.0,decode=0.0] queue_now[prefill=0,decode=0] active_sessions=152 output=1546.0 tok/s interval_p99_ttft=1.518s
  sim=  0.29d   2.92% wall=  17.8s speed=    1128x eta=  12.4m admitted=58404 completed=58394 running=10 waiting=0 waiting_min/max=0/3 queue_p99[prefill=1.0,decode=0.0] queue_now[prefill=0,decode=0] active_sessions=155 output=1442.3 tok/s interval_p99_ttft=1.570s
  sim=  0.33d   3.33% wall=  21.4s speed=     999x eta=  13.9m admitted=68810 completed=68804 running=6 waiting=0 waiting_min/max=0/5 queue_p99[prefill=2.0,decode=0.0] queue_now[prefill=0,decode=0] active_sessions=171 output=1663.6 tok/s interval_p99_ttft=1.930s
  sim=  0.38d   3.75% wall=  25.1s speed=     964x eta=  14.4m admitted=78907 completed=78899 running=8 waiting=0 waiting_min/max=0/4 queue_p99[prefill=1.0,decode=0.0] queue_now[prefill=0,decode=0] active_sessions=200 output=1395.6 tok/s interval_p99_ttft=1.593s
  sim=  0.42d   4.17% wall=  29.4s speed=     852x eta=  16.2m admitted=90023 completed=90009 running=11 waiting=1 waiting_min/max=0/6 queue_p99[prefill=2.0,decode=0.0] queue_now[prefill=1,decode=0] active_sessions=225 output=1601.7 tok/s interval_p99_ttft=2.261s
  sim=  0.46d   4.58% wall=  33.5s speed=     877x eta=  15.7m admitted=100822 completed=100814 running=8 waiting=0 waiting_min/max=0/8 queue_p99[prefill=5.0,decode=0.0] queue_now[prefill=0,decode=0] active_sessions=210 output=1766.6 tok/s interval_p99_ttft=5.301s
  sim=  0.50d   5.00% wall=  37.9s speed=     804x eta=  17.0m admitted=111556 completed=111544 running=11 waiting=1 waiting_min/max=0/16 queue_p99[prefill=10.0,decode=4.0] queue_now[prefill=0,decode=1] active_sessions=217 output=1688.4 tok/s interval_p99_ttft=9.224s
  sim=  0.54d   5.42% wall=  42.7s speed=     763x eta=  17.8m admitted=122024 completed=122010 running=14 waiting=0 waiting_min/max=0/8 queue_p99[prefill=4.0,decode=1.1] queue_now[prefill=0,decode=0] active_sessions=232 output=1683.7 tok/s interval_p99_ttft=4.369s
  sim=  0.58d   5.83% wall=  48.0s speed=     673x eta=  20.2m admitted=133770 completed=133752 running=13 waiting=4 waiting_min/max=0/13 queue_p99[prefill=11.0,decode=6.0] queue_now[prefill=4,decode=0] active_sessions=262 output=1961.4 tok/s interval_p99_ttft=23.903s
  sim=  0.63d   6.25% wall=  53.2s speed=     692x eta=  19.5m admitted=144768 completed=144733 running=16 waiting=17 waiting_min/max=0/22 queue_p99[prefill=18.0,decode=6.0] queue_now[prefill=17,decode=0] active_sessions=282 output=1758.9 tok/s interval_p99_ttft=48.300s
  sim=  0.67d   6.67% wall=  58.7s speed=     654x eta=  20.5m admitted=156016 completed=155968 running=15 waiting=32 waiting_min/max=7/41 queue_p99[prefill=36.0,decode=0.0] queue_now[prefill=32,decode=0] active_sessions=298 output=1948.2 tok/s interval_p99_ttft=91.522s
  sim=  0.71d   7.08% wall=   1.1m speed=     664x eta=  20.1m admitted=166784 completed=166735 running=9 waiting=40 waiting_min/max=18/73 queue_p99[prefill=66.0,decode=0.0] queue_now[prefill=40,decode=0] active_sessions=312 output=1734.1 tok/s interval_p99_ttft=131.821s
  sim=  0.75d   7.50% wall=   1.2m speed=     615x eta=  21.7m admitted=177955 completed=177879 running=13 waiting=62 waiting_min/max=38/80 queue_p99[prefill=75.0,decode=0.0] queue_now[prefill=62,decode=0] active_sessions=332 output=1937.7 tok/s interval_p99_ttft=152.227s
  sim=  0.79d   7.92% wall=   1.3m speed=     603x eta=  22.0m admitted=188184 completed=188086 running=11 waiting=86 waiting_min/max=45/99 queue_p99[prefill=92.0,decode=0.0] queue_now[prefill=86,decode=0] active_sessions=357 output=1699.7 tok/s interval_p99_ttft=191.020s
  sim=  0.83d   8.33% wall=   1.4m speed=     567x eta=  23.3m admitted=199089 completed=198988 running=14 waiting=86 waiting_min/max=57/97 queue_p99[prefill=93.0,decode=0.0] queue_now[prefill=86,decode=0] active_sessions=370 output=1925.1 tok/s interval_p99_ttft=184.784s
  sim=  0.88d   8.75% wall=   1.5m speed=     573x eta=  22.9m admitted=209688 completed=209590 running=16 waiting=82 waiting_min/max=64/110 queue_p99[prefill=104.0,decode=0.0] queue_now[prefill=82,decode=0] active_sessions=387 output=1768.7 tok/s interval_p99_ttft=220.193s
  sim=  0.92d   9.17% wall=   1.6m speed=     539x eta=  24.3m admitted=221243 completed=221128 running=11 waiting=103 waiting_min/max=78/110 queue_p99[prefill=106.0,decode=0.0] queue_now[prefill=103,decode=0] active_sessions=416 output=1832.9 tok/s interval_p99_ttft=187.368s
  sim=  0.96d   9.58% wall=   1.7m speed=     562x eta=  23.2m admitted=230660 completed=230542 running=12 waiting=106 waiting_min/max=93/137 queue_p99[prefill=133.0,decode=1.0] queue_now[prefill=106,decode=0] active_sessions=415 output=1650.8 tok/s interval_p99_ttft=282.861s
  sim=  1.00d  10.00% wall=   1.8m speed=     508x eta=  25.5m admitted=241522 completed=241369 running=17 waiting=135 waiting_min/max=96/151 queue_p99[prefill=147.0,decode=0.0] queue_now[prefill=135,decode=0] active_sessions=461 output=1605.2 tok/s interval_p99_ttft=327.000s
  sim=  1.04d  10.42% wall=   1.9m speed=     505x eta=  25.6m admitted=252172 completed=251975 running=11 waiting=186 waiting_min/max=130/194 queue_p99[prefill=187.0,decode=0.0] queue_now[prefill=186,decode=0] active_sessions=495 output=1628.6 tok/s interval_p99_ttft=337.935s
  sim=  1.08d  10.83% wall=   2.0m speed=     507x eta=  25.3m admitted=261839 completed=261649 running=10 waiting=180 waiting_min/max=161/213 queue_p99[prefill=207.0,decode=0.0] queue_now[prefill=180,decode=0] active_sessions=515 output=1478.7 tok/s interval_p99_ttft=365.816s
  sim=  1.13d  11.25% wall=   2.2m speed=     472x eta=  27.1m admitted=271855 completed=271550 running=13 waiting=292 waiting_min/max=175/304 queue_p99[prefill=300.0,decode=0.0] queue_now[prefill=292,decode=0] active_sessions=586 output=1517.7 tok/s interval_p99_ttft=448.588s
  sim=  1.17d  11.67% wall=   2.3m speed=     467x eta=  27.2m admitted=281358 completed=281006 running=12 waiting=340 waiting_min/max=281/348 queue_p99[prefill=340.1,decode=0.1] queue_now[prefill=340,decode=0] active_sessions=622 output=1554.2 tok/s interval_p99_ttft=500.253s
  sim=  1.21d  12.08% wall=   2.4m speed=     479x eta=  26.5m admitted=289340 completed=288966 running=14 waiting=359 waiting_min/max=323/392 queue_p99[prefill=382.2,decode=0.0] queue_now[prefill=359,decode=0] active_sessions=657 output=1339.6 tok/s interval_p99_ttft=551.404s
  sim=  1.25d  12.50% wall=   2.5m speed=     505x eta=  25.0m admitted=296051 completed=295591 running=10 waiting=450 waiting_min/max=353/453 queue_p99[prefill=449.0,decode=0.0] queue_now[prefill=450,decode=0] active_sessions=710 output=1131.2 tok/s interval_p99_ttft=556.566s
  sim=  1.29d  12.92% wall=   2.7m speed=     493x eta=  25.4m admitted=302336 completed=301816 running=10 waiting=509 waiting_min/max=421/519 queue_p99[prefill=512.0,decode=0.0] queue_now[prefill=509,decode=0] active_sessions=773 output=1102.0 tok/s interval_p99_ttft=669.310s
  sim=  1.33d  13.33% wall=   2.8m speed=     496x eta=  25.2m admitted=309041 completed=308466 running=11 waiting=564 waiting_min/max=498/572 queue_p99[prefill=568.0,decode=0.0] queue_now[prefill=564,decode=0] active_sessions=835 output=1071.9 tok/s interval_p99_ttft=689.418s
  EARLY STOP: ConsecutiveQueueGrowth { epochs: 6, start_waiting: 180, end_waiting: 564 }
