starting 10.000-day run: lambda/rank=0.001500, lambda/node=0.012000, progress every 3600 simulated seconds, stop at waiting 1000, 6 consecutive growing epochs, or a completed-request interval p99 TTFT breach
  sim=  0.04d   0.42% wall=   0.8s speed=    5264x eta=   2.7m admitted=1501 completed=1500 running=0 waiting=0 waiting_min/max=0/1 queue_p99[prefill=0.0,decode=0.0] queue_now[prefill=0,decode=0] active_sessions=11 output=233.2 tok/s interval_p99_ttft=0.286s
  sim=  0.08d   0.83% wall=   1.5s speed=    4952x eta=   2.9m admitted=3009 completed=3008 running=0 waiting=0 waiting_min/max=0/0 queue_p99[prefill=0.0,decode=0.0] queue_now[prefill=0,decode=0] active_sessions=18 output=222.2 tok/s interval_p99_ttft=0.281s
  sim=  0.13d   1.25% wall=   2.3s speed=    4514x eta=   3.2m admitted=4454 completed=4452 running=2 waiting=0 waiting_min/max=0/0 queue_p99[prefill=0.0,decode=0.0] queue_now[prefill=0,decode=0] active_sessions=20 output=233.9 tok/s interval_p99_ttft=0.266s
  sim=  0.17d   1.67% wall=   3.5s speed=    2967x eta=   4.8m admitted=6744 completed=6743 running=1 waiting=0 waiting_min/max=0/1 queue_p99[prefill=0.0,decode=0.0] queue_now[prefill=0,decode=0] active_sessions=29 output=384.6 tok/s interval_p99_ttft=1.065s
  sim=  0.21d   2.08% wall=   4.5s speed=    3662x eta=   3.9m admitted=8635 completed=8634 running=1 waiting=0 waiting_min/max=0/1 queue_p99[prefill=0.0,decode=0.0] queue_now[prefill=0,decode=0] active_sessions=30 output=295.8 tok/s interval_p99_ttft=1.030s
  sim=  0.25d   2.50% wall=   5.5s speed=    3580x eta=   3.9m admitted=10329 completed=10328 running=0 waiting=0 waiting_min/max=0/1 queue_p99[prefill=0.0,decode=0.0] queue_now[prefill=0,decode=0] active_sessions=35 output=314.9 tok/s interval_p99_ttft=0.328s
  sim=  0.29d   2.92% wall=   6.7s speed=    3043x eta=   4.6m admitted=12159 completed=12158 running=0 waiting=0 waiting_min/max=0/0 queue_p99[prefill=0.0,decode=0.0] queue_now[prefill=0,decode=0] active_sessions=27 output=364.3 tok/s interval_p99_ttft=0.267s
  sim=  0.33d   3.33% wall=   7.5s speed=    4524x eta=   3.1m admitted=13480 completed=13479 running=1 waiting=0 waiting_min/max=0/0 queue_p99[prefill=0.0,decode=0.0] queue_now[prefill=0,decode=0] active_sessions=28 output=212.3 tok/s interval_p99_ttft=0.287s
  sim=  0.38d   3.75% wall=   8.9s speed=    2589x eta=   5.4m admitted=15777 completed=15776 running=1 waiting=0 waiting_min/max=0/1 queue_p99[prefill=0.0,decode=0.0] queue_now[prefill=0,decode=0] active_sessions=32 output=417.0 tok/s interval_p99_ttft=0.327s
  sim=  0.42d   4.17% wall=  10.2s speed=    2749x eta=   5.0m admitted=18120 completed=18118 running=2 waiting=0 waiting_min/max=0/1 queue_p99[prefill=0.0,decode=0.0] queue_now[prefill=0,decode=0] active_sessions=35 output=379.0 tok/s interval_p99_ttft=0.274s
  sim=  0.46d   4.58% wall=  11.3s speed=    3254x eta=   4.2m admitted=19963 completed=19962 running=0 waiting=0 waiting_min/max=0/1 queue_p99[prefill=0.0,decode=0.0] queue_now[prefill=0,decode=0] active_sessions=40 output=301.8 tok/s interval_p99_ttft=0.264s
  sim=  0.50d   5.00% wall=  12.4s speed=    3264x eta=   4.2m admitted=22036 completed=22035 running=1 waiting=0 waiting_min/max=0/0 queue_p99[prefill=0.0,decode=0.0] queue_now[prefill=0,decode=0] active_sessions=42 output=299.1 tok/s interval_p99_ttft=0.285s
  sim=  0.54d   5.42% wall=  13.7s speed=    2879x eta=   4.7m admitted=24014 completed=24012 running=2 waiting=0 waiting_min/max=0/1 queue_p99[prefill=0.0,decode=0.0] queue_now[prefill=0,decode=0] active_sessions=44 output=348.5 tok/s interval_p99_ttft=0.304s
  sim=  0.58d   5.83% wall=  15.0s speed=    2707x eta=   5.0m admitted=26532 completed=26531 running=1 waiting=0 waiting_min/max=0/1 queue_p99[prefill=0.0,decode=0.0] queue_now[prefill=0,decode=0] active_sessions=48 output=347.5 tok/s interval_p99_ttft=0.234s
  sim=  0.63d   6.25% wall=  16.1s speed=    3108x eta=   4.3m admitted=28739 completed=28738 running=1 waiting=0 waiting_min/max=0/1 queue_p99[prefill=0.0,decode=0.0] queue_now[prefill=0,decode=0] active_sessions=55 output=296.9 tok/s interval_p99_ttft=0.685s
  sim=  0.67d   6.67% wall=  17.1s speed=    3641x eta=   3.7m admitted=30291 completed=30290 running=1 waiting=0 waiting_min/max=0/2 queue_p99[prefill=0.0,decode=0.0] queue_now[prefill=0,decode=0] active_sessions=42 output=239.9 tok/s interval_p99_ttft=0.532s
  sim=  0.71d   7.08% wall=  18.1s speed=    3838x eta=   3.5m admitted=31442 completed=31441 running=1 waiting=0 waiting_min/max=0/0 queue_p99[prefill=0.0,decode=0.0] queue_now[prefill=0,decode=0] active_sessions=46 output=249.4 tok/s interval_p99_ttft=0.416s
  sim=  0.75d   7.50% wall=  19.5s speed=    2575x eta=   5.2m admitted=33246 completed=33245 running=1 waiting=0 waiting_min/max=0/1 queue_p99[prefill=0.0,decode=0.0] queue_now[prefill=0,decode=0] active_sessions=43 output=396.5 tok/s interval_p99_ttft=0.373s
  sim=  0.79d   7.92% wall=  21.1s speed=    2146x eta=   6.2m admitted=36403 completed=36400 running=3 waiting=0 waiting_min/max=0/1 queue_p99[prefill=0.0,decode=0.0] queue_now[prefill=0,decode=0] active_sessions=49 output=454.6 tok/s interval_p99_ttft=0.336s
  sim=  0.83d   8.33% wall=  22.7s speed=    2281x eta=   5.8m admitted=39131 completed=39128 running=3 waiting=0 waiting_min/max=0/1 queue_p99[prefill=0.0,decode=0.0] queue_now[prefill=0,decode=0] active_sessions=57 output=451.7 tok/s interval_p99_ttft=0.295s
  sim=  0.88d   8.75% wall=  23.7s speed=    3772x eta=   3.5m admitted=40354 completed=40353 running=1 waiting=0 waiting_min/max=0/0 queue_p99[prefill=0.0,decode=0.0] queue_now[prefill=0,decode=0] active_sessions=52 output=258.5 tok/s interval_p99_ttft=0.453s
  sim=  0.92d   9.17% wall=  24.8s speed=    3339x eta=   3.9m admitted=42031 completed=42030 running=0 waiting=0 waiting_min/max=0/1 queue_p99[prefill=0.0,decode=0.0] queue_now[prefill=0,decode=0] active_sessions=51 output=249.4 tok/s interval_p99_ttft=1.109s
  sim=  0.96d   9.58% wall=  26.1s speed=    2604x eta=   5.0m admitted=44184 completed=44183 running=0 waiting=0 waiting_min/max=0/0 queue_p99[prefill=0.0,decode=0.0] queue_now[prefill=0,decode=0] active_sessions=56 output=354.4 tok/s interval_p99_ttft=0.281s
  sim=  1.00d  10.00% wall=  27.2s speed=    3347x eta=   3.9m admitted=45915 completed=45914 running=1 waiting=0 waiting_min/max=0/0 queue_p99[prefill=0.0,decode=0.0] queue_now[prefill=0,decode=0] active_sessions=55 output=244.9 tok/s interval_p99_ttft=0.279s
  sim=  1.04d  10.42% wall=  28.5s speed=    2763x eta=   4.7m admitted=47812 completed=47808 running=4 waiting=0 waiting_min/max=0/1 queue_p99[prefill=0.0,decode=0.0] queue_now[prefill=0,decode=0] active_sessions=67 output=344.7 tok/s interval_p99_ttft=0.303s
  sim=  1.08d  10.83% wall=  30.1s speed=    2267x eta=   5.7m admitted=50523 completed=50521 running=2 waiting=0 waiting_min/max=0/1 queue_p99[prefill=0.0,decode=0.0] queue_now[prefill=0,decode=0] active_sessions=65 output=394.1 tok/s interval_p99_ttft=0.355s
  sim=  1.13d  11.25% wall=  31.8s speed=    2095x eta=   6.1m admitted=53338 completed=53335 running=3 waiting=0 waiting_min/max=0/5 queue_p99[prefill=2.0,decode=1.0] queue_now[prefill=0,decode=0] active_sessions=71 output=454.4 tok/s interval_p99_ttft=8.943s
  sim=  1.17d  11.67% wall=  33.5s speed=    2117x eta=   6.0m admitted=55704 completed=55703 running=1 waiting=0 waiting_min/max=0/1 queue_p99[prefill=0.0,decode=0.0] queue_now[prefill=0,decode=0] active_sessions=68 output=439.3 tok/s interval_p99_ttft=0.382s
  sim=  1.21d  12.08% wall=  35.1s speed=    2240x eta=   5.7m admitted=58072 completed=58071 running=1 waiting=0 waiting_min/max=0/1 queue_p99[prefill=0.0,decode=0.0] queue_now[prefill=0,decode=0] active_sessions=70 output=416.3 tok/s interval_p99_ttft=0.461s
  sim=  1.25d  12.50% wall=  36.5s speed=    2618x eta=   4.8m admitted=60067 completed=60066 running=1 waiting=0 waiting_min/max=0/1 queue_p99[prefill=0.0,decode=0.0] queue_now[prefill=0,decode=0] active_sessions=70 output=319.4 tok/s interval_p99_ttft=0.343s
  sim=  1.29d  12.92% wall=  38.2s speed=    2108x eta=   5.9m admitted=62462 completed=62461 running=1 waiting=0 waiting_min/max=0/1 queue_p99[prefill=0.0,decode=0.0] queue_now[prefill=0,decode=0] active_sessions=69 output=507.6 tok/s interval_p99_ttft=0.443s
  sim=  1.33d  13.33% wall=  39.7s speed=    2371x eta=   5.3m admitted=64697 completed=64695 running=2 waiting=0 waiting_min/max=0/2 queue_p99[prefill=0.0,decode=0.0] queue_now[prefill=0,decode=0] active_sessions=70 output=363.5 tok/s interval_p99_ttft=0.710s
  sim=  1.38d  13.75% wall=  41.2s speed=    2484x eta=   5.0m admitted=66785 completed=66784 running=1 waiting=0 waiting_min/max=0/2 queue_p99[prefill=1.0,decode=0.0] queue_now[prefill=0,decode=0] active_sessions=71 output=327.0 tok/s interval_p99_ttft=6.919s
  sim=  1.42d  14.17% wall=  42.8s speed=    2274x eta=   5.4m admitted=69236 completed=69235 running=0 waiting=0 waiting_min/max=0/2 queue_p99[prefill=0.0,decode=0.0] queue_now[prefill=0,decode=0] active_sessions=74 output=367.3 tok/s interval_p99_ttft=0.410s
  sim=  1.46d  14.58% wall=  44.2s speed=    2476x eta=   5.0m admitted=71247 completed=71245 running=2 waiting=0 waiting_min/max=0/2 queue_p99[prefill=0.0,decode=0.0] queue_now[prefill=0,decode=0] active_sessions=72 output=314.8 tok/s interval_p99_ttft=0.378s
  sim=  1.50d  15.00% wall=  45.6s speed=    2628x eta=   4.7m admitted=73075 completed=73074 running=1 waiting=0 waiting_min/max=0/1 queue_p99[prefill=0.0,decode=0.0] queue_now[prefill=0,decode=0] active_sessions=70 output=296.3 tok/s interval_p99_ttft=0.360s
  sim=  1.54d  15.42% wall=  47.2s speed=    2232x eta=   5.5m admitted=75560 completed=75558 running=2 waiting=0 waiting_min/max=0/1 queue_p99[prefill=0.0,decode=0.0] queue_now[prefill=0,decode=0] active_sessions=76 output=330.6 tok/s interval_p99_ttft=0.317s
  sim=  1.58d  15.83% wall=  49.5s speed=    1594x eta=   7.6m admitted=79626 completed=79621 running=3 waiting=0 waiting_min/max=0/2 queue_p99[prefill=1.0,decode=0.0] queue_now[prefill=0,decode=0] active_sessions=82 output=486.2 tok/s interval_p99_ttft=1.043s
  sim=  1.63d  16.25% wall=  51.0s speed=    2351x eta=   5.1m admitted=81777 completed=81776 running=1 waiting=0 waiting_min/max=0/1 queue_p99[prefill=0.0,decode=0.0] queue_now[prefill=0,decode=0] active_sessions=78 output=300.3 tok/s interval_p99_ttft=1.083s
  sim=  1.67d  16.67% wall=  52.6s speed=    2198x eta=   5.5m admitted=84138 completed=84134 running=4 waiting=0 waiting_min/max=0/1 queue_p99[prefill=0.0,decode=0.0] queue_now[prefill=0,decode=0] active_sessions=86 output=333.2 tok/s interval_p99_ttft=0.340s
  sim=  1.71d  17.08% wall=  54.5s speed=    1902x eta=   6.3m admitted=86969 completed=86966 running=3 waiting=0 waiting_min/max=0/2 queue_p99[prefill=0.0,decode=0.0] queue_now[prefill=0,decode=0] active_sessions=89 output=415.1 tok/s interval_p99_ttft=0.313s
  sim=  1.75d  17.50% wall=  55.9s speed=    2582x eta=   4.6m admitted=88764 completed=88763 running=1 waiting=0 waiting_min/max=0/0 queue_p99[prefill=0.0,decode=0.0] queue_now[prefill=0,decode=0] active_sessions=88 output=279.1 tok/s interval_p99_ttft=0.373s
  sim=  1.79d  17.92% wall=  57.3s speed=    2690x eta=   4.4m admitted=90378 completed=90377 running=1 waiting=0 waiting_min/max=0/1 queue_p99[prefill=0.0,decode=0.0] queue_now[prefill=0,decode=0] active_sessions=84 output=256.1 tok/s interval_p99_ttft=0.589s
  sim=  1.83d  18.33% wall=  59.3s speed=    1737x eta=   6.8m admitted=93301 completed=93300 running=1 waiting=0 waiting_min/max=0/2 queue_p99[prefill=1.0,decode=0.0] queue_now[prefill=0,decode=0] active_sessions=94 output=471.4 tok/s interval_p99_ttft=1.199s
  sim=  1.88d  18.75% wall=   1.0m speed=    1836x eta=   6.4m admitted=96224 completed=96222 running=2 waiting=0 waiting_min/max=0/1 queue_p99[prefill=0.0,decode=0.0] queue_now[prefill=0,decode=0] active_sessions=93 output=444.7 tok/s interval_p99_ttft=0.405s
  sim=  1.92d  19.17% wall=   1.1m speed=    1895x eta=   6.1m admitted=98749 completed=98748 running=1 waiting=0 waiting_min/max=0/2 queue_p99[prefill=0.0,decode=0.0] queue_now[prefill=0,decode=0] active_sessions=98 output=416.2 tok/s interval_p99_ttft=0.503s
  sim=  1.96d  19.58% wall=   1.1m speed=    1378x eta=   8.4m admitted=102567 completed=102563 running=4 waiting=0 waiting_min/max=0/1 queue_p99[prefill=0.0,decode=0.0] queue_now[prefill=0,decode=0] active_sessions=99 output=625.3 tok/s interval_p99_ttft=1.004s
  sim=  2.00d  20.00% wall=   1.1m speed=    1408x eta=   8.2m admitted=105963 completed=105962 running=1 waiting=0 waiting_min/max=0/2 queue_p99[prefill=0.0,decode=0.0] queue_now[prefill=0,decode=0] active_sessions=99 output=613.8 tok/s interval_p99_ttft=1.099s
  sim=  2.04d  20.42% wall=   1.2m speed=    1538x eta=   7.4m admitted=108634 completed=108633 running=1 waiting=0 waiting_min/max=0/2 queue_p99[prefill=0.0,decode=0.0] queue_now[prefill=0,decode=0] active_sessions=97 output=519.8 tok/s interval_p99_ttft=0.515s
  sim=  2.08d  20.83% wall=   1.2m speed=    1424x eta=   8.0m admitted=111813 completed=111808 running=5 waiting=0 waiting_min/max=0/2 queue_p99[prefill=0.0,decode=0.0] queue_now[prefill=0,decode=0] active_sessions=98 output=599.2 tok/s interval_p99_ttft=1.295s
  sim=  2.13d  21.25% wall=   1.3m speed=    1454x eta=   7.8m admitted=115378 completed=115375 running=3 waiting=0 waiting_min/max=0/3 queue_p99[prefill=1.0,decode=0.0] queue_now[prefill=0,decode=0] active_sessions=98 output=554.7 tok/s interval_p99_ttft=2.815s
  sim=  2.17d  21.67% wall=   1.3m speed=    1439x eta=   7.8m admitted=118885 completed=118884 running=1 waiting=0 waiting_min/max=0/4 queue_p99[prefill=1.0,decode=0.0] queue_now[prefill=0,decode=0] active_sessions=90 output=494.4 tok/s interval_p99_ttft=4.467s
  sim=  2.21d  22.08% wall=   1.3m speed=    1701x eta=   6.6m admitted=121560 completed=121559 running=1 waiting=0 waiting_min/max=0/2 queue_p99[prefill=1.0,decode=0.0] queue_now[prefill=0,decode=0] active_sessions=84 output=413.5 tok/s interval_p99_ttft=5.141s
  sim=  2.25d  22.50% wall=   1.4m speed=    1884x eta=   5.9m admitted=124037 completed=124036 running=0 waiting=0 waiting_min/max=0/2 queue_p99[prefill=0.0,decode=0.0] queue_now[prefill=0,decode=0] active_sessions=87 output=328.8 tok/s interval_p99_ttft=0.803s
  sim=  2.29d  22.92% wall=   1.4m speed=    1731x eta=   6.4m admitted=126340 completed=126337 running=3 waiting=0 waiting_min/max=0/1 queue_p99[prefill=0.0,decode=0.0] queue_now[prefill=0,decode=0] active_sessions=93 output=402.0 tok/s interval_p99_ttft=1.156s
  sim=  2.33d  23.33% wall=   1.4m speed=    1460x eta=   7.6m admitted=128944 completed=128941 running=2 waiting=0 waiting_min/max=0/1 queue_p99[prefill=0.0,decode=0.0] queue_now[prefill=0,decode=0] active_sessions=96 output=539.5 tok/s interval_p99_ttft=0.386s
  sim=  2.38d  23.75% wall=   1.5m speed=    1284x eta=   8.5m admitted=132564 completed=132561 running=3 waiting=0 waiting_min/max=0/2 queue_p99[prefill=0.0,decode=0.0] queue_now[prefill=0,decode=0] active_sessions=94 output=595.2 tok/s interval_p99_ttft=1.431s
  sim=  2.42d  24.17% wall=   1.5m speed=    1215x eta=   9.0m admitted=136457 completed=136456 running=1 waiting=0 waiting_min/max=0/3 queue_p99[prefill=1.0,decode=0.0] queue_now[prefill=0,decode=0] active_sessions=94 output=596.0 tok/s interval_p99_ttft=1.934s
  sim=  2.46d  24.58% wall=   1.6m speed=    1276x eta=   8.5m admitted=140214 completed=140213 running=1 waiting=0 waiting_min/max=0/3 queue_p99[prefill=1.0,decode=0.0] queue_now[prefill=0,decode=0] active_sessions=99 output=475.1 tok/s interval_p99_ttft=2.719s
  sim=  2.50d  25.00% wall=   1.6m speed=    1225x eta=   8.8m admitted=143631 completed=143629 running=2 waiting=0 waiting_min/max=0/2 queue_p99[prefill=1.0,decode=0.0] queue_now[prefill=0,decode=0] active_sessions=102 output=581.7 tok/s interval_p99_ttft=2.083s
  sim=  2.54d  25.42% wall=   1.7m speed=    1324x eta=   8.1m admitted=147341 completed=147338 running=3 waiting=0 waiting_min/max=0/3 queue_p99[prefill=1.0,decode=0.0] queue_now[prefill=0,decode=0] active_sessions=103 output=483.9 tok/s interval_p99_ttft=0.898s
  sim=  2.58d  25.83% wall=   1.7m speed=    1334x eta=   8.0m admitted=150720 completed=150715 running=5 waiting=0 waiting_min/max=0/4 queue_p99[prefill=1.0,decode=0.0] queue_now[prefill=0,decode=0] active_sessions=102 output=458.0 tok/s interval_p99_ttft=1.064s
  sim=  2.63d  26.25% wall=   1.8m speed=    1295x eta=   8.2m admitted=153982 completed=153979 running=3 waiting=0 waiting_min/max=0/3 queue_p99[prefill=1.0,decode=0.0] queue_now[prefill=0,decode=0] active_sessions=103 output=493.6 tok/s interval_p99_ttft=1.444s
  sim=  2.67d  26.67% wall=   1.8m speed=    1210x eta=   8.7m admitted=157641 completed=157640 running=1 waiting=0 waiting_min/max=0/1 queue_p99[prefill=0.0,decode=0.0] queue_now[prefill=0,decode=0] active_sessions=97 output=510.8 tok/s interval_p99_ttft=0.570s
  sim=  2.71d  27.08% wall=   1.9m speed=    1196x eta=   8.8m admitted=161004 completed=161003 running=1 waiting=0 waiting_min/max=0/2 queue_p99[prefill=1.0,decode=0.0] queue_now[prefill=0,decode=0] active_sessions=102 output=571.6 tok/s interval_p99_ttft=0.960s
  sim=  2.75d  27.50% wall=   1.9m speed=    1301x eta=   8.0m admitted=164409 completed=164407 running=2 waiting=0 waiting_min/max=0/1 queue_p99[prefill=0.0,decode=0.0] queue_now[prefill=0,decode=0] active_sessions=108 output=494.3 tok/s interval_p99_ttft=0.509s
  sim=  2.79d  27.92% wall=   2.0m speed=    1054x eta=   9.8m admitted=168589 completed=168588 running=1 waiting=0 waiting_min/max=0/2 queue_p99[prefill=0.0,decode=0.0] queue_now[prefill=0,decode=0] active_sessions=106 output=686.1 tok/s interval_p99_ttft=0.511s
  sim=  2.83d  28.33% wall=   2.0m speed=    1094x eta=   9.4m admitted=172444 completed=172442 running=2 waiting=0 waiting_min/max=0/1 queue_p99[prefill=0.0,decode=0.0] queue_now[prefill=0,decode=0] active_sessions=109 output=487.4 tok/s interval_p99_ttft=0.295s
  sim=  2.88d  28.75% wall=   2.1m speed=    1173x eta=   8.8m admitted=175672 completed=175671 running=1 waiting=0 waiting_min/max=0/1 queue_p99[prefill=0.0,decode=0.0] queue_now[prefill=0,decode=0] active_sessions=105 output=419.4 tok/s interval_p99_ttft=0.446s
  sim=  2.92d  29.17% wall=   2.1m speed=    1139x eta=   9.0m admitted=179033 completed=179030 running=3 waiting=0 waiting_min/max=0/1 queue_p99[prefill=0.0,decode=0.0] queue_now[prefill=0,decode=0] active_sessions=103 output=522.2 tok/s interval_p99_ttft=0.382s
  sim=  2.96d  29.58% wall=   2.2m speed=    1372x eta=   7.4m admitted=181909 completed=181908 running=1 waiting=0 waiting_min/max=0/1 queue_p99[prefill=0.0,decode=0.0] queue_now[prefill=0,decode=0] active_sessions=102 output=398.5 tok/s interval_p99_ttft=0.449s
  sim=  3.00d  30.00% wall=   2.2m speed=    1242x eta=   8.1m admitted=184761 completed=184760 running=0 waiting=0 waiting_min/max=0/1 queue_p99[prefill=0.0,decode=0.0] queue_now[prefill=0,decode=0] active_sessions=110 output=512.4 tok/s interval_p99_ttft=0.728s
  sim=  3.04d  30.42% wall=   2.3m speed=    1153x eta=   8.7m admitted=188036 completed=188034 running=2 waiting=0 waiting_min/max=0/3 queue_p99[prefill=0.0,decode=0.0] queue_now[prefill=0,decode=0] active_sessions=104 output=531.2 tok/s interval_p99_ttft=0.406s
  sim=  3.08d  30.83% wall=   2.3m speed=    1121x eta=   8.9m admitted=191583 completed=191581 running=2 waiting=0 waiting_min/max=0/2 queue_p99[prefill=0.0,decode=0.0] queue_now[prefill=0,decode=0] active_sessions=112 output=505.3 tok/s interval_p99_ttft=0.308s
  sim=  3.13d  31.25% wall=   2.4m speed=    1151x eta=   8.6m admitted=194697 completed=194695 running=2 waiting=0 waiting_min/max=0/2 queue_p99[prefill=0.0,decode=0.0] queue_now[prefill=0,decode=0] active_sessions=117 output=552.1 tok/s interval_p99_ttft=1.187s
  sim=  3.17d  31.67% wall=   2.4m speed=    1022x eta=   9.6m admitted=198205 completed=198202 running=2 waiting=0 waiting_min/max=0/2 queue_p99[prefill=0.0,decode=0.0] queue_now[prefill=0,decode=0] active_sessions=113 output=557.5 tok/s interval_p99_ttft=0.718s
  sim=  3.21d  32.08% wall=   2.5m speed=    1084x eta=   9.0m admitted=201528 completed=201526 running=2 waiting=0 waiting_min/max=0/2 queue_p99[prefill=0.0,decode=0.0] queue_now[prefill=0,decode=0] active_sessions=114 output=547.5 tok/s interval_p99_ttft=0.510s
  sim=  3.25d  32.50% wall=   2.6m speed=    1035x eta=   9.4m admitted=204765 completed=204763 running=2 waiting=0 waiting_min/max=0/2 queue_p99[prefill=1.0,decode=0.0] queue_now[prefill=0,decode=0] active_sessions=107 output=484.8 tok/s interval_p99_ttft=2.186s
  sim=  3.29d  32.92% wall=   2.6m speed=    1414x eta=   6.8m admitted=206603 completed=206602 running=1 waiting=0 waiting_min/max=0/3 queue_p99[prefill=1.0,decode=0.0] queue_now[prefill=0,decode=0] active_sessions=104 output=433.6 tok/s interval_p99_ttft=4.163s
  sim=  3.33d  33.33% wall=   2.7m speed=    1060x eta=   9.1m admitted=209780 completed=209776 running=4 waiting=0 waiting_min/max=0/3 queue_p99[prefill=2.0,decode=0.0] queue_now[prefill=0,decode=0] active_sessions=113 output=613.9 tok/s interval_p99_ttft=10.760s
  sim=  3.38d  33.75% wall=   2.7m speed=    1034x eta=   9.2m admitted=213105 completed=213104 running=0 waiting=0 waiting_min/max=0/3 queue_p99[prefill=1.0,decode=0.0] queue_now[prefill=0,decode=0] active_sessions=113 output=622.5 tok/s interval_p99_ttft=1.908s
  sim=  3.42d  34.17% wall=   2.8m speed=    1194x eta=   7.9m admitted=215765 completed=215764 running=1 waiting=0 waiting_min/max=0/2 queue_p99[prefill=0.0,decode=0.0] queue_now[prefill=0,decode=0] active_sessions=109 output=457.3 tok/s interval_p99_ttft=0.769s
  sim=  3.46d  34.58% wall=   2.8m speed=    1373x eta=   6.9m admitted=217902 completed=217900 running=2 waiting=0 waiting_min/max=0/1 queue_p99[prefill=0.0,decode=0.0] queue_now[prefill=0,decode=0] active_sessions=117 output=405.6 tok/s interval_p99_ttft=0.397s
  sim=  3.50d  35.00% wall=   2.9m speed=    1143x eta=   8.2m admitted=220709 completed=220708 running=0 waiting=0 waiting_min/max=0/2 queue_p99[prefill=1.0,decode=0.0] queue_now[prefill=0,decode=0] active_sessions=116 output=461.3 tok/s interval_p99_ttft=1.174s
  sim=  3.54d  35.42% wall=   2.9m speed=    1221x eta=   7.6m admitted=222968 completed=222967 running=1 waiting=0 waiting_min/max=0/2 queue_p99[prefill=0.0,decode=0.0] queue_now[prefill=0,decode=0] active_sessions=109 output=512.3 tok/s interval_p99_ttft=0.740s
  sim=  3.58d  35.83% wall=   3.0m speed=    1066x eta=   8.7m admitted=226006 completed=226001 running=5 waiting=0 waiting_min/max=0/2 queue_p99[prefill=0.0,decode=0.0] queue_now[prefill=0,decode=0] active_sessions=115 output=453.6 tok/s interval_p99_ttft=1.344s
  sim=  3.63d  36.25% wall=   3.0m speed=    1192x eta=   7.7m admitted=228370 completed=228369 running=1 waiting=0 waiting_min/max=0/1 queue_p99[prefill=0.0,decode=0.0] queue_now[prefill=0,decode=0] active_sessions=119 output=473.3 tok/s interval_p99_ttft=0.528s
  sim=  3.67d  36.67% wall=   3.1m speed=    1010x eta=   9.0m admitted=231470 completed=231468 running=2 waiting=0 waiting_min/max=0/2 queue_p99[prefill=0.0,decode=0.0] queue_now[prefill=0,decode=0] active_sessions=113 output=592.3 tok/s interval_p99_ttft=1.207s
  sim=  3.71d  37.08% wall=   3.1m speed=     876x eta=  10.3m admitted=234888 completed=234882 running=6 waiting=0 waiting_min/max=0/3 queue_p99[prefill=1.0,decode=0.0] queue_now[prefill=0,decode=0] active_sessions=125 output=753.6 tok/s interval_p99_ttft=2.325s
  sim=  3.75d  37.50% wall=   3.2m speed=     905x eta=   9.9m admitted=238275 completed=238274 running=0 waiting=0 waiting_min/max=0/4 queue_p99[prefill=3.0,decode=0.0] queue_now[prefill=0,decode=0] active_sessions=120 output=740.4 tok/s interval_p99_ttft=10.877s
  sim=  3.79d  37.92% wall=   3.3m speed=    1216x eta=   7.4m admitted=240520 completed=240518 running=2 waiting=0 waiting_min/max=0/3 queue_p99[prefill=2.0,decode=0.0] queue_now[prefill=0,decode=0] active_sessions=120 output=493.8 tok/s interval_p99_ttft=14.758s
  sim=  3.83d  38.33% wall=   3.3m speed=    1117x eta=   7.9m admitted=242942 completed=242940 running=2 waiting=0 waiting_min/max=0/2 queue_p99[prefill=0.0,decode=0.0] queue_now[prefill=0,decode=0] active_sessions=123 output=555.2 tok/s interval_p99_ttft=0.695s
  sim=  3.88d  38.75% wall=   3.4m speed=     860x eta=  10.3m admitted=246796 completed=246795 running=1 waiting=0 waiting_min/max=0/3 queue_p99[prefill=0.0,decode=0.0] queue_now[prefill=0,decode=0] active_sessions=123 output=571.5 tok/s interval_p99_ttft=0.535s
  sim=  3.92d  39.17% wall=   3.5m speed=     892x eta=   9.8m admitted=250065 completed=250063 running=2 waiting=0 waiting_min/max=0/1 queue_p99[prefill=0.0,decode=0.0] queue_now[prefill=0,decode=0] active_sessions=126 output=607.3 tok/s interval_p99_ttft=0.375s
  sim=  3.96d  39.58% wall=   3.5m speed=     953x eta=   9.1m admitted=253306 completed=253304 running=2 waiting=0 waiting_min/max=0/1 queue_p99[prefill=0.0,decode=0.0] queue_now[prefill=0,decode=0] active_sessions=130 output=583.1 tok/s interval_p99_ttft=0.495s
  sim=  4.00d  40.00% wall=   3.6m speed=     839x eta=  10.3m admitted=257151 completed=257149 running=2 waiting=0 waiting_min/max=0/2 queue_p99[prefill=0.0,decode=0.0] queue_now[prefill=0,decode=0] active_sessions=131 output=681.4 tok/s interval_p99_ttft=0.655s
  sim=  4.04d  40.42% wall=   3.7m speed=     925x eta=   9.3m admitted=260044 completed=260039 running=5 waiting=0 waiting_min/max=0/5 queue_p99[prefill=1.0,decode=0.0] queue_now[prefill=0,decode=0] active_sessions=120 output=588.3 tok/s interval_p99_ttft=3.163s
  sim=  4.08d  40.83% wall=   3.7m speed=     825x eta=  10.3m admitted=263341 completed=263337 running=4 waiting=0 waiting_min/max=0/2 queue_p99[prefill=1.0,decode=0.0] queue_now[prefill=0,decode=0] active_sessions=129 output=638.5 tok/s interval_p99_ttft=3.045s
  sim=  4.13d  41.25% wall=   3.8m speed=     842x eta=  10.1m admitted=266910 completed=266909 running=1 waiting=0 waiting_min/max=0/5 queue_p99[prefill=4.0,decode=0.0] queue_now[prefill=0,decode=0] active_sessions=124 output=648.2 tok/s interval_p99_ttft=15.531s
  sim=  4.17d  41.67% wall=   3.9m speed=     840x eta=  10.0m admitted=270308 completed=270306 running=2 waiting=0 waiting_min/max=0/3 queue_p99[prefill=2.0,decode=0.0] queue_now[prefill=0,decode=0] active_sessions=130 output=646.8 tok/s interval_p99_ttft=6.461s
  sim=  4.21d  42.08% wall=   3.9m speed=     775x eta=  10.8m admitted=274235 completed=274233 running=2 waiting=0 waiting_min/max=0/4 queue_p99[prefill=1.0,decode=0.0] queue_now[prefill=0,decode=0] active_sessions=129 output=670.2 tok/s interval_p99_ttft=2.091s
  sim=  4.25d  42.50% wall=   4.0m speed=     739x eta=  11.2m admitted=278479 completed=278476 running=3 waiting=0 waiting_min/max=0/5 queue_p99[prefill=3.0,decode=0.0] queue_now[prefill=0,decode=0] active_sessions=129 output=602.5 tok/s interval_p99_ttft=4.357s
  sim=  4.29d  42.92% wall=   4.1m speed=     715x eta=  11.5m admitted=283027 completed=283026 running=1 waiting=0 waiting_min/max=0/3 queue_p99[prefill=1.0,decode=0.0] queue_now[prefill=0,decode=0] active_sessions=128 output=573.8 tok/s interval_p99_ttft=2.679s
  sim=  4.33d  43.33% wall=   4.2m speed=     860x eta=   9.5m admitted=286380 completed=286377 running=3 waiting=0 waiting_min/max=0/3 queue_p99[prefill=0.0,decode=0.0] queue_now[prefill=0,decode=0] active_sessions=132 output=507.0 tok/s interval_p99_ttft=1.617s
  sim=  4.38d  43.75% wall=   4.3m speed=     691x eta=  11.7m admitted=290687 completed=290682 running=5 waiting=0 waiting_min/max=0/5 queue_p99[prefill=3.0,decode=0.0] queue_now[prefill=0,decode=0] active_sessions=132 output=760.1 tok/s interval_p99_ttft=7.334s
  sim=  4.42d  44.17% wall=   4.4m speed=     700x eta=  11.5m admitted=294736 completed=294732 running=4 waiting=0 waiting_min/max=0/6 queue_p99[prefill=4.0,decode=2.0] queue_now[prefill=0,decode=0] active_sessions=139 output=773.5 tok/s interval_p99_ttft=13.263s
  sim=  4.46d  44.58% wall=   4.4m speed=     814x eta=   9.8m admitted=298004 completed=298002 running=2 waiting=0 waiting_min/max=0/9 queue_p99[prefill=7.0,decode=0.0] queue_now[prefill=0,decode=0] active_sessions=139 output=567.8 tok/s interval_p99_ttft=38.562s
  EARLY STOP: CompletedTtftSloBreach { interval_secs: 3600.036617439997, completed_samples: 3270, p99_ms: 38561.82376007316, limit_ms: 30000.0 }
