starting 10.000-day run: lambda/rank=0.003000, lambda/node=0.024000, progress every 3600 simulated seconds, stop at waiting 1000, 6 consecutive growing epochs
  sim=  0.04d   0.42% wall=   1.0s speed=    3878x eta=   3.7m admitted=2439 completed=2438 running=0 waiting=0 waiting_min/max=0/0 queue_p99[prefill=0.0,decode=0.0] queue_now[prefill=0,decode=0] active_sessions=22 output=380.3 tok/s interval_ttft_q0.950=0.157s
  sim=  0.08d   0.84% wall=   2.2s speed=    3208x eta=   4.5m admitted=5586 completed=5583 running=3 waiting=0 waiting_min/max=0/0 queue_p99[prefill=0.0,decode=0.0] queue_now[prefill=0,decode=0] active_sessions=37 output=500.8 tok/s interval_ttft_q0.950=0.506s
  sim=  0.13d   1.25% wall=   3.4s speed=    2899x eta=   4.9m admitted=8987 completed=8986 running=1 waiting=0 waiting_min/max=0/0 queue_p99[prefill=0.0,decode=0.0] queue_now[prefill=0,decode=0] active_sessions=45 output=611.9 tok/s interval_ttft_q0.950=0.552s
  sim=  0.17d   1.67% wall=   4.6s speed=    3066x eta=   4.6m admitted=11815 completed=11813 running=2 waiting=0 waiting_min/max=0/0 queue_p99[prefill=0.0,decode=0.0] queue_now[prefill=0,decode=0] active_sessions=42 output=520.3 tok/s interval_ttft_q0.950=0.162s
  sim=  0.21d   2.09% wall=   5.9s speed=    2640x eta=   5.3m admitted=15365 completed=15364 running=1 waiting=0 waiting_min/max=0/0 queue_p99[prefill=0.0,decode=0.0] queue_now[prefill=0,decode=0] active_sessions=56 output=572.3 tok/s interval_ttft_q0.950=0.146s
  sim=  0.25d   2.50% wall=   7.5s speed=    2357x eta=   6.0m admitted=20054 completed=20053 running=0 waiting=0 waiting_min/max=0/0 queue_p99[prefill=0.0,decode=0.0] queue_now[prefill=0,decode=0] active_sessions=59 output=687.4 tok/s interval_ttft_q0.950=0.140s
  sim=  0.29d   2.92% wall=   8.9s speed=    2461x eta=   5.7m admitted=24354 completed=24352 running=2 waiting=0 waiting_min/max=0/0 queue_p99[prefill=0.0,decode=0.0] queue_now[prefill=0,decode=0] active_sessions=63 output=668.3 tok/s interval_ttft_q0.950=0.145s
  sim=  0.33d   3.34% wall=  10.3s speed=    2581x eta=   5.4m admitted=28459 completed=28457 running=2 waiting=0 waiting_min/max=0/0 queue_p99[prefill=0.0,decode=0.0] queue_now[prefill=0,decode=0] active_sessions=62 output=646.7 tok/s interval_ttft_q0.950=0.306s
  sim=  0.38d   3.75% wall=  11.5s speed=    3055x eta=   4.5m admitted=31185 completed=31184 running=1 waiting=0 waiting_min/max=0/0 queue_p99[prefill=0.0,decode=0.0] queue_now[prefill=0,decode=0] active_sessions=62 output=529.6 tok/s interval_ttft_q0.950=0.174s
  sim=  0.42d   4.17% wall=  13.1s speed=    2314x eta=   6.0m admitted=36139 completed=36137 running=2 waiting=0 waiting_min/max=0/0 queue_p99[prefill=0.0,decode=0.0] queue_now[prefill=0,decode=0] active_sessions=79 output=820.6 tok/s interval_ttft_q0.950=0.182s
  sim=  0.46d   4.59% wall=  14.4s speed=    2722x eta=   5.0m admitted=40131 completed=40130 running=0 waiting=0 waiting_min/max=0/0 queue_p99[prefill=0.0,decode=0.0] queue_now[prefill=0,decode=0] active_sessions=76 output=614.5 tok/s interval_ttft_q0.950=0.453s
  sim=  0.50d   5.01% wall=  15.7s speed=    2705x eta=   5.1m admitted=43838 completed=43836 running=2 waiting=0 waiting_min/max=0/0 queue_p99[prefill=0.0,decode=0.0] queue_now[prefill=0,decode=0] active_sessions=80 output=607.7 tok/s interval_ttft_q0.950=0.160s
  sim=  0.54d   5.42% wall=  17.0s speed=    2898x eta=   4.7m admitted=47408 completed=47407 running=1 waiting=0 waiting_min/max=0/0 queue_p99[prefill=0.0,decode=0.0] queue_now[prefill=0,decode=0] active_sessions=87 output=576.9 tok/s interval_ttft_q0.950=0.175s
  sim=  0.58d   5.84% wall=  18.3s speed=    2673x eta=   5.1m admitted=51693 completed=51688 running=5 waiting=0 waiting_min/max=0/0 queue_p99[prefill=0.0,decode=0.0] queue_now[prefill=0,decode=0] active_sessions=95 output=630.5 tok/s interval_ttft_q0.950=0.184s
  sim=  0.63d   6.26% wall=  19.7s speed=    2544x eta=   5.3m admitted=55886 completed=55885 running=1 waiting=0 waiting_min/max=0/1 queue_p99[prefill=0.4,decode=0.0] queue_now[prefill=0,decode=0] active_sessions=103 output=648.6 tok/s interval_ttft_q0.950=0.159s
  sim=  0.67d   6.67% wall=  21.2s speed=    2516x eta=   5.3m admitted=60110 completed=60104 running=6 waiting=0 waiting_min/max=0/0 queue_p99[prefill=0.0,decode=0.0] queue_now[prefill=0,decode=0] active_sessions=101 output=745.8 tok/s interval_ttft_q0.950=0.197s
  sim=  0.71d   7.08% wall=  22.4s speed=    2801x eta=   4.8m admitted=63736 completed=63732 running=4 waiting=0 waiting_min/max=0/1 queue_p99[prefill=0.0,decode=0.4] queue_now[prefill=0,decode=0] active_sessions=101 output=613.9 tok/s interval_ttft_q0.950=0.174s
  sim=  0.75d   7.50% wall=  23.9s speed=    2501x eta=   5.3m admitted=67537 completed=67532 running=5 waiting=0 waiting_min/max=0/0 queue_p99[prefill=0.0,decode=0.0] queue_now[prefill=0,decode=0] active_sessions=98 output=713.2 tok/s interval_ttft_q0.950=0.175s
  sim=  0.79d   7.92% wall=  25.3s speed=    2498x eta=   5.3m admitted=72489 completed=72482 running=7 waiting=0 waiting_min/max=0/0 queue_p99[prefill=0.0,decode=0.0] queue_now[prefill=0,decode=0] active_sessions=114 output=766.2 tok/s interval_ttft_q0.950=0.467s
  sim=  0.83d   8.34% wall=  26.7s speed=    2629x eta=   5.0m admitted=77108 completed=77105 running=3 waiting=0 waiting_min/max=0/0 queue_p99[prefill=0.0,decode=0.0] queue_now[prefill=0,decode=0] active_sessions=117 output=614.1 tok/s interval_ttft_q0.950=0.555s
  sim=  0.88d   8.76% wall=  28.1s speed=    2599x eta=   5.1m admitted=81668 completed=81663 running=5 waiting=0 waiting_min/max=0/0 queue_p99[prefill=0.0,decode=0.0] queue_now[prefill=0,decode=0] active_sessions=119 output=627.1 tok/s interval_ttft_q0.950=0.150s
  sim=  0.92d   9.17% wall=  29.4s speed=    2686x eta=   4.9m admitted=85436 completed=85435 running=1 waiting=0 waiting_min/max=0/0 queue_p99[prefill=0.0,decode=0.0] queue_now[prefill=0,decode=0] active_sessions=134 output=561.2 tok/s interval_ttft_q0.950=0.162s
  sim=  0.96d   9.59% wall=  30.8s speed=    2599x eta=   5.0m admitted=89875 completed=89872 running=3 waiting=0 waiting_min/max=0/0 queue_p99[prefill=0.0,decode=0.0] queue_now[prefill=0,decode=0] active_sessions=141 output=665.5 tok/s interval_ttft_q0.950=0.211s
  sim=  1.00d  10.01% wall=  32.4s speed=    2304x eta=   5.6m admitted=94876 completed=94874 running=2 waiting=0 waiting_min/max=0/1 queue_p99[prefill=1.0,decode=0.0] queue_now[prefill=0,decode=0] active_sessions=148 output=799.4 tok/s interval_ttft_q0.950=0.476s
  sim=  1.04d  10.42% wall=  34.0s speed=    2199x eta=   5.9m admitted=100078 completed=100072 running=6 waiting=0 waiting_min/max=0/1 queue_p99[prefill=0.4,decode=0.0] queue_now[prefill=0,decode=0] active_sessions=145 output=949.7 tok/s interval_ttft_q0.950=0.267s
  sim=  1.08d  10.84% wall=  35.7s speed=    2143x eta=   6.0m admitted=106391 completed=106388 running=3 waiting=0 waiting_min/max=0/3 queue_p99[prefill=1.8,decode=0.0] queue_now[prefill=0,decode=0] active_sessions=148 output=938.1 tok/s interval_ttft_q0.950=0.490s
  sim=  1.13d  11.26% wall=  37.3s speed=    2247x eta=   5.7m admitted=111632 completed=111629 running=3 waiting=0 waiting_min/max=0/1 queue_p99[prefill=1.0,decode=0.0] queue_now[prefill=0,decode=0] active_sessions=131 output=839.7 tok/s interval_ttft_q0.950=0.306s
  sim=  1.17d  11.67% wall=  38.7s speed=    2568x eta=   5.0m admitted=115397 completed=115395 running=2 waiting=0 waiting_min/max=0/1 queue_p99[prefill=1.0,decode=0.0] queue_now[prefill=0,decode=0] active_sessions=141 output=680.5 tok/s interval_ttft_q0.950=0.334s
  sim=  1.21d  12.09% wall=  40.3s speed=    2293x eta=   5.5m admitted=120159 completed=120155 running=4 waiting=0 waiting_min/max=0/7 queue_p99[prefill=4.6,decode=0.0] queue_now[prefill=0,decode=0] active_sessions=145 output=813.5 tok/s interval_ttft_q0.950=0.729s
  sim=  1.25d  12.50% wall=  41.9s speed=    2155x eta=   5.8m admitted=125607 completed=125604 running=3 waiting=0 waiting_min/max=0/10 queue_p99[prefill=10.0,decode=1.6] queue_now[prefill=0,decode=0] active_sessions=145 output=969.2 tok/s interval_ttft_q0.950=6.581s
  sim=  1.29d  12.92% wall=  43.5s speed=    2278x eta=   5.5m admitted=131254 completed=131253 running=1 waiting=0 waiting_min/max=0/7 queue_p99[prefill=6.4,decode=0.0] queue_now[prefill=0,decode=0] active_sessions=159 output=826.7 tok/s interval_ttft_q0.950=1.202s
  sim=  1.33d  13.34% wall=  45.2s speed=    2082x eta=   6.0m admitted=137646 completed=137642 running=4 waiting=0 waiting_min/max=0/1 queue_p99[prefill=1.0,decode=0.0] queue_now[prefill=0,decode=0] active_sessions=154 output=1010.8 tok/s interval_ttft_q0.950=0.485s
  sim=  1.38d  13.75% wall=  47.0s speed=    1992x eta=   6.2m admitted=144749 completed=144742 running=7 waiting=0 waiting_min/max=0/7 queue_p99[prefill=4.0,decode=0.0] queue_now[prefill=0,decode=0] active_sessions=167 output=1114.3 tok/s interval_ttft_q0.950=0.491s
  sim=  1.42d  14.17% wall=  48.9s speed=    1992x eta=   6.2m admitted=151920 completed=151915 running=5 waiting=0 waiting_min/max=0/3 queue_p99[prefill=2.4,decode=0.0] queue_now[prefill=0,decode=0] active_sessions=163 output=1093.2 tok/s interval_ttft_q0.950=0.286s
  sim=  1.46d  14.59% wall=  50.7s speed=    1935x eta=   6.4m admitted=158984 completed=158979 running=5 waiting=0 waiting_min/max=0/1 queue_p99[prefill=1.0,decode=0.0] queue_now[prefill=0,decode=0] active_sessions=155 output=1047.3 tok/s interval_ttft_q0.950=0.303s
  sim=  1.50d  15.00% wall=  52.3s speed=    2314x eta=   5.3m admitted=164341 completed=164338 running=3 waiting=0 waiting_min/max=0/1 queue_p99[prefill=0.4,decode=0.0] queue_now[prefill=0,decode=0] active_sessions=164 output=860.1 tok/s interval_ttft_q0.950=0.357s
  sim=  1.54d  15.42% wall=  54.1s speed=    1980x eta=   6.2m admitted=171448 completed=171436 running=12 waiting=0 waiting_min/max=0/1 queue_p99[prefill=1.0,decode=0.0] queue_now[prefill=0,decode=0] active_sessions=168 output=1124.0 tok/s interval_ttft_q0.950=0.254s
  sim=  1.58d  15.84% wall=  55.9s speed=    2040x eta=   5.9m admitted=177467 completed=177464 running=3 waiting=0 waiting_min/max=0/1 queue_p99[prefill=1.0,decode=0.0] queue_now[prefill=0,decode=0] active_sessions=176 output=907.3 tok/s interval_ttft_q0.950=0.328s
  sim=  1.63d  16.25% wall=  57.6s speed=    2053x eta=   5.9m admitted=184235 completed=184230 running=5 waiting=0 waiting_min/max=0/3 queue_p99[prefill=2.4,decode=0.0] queue_now[prefill=0,decode=0] active_sessions=170 output=1004.1 tok/s interval_ttft_q0.950=0.978s
  sim=  1.67d  16.67% wall=  59.1s speed=    2404x eta=   5.0m admitted=188867 completed=188858 running=9 waiting=0 waiting_min/max=0/4 queue_p99[prefill=3.4,decode=0.0] queue_now[prefill=0,decode=0] active_sessions=175 output=750.6 tok/s interval_ttft_q0.950=0.804s
  sim=  1.71d  17.09% wall=   1.0m speed=    2154x eta=   5.5m admitted=194841 completed=194839 running=2 waiting=0 waiting_min/max=0/3 queue_p99[prefill=2.4,decode=0.0] queue_now[prefill=0,decode=0] active_sessions=171 output=982.2 tok/s interval_ttft_q0.950=0.655s
  sim=  1.75d  17.50% wall=   1.0m speed=    2219x eta=   5.4m admitted=199972 completed=199971 running=1 waiting=0 waiting_min/max=0/2 queue_p99[prefill=1.4,decode=0.0] queue_now[prefill=0,decode=0] active_sessions=180 output=904.4 tok/s interval_ttft_q0.950=0.383s
  sim=  1.79d  17.92% wall=   1.1m speed=    2028x eta=   5.8m admitted=205720 completed=205708 running=10 waiting=2 waiting_min/max=0/3 queue_p99[prefill=2.4,decode=0.8] queue_now[prefill=2,decode=0] active_sessions=177 output=1013.6 tok/s interval_ttft_q0.950=0.526s
  sim=  1.83d  18.34% wall=   1.1m speed=    2095x eta=   5.6m admitted=211751 completed=211749 running=2 waiting=0 waiting_min/max=0/2 queue_p99[prefill=1.4,decode=0.0] queue_now[prefill=0,decode=0] active_sessions=171 output=931.0 tok/s interval_ttft_q0.950=0.682s
  sim=  1.88d  18.75% wall=   1.1m speed=    2096x eta=   5.6m admitted=217431 completed=217427 running=4 waiting=0 waiting_min/max=0/1 queue_p99[prefill=1.0,decode=0.0] queue_now[prefill=0,decode=0] active_sessions=181 output=1028.8 tok/s interval_ttft_q0.950=0.497s
  sim=  1.92d  19.17% wall=   1.2m speed=    2152x eta=   5.4m admitted=222818 completed=222815 running=3 waiting=0 waiting_min/max=0/1 queue_p99[prefill=0.4,decode=0.0] queue_now[prefill=0,decode=0] active_sessions=182 output=968.7 tok/s interval_ttft_q0.950=0.268s
  sim=  1.96d  19.59% wall=   1.2m speed=    1773x eta=   6.5m admitted=229127 completed=229123 running=4 waiting=0 waiting_min/max=0/0 queue_p99[prefill=0.0,decode=0.0] queue_now[prefill=0,decode=0] active_sessions=184 output=1093.4 tok/s interval_ttft_q0.950=0.317s
  sim=  2.00d  20.00% wall=   1.2m speed=    1879x eta=   6.1m admitted=235814 completed=235806 running=8 waiting=0 waiting_min/max=0/2 queue_p99[prefill=1.0,decode=0.8] queue_now[prefill=0,decode=0] active_sessions=192 output=1225.5 tok/s interval_ttft_q0.950=0.399s
  sim=  2.04d  20.42% wall=   1.3m speed=    2001x eta=   5.7m admitted=242335 completed=242328 running=7 waiting=0 waiting_min/max=0/1 queue_p99[prefill=1.0,decode=0.0] queue_now[prefill=0,decode=0] active_sessions=196 output=1057.4 tok/s interval_ttft_q0.950=0.825s
  sim=  2.08d  20.84% wall=   1.3m speed=    1995x eta=   5.7m admitted=248709 completed=248701 running=8 waiting=0 waiting_min/max=0/6 queue_p99[prefill=4.8,decode=0.0] queue_now[prefill=0,decode=0] active_sessions=198 output=1098.6 tok/s interval_ttft_q0.950=1.000s
  sim=  2.13d  21.26% wall=   1.3m speed=    2068x eta=   5.5m admitted=254596 completed=254593 running=3 waiting=0 waiting_min/max=0/1 queue_p99[prefill=1.0,decode=0.0] queue_now[prefill=0,decode=0] active_sessions=203 output=962.2 tok/s interval_ttft_q0.950=0.613s
  sim=  2.17d  21.67% wall=   1.3m speed=    2308x eta=   4.9m admitted=259600 completed=259594 running=6 waiting=0 waiting_min/max=0/2 queue_p99[prefill=1.4,decode=0.0] queue_now[prefill=0,decode=0] active_sessions=205 output=759.2 tok/s interval_ttft_q0.950=0.244s
  sim=  2.21d  22.08% wall=   1.4m speed=    2085x eta=   5.4m admitted=265723 completed=265720 running=3 waiting=0 waiting_min/max=0/3 queue_p99[prefill=2.4,decode=0.0] queue_now[prefill=0,decode=0] active_sessions=214 output=942.8 tok/s interval_ttft_q0.950=0.261s
  sim=  2.25d  22.50% wall=   1.4m speed=    2086x eta=   5.3m admitted=272232 completed=272227 running=5 waiting=0 waiting_min/max=0/0 queue_p99[prefill=0.0,decode=0.0] queue_now[prefill=0,decode=0] active_sessions=222 output=982.8 tok/s interval_ttft_q0.950=0.404s
  sim=  2.29d  22.92% wall=   1.4m speed=    2070x eta=   5.4m admitted=278654 completed=278649 running=5 waiting=0 waiting_min/max=0/1 queue_p99[prefill=1.0,decode=0.0] queue_now[prefill=0,decode=0] active_sessions=213 output=914.5 tok/s interval_ttft_q0.950=0.316s
  sim=  2.33d  23.33% wall=   1.5m speed=    2131x eta=   5.2m admitted=283574 completed=283572 running=2 waiting=0 waiting_min/max=0/1 queue_p99[prefill=1.0,decode=0.0] queue_now[prefill=0,decode=0] active_sessions=205 output=1031.0 tok/s interval_ttft_q0.950=0.534s
  sim=  2.38d  23.75% wall=   1.5m speed=    2000x eta=   5.5m admitted=289453 completed=289449 running=4 waiting=0 waiting_min/max=0/3 queue_p99[prefill=3.0,decode=0.0] queue_now[prefill=0,decode=0] active_sessions=207 output=1140.5 tok/s interval_ttft_q0.950=0.400s
  sim=  2.42d  24.17% wall=   1.5m speed=    2038x eta=   5.4m admitted=295441 completed=295439 running=2 waiting=0 waiting_min/max=0/3 queue_p99[prefill=1.8,decode=0.0] queue_now[prefill=0,decode=0] active_sessions=212 output=1076.6 tok/s interval_ttft_q0.950=0.368s
  sim=  2.46d  24.58% wall=   1.5m speed=    2004x eta=   5.4m admitted=302038 completed=302032 running=5 waiting=1 waiting_min/max=0/4 queue_p99[prefill=3.4,decode=0.0] queue_now[prefill=1,decode=0] active_sessions=204 output=1107.9 tok/s interval_ttft_q0.950=0.890s
  sim=  2.50d  25.00% wall=   1.6m speed=    2003x eta=   5.4m admitted=308757 completed=308752 running=5 waiting=0 waiting_min/max=0/2 queue_p99[prefill=1.4,decode=0.0] queue_now[prefill=0,decode=0] active_sessions=211 output=1028.6 tok/s interval_ttft_q0.950=0.699s
  sim=  2.54d  25.42% wall=   1.6m speed=    2151x eta=   5.0m admitted=314473 completed=314471 running=2 waiting=0 waiting_min/max=0/3 queue_p99[prefill=2.4,decode=0.0] queue_now[prefill=0,decode=0] active_sessions=211 output=1002.7 tok/s interval_ttft_q0.950=1.746s
  sim=  2.58d  25.83% wall=   1.6m speed=    2176x eta=   4.9m admitted=319702 completed=319701 running=1 waiting=0 waiting_min/max=0/3 queue_p99[prefill=2.4,decode=0.0] queue_now[prefill=0,decode=0] active_sessions=213 output=890.8 tok/s interval_ttft_q0.950=0.648s
  sim=  2.63d  26.25% wall=   1.7m speed=    2088x eta=   5.1m admitted=325543 completed=325535 running=6 waiting=1 waiting_min/max=0/3 queue_p99[prefill=1.8,decode=0.0] queue_now[prefill=1,decode=0] active_sessions=217 output=930.1 tok/s interval_ttft_q0.950=0.666s
  sim=  2.67d  26.67% wall=   1.7m speed=    2222x eta=   4.8m admitted=330637 completed=330632 running=5 waiting=0 waiting_min/max=0/10 queue_p99[prefill=8.2,decode=0.0] queue_now[prefill=0,decode=0] active_sessions=223 output=855.5 tok/s interval_ttft_q0.950=1.242s
  sim=  2.71d  27.09% wall=   1.7m speed=    2134x eta=   4.9m admitted=336231 completed=336226 running=4 waiting=0 waiting_min/max=0/2 queue_p99[prefill=2.0,decode=0.0] queue_now[prefill=0,decode=0] active_sessions=222 output=960.8 tok/s interval_ttft_q0.950=0.546s
  sim=  2.75d  27.50% wall=   1.7m speed=    1964x eta=   5.3m admitted=343325 completed=343320 running=5 waiting=0 waiting_min/max=0/1 queue_p99[prefill=0.4,decode=0.0] queue_now[prefill=0,decode=0] active_sessions=223 output=1067.1 tok/s interval_ttft_q0.950=0.596s
  sim=  2.79d  27.92% wall=   1.8m speed=    1906x eta=   5.4m admitted=349834 completed=349819 running=10 waiting=4 waiting_min/max=0/6 queue_p99[prefill=5.4,decode=0.0] queue_now[prefill=4,decode=0] active_sessions=235 output=1094.2 tok/s interval_ttft_q0.950=1.118s
  sim=  2.83d  28.34% wall=   1.8m speed=    1754x eta=   5.9m admitted=357241 completed=357230 running=11 waiting=0 waiting_min/max=0/5 queue_p99[prefill=5.0,decode=0.8] queue_now[prefill=0,decode=0] active_sessions=231 output=1251.7 tok/s interval_ttft_q0.950=0.995s
  sim=  2.88d  28.75% wall=   1.8m speed=    1817x eta=   5.6m admitted=364575 completed=364570 running=5 waiting=0 waiting_min/max=0/1 queue_p99[prefill=1.0,decode=0.0] queue_now[prefill=0,decode=0] active_sessions=231 output=1244.5 tok/s interval_ttft_q0.950=0.510s
  sim=  2.92d  29.17% wall=   1.9m speed=    1906x eta=   5.4m admitted=371111 completed=371106 running=5 waiting=0 waiting_min/max=0/4 queue_p99[prefill=4.0,decode=0.0] queue_now[prefill=0,decode=0] active_sessions=233 output=970.2 tok/s interval_ttft_q0.950=0.780s
  sim=  2.96d  29.59% wall=   1.9m speed=    1933x eta=   5.2m admitted=377908 completed=377903 running=2 waiting=3 waiting_min/max=0/5 queue_p99[prefill=3.8,decode=0.0] queue_now[prefill=3,decode=0] active_sessions=236 output=969.2 tok/s interval_ttft_q0.950=0.599s
  sim=  3.00d  30.00% wall=   1.9m speed=    1996x eta=   5.0m admitted=384329 completed=384325 running=4 waiting=0 waiting_min/max=0/6 queue_p99[prefill=5.4,decode=0.0] queue_now[prefill=0,decode=0] active_sessions=227 output=957.4 tok/s interval_ttft_q0.950=3.252s
  sim=  3.04d  30.42% wall=   2.0m speed=    2146x eta=   4.7m admitted=389847 completed=389845 running=2 waiting=0 waiting_min/max=0/2 queue_p99[prefill=2.0,decode=0.0] queue_now[prefill=0,decode=0] active_sessions=231 output=792.1 tok/s interval_ttft_q0.950=0.960s
  sim=  3.08d  30.84% wall=   2.0m speed=    2055x eta=   4.8m admitted=395434 completed=395428 running=6 waiting=0 waiting_min/max=0/2 queue_p99[prefill=1.4,decode=0.0] queue_now[prefill=0,decode=0] active_sessions=242 output=788.9 tok/s interval_ttft_q0.950=0.562s
  sim=  3.13d  31.25% wall=   2.0m speed=    1929x eta=   5.1m admitted=401595 completed=401586 running=9 waiting=0 waiting_min/max=0/3 queue_p99[prefill=1.2,decode=0.0] queue_now[prefill=0,decode=0] active_sessions=248 output=1026.3 tok/s interval_ttft_q0.950=0.535s
  sim=  3.17d  31.67% wall=   2.1m speed=    1828x eta=   5.4m admitted=408851 completed=408844 running=7 waiting=0 waiting_min/max=0/2 queue_p99[prefill=2.0,decode=0.0] queue_now[prefill=0,decode=0] active_sessions=241 output=1140.6 tok/s interval_ttft_q0.950=0.419s
  sim=  3.21d  32.09% wall=   2.1m speed=    1953x eta=   5.0m admitted=414965 completed=414956 running=8 waiting=1 waiting_min/max=0/2 queue_p99[prefill=1.4,decode=0.0] queue_now[prefill=1,decode=0] active_sessions=240 output=989.9 tok/s interval_ttft_q0.950=0.420s
  sim=  3.25d  32.50% wall=   2.1m speed=    2125x eta=   4.6m admitted=420477 completed=420472 running=5 waiting=0 waiting_min/max=0/1 queue_p99[prefill=1.0,decode=0.0] queue_now[prefill=0,decode=0] active_sessions=241 output=898.3 tok/s interval_ttft_q0.950=0.707s
  sim=  3.29d  32.92% wall=   2.1m speed=    1841x eta=   5.2m admitted=427182 completed=427181 running=0 waiting=0 waiting_min/max=0/6 queue_p99[prefill=5.4,decode=0.0] queue_now[prefill=0,decode=0] active_sessions=248 output=957.1 tok/s interval_ttft_q0.950=0.541s
  sim=  3.33d  33.34% wall=   2.2m speed=    1975x eta=   4.9m admitted=433427 completed=433425 running=2 waiting=0 waiting_min/max=0/2 queue_p99[prefill=2.0,decode=0.0] queue_now[prefill=0,decode=0] active_sessions=236 output=946.3 tok/s interval_ttft_q0.950=1.125s
  sim=  3.38d  33.76% wall=   2.2m speed=    1985x eta=   4.8m admitted=439331 completed=439324 running=6 waiting=1 waiting_min/max=0/2 queue_p99[prefill=2.0,decode=0.4] queue_now[prefill=1,decode=0] active_sessions=235 output=998.0 tok/s interval_ttft_q0.950=0.547s
  sim=  3.42d  34.17% wall=   2.2m speed=    1940x eta=   4.9m admitted=445020 completed=445019 running=1 waiting=0 waiting_min/max=0/3 queue_p99[prefill=3.0,decode=0.0] queue_now[prefill=0,decode=0] active_sessions=232 output=1022.2 tok/s interval_ttft_q0.950=0.316s
  sim=  3.46d  34.59% wall=   2.3m speed=    1965x eta=   4.8m admitted=451585 completed=451584 running=1 waiting=0 waiting_min/max=0/5 queue_p99[prefill=2.6,decode=0.0] queue_now[prefill=0,decode=0] active_sessions=230 output=981.3 tok/s interval_ttft_q0.950=0.348s
  sim=  3.50d  35.01% wall=   2.3m speed=    2030x eta=   4.6m admitted=457100 completed=457098 running=2 waiting=0 waiting_min/max=0/0 queue_p99[prefill=0.0,decode=0.0] queue_now[prefill=0,decode=0] active_sessions=238 output=879.7 tok/s interval_ttft_q0.950=0.398s
  sim=  3.54d  35.42% wall=   2.3m speed=    2125x eta=   4.4m admitted=462103 completed=462101 running=2 waiting=0 waiting_min/max=0/2 queue_p99[prefill=1.4,decode=0.0] queue_now[prefill=0,decode=0] active_sessions=239 output=832.2 tok/s interval_ttft_q0.950=0.611s
  sim=  3.58d  35.84% wall=   2.4m speed=    2122x eta=   4.4m admitted=466964 completed=466963 running=1 waiting=0 waiting_min/max=0/1 queue_p99[prefill=0.4,decode=0.0] queue_now[prefill=0,decode=0] active_sessions=237 output=905.2 tok/s interval_ttft_q0.950=0.905s
  sim=  3.63d  36.26% wall=   2.4m speed=    2258x eta=   4.1m admitted=471336 completed=471327 running=9 waiting=0 waiting_min/max=0/0 queue_p99[prefill=0.0,decode=0.0] queue_now[prefill=0,decode=0] active_sessions=238 output=781.1 tok/s interval_ttft_q0.950=0.606s
  sim=  3.67d  36.67% wall=   2.4m speed=    2020x eta=   4.5m admitted=476994 completed=476990 running=4 waiting=0 waiting_min/max=0/2 queue_p99[prefill=1.4,decode=0.0] queue_now[prefill=0,decode=0] active_sessions=239 output=910.3 tok/s interval_ttft_q0.950=0.551s
  sim=  3.71d  37.09% wall=   2.4m speed=    1956x eta=   4.6m admitted=482853 completed=482846 running=7 waiting=0 waiting_min/max=0/4 queue_p99[prefill=3.4,decode=0.0] queue_now[prefill=0,decode=0] active_sessions=235 output=987.9 tok/s interval_ttft_q0.950=0.906s
  sim=  3.75d  37.50% wall=   2.5m speed=    1831x eta=   4.9m admitted=488734 completed=488731 running=3 waiting=0 waiting_min/max=0/2 queue_p99[prefill=2.0,decode=0.0] queue_now[prefill=0,decode=0] active_sessions=237 output=954.1 tok/s interval_ttft_q0.950=0.499s
  sim=  3.79d  37.92% wall=   2.5m speed=    1966x eta=   4.5m admitted=494467 completed=494460 running=7 waiting=0 waiting_min/max=0/2 queue_p99[prefill=2.0,decode=0.4] queue_now[prefill=0,decode=0] active_sessions=249 output=1044.4 tok/s interval_ttft_q0.950=0.816s
  sim=  3.83d  38.34% wall=   2.5m speed=    1981x eta=   4.5m admitted=500040 completed=500039 running=0 waiting=0 waiting_min/max=0/1 queue_p99[prefill=1.0,decode=0.0] queue_now[prefill=0,decode=0] active_sessions=242 output=975.5 tok/s interval_ttft_q0.950=0.631s
  sim=  3.88d  38.75% wall=   2.6m speed=    2300x eta=   3.8m admitted=504211 completed=504207 running=4 waiting=0 waiting_min/max=0/2 queue_p99[prefill=2.0,decode=0.0] queue_now[prefill=0,decode=0] active_sessions=244 output=711.0 tok/s interval_ttft_q0.950=0.792s
  sim=  3.92d  39.17% wall=   2.6m speed=    2126x eta=   4.1m admitted=509515 completed=509510 running=5 waiting=0 waiting_min/max=0/2 queue_p99[prefill=1.4,decode=0.0] queue_now[prefill=0,decode=0] active_sessions=250 output=860.5 tok/s interval_ttft_q0.950=0.583s
  sim=  3.96d  39.59% wall=   2.6m speed=    1849x eta=   4.7m admitted=516779 completed=516773 running=5 waiting=1 waiting_min/max=0/4 queue_p99[prefill=3.4,decode=0.0] queue_now[prefill=1,decode=0] active_sessions=257 output=1089.7 tok/s interval_ttft_q0.950=0.999s
  sim=  4.00d  40.01% wall=   2.7m speed=    1709x eta=   5.1m admitted=524652 completed=524640 running=11 waiting=0 waiting_min/max=0/9 queue_p99[prefill=9.0,decode=0.0] queue_now[prefill=0,decode=0] active_sessions=267 output=1233.3 tok/s interval_ttft_q0.950=6.428s
  sim=  4.04d  40.42% wall=   2.7m speed=    2001x eta=   4.3m admitted=530781 completed=530772 running=5 waiting=4 waiting_min/max=0/5 queue_p99[prefill=5.0,decode=0.0] queue_now[prefill=4,decode=0] active_sessions=268 output=1013.8 tok/s interval_ttft_q0.950=2.443s
  sim=  4.08d  40.84% wall=   2.7m speed=    1775x eta=   4.8m admitted=538930 completed=538922 running=8 waiting=0 waiting_min/max=0/4 queue_p99[prefill=2.0,decode=0.0] queue_now[prefill=0,decode=0] active_sessions=272 output=1250.4 tok/s interval_ttft_q0.950=2.442s
  sim=  4.13d  41.26% wall=   2.7m speed=    2033x eta=   4.2m admitted=545387 completed=545384 running=3 waiting=0 waiting_min/max=0/4 queue_p99[prefill=3.4,decode=0.0] queue_now[prefill=0,decode=0] active_sessions=266 output=965.9 tok/s interval_ttft_q0.950=1.975s
  sim=  4.17d  41.67% wall=   2.8m speed=    2045x eta=   4.1m admitted=551324 completed=551318 running=6 waiting=0 waiting_min/max=0/4 queue_p99[prefill=2.8,decode=0.0] queue_now[prefill=0,decode=0] active_sessions=266 output=849.2 tok/s interval_ttft_q0.950=3.724s
  sim=  4.21d  42.09% wall=   2.8m speed=    1746x eta=   4.8m admitted=558533 completed=558527 running=6 waiting=0 waiting_min/max=0/8 queue_p99[prefill=6.8,decode=0.0] queue_now[prefill=0,decode=0] active_sessions=263 output=968.2 tok/s interval_ttft_q0.950=2.560s
  sim=  4.25d  42.51% wall=   2.8m speed=    1977x eta=   4.2m admitted=564373 completed=564368 running=5 waiting=0 waiting_min/max=0/2 queue_p99[prefill=2.0,decode=0.0] queue_now[prefill=0,decode=0] active_sessions=259 output=998.5 tok/s interval_ttft_q0.950=1.254s
  sim=  4.29d  42.92% wall=   2.9m speed=    2055x eta=   4.0m admitted=570119 completed=570111 running=8 waiting=0 waiting_min/max=0/3 queue_p99[prefill=2.4,decode=0.0] queue_now[prefill=0,decode=0] active_sessions=265 output=909.2 tok/s interval_ttft_q0.950=0.792s
  sim=  4.33d  43.34% wall=   2.9m speed=    1903x eta=   4.3m admitted=576528 completed=576526 running=2 waiting=0 waiting_min/max=0/3 queue_p99[prefill=3.0,decode=0.0] queue_now[prefill=0,decode=0] active_sessions=261 output=1015.4 tok/s interval_ttft_q0.950=0.561s
  sim=  4.38d  43.76% wall=   2.9m speed=    1801x eta=   4.5m admitted=583879 completed=583874 running=5 waiting=0 waiting_min/max=0/5 queue_p99[prefill=4.4,decode=0.0] queue_now[prefill=0,decode=0] active_sessions=276 output=1043.4 tok/s interval_ttft_q0.950=1.474s
  sim=  4.42d  44.17% wall=   3.0m speed=    1927x eta=   4.2m admitted=589324 completed=589317 running=7 waiting=0 waiting_min/max=0/5 queue_p99[prefill=4.4,decode=0.0] queue_now[prefill=0,decode=0] active_sessions=272 output=871.3 tok/s interval_ttft_q0.950=3.030s
  sim=  4.46d  44.58% wall=   3.0m speed=    2040x eta=   3.9m admitted=594256 completed=594246 running=10 waiting=0 waiting_min/max=0/1 queue_p99[prefill=1.0,decode=0.0] queue_now[prefill=0,decode=0] active_sessions=270 output=851.3 tok/s interval_ttft_q0.950=0.618s
  sim=  4.50d  45.00% wall=   3.0m speed=    1834x eta=   4.3m admitted=601165 completed=601163 running=1 waiting=0 waiting_min/max=0/4 queue_p99[prefill=2.8,decode=0.0] queue_now[prefill=0,decode=0] active_sessions=279 output=1009.6 tok/s interval_ttft_q0.950=0.610s
  sim=  4.54d  45.42% wall=   3.1m speed=    1889x eta=   4.2m admitted=607123 completed=607120 running=3 waiting=0 waiting_min/max=0/5 queue_p99[prefill=4.4,decode=0.0] queue_now[prefill=0,decode=0] active_sessions=287 output=1026.2 tok/s interval_ttft_q0.950=1.179s
  sim=  4.58d  45.83% wall=   3.1m speed=    1891x eta=   4.1m admitted=613045 completed=613038 running=7 waiting=0 waiting_min/max=0/12 queue_p99[prefill=11.4,decode=0.0] queue_now[prefill=0,decode=0] active_sessions=292 output=1006.2 tok/s interval_ttft_q0.950=11.188s
  sim=  4.63d  46.25% wall=   3.1m speed=    1949x eta=   4.0m admitted=618925 completed=618919 running=6 waiting=0 waiting_min/max=0/3 queue_p99[prefill=2.4,decode=0.0] queue_now[prefill=0,decode=0] active_sessions=281 output=963.4 tok/s interval_ttft_q0.950=1.812s
  sim=  4.67d  46.67% wall=   3.2m speed=    1861x eta=   4.1m admitted=624789 completed=624784 running=5 waiting=0 waiting_min/max=0/4 queue_p99[prefill=3.4,decode=0.0] queue_now[prefill=0,decode=0] active_sessions=280 output=909.1 tok/s interval_ttft_q0.950=0.968s
  sim=  4.71d  47.08% wall=   3.2m speed=    1829x eta=   4.2m admitted=631479 completed=631475 running=3 waiting=1 waiting_min/max=0/3 queue_p99[prefill=3.0,decode=0.0] queue_now[prefill=1,decode=0] active_sessions=289 output=997.1 tok/s interval_ttft_q0.950=1.116s
  sim=  4.75d  47.50% wall=   3.2m speed=    1948x eta=   3.9m admitted=637515 completed=637509 running=4 waiting=1 waiting_min/max=0/4 queue_p99[prefill=4.0,decode=0.0] queue_now[prefill=1,decode=0] active_sessions=283 output=919.0 tok/s interval_ttft_q0.950=2.433s
  sim=  4.79d  47.92% wall=   3.3m speed=    1650x eta=   4.5m admitted=644602 completed=644599 running=3 waiting=0 waiting_min/max=0/5 queue_p99[prefill=4.4,decode=0.0] queue_now[prefill=0,decode=0] active_sessions=279 output=1108.4 tok/s interval_ttft_q0.950=1.266s
  sim=  4.83d  48.33% wall=   3.3m speed=    1800x eta=   4.1m admitted=652314 completed=652307 running=7 waiting=0 waiting_min/max=0/10 queue_p99[prefill=7.6,decode=0.0] queue_now[prefill=0,decode=0] active_sessions=285 output=1093.1 tok/s interval_ttft_q0.950=3.863s
  sim=  4.88d  48.75% wall=   3.3m speed=    1580x eta=   4.7m admitted=660548 completed=660543 running=4 waiting=1 waiting_min/max=0/10 queue_p99[prefill=8.8,decode=0.0] queue_now[prefill=1,decode=0] active_sessions=279 output=1324.6 tok/s interval_ttft_q0.950=4.776s
  sim=  4.92d  49.17% wall=   3.4m speed=    1652x eta=   4.4m admitted=669269 completed=669259 running=5 waiting=5 waiting_min/max=0/9 queue_p99[prefill=9.0,decode=0.4] queue_now[prefill=5,decode=0] active_sessions=287 output=1210.2 tok/s interval_ttft_q0.950=3.678s
  sim=  4.96d  49.58% wall=   3.4m speed=    1622x eta=   4.5m admitted=676921 completed=676910 running=11 waiting=0 waiting_min/max=0/8 queue_p99[prefill=6.8,decode=1.8] queue_now[prefill=0,decode=0] active_sessions=282 output=1275.8 tok/s interval_ttft_q0.950=4.812s
  sim=  5.00d  50.00% wall=   3.4m speed=    1742x eta=   4.1m admitted=684534 completed=684523 running=7 waiting=4 waiting_min/max=0/6 queue_p99[prefill=5.4,decode=1.0] queue_now[prefill=4,decode=0] active_sessions=281 output=1218.6 tok/s interval_ttft_q0.950=4.605s
  sim=  5.04d  50.42% wall=   3.5m speed=    1725x eta=   4.1m admitted=691941 completed=691938 running=3 waiting=0 waiting_min/max=0/5 queue_p99[prefill=4.4,decode=0.0] queue_now[prefill=0,decode=0] active_sessions=289 output=1261.4 tok/s interval_ttft_q0.950=1.745s
  sim=  5.08d  50.83% wall=   3.5m speed=    1843x eta=   3.8m admitted=698328 completed=698322 running=6 waiting=0 waiting_min/max=0/8 queue_p99[prefill=8.0,decode=0.0] queue_now[prefill=0,decode=0] active_sessions=295 output=1102.2 tok/s interval_ttft_q0.950=7.276s
  sim=  5.13d  51.25% wall=   3.5m speed=    1864x eta=   3.8m admitted=704892 completed=704887 running=5 waiting=0 waiting_min/max=0/6 queue_p99[prefill=6.0,decode=0.0] queue_now[prefill=0,decode=0] active_sessions=280 output=1070.9 tok/s interval_ttft_q0.950=4.158s
  sim=  5.17d  51.67% wall=   3.6m speed=    1788x eta=   3.9m admitted=711421 completed=711417 running=4 waiting=0 waiting_min/max=0/6 queue_p99[prefill=4.8,decode=0.8] queue_now[prefill=0,decode=0] active_sessions=287 output=1151.1 tok/s interval_ttft_q0.950=1.708s
  sim=  5.21d  52.08% wall=   3.6m speed=    1725x eta=   4.0m admitted=718008 completed=718005 running=3 waiting=0 waiting_min/max=0/4 queue_p99[prefill=3.4,decode=0.0] queue_now[prefill=0,decode=0] active_sessions=282 output=1008.4 tok/s interval_ttft_q0.950=0.935s
  sim=  5.25d  52.50% wall=   3.6m speed=    1681x eta=   4.1m admitted=724923 completed=724920 running=2 waiting=0 waiting_min/max=0/3 queue_p99[prefill=1.8,decode=0.0] queue_now[prefill=0,decode=0] active_sessions=278 output=1105.6 tok/s interval_ttft_q0.950=0.816s
  sim=  5.29d  52.92% wall=   3.7m speed=    1712x eta=   4.0m admitted=731816 completed=731804 running=9 waiting=2 waiting_min/max=0/3 queue_p99[prefill=2.4,decode=0.4] queue_now[prefill=2,decode=0] active_sessions=287 output=1116.9 tok/s interval_ttft_q0.950=0.742s
  sim=  5.33d  53.33% wall=   3.7m speed=    1714x eta=   3.9m admitted=738907 completed=738902 running=5 waiting=0 waiting_min/max=0/4 queue_p99[prefill=3.4,decode=0.4] queue_now[prefill=0,decode=0] active_sessions=279 output=1188.2 tok/s interval_ttft_q0.950=1.117s
  sim=  5.38d  53.75% wall=   3.7m speed=    1642x eta=   4.1m admitted=746649 completed=746644 running=5 waiting=0 waiting_min/max=0/3 queue_p99[prefill=3.0,decode=0.4] queue_now[prefill=0,decode=0] active_sessions=283 output=1310.0 tok/s interval_ttft_q0.950=1.024s
  sim=  5.42d  54.17% wall=   3.8m speed=    1806x eta=   3.7m admitted=752569 completed=752566 running=2 waiting=1 waiting_min/max=0/11 queue_p99[prefill=11.0,decode=0.0] queue_now[prefill=1,decode=0] active_sessions=273 output=1130.3 tok/s interval_ttft_q0.950=3.106s
  sim=  5.46d  54.58% wall=   3.8m speed=    1769x eta=   3.7m admitted=758438 completed=758436 running=2 waiting=0 waiting_min/max=0/4 queue_p99[prefill=2.8,decode=0.0] queue_now[prefill=0,decode=0] active_sessions=272 output=913.3 tok/s interval_ttft_q0.950=0.557s
  sim=  5.50d  55.00% wall=   3.8m speed=    1888x eta=   3.4m admitted=764133 completed=764130 running=3 waiting=0 waiting_min/max=0/6 queue_p99[prefill=5.4,decode=0.0] queue_now[prefill=0,decode=0] active_sessions=270 output=845.3 tok/s interval_ttft_q0.950=1.750s
  sim=  5.54d  55.42% wall=   3.9m speed=    1947x eta=   3.3m admitted=769551 completed=769549 running=2 waiting=0 waiting_min/max=0/4 queue_p99[prefill=2.8,decode=0.0] queue_now[prefill=0,decode=0] active_sessions=268 output=763.0 tok/s interval_ttft_q0.950=1.459s
  sim=  5.58d  55.83% wall=   3.9m speed=    1886x eta=   3.4m admitted=774962 completed=774957 running=5 waiting=0 waiting_min/max=0/4 queue_p99[prefill=3.4,decode=0.0] queue_now[prefill=0,decode=0] active_sessions=269 output=853.7 tok/s interval_ttft_q0.950=1.874s
  sim=  5.63d  56.25% wall=   3.9m speed=    1718x eta=   3.7m admitted=780694 completed=780689 running=5 waiting=0 waiting_min/max=0/5 queue_p99[prefill=3.2,decode=0.0] queue_now[prefill=0,decode=0] active_sessions=273 output=1095.9 tok/s interval_ttft_q0.950=0.557s
  sim=  5.67d  56.67% wall=   4.0m speed=    1785x eta=   3.5m admitted=786368 completed=786363 running=5 waiting=0 waiting_min/max=0/5 queue_p99[prefill=4.4,decode=0.0] queue_now[prefill=0,decode=0] active_sessions=279 output=1129.2 tok/s interval_ttft_q0.950=1.924s
  sim=  5.71d  57.09% wall=   4.0m speed=    1606x eta=   3.8m admitted=792860 completed=792855 running=5 waiting=0 waiting_min/max=0/4 queue_p99[prefill=4.0,decode=0.4] queue_now[prefill=0,decode=0] active_sessions=281 output=1113.5 tok/s interval_ttft_q0.950=1.786s
  sim=  5.75d  57.50% wall=   4.0m speed=    1758x eta=   3.5m admitted=798636 completed=798630 running=3 waiting=3 waiting_min/max=0/6 queue_p99[prefill=4.2,decode=0.4] queue_now[prefill=3,decode=0] active_sessions=284 output=1151.2 tok/s interval_ttft_q0.950=2.451s
  sim=  5.79d  57.92% wall=   4.1m speed=    1795x eta=   3.4m admitted=804165 completed=804158 running=4 waiting=2 waiting_min/max=0/3 queue_p99[prefill=3.0,decode=0.4] queue_now[prefill=2,decode=0] active_sessions=293 output=1031.8 tok/s interval_ttft_q0.950=2.587s
  sim=  5.83d  58.34% wall=   4.1m speed=    1901x eta=   3.2m admitted=809717 completed=809710 running=7 waiting=0 waiting_min/max=0/7 queue_p99[prefill=4.6,decode=1.8] queue_now[prefill=0,decode=0] active_sessions=291 output=969.7 tok/s interval_ttft_q0.950=2.681s
  sim=  5.88d  58.75% wall=   4.1m speed=    1777x eta=   3.3m admitted=816276 completed=816272 running=4 waiting=0 waiting_min/max=0/3 queue_p99[prefill=3.0,decode=0.0] queue_now[prefill=0,decode=0] active_sessions=278 output=1151.6 tok/s interval_ttft_q0.950=1.223s
  sim=  5.92d  59.17% wall=   4.2m speed=    1741x eta=   3.4m admitted=822900 completed=822891 running=9 waiting=0 waiting_min/max=0/6 queue_p99[prefill=5.4,decode=0.0] queue_now[prefill=0,decode=0] active_sessions=289 output=1064.9 tok/s interval_ttft_q0.950=2.207s
  sim=  5.96d  59.59% wall=   4.2m speed=    1861x eta=   3.1m admitted=828584 completed=828579 running=5 waiting=0 waiting_min/max=0/3 queue_p99[prefill=3.0,decode=0.0] queue_now[prefill=0,decode=0] active_sessions=292 output=972.1 tok/s interval_ttft_q0.950=1.802s
  sim=  6.00d  60.00% wall=   4.2m speed=    1791x eta=   3.2m admitted=834195 completed=834184 running=6 waiting=4 waiting_min/max=0/4 queue_p99[prefill=4.0,decode=0.8] queue_now[prefill=4,decode=0] active_sessions=297 output=1110.2 tok/s interval_ttft_q0.950=4.243s
  sim=  6.04d  60.42% wall=   4.3m speed=    1931x eta=   3.0m admitted=839396 completed=839389 running=4 waiting=2 waiting_min/max=0/13 queue_p99[prefill=11.2,decode=0.0] queue_now[prefill=2,decode=0] active_sessions=286 output=892.9 tok/s interval_ttft_q0.950=12.441s
  sim=  6.08d  60.84% wall=   4.3m speed=    1966x eta=   2.9m admitted=844718 completed=844714 running=2 waiting=2 waiting_min/max=0/8 queue_p99[prefill=6.8,decode=0.0] queue_now[prefill=2,decode=0] active_sessions=289 output=908.5 tok/s interval_ttft_q0.950=6.586s
  sim=  6.13d  61.25% wall=   4.3m speed=    1643x eta=   3.4m admitted=851984 completed=851978 running=6 waiting=0 waiting_min/max=0/10 queue_p99[prefill=10.0,decode=1.2] queue_now[prefill=0,decode=0] active_sessions=290 output=1282.7 tok/s interval_ttft_q0.950=14.442s
  sim=  6.17d  61.67% wall=   4.4m speed=    1700x eta=   3.2m admitted=859142 completed=859137 running=5 waiting=0 waiting_min/max=0/4 queue_p99[prefill=3.4,decode=0.0] queue_now[prefill=0,decode=0] active_sessions=289 output=1324.9 tok/s interval_ttft_q0.950=2.301s
  sim=  6.21d  62.09% wall=   4.4m speed=    1677x eta=   3.3m admitted=865423 completed=865418 running=5 waiting=0 waiting_min/max=0/6 queue_p99[prefill=5.4,decode=0.0] queue_now[prefill=0,decode=0] active_sessions=301 output=1205.9 tok/s interval_ttft_q0.950=1.712s
  sim=  6.25d  62.50% wall=   4.4m speed=    1775x eta=   3.0m admitted=871943 completed=871933 running=10 waiting=0 waiting_min/max=0/5 queue_p99[prefill=4.4,decode=0.0] queue_now[prefill=0,decode=0] active_sessions=299 output=997.3 tok/s interval_ttft_q0.950=1.761s
  sim=  6.29d  62.92% wall=   4.5m speed=    1757x eta=   3.0m admitted=878166 completed=878164 running=2 waiting=0 waiting_min/max=0/3 queue_p99[prefill=2.4,decode=0.0] queue_now[prefill=0,decode=0] active_sessions=297 output=1113.7 tok/s interval_ttft_q0.950=2.438s
  sim=  6.33d  63.34% wall=   4.5m speed=    1759x eta=   3.0m admitted=884481 completed=884477 running=4 waiting=0 waiting_min/max=0/3 queue_p99[prefill=3.0,decode=0.0] queue_now[prefill=0,decode=0] active_sessions=303 output=968.0 tok/s interval_ttft_q0.950=1.602s
  sim=  6.38d  63.75% wall=   4.5m speed=    1936x eta=   2.7m admitted=890056 completed=890051 running=5 waiting=0 waiting_min/max=0/3 queue_p99[prefill=2.4,decode=0.0] queue_now[prefill=0,decode=0] active_sessions=291 output=829.2 tok/s interval_ttft_q0.950=1.232s
  sim=  6.42d  64.17% wall=   4.6m speed=    1946x eta=   2.7m admitted=895174 completed=895172 running=2 waiting=0 waiting_min/max=0/2 queue_p99[prefill=1.4,decode=0.0] queue_now[prefill=0,decode=0] active_sessions=280 output=884.0 tok/s interval_ttft_q0.950=1.414s
  sim=  6.46d  64.59% wall=   4.6m speed=    1904x eta=   2.7m admitted=899828 completed=899823 running=5 waiting=0 waiting_min/max=0/3 queue_p99[prefill=2.4,decode=0.0] queue_now[prefill=0,decode=0] active_sessions=287 output=945.8 tok/s interval_ttft_q0.950=1.936s
  sim=  6.50d  65.00% wall=   4.6m speed=    1715x eta=   2.9m admitted=905659 completed=905656 running=3 waiting=0 waiting_min/max=0/8 queue_p99[prefill=5.6,decode=0.0] queue_now[prefill=0,decode=0] active_sessions=292 output=1104.0 tok/s interval_ttft_q0.950=3.858s
  sim=  6.54d  65.42% wall=   4.7m speed=    1734x eta=   2.9m admitted=911701 completed=911694 running=6 waiting=0 waiting_min/max=0/5 queue_p99[prefill=5.0,decode=0.0] queue_now[prefill=0,decode=0] active_sessions=301 output=1103.8 tok/s interval_ttft_q0.950=6.495s
  sim=  6.58d  65.84% wall=   4.7m speed=    1559x eta=   3.2m admitted=918621 completed=918620 running=1 waiting=0 waiting_min/max=0/14 queue_p99[prefill=12.2,decode=0.0] queue_now[prefill=0,decode=0] active_sessions=303 output=1181.0 tok/s interval_ttft_q0.950=13.312s
  sim=  6.63d  66.25% wall=   4.8m speed=    1276x eta=   3.8m admitted=925010 completed=924999 running=7 waiting=4 waiting_min/max=0/11 queue_p99[prefill=9.8,decode=1.8] queue_now[prefill=4,decode=0] active_sessions=304 output=1338.4 tok/s interval_ttft_q0.950=9.409s
  sim=  6.67d  66.67% wall=   4.8m speed=    1207x eta=   4.0m admitted=931845 completed=931840 running=5 waiting=0 waiting_min/max=0/5 queue_p99[prefill=3.8,decode=0.4] queue_now[prefill=0,decode=0] active_sessions=308 output=1200.7 tok/s interval_ttft_q0.950=3.982s
  sim=  6.71d  67.09% wall=   4.9m speed=    1151x eta=   4.1m admitted=939591 completed=939585 running=6 waiting=0 waiting_min/max=0/4 queue_p99[prefill=4.0,decode=0.0] queue_now[prefill=0,decode=0] active_sessions=304 output=1032.7 tok/s interval_ttft_q0.950=1.481s
  sim=  6.75d  67.50% wall=   4.9m speed=    1197x eta=   3.9m admitted=945512 completed=945508 running=4 waiting=0 waiting_min/max=0/4 queue_p99[prefill=4.0,decode=0.4] queue_now[prefill=0,decode=0] active_sessions=299 output=1034.5 tok/s interval_ttft_q0.950=3.391s
  sim=  6.79d  67.92% wall=   5.0m speed=    1216x eta=   3.8m admitted=950898 completed=950891 running=6 waiting=0 waiting_min/max=0/7 queue_p99[prefill=7.0,decode=0.4] queue_now[prefill=0,decode=0] active_sessions=281 output=890.0 tok/s interval_ttft_q0.950=10.454s
  sim=  6.83d  68.34% wall=   5.0m speed=    1210x eta=   3.8m admitted=956101 completed=956095 running=4 waiting=1 waiting_min/max=0/6 queue_p99[prefill=5.4,decode=0.0] queue_now[prefill=1,decode=0] active_sessions=288 output=917.7 tok/s interval_ttft_q0.950=8.711s
  sim=  6.88d  68.75% wall=   5.1m speed=    1203x eta=   3.7m admitted=961429 completed=961421 running=8 waiting=0 waiting_min/max=0/9 queue_p99[prefill=9.0,decode=1.0] queue_now[prefill=0,decode=0] active_sessions=291 output=940.6 tok/s interval_ttft_q0.950=13.616s
  sim=  6.92d  69.17% wall=   5.1m speed=    1157x eta=   3.8m admitted=966980 completed=966978 running=2 waiting=0 waiting_min/max=0/12 queue_p99[prefill=11.4,decode=0.4] queue_now[prefill=0,decode=0] active_sessions=298 output=1155.4 tok/s interval_ttft_q0.950=8.396s
  sim=  6.96d  69.59% wall=   5.2m speed=    1212x eta=   3.6m admitted=972282 completed=972279 running=3 waiting=0 waiting_min/max=0/3 queue_p99[prefill=2.4,decode=0.0] queue_now[prefill=0,decode=0] active_sessions=292 output=932.1 tok/s interval_ttft_q0.950=1.062s
  sim=  7.00d  70.00% wall=   5.2m speed=    1139x eta=   3.8m admitted=978127 completed=978116 running=7 waiting=3 waiting_min/max=0/5 queue_p99[prefill=4.4,decode=0.0] queue_now[prefill=3,decode=0] active_sessions=297 output=1104.2 tok/s interval_ttft_q0.950=1.372s
  sim=  7.04d  70.42% wall=   5.3m speed=    1113x eta=   3.8m admitted=985007 completed=985003 running=4 waiting=0 waiting_min/max=0/5 queue_p99[prefill=4.4,decode=0.0] queue_now[prefill=0,decode=0] active_sessions=298 output=1174.5 tok/s interval_ttft_q0.950=0.984s
  sim=  7.08d  70.84% wall=   5.3m speed=    1134x eta=   3.7m admitted=991618 completed=991612 running=4 waiting=2 waiting_min/max=0/4 queue_p99[prefill=3.4,decode=0.0] queue_now[prefill=2,decode=0] active_sessions=295 output=1066.1 tok/s interval_ttft_q0.950=0.827s
  sim=  7.13d  71.25% wall=   5.4m speed=    1184x eta=   3.5m admitted=996977 completed=996972 running=5 waiting=0 waiting_min/max=0/6 queue_p99[prefill=5.4,decode=0.8] queue_now[prefill=0,decode=0] active_sessions=297 output=922.2 tok/s interval_ttft_q0.950=3.485s
  sim=  7.17d  71.67% wall=   5.4m speed=    1163x eta=   3.5m admitted=1002768 completed=1002766 running=2 waiting=0 waiting_min/max=0/6 queue_p99[prefill=5.4,decode=0.0] queue_now[prefill=0,decode=0] active_sessions=291 output=993.1 tok/s interval_ttft_q0.950=2.122s
  sim=  7.21d  72.09% wall=   5.5m speed=    1137x eta=   3.5m admitted=1009490 completed=1009484 running=6 waiting=0 waiting_min/max=0/3 queue_p99[prefill=2.4,decode=0.0] queue_now[prefill=0,decode=0] active_sessions=296 output=953.6 tok/s interval_ttft_q0.950=0.901s
  sim=  7.25d  72.50% wall=   5.5m speed=    1144x eta=   3.5m admitted=1015502 completed=1015501 running=1 waiting=0 waiting_min/max=0/5 queue_p99[prefill=3.2,decode=0.0] queue_now[prefill=0,decode=0] active_sessions=287 output=977.4 tok/s interval_ttft_q0.950=0.859s
  sim=  7.29d  72.92% wall=   5.6m speed=    1072x eta=   3.6m admitted=1022300 completed=1022292 running=8 waiting=0 waiting_min/max=0/4 queue_p99[prefill=2.8,decode=0.4] queue_now[prefill=0,decode=0] active_sessions=285 output=1191.6 tok/s interval_ttft_q0.950=1.620s
  sim=  7.33d  73.34% wall=   5.6m speed=    1078x eta=   3.6m admitted=1028609 completed=1028603 running=6 waiting=0 waiting_min/max=0/12 queue_p99[prefill=11.4,decode=1.4] queue_now[prefill=0,decode=0] active_sessions=287 output=1269.2 tok/s interval_ttft_q0.950=6.686s
  sim=  7.38d  73.76% wall=   5.7m speed=    1182x eta=   3.2m admitted=1033200 completed=1033197 running=3 waiting=0 waiting_min/max=0/5 queue_p99[prefill=4.4,decode=0.4] queue_now[prefill=0,decode=0] active_sessions=290 output=906.1 tok/s interval_ttft_q0.950=4.329s
  sim=  7.42d  74.17% wall=   5.7m speed=    1129x eta=   3.3m admitted=1038350 completed=1038336 running=5 waiting=9 waiting_min/max=0/16 queue_p99[prefill=15.4,decode=0.4] queue_now[prefill=9,decode=0] active_sessions=286 output=977.3 tok/s interval_ttft_q0.950=58.056s
  sim=  7.46d  74.59% wall=   5.8m speed=    1132x eta=   3.2m admitted=1043977 completed=1043964 running=6 waiting=7 waiting_min/max=0/12 queue_p99[prefill=12.0,decode=0.0] queue_now[prefill=7,decode=0] active_sessions=278 output=1045.2 tok/s interval_ttft_q0.950=18.496s
  sim=  7.50d  75.01% wall=   5.9m speed=    1154x eta=   3.1m admitted=1048863 completed=1048851 running=9 waiting=3 waiting_min/max=0/14 queue_p99[prefill=12.8,decode=0.0] queue_now[prefill=3,decode=0] active_sessions=283 output=856.6 tok/s interval_ttft_q0.950=40.468s
  sim=  7.54d  75.42% wall=   5.9m speed=    1447x eta=   2.4m admitted=1054335 completed=1054333 running=2 waiting=0 waiting_min/max=0/9 queue_p99[prefill=7.8,decode=3.9] queue_now[prefill=0,decode=0] active_sessions=290 output=1018.6 tok/s interval_ttft_q0.950=6.437s
  sim=  7.58d  75.84% wall=   5.9m speed=    1368x eta=   2.5m admitted=1060904 completed=1060893 running=4 waiting=4 waiting_min/max=0/14 queue_p99[prefill=12.8,decode=0.0] queue_now[prefill=4,decode=0] active_sessions=297 output=1135.2 tok/s interval_ttft_q0.950=9.405s
  sim=  7.63d  76.26% wall=   6.0m speed=    1453x eta=   2.4m admitted=1067365 completed=1067355 running=8 waiting=2 waiting_min/max=0/26 queue_p99[prefill=21.9,decode=0.0] queue_now[prefill=2,decode=0] active_sessions=307 output=1196.6 tok/s interval_ttft_q0.950=41.386s
  sim=  7.67d  76.67% wall=   6.0m speed=    1496x eta=   2.2m admitted=1074095 completed=1074092 running=3 waiting=0 waiting_min/max=0/9 queue_p99[prefill=8.4,decode=0.0] queue_now[prefill=0,decode=0] active_sessions=301 output=1039.7 tok/s interval_ttft_q0.950=7.991s
  sim=  7.71d  77.09% wall=   6.1m speed=    1428x eta=   2.3m admitted=1080748 completed=1080738 running=10 waiting=0 waiting_min/max=0/5 queue_p99[prefill=4.4,decode=0.0] queue_now[prefill=0,decode=0] active_sessions=316 output=1205.9 tok/s interval_ttft_q0.950=3.579s
  sim=  7.75d  77.51% wall=   6.1m speed=    1391x eta=   2.3m admitted=1088260 completed=1088247 running=7 waiting=6 waiting_min/max=0/6 queue_p99[prefill=5.4,decode=0.4] queue_now[prefill=6,decode=0] active_sessions=306 output=1339.1 tok/s interval_ttft_q0.950=5.610s
  sim=  7.79d  77.92% wall=   6.1m speed=    1448x eta=   2.2m admitted=1095405 completed=1095398 running=7 waiting=0 waiting_min/max=0/10 queue_p99[prefill=7.0,decode=0.0] queue_now[prefill=0,decode=0] active_sessions=299 output=1118.5 tok/s interval_ttft_q0.950=4.862s
  sim=  7.83d  78.34% wall=   6.2m speed=    1365x eta=   2.3m admitted=1103628 completed=1103622 running=6 waiting=0 waiting_min/max=0/9 queue_p99[prefill=7.8,decode=0.0] queue_now[prefill=0,decode=0] active_sessions=300 output=1391.4 tok/s interval_ttft_q0.950=9.481s
  sim=  7.88d  78.76% wall=   6.2m speed=    1418x eta=   2.2m admitted=1111117 completed=1111089 running=9 waiting=19 waiting_min/max=0/19 queue_p99[prefill=17.8,decode=0.0] queue_now[prefill=19,decode=0] active_sessions=293 output=1237.8 tok/s interval_ttft_q0.950=9.286s
  sim=  7.92d  79.17% wall=   6.3m speed=    1468x eta=   2.0m admitted=1117458 completed=1117449 running=5 waiting=1 waiting_min/max=0/19 queue_p99[prefill=19.0,decode=0.0] queue_now[prefill=1,decode=0] active_sessions=293 output=1041.7 tok/s interval_ttft_q0.950=39.270s
  sim=  7.96d  79.59% wall=   6.3m speed=    1494x eta=   2.0m admitted=1124528 completed=1124526 running=2 waiting=0 waiting_min/max=0/7 queue_p99[prefill=5.8,decode=0.0] queue_now[prefill=0,decode=0] active_sessions=298 output=1018.8 tok/s interval_ttft_q0.950=7.585s
  sim=  8.00d  80.01% wall=   6.4m speed=    1569x eta=   1.8m admitted=1129946 completed=1129928 running=14 waiting=4 waiting_min/max=0/13 queue_p99[prefill=12.4,decode=0.4] queue_now[prefill=4,decode=0] active_sessions=294 output=901.3 tok/s interval_ttft_q0.950=23.087s
  sim=  8.04d  80.42% wall=   6.4m speed=    1492x eta=   1.9m admitted=1135509 completed=1135502 running=7 waiting=0 waiting_min/max=0/18 queue_p99[prefill=16.8,decode=0.0] queue_now[prefill=0,decode=0] active_sessions=296 output=1048.1 tok/s interval_ttft_q0.950=23.019s
  sim=  8.08d  80.84% wall=   6.4m speed=    1380x eta=   2.0m admitted=1142704 completed=1142697 running=7 waiting=0 waiting_min/max=0/15 queue_p99[prefill=14.4,decode=0.0] queue_now[prefill=0,decode=0] active_sessions=286 output=1236.8 tok/s interval_ttft_q0.950=21.405s
  sim=  8.13d  81.26% wall=   6.5m speed=    1531x eta=   1.8m admitted=1148558 completed=1148550 running=5 waiting=1 waiting_min/max=0/15 queue_p99[prefill=13.8,decode=0.0] queue_now[prefill=1,decode=0] active_sessions=286 output=1098.5 tok/s interval_ttft_q0.950=22.611s
  sim=  8.17d  81.67% wall=   6.5m speed=    1551x eta=   1.7m admitted=1153894 completed=1153879 running=15 waiting=0 waiting_min/max=0/7 queue_p99[prefill=7.0,decode=2.0] queue_now[prefill=0,decode=0] active_sessions=284 output=966.1 tok/s interval_ttft_q0.950=10.261s
  sim=  8.21d  82.09% wall=   6.6m speed=    1493x eta=   1.7m admitted=1159201 completed=1159188 running=5 waiting=7 waiting_min/max=0/8 queue_p99[prefill=7.4,decode=0.0] queue_now[prefill=7,decode=0] active_sessions=279 output=1116.6 tok/s interval_ttft_q0.950=14.420s
  sim=  8.25d  82.51% wall=   6.6m speed=    1640x eta=   1.5m admitted=1163535 completed=1163524 running=3 waiting=7 waiting_min/max=0/9 queue_p99[prefill=9.0,decode=0.8] queue_now[prefill=7,decode=0] active_sessions=275 output=806.4 tok/s interval_ttft_q0.950=20.922s
  sim=  8.29d  82.92% wall=   6.6m speed=    1560x eta=   1.6m admitted=1168864 completed=1168847 running=8 waiting=9 waiting_min/max=0/14 queue_p99[prefill=14.0,decode=0.4] queue_now[prefill=9,decode=0] active_sessions=281 output=957.8 tok/s interval_ttft_q0.950=31.120s
  sim=  8.33d  83.34% wall=   6.7m speed=    1497x eta=   1.6m admitted=1173817 completed=1173815 running=2 waiting=0 waiting_min/max=0/12 queue_p99[prefill=9.6,decode=0.0] queue_now[prefill=0,decode=0] active_sessions=276 output=1034.5 tok/s interval_ttft_q0.950=13.176s
  sim=  8.38d  83.76% wall=   6.7m speed=    1563x eta=   1.5m admitted=1178831 completed=1178819 running=10 waiting=1 waiting_min/max=0/4 queue_p99[prefill=4.0,decode=0.0] queue_now[prefill=1,decode=0] active_sessions=282 output=917.8 tok/s interval_ttft_q0.950=7.760s
  sim=  8.42d  84.17% wall=   6.7m speed=    1586x eta=   1.4m admitted=1183860 completed=1183851 running=9 waiting=0 waiting_min/max=0/7 queue_p99[prefill=6.4,decode=0.0] queue_now[prefill=0,decode=0] active_sessions=279 output=871.2 tok/s interval_ttft_q0.950=12.462s
  sim=  8.46d  84.59% wall=   6.8m speed=    1451x eta=   1.5m admitted=1190150 completed=1190142 running=8 waiting=0 waiting_min/max=0/11 queue_p99[prefill=10.4,decode=0.0] queue_now[prefill=0,decode=0] active_sessions=288 output=1098.0 tok/s interval_ttft_q0.950=18.305s
  sim=  8.50d  85.01% wall=   6.8m speed=    1489x eta=   1.4m admitted=1196305 completed=1196290 running=8 waiting=7 waiting_min/max=0/18 queue_p99[prefill=15.0,decode=0.0] queue_now[prefill=7,decode=0] active_sessions=282 output=1091.9 tok/s interval_ttft_q0.950=25.885s
  sim=  8.54d  85.42% wall=   6.9m speed=    1454x eta=   1.4m admitted=1202846 completed=1202829 running=14 waiting=3 waiting_min/max=0/9 queue_p99[prefill=8.4,decode=0.4] queue_now[prefill=3,decode=0] active_sessions=284 output=1081.8 tok/s interval_ttft_q0.950=9.527s
  sim=  8.58d  85.84% wall=   6.9m speed=    1317x eta=   1.5m admitted=1210775 completed=1210765 running=6 waiting=4 waiting_min/max=0/15 queue_p99[prefill=14.4,decode=0.8] queue_now[prefill=4,decode=0] active_sessions=287 output=1415.2 tok/s interval_ttft_q0.950=17.118s
  sim=  8.63d  86.26% wall=   7.0m speed=    1405x eta=   1.4m admitted=1218001 completed=1217986 running=9 waiting=6 waiting_min/max=0/20 queue_p99[prefill=16.5,decode=0.4] queue_now[prefill=6,decode=0] active_sessions=281 output=1377.8 tok/s interval_ttft_q0.950=23.538s
  sim=  8.67d  86.67% wall=   7.0m speed=    1451x eta=   1.3m admitted=1224294 completed=1224284 running=7 waiting=3 waiting_min/max=0/8 queue_p99[prefill=7.4,decode=0.0] queue_now[prefill=3,decode=0] active_sessions=278 output=1200.2 tok/s interval_ttft_q0.950=9.731s
  sim=  8.71d  87.09% wall=   7.0m speed=    1434x eta=   1.3m admitted=1230205 completed=1230185 running=8 waiting=12 waiting_min/max=0/12 queue_p99[prefill=10.2,decode=1.2] queue_now[prefill=12,decode=0] active_sessions=274 output=1231.5 tok/s interval_ttft_q0.950=11.222s
  sim=  8.75d  87.51% wall=   7.1m speed=    1263x eta=   1.4m admitted=1237686 completed=1237675 running=11 waiting=0 waiting_min/max=0/20 queue_p99[prefill=17.0,decode=0.8] queue_now[prefill=0,decode=0] active_sessions=279 output=1367.9 tok/s interval_ttft_q0.950=18.551s
  sim=  8.79d  87.92% wall=   7.1m speed=    1397x eta=   1.2m admitted=1243585 completed=1243567 running=4 waiting=14 waiting_min/max=0/22 queue_p99[prefill=21.4,decode=0.0] queue_now[prefill=14,decode=0] active_sessions=282 output=1379.4 tok/s interval_ttft_q0.950=26.016s
  sim=  8.83d  88.34% wall=   7.2m speed=    1461x eta=   1.1m admitted=1248755 completed=1248727 running=10 waiting=18 waiting_min/max=3/32 queue_p99[prefill=30.8,decode=0.0] queue_now[prefill=18,decode=0] active_sessions=278 output=1159.3 tok/s interval_ttft_q0.950=89.871s
  sim=  8.88d  88.76% wall=   7.2m speed=    1488x eta=   1.1m admitted=1254221 completed=1254175 running=8 waiting=38 waiting_min/max=11/44 queue_p99[prefill=42.8,decode=0.0] queue_now[prefill=38,decode=0] active_sessions=285 output=1027.8 tok/s interval_ttft_q0.950=107.848s
  sim=  8.92d  89.17% wall=   7.3m speed=    1371x eta=   1.1m admitted=1260990 completed=1260973 running=17 waiting=0 waiting_min/max=0/38 queue_p99[prefill=21.4,decode=1.2] queue_now[prefill=0,decode=0] active_sessions=286 output=1417.0 tok/s interval_ttft_q0.950=32.084s
  sim=  8.96d  89.59% wall=   7.3m speed=    1406x eta=   1.1m admitted=1267760 completed=1267742 running=10 waiting=8 waiting_min/max=0/12 queue_p99[prefill=12.0,decode=1.2] queue_now[prefill=8,decode=0] active_sessions=276 output=1253.9 tok/s interval_ttft_q0.950=18.128s
  sim=  9.00d  90.01% wall=   7.3m speed=    1460x eta=  59.1s admitted=1273856 completed=1273848 running=4 waiting=4 waiting_min/max=0/15 queue_p99[prefill=12.6,decode=0.0] queue_now[prefill=4,decode=0] active_sessions=276 output=1027.4 tok/s interval_ttft_q0.950=26.147s
  sim=  9.04d  90.42% wall=   7.4m speed=    1500x eta=  55.2s admitted=1279737 completed=1279726 running=7 waiting=4 waiting_min/max=0/11 queue_p99[prefill=9.8,decode=0.4] queue_now[prefill=4,decode=0] active_sessions=271 output=994.4 tok/s interval_ttft_q0.950=21.394s
  sim=  9.08d  90.84% wall=   7.4m speed=    1453x eta=  54.5s admitted=1285911 completed=1285900 running=5 waiting=5 waiting_min/max=0/13 queue_p99[prefill=11.8,decode=0.8] queue_now[prefill=5,decode=0] active_sessions=276 output=1094.3 tok/s interval_ttft_q0.950=25.522s
  sim=  9.13d  91.26% wall=   7.5m speed=    1409x eta=  53.6s admitted=1292541 completed=1292531 running=10 waiting=0 waiting_min/max=0/14 queue_p99[prefill=12.2,decode=1.0] queue_now[prefill=0,decode=0] active_sessions=268 output=1289.2 tok/s interval_ttft_q0.950=14.598s
  sim=  9.17d  91.67% wall=   7.5m speed=    1336x eta=  53.8s admitted=1299890 completed=1299884 running=6 waiting=0 waiting_min/max=0/7 queue_p99[prefill=5.4,decode=0.4] queue_now[prefill=0,decode=0] active_sessions=275 output=1371.3 tok/s interval_ttft_q0.950=3.115s
  sim=  9.21d  92.09% wall=   7.6m speed=    1317x eta=  51.9s admitted=1307787 completed=1307771 running=8 waiting=8 waiting_min/max=0/8 queue_p99[prefill=7.4,decode=0.0] queue_now[prefill=8,decode=0] active_sessions=271 output=1425.8 tok/s interval_ttft_q0.950=6.803s
  sim=  9.25d  92.51% wall=   7.6m speed=    1328x eta=  48.8s admitted=1315261 completed=1315256 running=5 waiting=0 waiting_min/max=0/13 queue_p99[prefill=11.8,decode=0.8] queue_now[prefill=0,decode=0] active_sessions=268 output=1333.6 tok/s interval_ttft_q0.950=11.397s
  sim=  9.29d  92.92% wall=   7.6m speed=    1371x eta=  44.6s admitted=1321097 completed=1321071 running=7 waiting=18 waiting_min/max=0/29 queue_p99[prefill=28.4,decode=4.0] queue_now[prefill=18,decode=0] active_sessions=270 output=1052.6 tok/s interval_ttft_q0.950=60.882s
  sim=  9.33d  93.34% wall=   7.7m speed=    1294x eta=  44.5s admitted=1328053 completed=1328017 running=8 waiting=28 waiting_min/max=0/34 queue_p99[prefill=33.4,decode=0.0] queue_now[prefill=28,decode=0] active_sessions=280 output=1228.7 tok/s interval_ttft_q0.950=85.203s
  sim=  9.38d  93.76% wall=   7.7m speed=    1306x eta=  41.3s admitted=1334550 completed=1334542 running=8 waiting=0 waiting_min/max=0/31 queue_p99[prefill=29.8,decode=0.0] queue_now[prefill=0,decode=0] active_sessions=254 output=1272.1 tok/s interval_ttft_q0.950=44.476s
  sim=  9.42d  94.17% wall=   7.8m speed=    1318x eta=  38.2s admitted=1340992 completed=1340987 running=5 waiting=0 waiting_min/max=0/13 queue_p99[prefill=11.2,decode=0.0] queue_now[prefill=0,decode=0] active_sessions=249 output=1205.9 tok/s interval_ttft_q0.950=11.184s
  sim=  9.46d  94.58% wall=   7.8m speed=    1357x eta=  34.5s admitted=1346804 completed=1346801 running=3 waiting=0 waiting_min/max=0/3 queue_p99[prefill=2.4,decode=0.0] queue_now[prefill=0,decode=0] active_sessions=237 output=1022.5 tok/s interval_ttft_q0.950=1.840s
  sim=  9.50d  95.00% wall=   7.9m speed=    1384x eta=  31.2s admitted=1352323 completed=1352310 running=9 waiting=4 waiting_min/max=0/6 queue_p99[prefill=4.8,decode=0.0] queue_now[prefill=4,decode=0] active_sessions=239 output=876.5 tok/s interval_ttft_q0.950=2.427s
  sim=  9.54d  95.42% wall=   7.9m speed=    1339x eta=  29.6s admitted=1358307 completed=1358301 running=5 waiting=0 waiting_min/max=0/6 queue_p99[prefill=6.0,decode=1.0] queue_now[prefill=0,decode=0] active_sessions=230 output=1053.0 tok/s interval_ttft_q0.950=4.890s
  sim=  9.58d  95.83% wall=   8.0m speed=    1387x eta=  26.0s admitted=1363636 completed=1363632 running=4 waiting=0 waiting_min/max=0/6 queue_p99[prefill=6.0,decode=0.4] queue_now[prefill=0,decode=0] active_sessions=225 output=854.8 tok/s interval_ttft_q0.950=11.289s
  sim=  9.63d  96.25% wall=   8.0m speed=    1370x eta=  23.6s admitted=1369214 completed=1369209 running=4 waiting=0 waiting_min/max=0/9 queue_p99[prefill=8.4,decode=1.8] queue_now[prefill=0,decode=0] active_sessions=201 output=1077.8 tok/s interval_ttft_q0.950=9.691s
  sim=  9.67d  96.67% wall=   8.0m speed=    1375x eta=  20.9s admitted=1374180 completed=1374175 running=5 waiting=0 waiting_min/max=0/4 queue_p99[prefill=4.0,decode=0.0] queue_now[prefill=0,decode=0] active_sessions=198 output=986.3 tok/s interval_ttft_q0.950=5.485s
  sim=  9.71d  97.08% wall=   8.1m speed=    1363x eta=  18.5s admitted=1379706 completed=1379699 running=7 waiting=0 waiting_min/max=0/4 queue_p99[prefill=4.0,decode=0.0] queue_now[prefill=0,decode=0] active_sessions=196 output=1013.8 tok/s interval_ttft_q0.950=4.477s
  sim=  9.75d  97.50% wall=   8.1m speed=    1269x eta=  17.0s admitted=1386708 completed=1386699 running=6 waiting=3 waiting_min/max=0/6 queue_p99[prefill=4.2,decode=0.4] queue_now[prefill=3,decode=0] active_sessions=186 output=1271.6 tok/s interval_ttft_q0.950=2.543s
  sim=  9.79d  97.92% wall=   8.2m speed=    1280x eta=  14.1s admitted=1393825 completed=1393809 running=12 waiting=4 waiting_min/max=0/14 queue_p99[prefill=13.4,decode=0.4] queue_now[prefill=4,decode=0] active_sessions=174 output=1353.8 tok/s interval_ttft_q0.950=14.113s
  sim=  9.83d  98.33% wall=   8.2m speed=    1222x eta=  11.8s admitted=1401849 completed=1401836 running=13 waiting=0 waiting_min/max=0/7 queue_p99[prefill=7.0,decode=3.4] queue_now[prefill=0,decode=0] active_sessions=181 output=1316.5 tok/s interval_ttft_q0.950=5.935s
  sim=  9.88d  98.75% wall=   8.3m speed=    1224x eta=   8.8s admitted=1409661 completed=1409647 running=8 waiting=5 waiting_min/max=0/26 queue_p99[prefill=24.8,decode=0.8] queue_now[prefill=5,decode=0] active_sessions=156 output=1407.7 tok/s interval_ttft_q0.950=19.592s
  sim=  9.92d  99.17% wall=   8.3m speed=    1243x eta=   5.8s admitted=1416986 completed=1416975 running=11 waiting=0 waiting_min/max=0/11 queue_p99[prefill=9.2,decode=0.0] queue_now[prefill=0,decode=0] active_sessions=128 output=1285.7 tok/s interval_ttft_q0.950=12.064s
  sim=  9.96d  99.58% wall=   8.4m speed=    1295x eta=   2.8s admitted=1423333 completed=1423327 running=6 waiting=0 waiting_min/max=0/11 queue_p99[prefill=11.0,decode=0.4] queue_now[prefill=0,decode=0] active_sessions=105 output=1128.7 tok/s interval_ttft_q0.950=15.468s
  sim= 10.00d 100.00% wall=   8.4m speed=    1204x eta=   0.0s admitted=1431517 completed=1431499 running=6 waiting=10 waiting_min/max=0/15 queue_p99[prefill=14.4,decode=0.0] queue_now[prefill=10,decode=0] active_sessions=18 output=1330.5 tok/s interval_ttft_q0.950=12.325s
