starting 10.000-day run: lambda/rank=0.004500, lambda/node=0.036000, progress every 3600 simulated seconds, stop at waiting 1000, 6 consecutive growing epochs
  sim=  0.04d   0.42% wall=   1.3s speed=    3025x eta=   4.7m admitted=3167 completed=3164 running=3 waiting=0 waiting_min/max=0/1 queue_p99[prefill=0.0,decode=0.0] queue_now[prefill=0,decode=0] active_sessions=32 output=483.9 tok/s interval_ttft_q0.950=0.161s
  sim=  0.08d   0.83% wall=   3.1s speed=    2053x eta=   7.0m admitted=8320 completed=8317 running=3 waiting=0 waiting_min/max=0/2 queue_p99[prefill=1.0,decode=0.0] queue_now[prefill=0,decode=0] active_sessions=58 output=903.4 tok/s interval_ttft_q0.950=0.596s
  sim=  0.13d   1.25% wall=   4.7s speed=    2250x eta=   6.3m admitted=12294 completed=12292 running=2 waiting=0 waiting_min/max=0/2 queue_p99[prefill=0.0,decode=0.0] queue_now[prefill=0,decode=0] active_sessions=54 output=729.9 tok/s interval_ttft_q0.950=0.173s
  sim=  0.17d   1.67% wall=   6.6s speed=    1849x eta=   7.7m admitted=17931 completed=17927 running=4 waiting=0 waiting_min/max=0/3 queue_p99[prefill=0.0,decode=0.0] queue_now[prefill=0,decode=0] active_sessions=79 output=827.0 tok/s interval_ttft_q0.950=0.144s
  sim=  0.21d   2.08% wall=   8.8s speed=    1658x eta=   8.5m admitted=23974 completed=23972 running=2 waiting=0 waiting_min/max=0/2 queue_p99[prefill=0.0,decode=0.0] queue_now[prefill=0,decode=0] active_sessions=91 output=970.2 tok/s interval_ttft_q0.950=0.189s
  sim=  0.25d   2.50% wall=  10.9s speed=    1724x eta=   8.1m admitted=29560 completed=29556 running=4 waiting=0 waiting_min/max=0/4 queue_p99[prefill=1.0,decode=0.0] queue_now[prefill=0,decode=0] active_sessions=79 output=900.8 tok/s interval_ttft_q0.950=0.333s
  sim=  0.29d   2.92% wall=  13.2s speed=    1552x eta=   9.0m admitted=35643 completed=35640 running=3 waiting=0 waiting_min/max=0/4 queue_p99[prefill=0.0,decode=0.0] queue_now[prefill=0,decode=0] active_sessions=87 output=1028.8 tok/s interval_ttft_q0.950=0.192s
  sim=  0.33d   3.33% wall=  15.5s speed=    1549x eta=   9.0m admitted=41719 completed=41714 running=5 waiting=0 waiting_min/max=0/2 queue_p99[prefill=1.0,decode=0.0] queue_now[prefill=0,decode=0] active_sessions=98 output=953.0 tok/s interval_ttft_q0.950=0.354s
  sim=  0.38d   3.75% wall=  17.7s speed=    1661x eta=   8.3m admitted=47015 completed=47010 running=5 waiting=0 waiting_min/max=0/2 queue_p99[prefill=0.0,decode=0.0] queue_now[prefill=0,decode=0] active_sessions=112 output=812.4 tok/s interval_ttft_q0.950=0.197s
  sim=  0.42d   4.17% wall=  20.3s speed=    1391x eta=   9.9m admitted=53634 completed=53633 running=1 waiting=0 waiting_min/max=0/2 queue_p99[prefill=0.0,decode=0.0] queue_now[prefill=0,decode=0] active_sessions=116 output=1045.7 tok/s interval_ttft_q0.950=0.185s
  sim=  0.46d   4.58% wall=  22.8s speed=    1434x eta=   9.6m admitted=59336 completed=59333 running=3 waiting=0 waiting_min/max=0/4 queue_p99[prefill=0.0,decode=0.0] queue_now[prefill=0,decode=0] active_sessions=116 output=951.2 tok/s interval_ttft_q0.950=0.188s
  sim=  0.50d   5.00% wall=  25.2s speed=    1460x eta=   9.4m admitted=64888 completed=64885 running=3 waiting=0 waiting_min/max=0/2 queue_p99[prefill=0.0,decode=0.0] queue_now[prefill=0,decode=0] active_sessions=119 output=878.1 tok/s interval_ttft_q0.950=0.192s
  sim=  0.54d   5.42% wall=  28.1s speed=    1258x eta=  10.8m admitted=71714 completed=71710 running=4 waiting=0 waiting_min/max=0/3 queue_p99[prefill=1.0,decode=0.0] queue_now[prefill=0,decode=0] active_sessions=136 output=1083.8 tok/s interval_ttft_q0.950=0.648s
  sim=  0.58d   5.83% wall=  30.8s speed=    1337x eta=  10.1m admitted=78130 completed=78128 running=2 waiting=0 waiting_min/max=0/5 queue_p99[prefill=2.0,decode=0.0] queue_now[prefill=0,decode=0] active_sessions=136 output=872.1 tok/s interval_ttft_q0.950=0.252s
  sim=  0.63d   6.25% wall=  33.8s speed=    1205x eta=  11.2m admitted=84558 completed=84553 running=5 waiting=0 waiting_min/max=0/2 queue_p99[prefill=0.0,decode=0.0] queue_now[prefill=0,decode=0] active_sessions=159 output=930.9 tok/s interval_ttft_q0.950=0.166s
  sim=  0.67d   6.67% wall=  36.8s speed=    1192x eta=  11.3m admitted=90617 completed=90610 running=7 waiting=0 waiting_min/max=0/2 queue_p99[prefill=1.0,decode=0.0] queue_now[prefill=0,decode=0] active_sessions=177 output=972.0 tok/s interval_ttft_q0.950=0.464s
  sim=  0.71d   7.08% wall=  40.3s speed=    1030x eta=  13.0m admitted=98276 completed=98274 running=2 waiting=0 waiting_min/max=0/6 queue_p99[prefill=4.0,decode=2.0] queue_now[prefill=0,decode=0] active_sessions=179 output=1292.4 tok/s interval_ttft_q0.950=0.621s
  sim=  0.75d   7.50% wall=  43.7s speed=    1052x eta=  12.7m admitted=105254 completed=105250 running=4 waiting=0 waiting_min/max=0/4 queue_p99[prefill=1.0,decode=0.0] queue_now[prefill=0,decode=0] active_sessions=165 output=1195.8 tok/s interval_ttft_q0.950=0.256s
  sim=  0.79d   7.92% wall=  47.1s speed=    1067x eta=  12.4m admitted=111926 completed=111924 running=2 waiting=0 waiting_min/max=0/4 queue_p99[prefill=1.0,decode=0.0] queue_now[prefill=0,decode=0] active_sessions=168 output=1001.1 tok/s interval_ttft_q0.950=0.257s
  sim=  0.83d   8.33% wall=  50.6s speed=    1021x eta=  12.9m admitted=117955 completed=117953 running=2 waiting=0 waiting_min/max=0/4 queue_p99[prefill=2.0,decode=0.0] queue_now[prefill=0,decode=0] active_sessions=177 output=1057.7 tok/s interval_ttft_q0.950=0.671s
  sim=  0.88d   8.75% wall=  54.3s speed=     967x eta=  13.6m admitted=125235 completed=125230 running=5 waiting=0 waiting_min/max=0/4 queue_p99[prefill=2.0,decode=0.0] queue_now[prefill=0,decode=0] active_sessions=187 output=1182.0 tok/s interval_ttft_q0.950=0.613s
  sim=  0.92d   9.17% wall=  58.3s speed=     897x eta=  14.6m admitted=132837 completed=132826 running=11 waiting=0 waiting_min/max=0/6 queue_p99[prefill=4.0,decode=0.0] queue_now[prefill=0,decode=0] active_sessions=203 output=1226.5 tok/s interval_ttft_q0.950=0.522s
  sim=  0.96d   9.58% wall=   1.0m speed=     782x eta=  16.7m admitted=141841 completed=141824 running=9 waiting=4 waiting_min/max=0/18 queue_p99[prefill=15.1,decode=2.0] queue_now[prefill=4,decode=0] active_sessions=213 output=1452.9 tok/s interval_ttft_q0.950=14.913s
  sim=  1.00d  10.00% wall=   1.1m speed=     835x eta=  15.5m admitted=150570 completed=150562 running=3 waiting=3 waiting_min/max=0/16 queue_p99[prefill=11.0,decode=0.0] queue_now[prefill=3,decode=0] active_sessions=209 output=1247.8 tok/s interval_ttft_q0.950=4.105s
  sim=  1.04d  10.42% wall=   1.2m speed=     736x eta=  17.5m admitted=159694 completed=159675 running=14 waiting=5 waiting_min/max=0/12 queue_p99[prefill=9.0,decode=0.0] queue_now[prefill=5,decode=0] active_sessions=225 output=1544.7 tok/s interval_ttft_q0.950=3.573s
  sim=  1.08d  10.83% wall=   1.3m speed=     684x eta=  18.8m admitted=170135 completed=170119 running=16 waiting=0 waiting_min/max=0/10 queue_p99[prefill=5.0,decode=0.0] queue_now[prefill=0,decode=0] active_sessions=226 output=1536.8 tok/s interval_ttft_q0.950=1.264s
  sim=  1.13d  11.25% wall=   1.4m speed=     694x eta=  18.4m admitted=179236 completed=179228 running=8 waiting=0 waiting_min/max=0/9 queue_p99[prefill=7.0,decode=0.0] queue_now[prefill=0,decode=0] active_sessions=227 output=1348.1 tok/s interval_ttft_q0.950=2.821s
  sim=  1.17d  11.67% wall=   1.5m speed=     716x eta=  17.8m admitted=187410 completed=187399 running=9 waiting=1 waiting_min/max=0/8 queue_p99[prefill=4.0,decode=0.0] queue_now[prefill=1,decode=0] active_sessions=226 output=1371.5 tok/s interval_ttft_q0.950=1.618s
  sim=  1.21d  12.08% wall=   1.5m speed=     678x eta=  18.7m admitted=195621 completed=195616 running=5 waiting=0 waiting_min/max=0/10 queue_p99[prefill=5.0,decode=0.0] queue_now[prefill=0,decode=0] active_sessions=224 output=1390.0 tok/s interval_ttft_q0.950=1.847s
  sim=  1.25d  12.50% wall=   1.6m speed=     682x eta=  18.5m admitted=203543 completed=203535 running=8 waiting=0 waiting_min/max=0/9 queue_p99[prefill=5.0,decode=0.0] queue_now[prefill=0,decode=0] active_sessions=221 output=1459.5 tok/s interval_ttft_q0.950=1.866s
  sim=  1.29d  12.92% wall=   1.7m speed=     691x eta=  18.2m admitted=210890 completed=210885 running=5 waiting=0 waiting_min/max=0/5 queue_p99[prefill=2.0,decode=0.0] queue_now[prefill=0,decode=0] active_sessions=231 output=1340.2 tok/s interval_ttft_q0.950=0.332s
  sim=  1.33d  13.33% wall=   1.8m speed=     628x eta=  19.9m admitted=218827 completed=218816 running=11 waiting=0 waiting_min/max=0/11 queue_p99[prefill=6.0,decode=2.0] queue_now[prefill=0,decode=0] active_sessions=242 output=1447.6 tok/s interval_ttft_q0.950=1.451s
  sim=  1.38d  13.75% wall=   1.9m speed=     606x eta=  20.5m admitted=227400 completed=227391 running=9 waiting=0 waiting_min/max=0/9 queue_p99[prefill=7.0,decode=2.0] queue_now[prefill=0,decode=0] active_sessions=241 output=1446.3 tok/s interval_ttft_q0.950=3.564s
  sim=  1.42d  14.17% wall=   2.0m speed=     591x eta=  20.9m admitted=236168 completed=236163 running=5 waiting=0 waiting_min/max=0/12 queue_p99[prefill=9.0,decode=0.0] queue_now[prefill=0,decode=0] active_sessions=243 output=1325.9 tok/s interval_ttft_q0.950=1.713s
  sim=  1.46d  14.58% wall=   2.1m speed=     589x eta=  20.9m admitted=244407 completed=244400 running=7 waiting=0 waiting_min/max=0/11 queue_p99[prefill=6.0,decode=0.0] queue_now[prefill=0,decode=0] active_sessions=257 output=1335.6 tok/s interval_ttft_q0.950=1.577s
  sim=  1.50d  15.00% wall=   2.2m speed=     574x eta=  21.3m admitted=253209 completed=253205 running=4 waiting=0 waiting_min/max=0/7 queue_p99[prefill=4.0,decode=0.0] queue_now[prefill=0,decode=0] active_sessions=274 output=1393.2 tok/s interval_ttft_q0.950=1.012s
  sim=  1.54d  15.42% wall=   2.3m speed=     533x eta=  22.9m admitted=262282 completed=262270 running=12 waiting=0 waiting_min/max=0/6 queue_p99[prefill=3.1,decode=0.0] queue_now[prefill=0,decode=0] active_sessions=269 output=1419.0 tok/s interval_ttft_q0.950=0.757s
  sim=  1.58d  15.83% wall=   2.5m speed=     523x eta=  23.2m admitted=271027 completed=271026 running=0 waiting=0 waiting_min/max=0/4 queue_p99[prefill=2.0,decode=0.0] queue_now[prefill=0,decode=0] active_sessions=262 output=1337.3 tok/s interval_ttft_q0.950=0.477s
  sim=  1.63d  16.25% wall=   2.6m speed=     542x eta=  22.3m admitted=278908 completed=278904 running=4 waiting=0 waiting_min/max=0/6 queue_p99[prefill=3.2,decode=0.0] queue_now[prefill=0,decode=0] active_sessions=271 output=1306.5 tok/s interval_ttft_q0.950=0.553s
  sim=  1.67d  16.67% wall=   2.7m speed=     491x eta=  24.4m admitted=288594 completed=288583 running=8 waiting=1 waiting_min/max=0/7 queue_p99[prefill=3.1,decode=0.0] queue_now[prefill=1,decode=0] active_sessions=278 output=1352.1 tok/s interval_ttft_q0.950=0.986s
  sim=  1.71d  17.08% wall=   2.8m speed=     475x eta=  25.1m admitted=298174 completed=298166 running=8 waiting=0 waiting_min/max=0/11 queue_p99[prefill=8.0,decode=1.0] queue_now[prefill=0,decode=0] active_sessions=280 output=1546.3 tok/s interval_ttft_q0.950=2.258s
  sim=  1.75d  17.50% wall=   2.9m speed=     491x eta=  24.2m admitted=306761 completed=306752 running=8 waiting=0 waiting_min/max=0/15 queue_p99[prefill=12.0,decode=0.0] queue_now[prefill=0,decode=0] active_sessions=284 output=1376.1 tok/s interval_ttft_q0.950=2.489s
  sim=  1.79d  17.92% wall=   3.1m speed=     468x eta=  25.3m admitted=315657 completed=315649 running=8 waiting=0 waiting_min/max=0/7 queue_p99[prefill=3.0,decode=0.0] queue_now[prefill=0,decode=0] active_sessions=284 output=1359.8 tok/s interval_ttft_q0.950=0.947s
  sim=  1.83d  18.33% wall=   3.2m speed=     437x eta=  26.9m admitted=325069 completed=325062 running=7 waiting=0 waiting_min/max=0/9 queue_p99[prefill=7.0,decode=0.0] queue_now[prefill=0,decode=0] active_sessions=285 output=1521.0 tok/s interval_ttft_q0.950=2.254s
  sim=  1.88d  18.75% wall=   3.3m speed=     433x eta=  27.0m admitted=333717 completed=333708 running=9 waiting=0 waiting_min/max=0/11 queue_p99[prefill=6.0,decode=0.0] queue_now[prefill=0,decode=0] active_sessions=293 output=1637.9 tok/s interval_ttft_q0.950=1.752s
  sim=  1.92d  19.17% wall=   3.5m speed=     456x eta=  25.6m admitted=342273 completed=342260 running=7 waiting=6 waiting_min/max=0/17 queue_p99[prefill=11.0,decode=1.0] queue_now[prefill=6,decode=0] active_sessions=308 output=1490.8 tok/s interval_ttft_q0.950=4.777s
  sim=  1.96d  19.58% wall=   3.6m speed=     429x eta=  27.0m admitted=351889 completed=351877 running=11 waiting=1 waiting_min/max=0/17 queue_p99[prefill=13.0,decode=0.0] queue_now[prefill=1,decode=0] active_sessions=305 output=1529.3 tok/s interval_ttft_q0.950=6.027s
  sim=  2.00d  20.00% wall=   3.8m speed=     402x eta=  28.7m admitted=362431 completed=362421 running=9 waiting=0 waiting_min/max=0/9 queue_p99[prefill=5.0,decode=0.0] queue_now[prefill=0,decode=0] active_sessions=304 output=1633.1 tok/s interval_ttft_q0.950=1.916s
  sim=  2.04d  20.42% wall=   3.9m speed=     402x eta=  28.5m admitted=371782 completed=371771 running=10 waiting=0 waiting_min/max=0/7 queue_p99[prefill=3.0,decode=0.0] queue_now[prefill=0,decode=0] active_sessions=309 output=1494.5 tok/s interval_ttft_q0.950=1.486s
  sim=  2.08d  20.83% wall=   4.1m speed=     402x eta=  28.4m admitted=380258 completed=380253 running=5 waiting=0 waiting_min/max=0/7 queue_p99[prefill=5.0,decode=0.0] queue_now[prefill=0,decode=0] active_sessions=308 output=1424.1 tok/s interval_ttft_q0.950=2.264s
  sim=  2.13d  21.25% wall=   4.2m speed=     398x eta=  28.5m admitted=389619 completed=389599 running=20 waiting=0 waiting_min/max=0/9 queue_p99[prefill=5.0,decode=0.0] queue_now[prefill=0,decode=0] active_sessions=317 output=1477.5 tok/s interval_ttft_q0.950=1.442s
  sim=  2.17d  21.67% wall=   4.4m speed=     391x eta=  28.8m admitted=399338 completed=399335 running=3 waiting=0 waiting_min/max=0/14 queue_p99[prefill=8.0,decode=0.0] queue_now[prefill=0,decode=0] active_sessions=310 output=1427.6 tok/s interval_ttft_q0.950=2.929s
  sim=  2.21d  22.08% wall=   4.5m speed=     371x eta=  30.3m admitted=408974 completed=408969 running=5 waiting=0 waiting_min/max=0/6 queue_p99[prefill=4.0,decode=0.0] queue_now[prefill=0,decode=0] active_sessions=318 output=1456.8 tok/s interval_ttft_q0.950=1.320s
  sim=  2.25d  22.50% wall=   4.7m speed=     386x eta=  28.9m admitted=417148 completed=417141 running=7 waiting=0 waiting_min/max=0/10 queue_p99[prefill=4.0,decode=0.0] queue_now[prefill=0,decode=0] active_sessions=311 output=1242.1 tok/s interval_ttft_q0.950=1.918s
  sim=  2.29d  22.92% wall=   4.8m speed=     368x eta=  30.1m admitted=426098 completed=426083 running=14 waiting=0 waiting_min/max=0/8 queue_p99[prefill=5.0,decode=0.0] queue_now[prefill=0,decode=0] active_sessions=306 output=1397.5 tok/s interval_ttft_q0.950=1.163s
  sim=  2.33d  23.33% wall=   5.0m speed=     349x eta=  31.6m admitted=435946 completed=435942 running=4 waiting=0 waiting_min/max=0/7 queue_p99[prefill=4.0,decode=0.0] queue_now[prefill=0,decode=0] active_sessions=300 output=1546.5 tok/s interval_ttft_q0.950=0.858s
  sim=  2.38d  23.75% wall=   5.2m speed=     365x eta=  30.1m admitted=444543 completed=444539 running=4 waiting=0 waiting_min/max=0/6 queue_p99[prefill=4.0,decode=2.0] queue_now[prefill=0,decode=0] active_sessions=305 output=1476.0 tok/s interval_ttft_q0.950=1.484s
  sim=  2.42d  24.17% wall=   5.3m speed=     405x eta=  27.0m admitted=451110 completed=451093 running=15 waiting=2 waiting_min/max=0/7 queue_p99[prefill=4.0,decode=0.0] queue_now[prefill=2,decode=0] active_sessions=304 output=1170.4 tok/s interval_ttft_q0.950=1.191s
  sim=  2.46d  24.58% wall=   5.5m speed=     385x eta=  28.2m admitted=458352 completed=458338 running=13 waiting=1 waiting_min/max=0/11 queue_p99[prefill=8.0,decode=0.0] queue_now[prefill=1,decode=0] active_sessions=313 output=1182.8 tok/s interval_ttft_q0.950=2.578s
  sim=  2.50d  25.00% wall=   5.7m speed=     310x eta=  34.8m admitted=467596 completed=467586 running=8 waiting=2 waiting_min/max=0/14 queue_p99[prefill=10.0,decode=2.0] queue_now[prefill=2,decode=0] active_sessions=312 output=1540.2 tok/s interval_ttft_q0.950=7.772s
  sim=  2.54d  25.42% wall=   5.9m speed=     339x eta=  31.7m admitted=476157 completed=476137 running=8 waiting=11 waiting_min/max=0/21 queue_p99[prefill=14.0,decode=2.0] queue_now[prefill=11,decode=0] active_sessions=320 output=1541.4 tok/s interval_ttft_q0.950=15.192s
  sim=  2.58d  25.83% wall=   6.0m speed=     358x eta=  29.8m admitted=483362 completed=483357 running=5 waiting=0 waiting_min/max=0/16 queue_p99[prefill=14.0,decode=1.0] queue_now[prefill=0,decode=0] active_sessions=309 output=1231.8 tok/s interval_ttft_q0.950=2.731s
  sim=  2.63d  26.25% wall=   6.2m speed=     356x eta=  29.8m admitted=490878 completed=490869 running=9 waiting=0 waiting_min/max=0/7 queue_p99[prefill=3.0,decode=0.0] queue_now[prefill=0,decode=0] active_sessions=329 output=1210.3 tok/s interval_ttft_q0.950=1.125s
  sim=  2.67d  26.67% wall=   6.4m speed=     304x eta=  34.7m admitted=500839 completed=500826 running=13 waiting=0 waiting_min/max=0/13 queue_p99[prefill=10.0,decode=0.0] queue_now[prefill=0,decode=0] active_sessions=339 output=1536.2 tok/s interval_ttft_q0.950=2.376s
  sim=  2.71d  27.08% wall=   6.6m speed=     312x eta=  33.7m admitted=510319 completed=510310 running=7 waiting=2 waiting_min/max=0/16 queue_p99[prefill=9.0,decode=1.0] queue_now[prefill=2,decode=0] active_sessions=343 output=1508.1 tok/s interval_ttft_q0.950=5.573s
  sim=  2.75d  27.50% wall=   6.8m speed=     311x eta=  33.6m admitted=519961 completed=519953 running=8 waiting=0 waiting_min/max=0/17 queue_p99[prefill=13.1,decode=0.0] queue_now[prefill=0,decode=0] active_sessions=347 output=1557.3 tok/s interval_ttft_q0.950=5.640s
  sim=  2.79d  27.92% wall=   7.0m speed=     309x eta=  33.6m admitted=528415 completed=528409 running=5 waiting=1 waiting_min/max=0/10 queue_p99[prefill=7.0,decode=1.0] queue_now[prefill=1,decode=0] active_sessions=334 output=1320.9 tok/s interval_ttft_q0.950=2.557s
  sim=  2.83d  28.33% wall=   7.2m speed=     300x eta=  34.4m admitted=538130 completed=538116 running=9 waiting=3 waiting_min/max=0/10 queue_p99[prefill=6.0,decode=0.0] queue_now[prefill=3,decode=0] active_sessions=324 output=1367.3 tok/s interval_ttft_q0.950=3.227s
  sim=  2.88d  28.75% wall=   7.4m speed=     301x eta=  34.0m admitted=547474 completed=547466 running=8 waiting=0 waiting_min/max=0/13 queue_p99[prefill=10.0,decode=0.0] queue_now[prefill=0,decode=0] active_sessions=322 output=1259.9 tok/s interval_ttft_q0.950=3.135s
  sim=  2.92d  29.17% wall=   7.6m speed=     290x eta=  35.1m admitted=557004 completed=556984 running=14 waiting=6 waiting_min/max=0/16 queue_p99[prefill=11.0,decode=1.1] queue_now[prefill=6,decode=0] active_sessions=346 output=1446.0 tok/s interval_ttft_q0.950=2.825s
  sim=  2.96d  29.58% wall=   7.8m speed=     288x eta=  35.2m admitted=566593 completed=566576 running=5 waiting=9 waiting_min/max=0/14 queue_p99[prefill=11.0,decode=0.0] queue_now[prefill=9,decode=0] active_sessions=348 output=1414.3 tok/s interval_ttft_q0.950=4.363s
  sim=  3.00d  30.00% wall=   8.0m speed=     279x eta=  36.1m admitted=575524 completed=575514 running=10 waiting=0 waiting_min/max=0/10 queue_p99[prefill=8.0,decode=0.0] queue_now[prefill=0,decode=0] active_sessions=350 output=1446.9 tok/s interval_ttft_q0.950=2.952s
  sim=  3.04d  30.42% wall=   8.2m speed=     273x eta=  36.7m admitted=584685 completed=584673 running=12 waiting=0 waiting_min/max=0/15 queue_p99[prefill=12.0,decode=1.0] queue_now[prefill=0,decode=0] active_sessions=351 output=1549.3 tok/s interval_ttft_q0.950=4.433s
  sim=  3.08d  30.83% wall=   8.4m speed=     267x eta=  37.3m admitted=594032 completed=594022 running=9 waiting=0 waiting_min/max=0/8 queue_p99[prefill=6.0,decode=0.0] queue_now[prefill=0,decode=0] active_sessions=361 output=1588.0 tok/s interval_ttft_q0.950=2.567s
  sim=  3.13d  31.25% wall=   8.7m speed=     252x eta=  39.3m admitted=603882 completed=603874 running=6 waiting=2 waiting_min/max=0/18 queue_p99[prefill=10.0,decode=0.0] queue_now[prefill=2,decode=0] active_sessions=354 output=1432.8 tok/s interval_ttft_q0.950=3.811s
  sim=  3.17d  31.67% wall=   8.9m speed=     262x eta=  37.6m admitted=612420 completed=612413 running=7 waiting=0 waiting_min/max=0/14 queue_p99[prefill=11.0,decode=0.0] queue_now[prefill=0,decode=0] active_sessions=366 output=1317.4 tok/s interval_ttft_q0.950=3.286s
  sim=  3.21d  32.08% wall=   9.2m speed=     242x eta=  40.4m admitted=622430 completed=622422 running=8 waiting=0 waiting_min/max=0/12 queue_p99[prefill=8.0,decode=0.0] queue_now[prefill=0,decode=0] active_sessions=365 output=1497.5 tok/s interval_ttft_q0.950=4.194s
  sim=  3.25d  32.50% wall=   9.4m speed=     251x eta=  38.7m admitted=631487 completed=631480 running=7 waiting=0 waiting_min/max=0/18 queue_p99[prefill=13.0,decode=0.0] queue_now[prefill=0,decode=0] active_sessions=357 output=1396.6 tok/s interval_ttft_q0.950=6.124s
  sim=  3.29d  32.92% wall=   9.6m speed=     235x eta=  41.1m admitted=641542 completed=641524 running=11 waiting=7 waiting_min/max=0/17 queue_p99[prefill=14.0,decode=2.0] queue_now[prefill=7,decode=0] active_sessions=366 output=1370.8 tok/s interval_ttft_q0.950=7.800s
  sim=  3.33d  33.33% wall=   9.9m speed=     226x eta=  42.4m admitted=652184 completed=652173 running=11 waiting=0 waiting_min/max=0/18 queue_p99[prefill=15.0,decode=2.0] queue_now[prefill=0,decode=0] active_sessions=366 output=1582.5 tok/s interval_ttft_q0.950=9.807s
  sim=  3.38d  33.75% wall=  10.2m speed=     234x eta=  40.8m admitted=660897 completed=660884 running=6 waiting=6 waiting_min/max=0/18 queue_p99[prefill=9.1,decode=1.0] queue_now[prefill=6,decode=0] active_sessions=377 output=1446.6 tok/s interval_ttft_q0.950=5.086s
  sim=  3.42d  34.17% wall=  10.4m speed=     256x eta=  37.0m admitted=668447 completed=668431 running=14 waiting=2 waiting_min/max=0/21 queue_p99[prefill=17.0,decode=2.0] queue_now[prefill=2,decode=0] active_sessions=375 output=1388.8 tok/s interval_ttft_q0.950=12.187s
  sim=  3.46d  34.58% wall=  10.7m speed=     219x eta=  43.0m admitted=678782 completed=678770 running=8 waiting=4 waiting_min/max=0/17 queue_p99[prefill=13.0,decode=0.0] queue_now[prefill=4,decode=0] active_sessions=378 output=1694.1 tok/s interval_ttft_q0.950=9.757s
  sim=  3.50d  35.00% wall=  11.0m speed=     219x eta=  42.7m admitted=689664 completed=689655 running=6 waiting=3 waiting_min/max=0/18 queue_p99[prefill=13.0,decode=0.0] queue_now[prefill=3,decode=0] active_sessions=386 output=1744.9 tok/s interval_ttft_q0.950=6.824s
  sim=  3.54d  35.42% wall=  11.2m speed=     225x eta=  41.3m admitted=700251 completed=700222 running=16 waiting=13 waiting_min/max=0/15 queue_p99[prefill=10.0,decode=1.0] queue_now[prefill=13,decode=0] active_sessions=388 output=1716.3 tok/s interval_ttft_q0.950=4.311s
  sim=  3.58d  35.83% wall=  11.5m speed=     220x eta=  41.9m admitted=709876 completed=709845 running=21 waiting=10 waiting_min/max=0/26 queue_p99[prefill=23.0,decode=1.0] queue_now[prefill=10,decode=0] active_sessions=394 output=1894.9 tok/s interval_ttft_q0.950=14.046s
  sim=  3.63d  36.25% wall=  11.8m speed=     223x eta=  41.1m admitted=718236 completed=718176 running=17 waiting=43 waiting_min/max=0/58 queue_p99[prefill=55.0,decode=2.0] queue_now[prefill=43,decode=0] active_sessions=398 output=1576.6 tok/s interval_ttft_q0.950=86.817s
  sim=  3.67d  36.67% wall=  12.0m speed=     224x eta=  40.7m admitted=726423 completed=726377 running=13 waiting=32 waiting_min/max=20/60 queue_p99[prefill=54.0,decode=0.0] queue_now[prefill=32,decode=0] active_sessions=395 output=1363.6 tok/s interval_ttft_q0.950=139.246s
  sim=  3.71d  37.08% wall=  12.3m speed=     219x eta=  41.3m admitted=734239 completed=734194 running=12 waiting=30 waiting_min/max=15/50 queue_p99[prefill=46.0,decode=0.0] queue_now[prefill=30,decode=0] active_sessions=384 output=1199.9 tok/s interval_ttft_q0.950=115.634s
  sim=  3.75d  37.50% wall=  12.6m speed=     213x eta=  42.3m admitted=743349 completed=743311 running=12 waiting=26 waiting_min/max=10/49 queue_p99[prefill=43.0,decode=0.0] queue_now[prefill=26,decode=0] active_sessions=392 output=1518.1 tok/s interval_ttft_q0.950=71.897s
  sim=  3.79d  37.92% wall=  12.9m speed=     225x eta=  39.8m admitted=750958 completed=750925 running=11 waiting=22 waiting_min/max=15/39 queue_p99[prefill=35.0,decode=0.0] queue_now[prefill=22,decode=0] active_sessions=390 output=1410.2 tok/s interval_ttft_q0.950=97.006s
  sim=  3.83d  38.33% wall=  13.1m speed=     203x eta=  43.7m admitted=760868 completed=760837 running=11 waiting=20 waiting_min/max=11/46 queue_p99[prefill=41.0,decode=1.0] queue_now[prefill=20,decode=0] active_sessions=395 output=1624.8 tok/s interval_ttft_q0.950=82.257s
  sim=  3.88d  38.75% wall=  13.4m speed=     205x eta=  43.0m admitted=770202 completed=770155 running=10 waiting=35 waiting_min/max=15/56 queue_p99[prefill=48.0,decode=0.1] queue_now[prefill=35,decode=0] active_sessions=400 output=1488.5 tok/s interval_ttft_q0.950=95.515s
  sim=  3.92d  39.17% wall=  13.7m speed=     214x eta=  40.9m admitted=778428 completed=778385 running=9 waiting=33 waiting_min/max=28/57 queue_p99[prefill=54.0,decode=0.0] queue_now[prefill=33,decode=0] active_sessions=398 output=1430.1 tok/s interval_ttft_q0.950=154.870s
  sim=  3.96d  39.58% wall=  14.0m speed=     222x eta=  39.2m admitted=785562 completed=785515 running=9 waiting=38 waiting_min/max=23/72 queue_p99[prefill=66.0,decode=0.0] queue_now[prefill=38,decode=0] active_sessions=406 output=1101.3 tok/s interval_ttft_q0.950=180.047s
  sim=  4.00d  40.00% wall=  14.3m speed=     197x eta=  43.9m admitted=793284 completed=793229 running=12 waiting=43 waiting_min/max=20/76 queue_p99[prefill=72.0,decode=0.0] queue_now[prefill=43,decode=0] active_sessions=426 output=1329.9 tok/s interval_ttft_q0.950=203.003s
  sim=  4.04d  40.42% wall=  14.6m speed=     181x eta=  47.5m admitted=802650 completed=802611 running=8 waiting=31 waiting_min/max=24/59 queue_p99[prefill=54.0,decode=1.0] queue_now[prefill=31,decode=0] active_sessions=407 output=1500.3 tok/s interval_ttft_q0.950=135.685s
  sim=  4.08d  40.83% wall=  14.9m speed=     196x eta=  43.5m admitted=811748 completed=811685 running=9 waiting=54 waiting_min/max=24/62 queue_p99[prefill=57.0,decode=1.0] queue_now[prefill=54,decode=0] active_sessions=425 output=1559.3 tok/s interval_ttft_q0.950=122.007s
  sim=  4.13d  41.25% wall=  15.2m speed=     211x eta=  40.1m admitted=819440 completed=819341 running=10 waiting=89 waiting_min/max=46/103 queue_p99[prefill=99.0,decode=0.0] queue_now[prefill=89,decode=0] active_sessions=453 output=1322.0 tok/s interval_ttft_q0.950=227.516s
  sim=  4.17d  41.67% wall=  15.5m speed=     213x eta=  39.5m admitted=825927 completed=825778 running=10 waiting=138 waiting_min/max=82/141 queue_p99[prefill=137.0,decode=0.0] queue_now[prefill=138,decode=0] active_sessions=480 output=1120.1 tok/s interval_ttft_q0.950=350.305s
  sim=  4.21d  42.08% wall=  15.8m speed=     210x eta=  39.8m admitted=832718 completed=832581 running=7 waiting=129 waiting_min/max=93/173 queue_p99[prefill=169.0,decode=0.0] queue_now[prefill=129,decode=0] active_sessions=492 output=1426.0 tok/s interval_ttft_q0.950=373.828s
  sim=  4.25d  42.50% wall=  16.1m speed=     200x eta=  41.4m admitted=840804 completed=840671 running=17 waiting=116 waiting_min/max=108/146 queue_p99[prefill=141.0,decode=0.0] queue_now[prefill=116,decode=0] active_sessions=490 output=1336.6 tok/s interval_ttft_q0.950=312.616s
  sim=  4.29d  42.92% wall=  16.4m speed=     216x eta=  38.1m admitted=847623 completed=847514 running=5 waiting=104 waiting_min/max=97/136 queue_p99[prefill=133.0,decode=0.0] queue_now[prefill=104,decode=0] active_sessions=473 output=1182.1 tok/s interval_ttft_q0.950=278.653s
  sim=  4.33d  43.33% wall=  16.7m speed=     209x eta=  39.1m admitted=854474 completed=854333 running=15 waiting=125 waiting_min/max=97/149 queue_p99[prefill=143.0,decode=0.0] queue_now[prefill=125,decode=0] active_sessions=492 output=1295.5 tok/s interval_ttft_q0.950=274.187s
  sim=  4.38d  43.75% wall=  16.9m speed=     214x eta=  37.8m admitted=861177 completed=861017 running=15 waiting=144 waiting_min/max=117/170 queue_p99[prefill=164.0,decode=1.0] queue_now[prefill=144,decode=0] active_sessions=519 output=1250.4 tok/s interval_ttft_q0.950=361.928s
