starting 10.000-day run: lambda/rank=0.005000, lambda/node=0.040000, progress every 3600 simulated seconds, stop at waiting 1000 or 6 consecutive growing epochs
  sim=  0.04d   0.42% wall=   1.4s speed=    2832x eta=   5.1m admitted=3516 completed=3515 running=1 waiting=0 waiting_min/max=0/1 queue_p99[prefill=0.0,decode=0.0] queue_now[prefill=0,decode=0] active_sessions=36 output=537.5 tok/s interval_p99_ttft=0.303s
  sim=  0.08d   0.83% wall=   3.2s speed=    1988x eta=   7.2m admitted=8808 completed=8803 running=4 waiting=1 waiting_min/max=0/2 queue_p99[prefill=1.0,decode=0.0] queue_now[prefill=1,decode=0] active_sessions=54 output=956.7 tok/s interval_p99_ttft=1.130s
  sim=  0.13d   1.25% wall=   4.9s speed=    2090x eta=   6.8m admitted=13541 completed=13536 running=5 waiting=0 waiting_min/max=0/2 queue_p99[prefill=0.0,decode=0.0] queue_now[prefill=0,decode=0] active_sessions=69 output=804.9 tok/s interval_p99_ttft=0.366s
  sim=  0.17d   1.67% wall=   7.0s speed=    1701x eta=   8.3m admitted=20036 completed=20029 running=7 waiting=0 waiting_min/max=0/2 queue_p99[prefill=0.0,decode=0.0] queue_now[prefill=0,decode=0] active_sessions=86 output=992.3 tok/s interval_p99_ttft=0.414s
  sim=  0.21d   2.08% wall=   9.2s speed=    1644x eta=   8.6m admitted=26489 completed=26485 running=4 waiting=0 waiting_min/max=0/4 queue_p99[prefill=1.3,decode=0.0] queue_now[prefill=0,decode=0] active_sessions=88 output=1032.2 tok/s interval_p99_ttft=2.461s
  sim=  0.25d   2.50% wall=  11.5s speed=    1604x eta=   8.8m admitted=32819 completed=32816 running=3 waiting=0 waiting_min/max=0/2 queue_p99[prefill=1.0,decode=0.0] queue_now[prefill=0,decode=0] active_sessions=97 output=1066.7 tok/s interval_p99_ttft=0.992s
  sim=  0.29d   2.92% wall=  13.9s speed=    1457x eta=   9.6m admitted=39995 completed=39986 running=9 waiting=0 waiting_min/max=0/2 queue_p99[prefill=1.0,decode=0.0] queue_now[prefill=0,decode=0] active_sessions=98 output=1041.8 tok/s interval_p99_ttft=0.993s
  sim=  0.33d   3.33% wall=  16.4s speed=    1434x eta=   9.7m admitted=45977 completed=45976 running=1 waiting=0 waiting_min/max=0/2 queue_p99[prefill=0.0,decode=0.0] queue_now[prefill=0,decode=0] active_sessions=118 output=1021.2 tok/s interval_p99_ttft=0.484s
  sim=  0.38d   3.75% wall=  19.1s speed=    1369x eta=  10.1m admitted=52703 completed=52699 running=4 waiting=0 waiting_min/max=0/3 queue_p99[prefill=0.0,decode=0.0] queue_now[prefill=0,decode=0] active_sessions=124 output=1065.0 tok/s interval_p99_ttft=0.813s
  sim=  0.42d   4.17% wall=  21.8s speed=    1343x eta=  10.3m admitted=59282 completed=59280 running=2 waiting=0 waiting_min/max=0/3 queue_p99[prefill=1.0,decode=0.0] queue_now[prefill=0,decode=0] active_sessions=123 output=1074.1 tok/s interval_p99_ttft=1.128s
  sim=  0.46d   4.58% wall=  24.4s speed=    1372x eta=  10.0m admitted=65400 completed=65399 running=1 waiting=0 waiting_min/max=0/2 queue_p99[prefill=1.0,decode=0.0] queue_now[prefill=0,decode=0] active_sessions=127 output=962.4 tok/s interval_p99_ttft=0.711s
  sim=  0.50d   5.00% wall=  27.4s speed=    1192x eta=  11.5m admitted=72710 completed=72704 running=6 waiting=0 waiting_min/max=0/3 queue_p99[prefill=1.0,decode=0.0] queue_now[prefill=0,decode=0] active_sessions=142 output=1088.4 tok/s interval_p99_ttft=1.378s
  sim=  0.54d   5.42% wall=  30.5s speed=    1148x eta=  11.9m admitted=79604 completed=79602 running=2 waiting=0 waiting_min/max=0/5 queue_p99[prefill=2.0,decode=1.0] queue_now[prefill=0,decode=0] active_sessions=151 output=992.7 tok/s interval_p99_ttft=2.460s
  sim=  0.58d   5.83% wall=  33.9s speed=    1079x eta=  12.6m admitted=86941 completed=86938 running=3 waiting=0 waiting_min/max=0/3 queue_p99[prefill=1.0,decode=0.0] queue_now[prefill=0,decode=0] active_sessions=170 output=1043.1 tok/s interval_p99_ttft=0.557s
  sim=  0.63d   6.25% wall=  37.6s speed=     972x eta=  13.9m admitted=94222 completed=94214 running=8 waiting=0 waiting_min/max=0/3 queue_p99[prefill=2.0,decode=0.0] queue_now[prefill=0,decode=0] active_sessions=186 output=1235.4 tok/s interval_p99_ttft=2.068s
  sim=  0.67d   6.67% wall=  41.8s speed=     860x eta=  15.6m admitted=102639 completed=102636 running=3 waiting=0 waiting_min/max=0/8 queue_p99[prefill=5.0,decode=2.0] queue_now[prefill=0,decode=0] active_sessions=177 output=1452.6 tok/s interval_p99_ttft=5.964s
  sim=  0.71d   7.08% wall=  45.6s speed=     940x eta=  14.2m admitted=109970 completed=109965 running=5 waiting=0 waiting_min/max=0/4 queue_p99[prefill=1.0,decode=0.0] queue_now[prefill=0,decode=0] active_sessions=178 output=1108.0 tok/s interval_p99_ttft=1.839s
  sim=  0.75d   7.50% wall=  49.4s speed=     934x eta=  14.3m admitted=116609 completed=116598 running=9 waiting=0 waiting_min/max=0/6 queue_p99[prefill=3.0,decode=1.0] queue_now[prefill=0,decode=0] active_sessions=185 output=1159.7 tok/s interval_p99_ttft=5.186s
  sim=  0.79d   7.92% wall=  53.5s speed=     882x eta=  15.0m admitted=124739 completed=124731 running=8 waiting=0 waiting_min/max=0/5 queue_p99[prefill=3.0,decode=0.0] queue_now[prefill=0,decode=0] active_sessions=193 output=1288.9 tok/s interval_p99_ttft=3.470s
  sim=  0.83d   8.33% wall=  57.8s speed=     847x eta=  15.6m admitted=132648 completed=132642 running=2 waiting=4 waiting_min/max=0/5 queue_p99[prefill=3.0,decode=0.0] queue_now[prefill=4,decode=0] active_sessions=209 output=1322.6 tok/s interval_p99_ttft=5.521s
  sim=  0.88d   8.75% wall=   1.0m speed=     696x eta=  18.9m admitted=142401 completed=142388 running=5 waiting=8 waiting_min/max=0/13 queue_p99[prefill=10.0,decode=2.0] queue_now[prefill=8,decode=0] active_sessions=219 output=1477.2 tok/s interval_p99_ttft=34.527s
  sim=  0.92d   9.17% wall=   1.1m speed=     690x eta=  19.0m admitted=150805 completed=150789 running=13 waiting=2 waiting_min/max=0/17 queue_p99[prefill=14.0,decode=0.0] queue_now[prefill=2,decode=0] active_sessions=225 output=1333.8 tok/s interval_p99_ttft=51.059s
  sim=  0.96d   9.58% wall=   1.2m speed=     641x eta=  20.3m admitted=160258 completed=160240 running=8 waiting=10 waiting_min/max=0/19 queue_p99[prefill=16.0,decode=0.0] queue_now[prefill=10,decode=0] active_sessions=239 output=1594.2 tok/s interval_p99_ttft=59.729s
  sim=  1.00d  10.00% wall=   1.3m speed=     666x eta=  19.5m admitted=170292 completed=170269 running=7 waiting=15 waiting_min/max=4/40 queue_p99[prefill=36.0,decode=0.0] queue_now[prefill=15,decode=0] active_sessions=252 output=1425.7 tok/s interval_p99_ttft=119.160s
  sim=  1.04d  10.42% wall=   1.4m speed=     652x eta=  19.8m admitted=179590 completed=179578 running=11 waiting=1 waiting_min/max=0/24 queue_p99[prefill=19.0,decode=0.0] queue_now[prefill=1,decode=0] active_sessions=246 output=1403.8 tok/s interval_p99_ttft=59.246s
  sim=  1.08d  10.83% wall=   1.5m speed=     639x eta=  20.1m admitted=189487 completed=189468 running=12 waiting=6 waiting_min/max=0/21 queue_p99[prefill=15.0,decode=1.0] queue_now[prefill=6,decode=0] active_sessions=246 output=1621.1 tok/s interval_p99_ttft=24.407s
  sim=  1.13d  11.25% wall=   1.6m speed=     611x eta=  20.9m admitted=198940 completed=198931 running=9 waiting=0 waiting_min/max=0/18 queue_p99[prefill=13.0,decode=0.0] queue_now[prefill=0,decode=0] active_sessions=241 output=1678.0 tok/s interval_p99_ttft=17.705s
  sim=  1.17d  11.67% wall=   1.7m speed=     619x eta=  20.6m admitted=208029 completed=208018 running=11 waiting=0 waiting_min/max=0/9 queue_p99[prefill=4.0,decode=0.0] queue_now[prefill=0,decode=0] active_sessions=248 output=1652.3 tok/s interval_p99_ttft=6.927s
  sim=  1.21d  12.08% wall=   1.8m speed=     602x eta=  21.0m admitted=216734 completed=216721 running=13 waiting=0 waiting_min/max=0/8 queue_p99[prefill=5.0,decode=1.0] queue_now[prefill=0,decode=0] active_sessions=250 output=1626.5 tok/s interval_p99_ttft=6.751s
  sim=  1.25d  12.50% wall=   1.9m speed=     581x eta=  21.7m admitted=225879 completed=225860 running=18 waiting=1 waiting_min/max=0/8 queue_p99[prefill=6.0,decode=2.0] queue_now[prefill=1,decode=0] active_sessions=258 output=1467.9 tok/s interval_p99_ttft=12.519s
  sim=  1.29d  12.92% wall=   2.0m speed=     553x eta=  22.7m admitted=235073 completed=235053 running=9 waiting=11 waiting_min/max=0/18 queue_p99[prefill=15.0,decode=1.0] queue_now[prefill=11,decode=0] active_sessions=261 output=1400.2 tok/s interval_p99_ttft=34.913s
  sim=  1.33d  13.33% wall=   2.1m speed=     557x eta=  22.4m admitted=244255 completed=244244 running=11 waiting=0 waiting_min/max=0/17 queue_p99[prefill=13.0,decode=1.0] queue_now[prefill=0,decode=0] active_sessions=281 output=1515.2 tok/s interval_p99_ttft=36.243s
