starting 10.000-day run: lambda/rank=0.003000, lambda/node=0.024000, progress every 3600 simulated seconds, stop at waiting 1000, 6 consecutive growing epochs
  sim=  0.04d   0.42% wall=   1.1s speed=    3666x eta=   3.9m admitted=2439 completed=2438 running=0 waiting=0 waiting_min/max=0/0 queue_p99[prefill=0.0,decode=0.0] queue_now[prefill=0,decode=0] active_sessions=22 output=380.3 tok/s interval_ttft_q0.950=0.157s
  sim=  0.08d   0.83% wall=   2.4s speed=    2796x eta=   5.1m admitted=5559 completed=5554 running=4 waiting=1 waiting_min/max=0/1 queue_p99[prefill=0.0,decode=0.0] queue_now[prefill=1,decode=0] active_sessions=37 output=498.6 tok/s interval_ttft_q0.950=0.493s
  sim=  0.13d   1.25% wall=   3.8s speed=    2515x eta=   5.7m admitted=8957 completed=8955 running=2 waiting=0 waiting_min/max=0/1 queue_p99[prefill=0.0,decode=0.0] queue_now[prefill=0,decode=0] active_sessions=47 output=616.7 tok/s interval_ttft_q0.950=0.570s
  sim=  0.17d   1.67% wall=   5.2s speed=    2642x eta=   5.4m admitted=11811 completed=11810 running=0 waiting=0 waiting_min/max=0/1 queue_p99[prefill=0.0,decode=0.0] queue_now[prefill=0,decode=0] active_sessions=42 output=519.0 tok/s interval_ttft_q0.950=0.161s
  sim=  0.21d   2.08% wall=   6.8s speed=    2214x eta=   6.4m admitted=15352 completed=15351 running=1 waiting=0 waiting_min/max=0/1 queue_p99[prefill=0.0,decode=0.0] queue_now[prefill=0,decode=0] active_sessions=55 output=572.5 tok/s interval_ttft_q0.950=0.144s
  sim=  0.25d   2.50% wall=   8.7s speed=    1905x eta=   7.4m admitted=20040 completed=20038 running=2 waiting=0 waiting_min/max=0/1 queue_p99[prefill=0.0,decode=0.0] queue_now[prefill=0,decode=0] active_sessions=60 output=690.8 tok/s interval_ttft_q0.950=0.141s
  sim=  0.29d   2.92% wall=  10.6s speed=    1929x eta=   7.2m admitted=24262 completed=24259 running=3 waiting=0 waiting_min/max=0/1 queue_p99[prefill=0.0,decode=0.0] queue_now[prefill=0,decode=0] active_sessions=63 output=662.6 tok/s interval_ttft_q0.950=0.145s
  sim=  0.33d   3.33% wall=  12.4s speed=    1911x eta=   7.3m admitted=28372 completed=28369 running=3 waiting=0 waiting_min/max=0/2 queue_p99[prefill=0.0,decode=0.0] queue_now[prefill=0,decode=0] active_sessions=62 output=644.4 tok/s interval_ttft_q0.950=0.308s
  sim=  0.38d   3.75% wall=  14.0s speed=    2274x eta=   6.1m admitted=31165 completed=31164 running=1 waiting=0 waiting_min/max=0/1 queue_p99[prefill=0.0,decode=0.0] queue_now[prefill=0,decode=0] active_sessions=62 output=535.7 tok/s interval_ttft_q0.950=0.173s
  sim=  0.42d   4.17% wall=  16.1s speed=    1721x eta=   8.0m admitted=36078 completed=36075 running=3 waiting=0 waiting_min/max=0/2 queue_p99[prefill=0.0,decode=0.0] queue_now[prefill=0,decode=0] active_sessions=80 output=815.7 tok/s interval_ttft_q0.950=0.184s
  sim=  0.46d   4.58% wall=  18.0s speed=    1905x eta=   7.2m admitted=40117 completed=40115 running=2 waiting=0 waiting_min/max=0/2 queue_p99[prefill=0.0,decode=0.0] queue_now[prefill=0,decode=0] active_sessions=75 output=624.6 tok/s interval_ttft_q0.950=0.451s
  sim=  0.50d   5.00% wall=  19.8s speed=    1948x eta=   7.0m admitted=43792 completed=43789 running=3 waiting=0 waiting_min/max=0/1 queue_p99[prefill=0.0,decode=0.0] queue_now[prefill=0,decode=0] active_sessions=83 output=595.3 tok/s interval_ttft_q0.950=0.159s
  sim=  0.54d   5.42% wall=  21.7s speed=    1942x eta=   7.0m admitted=47390 completed=47388 running=2 waiting=0 waiting_min/max=0/1 queue_p99[prefill=0.0,decode=0.0] queue_now[prefill=0,decode=0] active_sessions=87 output=585.3 tok/s interval_ttft_q0.950=0.177s
  sim=  0.58d   5.83% wall=  23.7s speed=    1787x eta=   7.6m admitted=51638 completed=51636 running=2 waiting=0 waiting_min/max=0/2 queue_p99[prefill=0.0,decode=0.0] queue_now[prefill=0,decode=0] active_sessions=94 output=627.0 tok/s interval_ttft_q0.950=0.184s
  sim=  0.63d   6.25% wall=  25.9s speed=    1626x eta=   8.3m admitted=55854 completed=55852 running=2 waiting=0 waiting_min/max=0/1 queue_p99[prefill=0.0,decode=0.0] queue_now[prefill=0,decode=0] active_sessions=100 output=653.5 tok/s interval_ttft_q0.950=0.157s
  sim=  0.67d   6.67% wall=  28.2s speed=    1613x eta=   8.3m admitted=60035 completed=60030 running=5 waiting=0 waiting_min/max=0/1 queue_p99[prefill=0.0,decode=0.0] queue_now[prefill=0,decode=0] active_sessions=101 output=735.4 tok/s interval_ttft_q0.950=0.197s
  sim=  0.71d   7.08% wall=  30.2s speed=    1766x eta=   7.6m admitted=63729 completed=63724 running=5 waiting=0 waiting_min/max=0/3 queue_p99[prefill=0.5,decode=1.0] queue_now[prefill=0,decode=0] active_sessions=101 output=619.5 tok/s interval_ttft_q0.950=0.174s
  sim=  0.75d   7.50% wall=  32.5s speed=    1596x eta=   8.3m admitted=67520 completed=67515 running=5 waiting=0 waiting_min/max=0/2 queue_p99[prefill=0.0,decode=0.0] queue_now[prefill=0,decode=0] active_sessions=97 output=712.9 tok/s interval_ttft_q0.950=0.175s
  sim=  0.79d   7.92% wall=  34.9s speed=    1481x eta=   9.0m admitted=72441 completed=72436 running=4 waiting=0 waiting_min/max=0/2 queue_p99[prefill=1.0,decode=0.0] queue_now[prefill=0,decode=0] active_sessions=114 output=764.8 tok/s interval_ttft_q0.950=0.467s
  sim=  0.83d   8.33% wall=  37.3s speed=    1490x eta=   8.9m admitted=77067 completed=77066 running=1 waiting=0 waiting_min/max=0/4 queue_p99[prefill=2.0,decode=0.0] queue_now[prefill=0,decode=0] active_sessions=119 output=615.0 tok/s interval_ttft_q0.950=0.560s
  sim=  0.88d   8.75% wall=  39.7s speed=    1482x eta=   8.9m admitted=81590 completed=81587 running=3 waiting=0 waiting_min/max=0/2 queue_p99[prefill=0.0,decode=0.0] queue_now[prefill=0,decode=0] active_sessions=119 output=625.0 tok/s interval_ttft_q0.950=0.151s
  sim=  0.92d   9.17% wall=  42.0s speed=    1584x eta=   8.3m admitted=85406 completed=85404 running=2 waiting=0 waiting_min/max=0/1 queue_p99[prefill=0.0,decode=0.0] queue_now[prefill=0,decode=0] active_sessions=134 output=568.4 tok/s interval_ttft_q0.950=0.162s
  sim=  0.96d   9.58% wall=  44.5s speed=    1461x eta=   8.9m admitted=89800 completed=89796 running=4 waiting=0 waiting_min/max=0/2 queue_p99[prefill=0.0,decode=0.0] queue_now[prefill=0,decode=0] active_sessions=143 output=657.8 tok/s interval_ttft_q0.950=0.211s
  sim=  1.00d  10.00% wall=  47.3s speed=    1281x eta=  10.1m admitted=94805 completed=94803 running=2 waiting=0 waiting_min/max=0/3 queue_p99[prefill=1.0,decode=0.0] queue_now[prefill=0,decode=0] active_sessions=148 output=802.4 tok/s interval_ttft_q0.950=0.477s
  sim=  1.04d  10.42% wall=  50.2s speed=    1213x eta=  10.6m admitted=99975 completed=99969 running=6 waiting=0 waiting_min/max=0/3 queue_p99[prefill=1.0,decode=0.0] queue_now[prefill=0,decode=0] active_sessions=145 output=943.1 tok/s interval_ttft_q0.950=0.267s
  sim=  1.08d  10.83% wall=  53.5s speed=    1093x eta=  11.7m admitted=106270 completed=106263 running=6 waiting=0 waiting_min/max=0/5 queue_p99[prefill=1.0,decode=0.0] queue_now[prefill=0,decode=0] active_sessions=147 output=941.5 tok/s interval_ttft_q0.950=0.491s
  sim=  1.13d  11.25% wall=  56.6s speed=    1177x eta=  10.9m admitted=111590 completed=111589 running=0 waiting=0 waiting_min/max=0/4 queue_p99[prefill=2.0,decode=0.0] queue_now[prefill=0,decode=0] active_sessions=132 output=850.7 tok/s interval_ttft_q0.950=0.301s
  sim=  1.17d  11.67% wall=  59.2s speed=    1393x eta=   9.1m admitted=115387 completed=115384 running=3 waiting=0 waiting_min/max=0/4 queue_p99[prefill=1.0,decode=0.0] queue_now[prefill=0,decode=0] active_sessions=140 output=676.0 tok/s interval_ttft_q0.950=0.341s
  sim=  1.21d  12.08% wall=   1.0m speed=    1157x eta=  10.9m admitted=120125 completed=120121 running=4 waiting=0 waiting_min/max=0/8 queue_p99[prefill=5.0,decode=0.0] queue_now[prefill=0,decode=0] active_sessions=145 output=811.0 tok/s interval_ttft_q0.950=0.723s
  sim=  1.25d  12.50% wall=   1.1m speed=    1034x eta=  12.2m admitted=125571 completed=125564 running=6 waiting=0 waiting_min/max=0/15 queue_p99[prefill=11.0,decode=2.0] queue_now[prefill=0,decode=0] active_sessions=144 output=969.4 tok/s interval_ttft_q0.950=6.537s
  sim=  1.29d  12.92% wall=   1.2m speed=    1044x eta=  12.0m admitted=131212 completed=131209 running=3 waiting=0 waiting_min/max=0/9 queue_p99[prefill=7.0,decode=0.0] queue_now[prefill=0,decode=0] active_sessions=160 output=826.7 tok/s interval_ttft_q0.950=1.250s
  sim=  1.33d  13.33% wall=   1.2m speed=     965x eta=  12.9m admitted=137621 completed=137618 running=3 waiting=0 waiting_min/max=0/7 queue_p99[prefill=2.0,decode=0.0] queue_now[prefill=0,decode=0] active_sessions=155 output=1011.6 tok/s interval_ttft_q0.950=0.491s
  sim=  1.38d  13.75% wall=   1.3m speed=     896x eta=  13.9m admitted=144716 completed=144713 running=3 waiting=0 waiting_min/max=0/6 queue_p99[prefill=3.0,decode=0.0] queue_now[prefill=0,decode=0] active_sessions=166 output=1111.0 tok/s interval_ttft_q0.950=0.494s
  sim=  1.42d  14.17% wall=   1.4m speed=     872x eta=  14.2m admitted=151852 completed=151846 running=6 waiting=0 waiting_min/max=0/4 queue_p99[prefill=2.0,decode=0.0] queue_now[prefill=0,decode=0] active_sessions=162 output=1092.6 tok/s interval_ttft_q0.950=0.287s
  sim=  1.46d  14.58% wall=   1.4m speed=     832x eta=  14.8m admitted=158958 completed=158956 running=2 waiting=0 waiting_min/max=0/6 queue_p99[prefill=2.0,decode=0.0] queue_now[prefill=0,decode=0] active_sessions=156 output=1051.8 tok/s interval_ttft_q0.950=0.299s
  sim=  1.50d  15.00% wall=   1.5m speed=     962x eta=  12.7m admitted=164297 completed=164293 running=4 waiting=0 waiting_min/max=0/4 queue_p99[prefill=2.0,decode=0.0] queue_now[prefill=0,decode=0] active_sessions=163 output=860.9 tok/s interval_ttft_q0.950=0.361s
  sim=  1.54d  15.42% wall=   1.6m speed=     799x eta=  15.2m admitted=171352 completed=171344 running=8 waiting=0 waiting_min/max=0/3 queue_p99[prefill=1.0,decode=0.0] queue_now[prefill=0,decode=0] active_sessions=167 output=1116.9 tok/s interval_ttft_q0.950=0.255s
  sim=  1.58d  15.83% wall=   1.6m speed=     840x eta=  14.4m admitted=177421 completed=177419 running=2 waiting=0 waiting_min/max=0/4 queue_p99[prefill=2.0,decode=0.0] queue_now[prefill=0,decode=0] active_sessions=175 output=916.2 tok/s interval_ttft_q0.950=0.328s
  sim=  1.63d  16.25% wall=   1.7m speed=     791x eta=  15.2m admitted=184200 completed=184197 running=3 waiting=0 waiting_min/max=0/4 queue_p99[prefill=2.0,decode=0.0] queue_now[prefill=0,decode=0] active_sessions=171 output=1001.6 tok/s interval_ttft_q0.950=0.977s
  sim=  1.67d  16.67% wall=   1.8m speed=     909x eta=  13.2m admitted=188807 completed=188799 running=8 waiting=0 waiting_min/max=0/4 queue_p99[prefill=2.0,decode=0.0] queue_now[prefill=0,decode=0] active_sessions=175 output=743.3 tok/s interval_ttft_q0.950=0.800s
  sim=  1.71d  17.08% wall=   1.9m speed=     777x eta=  15.4m admitted=194809 completed=194807 running=2 waiting=0 waiting_min/max=0/6 queue_p99[prefill=3.0,decode=0.0] queue_now[prefill=0,decode=0] active_sessions=171 output=989.6 tok/s interval_ttft_q0.950=0.653s
  sim=  1.75d  17.50% wall=   1.9m speed=     844x eta=  14.1m admitted=199945 completed=199944 running=1 waiting=0 waiting_min/max=0/3 queue_p99[prefill=2.0,decode=0.0] queue_now[prefill=0,decode=0] active_sessions=179 output=905.5 tok/s interval_ttft_q0.950=0.383s
  sim=  1.79d  17.92% wall=   2.0m speed=     757x eta=  15.6m admitted=205647 completed=205639 running=7 waiting=1 waiting_min/max=0/6 queue_p99[prefill=2.0,decode=0.0] queue_now[prefill=1,decode=0] active_sessions=177 output=1006.6 tok/s interval_ttft_q0.950=0.503s
  sim=  1.83d  18.33% wall=   2.1m speed=     734x eta=  16.0m admitted=211724 completed=211723 running=1 waiting=0 waiting_min/max=0/5 queue_p99[prefill=3.0,decode=0.0] queue_now[prefill=0,decode=0] active_sessions=171 output=941.6 tok/s interval_ttft_q0.950=0.699s
  sim=  1.88d  18.75% wall=   2.2m speed=     730x eta=  16.0m admitted=217382 completed=217379 running=3 waiting=0 waiting_min/max=0/4 queue_p99[prefill=1.0,decode=0.0] queue_now[prefill=0,decode=0] active_sessions=182 output=1021.6 tok/s interval_ttft_q0.950=0.500s
  sim=  1.92d  19.17% wall=   2.2m speed=     737x eta=  15.8m admitted=222786 completed=222785 running=1 waiting=0 waiting_min/max=0/4 queue_p99[prefill=1.0,decode=0.0] queue_now[prefill=0,decode=0] active_sessions=180 output=975.9 tok/s interval_ttft_q0.950=0.265s
  sim=  1.96d  19.58% wall=   2.3m speed=     651x eta=  17.8m admitted=229054 completed=229050 running=4 waiting=0 waiting_min/max=0/4 queue_p99[prefill=2.0,decode=0.0] queue_now[prefill=0,decode=0] active_sessions=185 output=1085.1 tok/s interval_ttft_q0.950=0.316s
  sim=  2.00d  20.00% wall=   2.4m speed=     629x eta=  18.3m admitted=235728 completed=235721 running=7 waiting=0 waiting_min/max=0/5 queue_p99[prefill=2.0,decode=0.0] queue_now[prefill=0,decode=0] active_sessions=195 output=1221.6 tok/s interval_ttft_q0.950=0.400s
  sim=  2.04d  20.42% wall=   2.5m speed=     620x eta=  18.5m admitted=242213 completed=242208 running=5 waiting=0 waiting_min/max=0/3 queue_p99[prefill=2.0,decode=0.0] queue_now[prefill=0,decode=0] active_sessions=193 output=1061.3 tok/s interval_ttft_q0.950=0.840s
  sim=  2.08d  20.83% wall=   2.6m speed=     626x eta=  18.2m admitted=248594 completed=248587 running=7 waiting=0 waiting_min/max=0/8 queue_p99[prefill=6.0,decode=0.0] queue_now[prefill=0,decode=0] active_sessions=200 output=1097.1 tok/s interval_ttft_q0.950=0.955s
  sim=  2.13d  21.25% wall=   2.7m speed=     643x eta=  17.6m admitted=254551 completed=254544 running=7 waiting=0 waiting_min/max=0/4 queue_p99[prefill=2.0,decode=0.0] queue_now[prefill=0,decode=0] active_sessions=203 output=965.4 tok/s interval_ttft_q0.950=0.619s
  sim=  2.17d  21.67% wall=   2.8m speed=     724x eta=  15.6m admitted=259501 completed=259495 running=6 waiting=0 waiting_min/max=0/2 queue_p99[prefill=1.0,decode=0.0] queue_now[prefill=0,decode=0] active_sessions=204 output=753.9 tok/s interval_ttft_q0.950=0.242s
  sim=  2.21d  22.08% wall=   2.9m speed=     607x eta=  18.5m admitted=265723 completed=265721 running=2 waiting=0 waiting_min/max=0/3 queue_p99[prefill=2.0,decode=0.0] queue_now[prefill=0,decode=0] active_sessions=214 output=948.1 tok/s interval_ttft_q0.950=0.263s
  sim=  2.25d  22.50% wall=   3.0m speed=     604x eta=  18.5m admitted=272229 completed=272226 running=3 waiting=0 waiting_min/max=0/5 queue_p99[prefill=2.0,decode=0.0] queue_now[prefill=0,decode=0] active_sessions=222 output=982.8 tok/s interval_ttft_q0.950=0.404s
  sim=  2.29d  22.92% wall=   3.1m speed=     596x eta=  18.6m admitted=278652 completed=278646 running=6 waiting=0 waiting_min/max=0/5 queue_p99[prefill=1.0,decode=0.0] queue_now[prefill=0,decode=0] active_sessions=213 output=914.4 tok/s interval_ttft_q0.950=0.316s
  sim=  2.33d  23.33% wall=   3.2m speed=     630x eta=  17.5m admitted=283574 completed=283570 running=4 waiting=0 waiting_min/max=0/4 queue_p99[prefill=2.0,decode=0.0] queue_now[prefill=0,decode=0] active_sessions=205 output=1031.2 tok/s interval_ttft_q0.950=0.534s
  sim=  2.38d  23.75% wall=   3.3m speed=     566x eta=  19.4m admitted=289448 completed=289444 running=4 waiting=0 waiting_min/max=0/4 queue_p99[prefill=2.0,decode=0.0] queue_now[prefill=0,decode=0] active_sessions=207 output=1140.6 tok/s interval_ttft_q0.950=0.400s
  sim=  2.42d  24.17% wall=   3.4m speed=     565x eta=  19.3m admitted=295439 completed=295435 running=4 waiting=0 waiting_min/max=0/5 queue_p99[prefill=2.0,decode=0.0] queue_now[prefill=0,decode=0] active_sessions=212 output=1076.9 tok/s interval_ttft_q0.950=0.367s
  sim=  2.46d  24.58% wall=   3.5m speed=     537x eta=  20.2m admitted=302025 completed=302020 running=5 waiting=0 waiting_min/max=0/7 queue_p99[prefill=3.0,decode=0.0] queue_now[prefill=0,decode=0] active_sessions=204 output=1107.2 tok/s interval_ttft_q0.950=0.887s
  sim=  2.50d  25.00% wall=   3.6m speed=     536x eta=  20.2m admitted=308747 completed=308739 running=8 waiting=0 waiting_min/max=0/7 queue_p99[prefill=3.7,decode=0.0] queue_now[prefill=0,decode=0] active_sessions=211 output=1028.8 tok/s interval_ttft_q0.950=0.700s
  sim=  2.54d  25.42% wall=   3.7m speed=     552x eta=  19.4m admitted=314468 completed=314463 running=4 waiting=1 waiting_min/max=0/7 queue_p99[prefill=3.5,decode=0.0] queue_now[prefill=1,decode=0] active_sessions=211 output=1003.5 tok/s interval_ttft_q0.950=1.705s
  sim=  2.58d  25.83% wall=   3.8m speed=     572x eta=  18.7m admitted=319693 completed=319690 running=3 waiting=0 waiting_min/max=0/4 queue_p99[prefill=2.0,decode=0.0] queue_now[prefill=0,decode=0] active_sessions=213 output=891.2 tok/s interval_ttft_q0.950=0.691s
  sim=  2.63d  26.25% wall=   4.0m speed=     540x eta=  19.7m admitted=325520 completed=325515 running=4 waiting=1 waiting_min/max=0/4 queue_p99[prefill=3.0,decode=0.0] queue_now[prefill=1,decode=0] active_sessions=216 output=930.2 tok/s interval_ttft_q0.950=0.634s
  sim=  2.67d  26.67% wall=   4.1m speed=     561x eta=  18.8m admitted=330612 completed=330605 running=7 waiting=0 waiting_min/max=0/10 queue_p99[prefill=8.0,decode=0.0] queue_now[prefill=0,decode=0] active_sessions=223 output=852.5 tok/s interval_ttft_q0.950=1.326s
  sim=  2.71d  27.08% wall=   4.2m speed=     536x eta=  19.6m admitted=336184 completed=336176 running=8 waiting=0 waiting_min/max=0/5 queue_p99[prefill=3.0,decode=0.0] queue_now[prefill=0,decode=0] active_sessions=221 output=961.3 tok/s interval_ttft_q0.950=0.536s
  sim=  2.75d  27.50% wall=   4.3m speed=     474x eta=  22.0m admitted=343286 completed=343284 running=2 waiting=0 waiting_min/max=0/5 queue_p99[prefill=2.0,decode=0.0] queue_now[prefill=0,decode=0] active_sessions=224 output=1069.4 tok/s interval_ttft_q0.950=0.594s
  sim=  2.79d  27.92% wall=   4.4m speed=     463x eta=  22.4m admitted=349782 completed=349770 running=8 waiting=3 waiting_min/max=0/8 queue_p99[prefill=6.0,decode=1.0] queue_now[prefill=3,decode=0] active_sessions=234 output=1090.3 tok/s interval_ttft_q0.950=1.114s
  sim=  2.83d  28.33% wall=   4.6m speed=     414x eta=  24.9m admitted=357188 completed=357177 running=11 waiting=0 waiting_min/max=0/8 queue_p99[prefill=6.0,decode=1.0] queue_now[prefill=0,decode=0] active_sessions=231 output=1250.9 tok/s interval_ttft_q0.950=1.017s
  sim=  2.88d  28.75% wall=   4.7m speed=     435x eta=  23.6m admitted=364494 completed=364488 running=6 waiting=0 waiting_min/max=0/5 queue_p99[prefill=3.0,decode=0.0] queue_now[prefill=0,decode=0] active_sessions=232 output=1247.3 tok/s interval_ttft_q0.950=0.511s
  sim=  2.92d  29.17% wall=   4.8m speed=     468x eta=  21.8m admitted=371064 completed=371055 running=5 waiting=4 waiting_min/max=0/6 queue_p99[prefill=4.0,decode=0.0] queue_now[prefill=4,decode=0] active_sessions=233 output=970.9 tok/s interval_ttft_q0.950=0.738s
  sim=  2.96d  29.58% wall=   5.0m speed=     459x eta=  22.1m admitted=377888 completed=377883 running=4 waiting=1 waiting_min/max=0/8 queue_p99[prefill=4.0,decode=0.0] queue_now[prefill=1,decode=0] active_sessions=236 output=971.4 tok/s interval_ttft_q0.950=0.603s
  sim=  3.00d  30.00% wall=   5.1m speed=     455x eta=  22.2m admitted=384301 completed=384294 running=7 waiting=0 waiting_min/max=0/9 queue_p99[prefill=6.0,decode=0.0] queue_now[prefill=0,decode=0] active_sessions=228 output=954.4 tok/s interval_ttft_q0.950=3.266s
  sim=  3.04d  30.42% wall=   5.2m speed=     483x eta=  20.8m admitted=389814 completed=389811 running=3 waiting=0 waiting_min/max=0/4 queue_p99[prefill=3.0,decode=0.0] queue_now[prefill=0,decode=0] active_sessions=231 output=796.0 tok/s interval_ttft_q0.950=0.963s
  sim=  3.08d  30.83% wall=   5.4m speed=     491x eta=  20.3m admitted=395399 completed=395396 running=3 waiting=0 waiting_min/max=0/5 queue_p99[prefill=3.0,decode=0.0] queue_now[prefill=0,decode=0] active_sessions=241 output=785.9 tok/s interval_ttft_q0.950=0.559s
  sim=  3.13d  31.25% wall=   5.5m speed=     438x eta=  22.6m admitted=401529 completed=401526 running=3 waiting=0 waiting_min/max=0/4 queue_p99[prefill=3.0,decode=0.0] queue_now[prefill=0,decode=0] active_sessions=247 output=1022.8 tok/s interval_ttft_q0.950=0.541s
  sim=  3.17d  31.67% wall=   5.6m speed=     400x eta=  24.6m admitted=408793 completed=408791 running=2 waiting=0 waiting_min/max=0/5 queue_p99[prefill=2.0,decode=0.0] queue_now[prefill=0,decode=0] active_sessions=239 output=1142.4 tok/s interval_ttft_q0.950=0.418s
  sim=  3.21d  32.08% wall=   5.8m speed=     426x eta=  23.0m admitted=414913 completed=414906 running=7 waiting=0 waiting_min/max=0/3 queue_p99[prefill=1.4,decode=0.0] queue_now[prefill=0,decode=0] active_sessions=239 output=989.5 tok/s interval_ttft_q0.950=0.412s
  sim=  3.25d  32.50% wall=   5.9m speed=     460x eta=  21.1m admitted=420409 completed=420407 running=2 waiting=0 waiting_min/max=0/5 queue_p99[prefill=3.0,decode=1.0] queue_now[prefill=0,decode=0] active_sessions=241 output=901.5 tok/s interval_ttft_q0.950=0.730s
  sim=  3.29d  32.92% wall=   6.1m speed=     397x eta=  24.3m admitted=427149 completed=427146 running=2 waiting=0 waiting_min/max=0/10 queue_p99[prefill=5.0,decode=0.0] queue_now[prefill=0,decode=0] active_sessions=248 output=960.2 tok/s interval_ttft_q0.950=0.545s
  sim=  3.33d  33.33% wall=   6.2m speed=     432x eta=  22.2m admitted=433360 completed=433357 running=3 waiting=0 waiting_min/max=0/6 queue_p99[prefill=3.0,decode=0.0] queue_now[prefill=0,decode=0] active_sessions=236 output=944.0 tok/s interval_ttft_q0.950=1.126s
  sim=  3.38d  33.75% wall=   6.3m speed=     415x eta=  23.0m admitted=439243 completed=439240 running=3 waiting=0 waiting_min/max=0/5 queue_p99[prefill=3.0,decode=0.0] queue_now[prefill=0,decode=0] active_sessions=234 output=994.2 tok/s interval_ttft_q0.950=0.535s
  sim=  3.42d  34.17% wall=   6.5m speed=     413x eta=  23.0m admitted=444940 completed=444935 running=5 waiting=0 waiting_min/max=0/5 queue_p99[prefill=2.0,decode=0.0] queue_now[prefill=0,decode=0] active_sessions=231 output=1025.6 tok/s interval_ttft_q0.950=0.319s
  sim=  3.46d  34.58% wall=   6.6m speed=     397x eta=  23.7m admitted=451504 completed=451501 running=3 waiting=0 waiting_min/max=0/4 queue_p99[prefill=2.0,decode=0.0] queue_now[prefill=0,decode=0] active_sessions=229 output=984.1 tok/s interval_ttft_q0.950=0.352s
  sim=  3.50d  35.00% wall=   6.8m speed=     419x eta=  22.3m admitted=457069 completed=457066 running=3 waiting=0 waiting_min/max=0/4 queue_p99[prefill=2.0,decode=0.0] queue_now[prefill=0,decode=0] active_sessions=238 output=879.4 tok/s interval_ttft_q0.950=0.388s
  sim=  3.54d  35.42% wall=   6.9m speed=     411x eta=  22.6m admitted=462065 completed=462060 running=5 waiting=0 waiting_min/max=0/4 queue_p99[prefill=1.0,decode=0.0] queue_now[prefill=0,decode=0] active_sessions=241 output=831.5 tok/s interval_ttft_q0.950=0.611s
  sim=  3.58d  35.83% wall=   7.1m speed=     398x eta=  23.2m admitted=466867 completed=466860 running=6 waiting=1 waiting_min/max=0/5 queue_p99[prefill=2.0,decode=0.0] queue_now[prefill=1,decode=0] active_sessions=240 output=901.7 tok/s interval_ttft_q0.950=0.899s
  sim=  3.63d  36.25% wall=   7.2m speed=     453x eta=  20.3m admitted=471225 completed=471223 running=2 waiting=0 waiting_min/max=0/5 queue_p99[prefill=3.0,decode=0.0] queue_now[prefill=0,decode=0] active_sessions=236 output=780.2 tok/s interval_ttft_q0.950=0.624s
  sim=  3.67d  36.67% wall=   7.4m speed=     394x eta=  23.2m admitted=476861 completed=476854 running=7 waiting=0 waiting_min/max=0/4 queue_p99[prefill=2.0,decode=0.0] queue_now[prefill=0,decode=0] active_sessions=241 output=911.7 tok/s interval_ttft_q0.950=0.549s
  sim=  3.71d  37.08% wall=   7.5m speed=     386x eta=  23.4m admitted=482733 completed=482729 running=4 waiting=0 waiting_min/max=0/6 queue_p99[prefill=4.0,decode=0.0] queue_now[prefill=0,decode=0] active_sessions=235 output=987.4 tok/s interval_ttft_q0.950=0.864s
  sim=  3.75d  37.50% wall=   7.7m speed=     363x eta=  24.8m admitted=488731 completed=488729 running=2 waiting=0 waiting_min/max=0/5 queue_p99[prefill=3.0,decode=0.0] queue_now[prefill=0,decode=0] active_sessions=237 output=954.3 tok/s interval_ttft_q0.950=0.511s
  sim=  3.79d  37.92% wall=   7.9m speed=     373x eta=  24.0m admitted=494461 completed=494453 running=8 waiting=0 waiting_min/max=0/6 queue_p99[prefill=3.0,decode=0.0] queue_now[prefill=0,decode=0] active_sessions=249 output=1044.0 tok/s interval_ttft_q0.950=0.805s
  sim=  3.83d  38.33% wall=   8.0m speed=     375x eta=  23.7m admitted=500031 completed=500030 running=1 waiting=0 waiting_min/max=0/4 queue_p99[prefill=3.0,decode=0.0] queue_now[prefill=0,decode=0] active_sessions=242 output=981.2 tok/s interval_ttft_q0.950=0.633s
  sim=  3.88d  38.75% wall=   8.1m speed=     456x eta=  19.3m admitted=504170 completed=504165 running=5 waiting=0 waiting_min/max=0/5 queue_p99[prefill=2.0,decode=0.0] queue_now[prefill=0,decode=0] active_sessions=245 output=702.7 tok/s interval_ttft_q0.950=0.770s
  sim=  3.92d  39.17% wall=   8.3m speed=     403x eta=  21.8m admitted=509416 completed=509411 running=5 waiting=0 waiting_min/max=0/3 queue_p99[prefill=2.0,decode=0.0] queue_now[prefill=0,decode=0] active_sessions=250 output=861.4 tok/s interval_ttft_q0.950=0.639s
  sim=  3.96d  39.58% wall=   8.5m speed=     338x eta=  25.7m admitted=516716 completed=516711 running=4 waiting=0 waiting_min/max=0/5 queue_p99[prefill=3.0,decode=0.0] queue_now[prefill=0,decode=0] active_sessions=257 output=1092.5 tok/s interval_ttft_q0.950=0.984s
  sim=  4.00d  40.00% wall=   8.7m speed=     300x eta=  28.8m admitted=524545 completed=524538 running=6 waiting=1 waiting_min/max=0/14 queue_p99[prefill=10.0,decode=1.0] queue_now[prefill=1,decode=0] active_sessions=265 output=1227.6 tok/s interval_ttft_q0.950=6.428s
  sim=  4.04d  40.42% wall=   8.9m speed=     312x eta=  27.5m admitted=530694 completed=530687 running=7 waiting=0 waiting_min/max=0/8 queue_p99[prefill=6.0,decode=0.0] queue_now[prefill=0,decode=0] active_sessions=270 output=1016.5 tok/s interval_ttft_q0.950=2.390s
  sim=  4.08d  40.83% wall=   9.1m speed=     300x eta=  28.4m admitted=538842 completed=538830 running=9 waiting=1 waiting_min/max=0/9 queue_p99[prefill=5.0,decode=0.0] queue_now[prefill=0,decode=1] active_sessions=272 output=1246.3 tok/s interval_ttft_q0.950=2.446s
  sim=  4.13d  41.25% wall=   9.2m speed=     343x eta=  24.7m admitted=545281 completed=545273 running=4 waiting=3 waiting_min/max=0/7 queue_p99[prefill=4.0,decode=0.0] queue_now[prefill=3,decode=0] active_sessions=267 output=974.8 tok/s interval_ttft_q0.950=1.979s
  sim=  4.17d  41.67% wall=   9.4m speed=     352x eta=  23.9m admitted=551267 completed=551261 running=5 waiting=1 waiting_min/max=0/9 queue_p99[prefill=6.0,decode=0.0] queue_now[prefill=1,decode=0] active_sessions=267 output=847.0 tok/s interval_ttft_q0.950=3.829s
  sim=  4.21d  42.08% wall=   9.6m speed=     318x eta=  26.3m admitted=558409 completed=558402 running=7 waiting=0 waiting_min/max=0/11 queue_p99[prefill=9.0,decode=0.0] queue_now[prefill=0,decode=0] active_sessions=264 output=964.6 tok/s interval_ttft_q0.950=2.561s
  sim=  4.25d  42.50% wall=   9.8m speed=     340x eta=  24.4m admitted=564314 completed=564308 running=6 waiting=0 waiting_min/max=0/5 queue_p99[prefill=4.0,decode=0.0] queue_now[prefill=0,decode=0] active_sessions=259 output=1000.4 tok/s interval_ttft_q0.950=1.286s
  sim=  4.29d  42.92% wall=   9.9m speed=     341x eta=  24.1m admitted=570013 completed=570008 running=5 waiting=0 waiting_min/max=0/6 queue_p99[prefill=3.0,decode=0.0] queue_now[prefill=0,decode=0] active_sessions=265 output=908.3 tok/s interval_ttft_q0.950=0.773s
  sim=  4.33d  43.33% wall=  10.1m speed=     303x eta=  27.0m admitted=576441 completed=576438 running=3 waiting=0 waiting_min/max=0/6 queue_p99[prefill=3.0,decode=0.0] queue_now[prefill=0,decode=0] active_sessions=261 output=1018.7 tok/s interval_ttft_q0.950=0.598s
  sim=  4.38d  43.75% wall=  10.3m speed=     295x eta=  27.5m admitted=583690 completed=583680 running=10 waiting=0 waiting_min/max=0/5 queue_p99[prefill=3.0,decode=0.0] queue_now[prefill=0,decode=0] active_sessions=277 output=1034.0 tok/s interval_ttft_q0.950=1.479s
  sim=  4.42d  44.17% wall=  10.5m speed=     332x eta=  24.2m admitted=589249 completed=589246 running=3 waiting=0 waiting_min/max=0/10 queue_p99[prefill=7.0,decode=0.0] queue_now[prefill=0,decode=0] active_sessions=271 output=876.3 tok/s interval_ttft_q0.950=2.941s
  sim=  4.46d  44.58% wall=  10.7m speed=     342x eta=  23.4m admitted=594256 completed=594246 running=10 waiting=0 waiting_min/max=0/5 queue_p99[prefill=3.0,decode=0.0] queue_now[prefill=0,decode=0] active_sessions=270 output=855.0 tok/s interval_ttft_q0.950=0.618s
  sim=  4.50d  45.00% wall=  10.9m speed=     297x eta=  26.6m admitted=601164 completed=601163 running=1 waiting=0 waiting_min/max=0/5 queue_p99[prefill=3.0,decode=0.0] queue_now[prefill=0,decode=0] active_sessions=279 output=1009.7 tok/s interval_ttft_q0.950=0.610s
  sim=  4.54d  45.42% wall=  11.1m speed=     303x eta=  25.9m admitted=607122 completed=607118 running=4 waiting=0 waiting_min/max=0/6 queue_p99[prefill=4.0,decode=0.0] queue_now[prefill=0,decode=0] active_sessions=287 output=1026.2 tok/s interval_ttft_q0.950=1.179s
  sim=  4.58d  45.83% wall=  11.3m speed=     288x eta=  27.1m admitted=613042 completed=613037 running=5 waiting=0 waiting_min/max=0/14 queue_p99[prefill=11.0,decode=0.0] queue_now[prefill=0,decode=0] active_sessions=292 output=1006.1 tok/s interval_ttft_q0.950=11.188s
  sim=  4.63d  46.25% wall=  11.5m speed=     299x eta=  25.9m admitted=618920 completed=618914 running=6 waiting=0 waiting_min/max=0/5 queue_p99[prefill=3.0,decode=0.0] queue_now[prefill=0,decode=0] active_sessions=281 output=963.3 tok/s interval_ttft_q0.950=1.813s
  sim=  4.67d  46.67% wall=  11.7m speed=     293x eta=  26.2m admitted=624787 completed=624783 running=4 waiting=0 waiting_min/max=0/5 queue_p99[prefill=3.0,decode=0.0] queue_now[prefill=0,decode=0] active_sessions=280 output=909.3 tok/s interval_ttft_q0.950=0.966s
  sim=  4.71d  47.08% wall=  11.9m speed=     278x eta=  27.4m admitted=631474 completed=631469 running=4 waiting=1 waiting_min/max=0/4 queue_p99[prefill=3.0,decode=0.0] queue_now[prefill=1,decode=0] active_sessions=289 output=997.3 tok/s interval_ttft_q0.950=1.116s
  sim=  4.75d  47.50% wall=  12.1m speed=     293x eta=  25.8m admitted=637505 completed=637502 running=3 waiting=0 waiting_min/max=0/7 queue_p99[prefill=5.0,decode=0.0] queue_now[prefill=0,decode=0] active_sessions=283 output=918.8 tok/s interval_ttft_q0.950=2.435s
  sim=  4.79d  47.92% wall=  12.4m speed=     256x eta=  29.3m admitted=644596 completed=644592 running=4 waiting=0 waiting_min/max=0/10 queue_p99[prefill=4.0,decode=0.0] queue_now[prefill=0,decode=0] active_sessions=279 output=1108.3 tok/s interval_ttft_q0.950=1.266s
  sim=  4.83d  48.33% wall=  12.6m speed=     251x eta=  29.7m admitted=652303 completed=652300 running=3 waiting=0 waiting_min/max=0/15 queue_p99[prefill=10.0,decode=0.0] queue_now[prefill=0,decode=0] active_sessions=285 output=1093.1 tok/s interval_ttft_q0.950=3.863s
  sim=  4.88d  48.75% wall=  12.9m speed=     236x eta=  31.3m admitted=660543 completed=660539 running=2 waiting=1 waiting_min/max=0/12 queue_p99[prefill=9.0,decode=1.0] queue_now[prefill=1,decode=0] active_sessions=279 output=1325.1 tok/s interval_ttft_q0.950=4.775s
  sim=  4.92d  49.17% wall=  13.1m speed=     226x eta=  32.4m admitted=669257 completed=669249 running=4 waiting=4 waiting_min/max=0/12 queue_p99[prefill=10.0,decode=1.0] queue_now[prefill=4,decode=0] active_sessions=287 output=1210.1 tok/s interval_ttft_q0.950=3.687s
  sim=  4.96d  49.58% wall=  13.4m speed=     247x eta=  29.4m admitted=676914 completed=676902 running=12 waiting=0 waiting_min/max=0/12 queue_p99[prefill=8.0,decode=2.0] queue_now[prefill=0,decode=0] active_sessions=282 output=1274.4 tok/s interval_ttft_q0.950=4.812s
  sim=  5.00d  50.00% wall=  13.6m speed=     240x eta=  30.0m admitted=684529 completed=684520 running=5 waiting=4 waiting_min/max=0/10 queue_p99[prefill=7.0,decode=0.0] queue_now[prefill=4,decode=0] active_sessions=280 output=1219.6 tok/s interval_ttft_q0.950=4.578s
  sim=  5.04d  50.42% wall=  13.9m speed=     242x eta=  29.5m admitted=691936 completed=691932 running=4 waiting=0 waiting_min/max=0/6 queue_p99[prefill=4.0,decode=0.0] queue_now[prefill=0,decode=0] active_sessions=289 output=1261.7 tok/s interval_ttft_q0.950=1.746s
  sim=  5.08d  50.83% wall=  14.1m speed=     247x eta=  28.6m admitted=698316 completed=698309 running=7 waiting=0 waiting_min/max=0/12 queue_p99[prefill=9.0,decode=0.0] queue_now[prefill=0,decode=0] active_sessions=295 output=1101.5 tok/s interval_ttft_q0.950=7.279s
  sim=  5.13d  51.25% wall=  14.4m speed=     256x eta=  27.5m admitted=704884 completed=704880 running=4 waiting=0 waiting_min/max=0/9 queue_p99[prefill=6.0,decode=0.0] queue_now[prefill=0,decode=0] active_sessions=280 output=1071.2 tok/s interval_ttft_q0.950=4.158s
  sim=  5.17d  51.67% wall=  14.6m speed=     253x eta=  27.5m admitted=711410 completed=711405 running=5 waiting=0 waiting_min/max=0/7 queue_p99[prefill=5.0,decode=2.0] queue_now[prefill=0,decode=0] active_sessions=288 output=1151.0 tok/s interval_ttft_q0.950=1.708s
  sim=  5.21d  52.08% wall=  14.8m speed=     251x eta=  27.5m admitted=718002 completed=717998 running=3 waiting=0 waiting_min/max=0/6 queue_p99[prefill=4.0,decode=0.0] queue_now[prefill=0,decode=0] active_sessions=282 output=1008.9 tok/s interval_ttft_q0.950=0.938s
  sim=  5.25d  52.50% wall=  15.1m speed=     246x eta=  27.8m admitted=724916 completed=724912 running=4 waiting=0 waiting_min/max=0/6 queue_p99[prefill=4.0,decode=0.0] queue_now[prefill=0,decode=0] active_sessions=278 output=1105.7 tok/s interval_ttft_q0.950=0.816s
  sim=  5.29d  52.92% wall=  15.3m speed=     240x eta=  28.2m admitted=731804 completed=731793 running=9 waiting=2 waiting_min/max=0/5 queue_p99[prefill=3.0,decode=0.0] queue_now[prefill=2,decode=0] active_sessions=287 output=1115.7 tok/s interval_ttft_q0.950=0.744s
  sim=  5.33d  53.33% wall=  15.6m speed=     231x eta=  29.1m admitted=738900 completed=738892 running=5 waiting=2 waiting_min/max=0/6 queue_p99[prefill=4.0,decode=0.0] queue_now[prefill=2,decode=0] active_sessions=279 output=1188.6 tok/s interval_ttft_q0.950=1.106s
  sim=  5.38d  53.75% wall=  15.9m speed=     219x eta=  30.5m admitted=746645 completed=746638 running=7 waiting=0 waiting_min/max=0/6 queue_p99[prefill=4.0,decode=0.0] queue_now[prefill=0,decode=0] active_sessions=283 output=1310.0 tok/s interval_ttft_q0.950=1.034s
  sim=  5.42d  54.17% wall=  16.1m speed=     249x eta=  26.5m admitted=752562 completed=752555 running=5 waiting=2 waiting_min/max=0/11 queue_p99[prefill=10.0,decode=0.0] queue_now[prefill=2,decode=0] active_sessions=274 output=1130.7 tok/s interval_ttft_q0.950=3.111s
  sim=  5.46d  54.58% wall=  16.3m speed=     256x eta=  25.5m admitted=758433 completed=758429 running=4 waiting=0 waiting_min/max=0/5 queue_p99[prefill=3.0,decode=0.0] queue_now[prefill=0,decode=0] active_sessions=272 output=913.8 tok/s interval_ttft_q0.950=0.566s
  sim=  5.50d  55.00% wall=  16.6m speed=     251x eta=  25.8m admitted=764124 completed=764123 running=0 waiting=0 waiting_min/max=0/11 queue_p99[prefill=8.0,decode=0.0] queue_now[prefill=0,decode=0] active_sessions=270 output=846.0 tok/s interval_ttft_q0.950=1.759s
  sim=  5.54d  55.42% wall=  16.8m speed=     262x eta=  24.5m admitted=769544 completed=769539 running=5 waiting=0 waiting_min/max=0/6 queue_p99[prefill=3.0,decode=0.0] queue_now[prefill=0,decode=0] active_sessions=269 output=761.9 tok/s interval_ttft_q0.950=1.459s
  sim=  5.58d  55.83% wall=  17.0m speed=     257x eta=  24.8m admitted=774941 completed=774934 running=7 waiting=0 waiting_min/max=0/5 queue_p99[prefill=3.0,decode=0.0] queue_now[prefill=0,decode=0] active_sessions=269 output=852.1 tok/s interval_ttft_q0.950=1.869s
  sim=  5.63d  56.25% wall=  17.3m speed=     241x eta=  26.2m admitted=780670 completed=780662 running=8 waiting=0 waiting_min/max=0/6 queue_p99[prefill=2.0,decode=0.0] queue_now[prefill=0,decode=0] active_sessions=273 output=1096.0 tok/s interval_ttft_q0.950=0.552s
  sim=  5.67d  56.67% wall=  17.5m speed=     238x eta=  26.2m admitted=786360 completed=786357 running=3 waiting=0 waiting_min/max=0/6 queue_p99[prefill=4.0,decode=0.0] queue_now[prefill=0,decode=0] active_sessions=279 output=1130.6 tok/s interval_ttft_q0.950=1.963s
  sim=  5.71d  57.08% wall=  17.8m speed=     223x eta=  27.8m admitted=792832 completed=792826 running=6 waiting=0 waiting_min/max=0/9 queue_p99[prefill=5.0,decode=1.0] queue_now[prefill=0,decode=0] active_sessions=283 output=1113.1 tok/s interval_ttft_q0.950=1.763s
  sim=  5.75d  57.50% wall=  18.1m speed=     222x eta=  27.5m admitted=798623 completed=798621 running=2 waiting=0 waiting_min/max=0/9 queue_p99[prefill=5.3,decode=0.0] queue_now[prefill=0,decode=0] active_sessions=284 output=1153.5 tok/s interval_ttft_q0.950=2.509s
  sim=  5.79d  57.92% wall=  18.3m speed=     240x eta=  25.2m admitted=804140 completed=804135 running=3 waiting=2 waiting_min/max=0/6 queue_p99[prefill=3.0,decode=0.0] queue_now[prefill=2,decode=0] active_sessions=294 output=1030.8 tok/s interval_ttft_q0.950=2.532s
  sim=  5.83d  58.33% wall=  18.6m speed=     251x eta=  23.9m admitted=809679 completed=809670 running=9 waiting=0 waiting_min/max=0/9 queue_p99[prefill=5.0,decode=2.0] queue_now[prefill=0,decode=0] active_sessions=290 output=966.0 tok/s interval_ttft_q0.950=2.770s
  sim=  5.88d  58.75% wall=  18.8m speed=     232x eta=  25.6m admitted=816242 completed=816238 running=4 waiting=0 waiting_min/max=0/6 queue_p99[prefill=3.0,decode=0.0] queue_now[prefill=0,decode=0] active_sessions=278 output=1154.8 tok/s interval_ttft_q0.950=1.218s
  sim=  5.92d  59.17% wall=  19.1m speed=     219x eta=  26.9m admitted=822876 completed=822864 running=11 waiting=0 waiting_min/max=0/9 queue_p99[prefill=6.0,decode=0.0] queue_now[prefill=0,decode=0] active_sessions=289 output=1061.9 tok/s interval_ttft_q0.950=2.210s
  sim=  5.96d  59.58% wall=  19.3m speed=     238x eta=  24.4m admitted=828549 completed=828547 running=2 waiting=0 waiting_min/max=0/6 queue_p99[prefill=3.0,decode=0.0] queue_now[prefill=0,decode=0] active_sessions=292 output=974.8 tok/s interval_ttft_q0.950=1.785s
  sim=  6.00d  60.00% wall=  19.6m speed=     227x eta=  25.4m admitted=834149 completed=834140 running=3 waiting=5 waiting_min/max=0/7 queue_p99[prefill=4.0,decode=2.0] queue_now[prefill=5,decode=0] active_sessions=296 output=1109.7 tok/s interval_ttft_q0.950=4.058s
  sim=  6.04d  60.42% wall=  19.9m speed=     232x eta=  24.6m admitted=839355 completed=839352 running=3 waiting=0 waiting_min/max=0/13 queue_p99[prefill=11.0,decode=0.0] queue_now[prefill=0,decode=0] active_sessions=285 output=894.4 tok/s interval_ttft_q0.950=12.977s
  sim=  6.08d  60.83% wall=  20.1m speed=     230x eta=  24.5m admitted=844676 completed=844671 running=5 waiting=0 waiting_min/max=0/12 queue_p99[prefill=7.0,decode=0.0] queue_now[prefill=0,decode=0] active_sessions=289 output=908.4 tok/s interval_ttft_q0.950=6.627s
  sim=  6.13d  61.25% wall=  20.4m speed=     196x eta=  28.5m admitted=851947 completed=851943 running=4 waiting=0 waiting_min/max=0/14 queue_p99[prefill=12.0,decode=0.0] queue_now[prefill=0,decode=0] active_sessions=290 output=1281.0 tok/s interval_ttft_q0.950=14.432s
  sim=  6.17d  61.67% wall=  20.7m speed=     202x eta=  27.3m admitted=859111 completed=859105 running=6 waiting=0 waiting_min/max=0/8 queue_p99[prefill=5.0,decode=0.0] queue_now[prefill=0,decode=0] active_sessions=291 output=1325.6 tok/s interval_ttft_q0.950=2.357s
  sim=  6.21d  62.08% wall=  21.0m speed=     216x eta=  25.3m admitted=865379 completed=865377 running=2 waiting=0 waiting_min/max=0/7 queue_p99[prefill=5.0,decode=0.0] queue_now[prefill=0,decode=0] active_sessions=301 output=1205.6 tok/s interval_ttft_q0.950=1.715s
  sim=  6.25d  62.50% wall=  21.3m speed=     208x eta=  25.9m admitted=871884 completed=871876 running=7 waiting=1 waiting_min/max=0/7 queue_p99[prefill=4.0,decode=0.0] queue_now[prefill=1,decode=0] active_sessions=297 output=994.4 tok/s interval_ttft_q0.950=1.746s
  sim=  6.29d  62.92% wall=  21.6m speed=     216x eta=  24.7m admitted=878121 completed=878113 running=7 waiting=1 waiting_min/max=0/6 queue_p99[prefill=4.0,decode=0.0] queue_now[prefill=1,decode=0] active_sessions=297 output=1115.7 tok/s interval_ttft_q0.950=2.436s
  sim=  6.33d  63.33% wall=  21.9m speed=     216x eta=  24.5m admitted=884440 completed=884437 running=3 waiting=0 waiting_min/max=0/4 queue_p99[prefill=3.0,decode=0.0] queue_now[prefill=0,decode=0] active_sessions=304 output=968.3 tok/s interval_ttft_q0.950=1.619s
  sim=  6.38d  63.75% wall=  22.1m speed=     236x eta=  22.2m admitted=889991 completed=889982 running=6 waiting=2 waiting_min/max=0/6 queue_p99[prefill=3.0,decode=0.0] queue_now[prefill=2,decode=0] active_sessions=290 output=827.0 tok/s interval_ttft_q0.950=1.185s
  sim=  6.42d  64.17% wall=  22.4m speed=     236x eta=  21.8m admitted=895156 completed=895153 running=3 waiting=0 waiting_min/max=0/5 queue_p99[prefill=3.0,decode=0.0] queue_now[prefill=0,decode=0] active_sessions=281 output=890.5 tok/s interval_ttft_q0.950=1.424s
  sim=  6.46d  64.58% wall=  22.6m speed=     242x eta=  21.1m admitted=899804 completed=899800 running=4 waiting=0 waiting_min/max=0/6 queue_p99[prefill=4.0,decode=0.0] queue_now[prefill=0,decode=0] active_sessions=286 output=946.0 tok/s interval_ttft_q0.950=1.893s
  sim=  6.50d  65.00% wall=  22.9m speed=     216x eta=  23.3m admitted=905629 completed=905617 running=9 waiting=3 waiting_min/max=0/9 queue_p99[prefill=6.0,decode=0.0] queue_now[prefill=3,decode=0] active_sessions=294 output=1101.1 tok/s interval_ttft_q0.950=3.667s
  sim=  6.54d  65.42% wall=  23.2m speed=     215x eta=  23.1m admitted=911638 completed=911628 running=8 waiting=2 waiting_min/max=0/8 queue_p99[prefill=6.0,decode=0.0] queue_now[prefill=2,decode=0] active_sessions=301 output=1098.5 tok/s interval_ttft_q0.950=6.694s
  sim=  6.58d  65.83% wall=  23.6m speed=     132x eta=  37.2m admitted=918600 completed=918598 running=2 waiting=0 waiting_min/max=0/14 queue_p99[prefill=12.0,decode=1.0] queue_now[prefill=0,decode=0] active_sessions=304 output=1191.0 tok/s interval_ttft_q0.950=13.267s
  sim=  6.63d  66.25% wall=  24.7m speed=      57x eta=   1.4h admitted=924963 completed=924954 running=5 waiting=4 waiting_min/max=0/15 queue_p99[prefill=11.0,decode=1.0] queue_now[prefill=4,decode=0] active_sessions=303 output=1333.2 tok/s interval_ttft_q0.950=9.209s
  sim=  6.67d  66.67% wall=  25.8m speed=      51x eta=   1.6h admitted=931798 completed=931794 running=4 waiting=0 waiting_min/max=0/11 queue_p99[prefill=7.0,decode=0.0] queue_now[prefill=0,decode=0] active_sessions=307 output=1200.1 tok/s interval_ttft_q0.950=4.050s
  sim=  6.71d  67.08% wall=  27.1m speed=      48x eta=   1.6h admitted=939540 completed=939536 running=2 waiting=2 waiting_min/max=0/7 queue_p99[prefill=4.0,decode=0.0] queue_now[prefill=2,decode=0] active_sessions=302 output=1035.2 tok/s interval_ttft_q0.950=1.485s
  sim=  6.75d  67.50% wall=  28.3m speed=      51x eta=   1.5h admitted=945456 completed=945445 running=9 waiting=2 waiting_min/max=0/6 queue_p99[prefill=5.0,decode=0.0] queue_now[prefill=2,decode=0] active_sessions=301 output=1031.5 tok/s interval_ttft_q0.950=3.453s
  sim=  6.79d  67.92% wall=  29.4m speed=      53x eta=   1.5h admitted=950844 completed=950841 running=3 waiting=0 waiting_min/max=0/11 queue_p99[prefill=8.0,decode=1.0] queue_now[prefill=0,decode=0] active_sessions=279 output=889.1 tok/s interval_ttft_q0.950=10.553s
  sim=  6.83d  68.33% wall=  30.5m speed=      53x eta=   1.4h admitted=956057 completed=956054 running=3 waiting=0 waiting_min/max=0/9 queue_p99[prefill=6.0,decode=0.0] queue_now[prefill=0,decode=0] active_sessions=288 output=920.6 tok/s interval_ttft_q0.950=8.672s
  sim=  6.88d  68.75% wall=  31.6m speed=      54x eta=   1.4h admitted=961369 completed=961363 running=6 waiting=0 waiting_min/max=0/12 queue_p99[prefill=9.0,decode=1.0] queue_now[prefill=0,decode=0] active_sessions=293 output=936.5 tok/s interval_ttft_q0.950=13.638s
  sim=  6.92d  69.17% wall=  32.8m speed=      52x eta=   1.4h admitted=966956 completed=966950 running=4 waiting=1 waiting_min/max=0/15 queue_p99[prefill=12.0,decode=0.2] queue_now[prefill=1,decode=0] active_sessions=298 output=1159.7 tok/s interval_ttft_q0.950=8.289s
  sim=  6.96d  69.58% wall=  33.9m speed=      54x eta=   1.3h admitted=972223 completed=972216 running=4 waiting=2 waiting_min/max=0/8 queue_p99[prefill=3.0,decode=0.0] queue_now[prefill=2,decode=0] active_sessions=292 output=930.3 tok/s interval_ttft_q0.950=1.085s
  sim=  7.00d  70.00% wall=  35.1m speed=      51x eta=   1.4h admitted=978069 completed=978060 running=9 waiting=0 waiting_min/max=0/7 queue_p99[prefill=4.0,decode=0.0] queue_now[prefill=0,decode=0] active_sessions=296 output=1101.1 tok/s interval_ttft_q0.950=1.429s
